Top level: ScopeId(2)
Unresolved: ScopeId(1)
error ("error") -> ScopeId(2)
thenable ("thenable") -> ScopeId(2)
resolve ("resolve") -> ScopeId(5)
reject ("reject") -> ScopeId(5)
error ("error") -> ScopeId(2)
foo ("foo") -> ScopeId(2)
caught ("caught") -> ScopeId(6)
thenable ("thenable") -> ScopeId(2)
e ("e") -> ScopeId(8)
caught ("caught") -> ScopeId(6)
assert ("assert") -> ScopeId(1)
e ("e") -> ScopeId(8)
error ("error") -> ScopeId(2)
assert ("assert") -> ScopeId(1)
caught ("caught") -> ScopeId(6)
asyncTest ("asyncTest") -> ScopeId(1)
foo ("foo") -> ScopeId(2)
