Top level: #2
Unresolved: #1
C ("C") -> #2
x ("x") -> #3
y ("y") -> #3
x ("x") -> #4
y ("y") -> #4
x ("x") -> #5
r1 ("r1") -> #2
C ("C") -> #2
C2 ("C2") -> #2
x ("x") -> #7
T ("T") -> #6
y ("y") -> #7
x ("x") -> #8
T ("T") -> #6
y ("y") -> #8
x ("x") -> #9
T ("T") -> #6
T ("T") -> #6
r2 ("r2") -> #2
C2 ("C2") -> #2
I ("I") -> #2
x ("x") -> #1
y ("y") -> #1
C ("C") -> #2
x ("x") -> #1
y ("y") -> #1
C ("C") -> #2
i ("i") -> #2
I ("I") -> #2
r3 ("r3") -> #2
i ("i") -> #2
I2 ("I2") -> #2
T ("T") -> #10
x ("x") -> #1
T ("T") -> #10
y ("y") -> #1
C2 ("C2") -> #2
T ("T") -> #10
x ("x") -> #1
T ("T") -> #10
y ("y") -> #1
C2 ("C2") -> #2
T ("T") -> #10
x ("x") -> #11
T ("T") -> #11
y ("y") -> #11
C2 ("C2") -> #2
T ("T") -> #11
T ("T") -> #11
x ("x") -> #12
T ("T") -> #12
y ("y") -> #12
C2 ("C2") -> #2
T ("T") -> #12
T ("T") -> #12
i2 ("i2") -> #2
I2 ("I2") -> #2
r4 ("r4") -> #2
i2 ("i2") -> #2
a ("a") -> #2
x ("x") -> #1
y ("y") -> #1
C ("C") -> #2
x ("x") -> #1
y ("y") -> #1
C ("C") -> #2
r5 ("r5") -> #2
a ("a") -> #2
b ("b") -> #2
x ("x") -> #13
T ("T") -> #13
y ("y") -> #13
C2 ("C2") -> #2
T ("T") -> #13
T ("T") -> #13
x ("x") -> #14
T ("T") -> #14
y ("y") -> #14
C2 ("C2") -> #2
T ("T") -> #14
T ("T") -> #14
r6 ("r6") -> #2
b ("b") -> #2
