Top level: #2
Unresolved: #1
exponent ("exponent") -> #2
Infinity ("Infinity") -> #1
bases ("bases") -> #2
bases ("bases") -> #2
bases ("bases") -> #2
i ("i") -> #2
i ("i") -> #2
bases ("bases") -> #2
i ("i") -> #2
assert ("assert") -> #1
bases ("bases") -> #2
i ("i") -> #2
exponent ("exponent") -> #2
NaN ("NaN") -> #1
bases ("bases") -> #2
i ("i") -> #2
exponent ("exponent") -> #2
