Top level: #2
Unresolved: #1
assert ("assert") -> #1
assert ("assert") -> #1
assert ("assert") -> #1
assert ("assert") -> #1
assert ("assert") -> #1
o ("o") -> #2
assert ("assert") -> #1
o ("o") -> #2
assert ("assert") -> #1
NaN ("NaN") -> #1
assert ("assert") -> #1
NaN ("NaN") -> #1
s ("s") -> #2
n ("n") -> #2
assert ("assert") -> #1
s ("s") -> #2
assert ("assert") -> #1
n ("n") -> #2
assert ("assert") -> #1
s ("s") -> #2
assert ("assert") -> #1
n ("n") -> #2
assert ("assert") -> #1
s ("s") -> #2
assert ("assert") -> #1
n ("n") -> #2
assert ("assert") -> #1
s ("s") -> #2
assert ("assert") -> #1
n ("n") -> #2
capture ("capture") -> #2
leftValue ("leftValue") -> #2
capture ("capture") -> #2
rightValue ("rightValue") -> #2
capture ("capture") -> #2
capture ("capture") -> #2
leftValue ("leftValue") -> #2
capture ("capture") -> #2
rightValue ("rightValue") -> #2
assert ("assert") -> #1
capture ("capture") -> #2
assert ("assert") -> #1
capture ("capture") -> #2
assert ("assert") -> #1
capture ("capture") -> #2
assert ("assert") -> #1
capture ("capture") -> #2
