Top level: ScopeId(2)
Unresolved: ScopeId(1)
assert ("assert") -> ScopeId(1)
assert ("assert") -> ScopeId(1)
assert ("assert") -> ScopeId(1)
assert ("assert") -> ScopeId(1)
assert ("assert") -> ScopeId(1)
o ("o") -> ScopeId(2)
assert ("assert") -> ScopeId(1)
o ("o") -> ScopeId(2)
assert ("assert") -> ScopeId(1)
NaN ("NaN") -> ScopeId(1)
assert ("assert") -> ScopeId(1)
NaN ("NaN") -> ScopeId(1)
s ("s") -> ScopeId(2)
n ("n") -> ScopeId(2)
assert ("assert") -> ScopeId(1)
s ("s") -> ScopeId(2)
assert ("assert") -> ScopeId(1)
n ("n") -> ScopeId(2)
assert ("assert") -> ScopeId(1)
s ("s") -> ScopeId(2)
assert ("assert") -> ScopeId(1)
n ("n") -> ScopeId(2)
assert ("assert") -> ScopeId(1)
s ("s") -> ScopeId(2)
assert ("assert") -> ScopeId(1)
n ("n") -> ScopeId(2)
assert ("assert") -> ScopeId(1)
s ("s") -> ScopeId(2)
assert ("assert") -> ScopeId(1)
n ("n") -> ScopeId(2)
capture ("capture") -> ScopeId(2)
leftValue ("leftValue") -> ScopeId(2)
capture ("capture") -> ScopeId(2)
rightValue ("rightValue") -> ScopeId(2)
capture ("capture") -> ScopeId(2)
capture ("capture") -> ScopeId(2)
leftValue ("leftValue") -> ScopeId(2)
capture ("capture") -> ScopeId(2)
rightValue ("rightValue") -> ScopeId(2)
assert ("assert") -> ScopeId(1)
capture ("capture") -> ScopeId(2)
assert ("assert") -> ScopeId(1)
capture ("capture") -> ScopeId(2)
assert ("assert") -> ScopeId(1)
capture ("capture") -> ScopeId(2)
assert ("assert") -> ScopeId(1)
capture ("capture") -> ScopeId(2)
