Top level: #2
Unresolved: #1
x ("x") -> #2
a ("a") -> #2
x ("x") -> #2
b ("b") -> #2
x ("x") -> #2
c ("c") -> #2
x ("x") -> #2
d ("d") -> #2
x ("x") -> #2
e ("e") -> #2
e ("e") -> #2
x ("x") -> #2
f ("f") -> #2
undefined ("undefined") -> #1
f ("f") -> #2
x ("x") -> #2
E ("E") -> #2
A ("A") -> #0
g ("g") -> #2
E ("E") -> #2
x ("x") -> #2
g2 ("g2") -> #2
E ("E") -> #2
g2 ("g2") -> #2
x ("x") -> #2
C ("C") -> #2
h ("h") -> #2
C ("C") -> #2
x ("x") -> #2
I ("I") -> #2
foo ("foo") -> #0
i ("i") -> #2
I ("I") -> #2
x ("x") -> #2
j ("j") -> #2
x ("x") -> #2
j2 ("j2") -> #2
x ("x") -> #3
T ("T") -> #3
T ("T") -> #3
x ("x") -> #2
M ("M") -> #2
foo ("foo") -> #4
M ("M") -> #2
x ("x") -> #2
k ("k") -> #2
a ("a") -> #5
T ("T") -> #5
a ("a") -> #5
x ("x") -> #2
T ("T") -> #5
