Top level: #2
Unresolved: #1
_10_5_7_b_4_fun ("_10_5_7_b_4_fun") -> #2
_10_5_7_b_4_1 ("_10_5_7_b_4_1") -> #3
arguments ("arguments") -> #1
arguments ("arguments") -> #1
arguments ("arguments") -> #1
_10_5_7_b_4_2 ("_10_5_7_b_4_2") -> #3
arguments ("arguments") -> #1
arguments ("arguments") -> #1
_10_5_7_b_4_1 ("_10_5_7_b_4_1") -> #3
_10_5_7_b_4_2 ("_10_5_7_b_4_2") -> #3
assert ("assert") -> #1
_10_5_7_b_4_fun ("_10_5_7_b_4_fun") -> #2
