Top level: #2
Unresolved: #1
superclass ("superclass") -> #2
$262 ("$262") -> #1
prototypeGets ("prototypeGets") -> #2
Object ("Object") -> #1
superclass ("superclass") -> #2
prototypeGets ("prototypeGets") -> #2
assert ("assert") -> #1
TypeError ("TypeError") -> #1
C ("C") -> #4
superclass ("superclass") -> #2
assert ("assert") -> #1
prototypeGets ("prototypeGets") -> #2
