Top level: #2
Unresolved: #1
getterCalled ("getterCalled") -> #2
DummyError ("DummyError") -> #2
Object ("Object") -> #1
Function ("Function") -> #1
assert ("assert") -> #1
getterCalled ("getterCalled") -> #2
getterCalled ("getterCalled") -> #2
DummyError ("DummyError") -> #2
assert ("assert") -> #1
DummyError ("DummyError") -> #2
Function ("Function") -> #1
