Top level: #2
Unresolved: #1
F ("F") -> #2
F ("F") -> #2
Symbol ("Symbol") -> #1
undefined ("undefined") -> #1
assert ("assert") -> #1
F ("F") -> #2
F ("F") -> #2
Symbol ("Symbol") -> #1
assert ("assert") -> #1
F ("F") -> #2
F ("F") -> #2
Symbol ("Symbol") -> #1
assert ("assert") -> #1
F ("F") -> #2
F ("F") -> #2
Symbol ("Symbol") -> #1
NaN ("NaN") -> #1
assert ("assert") -> #1
F ("F") -> #2
F ("F") -> #2
Symbol ("Symbol") -> #1
assert ("assert") -> #1
F ("F") -> #2
F ("F") -> #2
Symbol ("Symbol") -> #1
assert ("assert") -> #1
F ("F") -> #2
F ("F") -> #2
Symbol ("Symbol") -> #1
assert ("assert") -> #1
F ("F") -> #2
F ("F") -> #2
Symbol ("Symbol") -> #1
Symbol ("Symbol") -> #1
assert ("assert") -> #1
F ("F") -> #2
F ("F") -> #2
Symbol ("Symbol") -> #1
assert ("assert") -> #1
F ("F") -> #2
