Top level: #2
Unresolved: #1
Document ("Document") -> #2
Parent ("Parent") -> #3
BaseItem ("BaseItem") -> #2
Document ("Document") -> #2
Item ("Item") -> #2
ClientDocumentMixin ("ClientDocumentMixin") -> #2
Base ("Base") -> #4
BaseClass ("BaseClass") -> #4
BaseClass ("BaseClass") -> #4
args ("args") -> #1
Item ("Item") -> #2
ClientDocumentMixin ("ClientDocumentMixin") -> #2
BaseItem ("BaseItem") -> #2
