Top level: ScopeId(2)
Unresolved: ScopeId(1)
asyncIterable ("asyncIterable") -> ScopeId(2)
Symbol ("Symbol") -> ScopeId(1)
asyncGenerator ("asyncGenerator") -> ScopeId(2)
asyncIterable ("asyncIterable") -> ScopeId(2)
asyncIterator ("asyncIterator") -> ScopeId(2)
asyncGenerator ("asyncGenerator") -> ScopeId(2)
asyncIterator ("asyncIterator") -> ScopeId(2)
promise ("promise") -> ScopeId(8)
Promise ("Promise") -> ScopeId(1)
asyncIterator ("asyncIterator") -> ScopeId(2)
promise ("promise") -> ScopeId(8)
result ("result") -> ScopeId(10)
assert ("assert") -> ScopeId(1)
result ("result") -> ScopeId(10)
assert ("assert") -> ScopeId(1)
result ("result") -> ScopeId(10)
$DONE ("$DONE") -> ScopeId(1)
$DONE ("$DONE") -> ScopeId(1)
