Top level: ScopeId(2)
Unresolved: ScopeId(1)
C ("C") -> ScopeId(2)
value ("value") -> ScopeId(4)
value ("value") -> ScopeId(4)
C ("C") -> ScopeId(2)
C ("C") -> ScopeId(2)
result ("result") -> ScopeId(5)
assert ("assert") -> ScopeId(1)
result ("result") -> ScopeId(5)
C ("C") -> ScopeId(2)
result ("result") -> ScopeId(7)
assert ("assert") -> ScopeId(1)
result ("result") -> ScopeId(7)
$DONE ("$DONE") -> ScopeId(1)
$DONE ("$DONE") -> ScopeId(1)
