Top level: #2
Unresolved: #1
Child ("Child") -> #2
Parent ("Parent") -> #2
Child ("Child") -> #2
value ("value") -> #4
value ("value") -> #4
Parent ("Parent") -> #2
assert ("assert") -> #1
Child ("Child") -> #2
Parent ("Parent") -> #2
assert ("assert") -> #1
Child ("Child") -> #2
Child ("Child") -> #2
