Top level: ScopeId(2)
Unresolved: ScopeId(1)
__gunc ("__gunc") -> ScopeId(2)
__gunc ("__gunc") -> ScopeId(2)
Test262Error ("Test262Error") -> ScopeId(1)
__gunc ("__gunc") -> ScopeId(2)
__gunc ("__gunc") -> ScopeId(2)
__gunc ("__gunc") -> ScopeId(2)
Test262Error ("Test262Error") -> ScopeId(1)
__gunc ("__gunc") -> ScopeId(2)
__constructor_was__enumed ("__constructor_was__enumed") -> ScopeId(2)
__prop ("__prop") -> ScopeId(1)
__gunc ("__gunc") -> ScopeId(2)
__prop ("__prop") -> ScopeId(1)
__constructor_was__enumed ("__constructor_was__enumed") -> ScopeId(2)
__constructor_was__enumed ("__constructor_was__enumed") -> ScopeId(2)
Test262Error ("Test262Error") -> ScopeId(1)
__constructor_was__enumed ("__constructor_was__enumed") -> ScopeId(2)
