Top level: #2
Unresolved: #1
__func ("__func") -> #2
was_del ("was_del") -> #3
i ("i") -> #3
i ("i") -> #3
arguments ("arguments") -> #1
i ("i") -> #3
was_del ("was_del") -> #3
was_del ("was_del") -> #3
arguments ("arguments") -> #1
i ("i") -> #3
was_del ("was_del") -> #3
__func ("__func") -> #2
Test262Error ("Test262Error") -> #1
