Top level: ScopeId(2)
Unresolved: ScopeId(1)
fn ("fn") -> ScopeId(2)
first ("first") -> ScopeId(3)
assert ("assert") -> ScopeId(1)
first ("first") -> ScopeId(3)
other ("other") -> ScopeId(3)
first ("first") -> ScopeId(3)
assert ("assert") -> ScopeId(1)
first ("first") -> ScopeId(3)
assert ("assert") -> ScopeId(1)
other ("other") -> ScopeId(3)
asyncTest ("asyncTest") -> ScopeId(1)
fn ("fn") -> ScopeId(2)
