Top level: #2
Unresolved: #1
timeDay ("timeDay") -> #2
timeSunday ("timeSunday") -> #2
timeMonday ("timeMonday") -> #2
timeThursday ("timeThursday") -> #2
timeYear ("timeYear") -> #2
utcDay ("utcDay") -> #2
utcSunday ("utcSunday") -> #2
utcMonday ("utcMonday") -> #2
utcThursday ("utcThursday") -> #2
utcYear ("utcYear") -> #2
localDate ("localDate") -> #2
d ("d") -> #3
d ("d") -> #3
d ("d") -> #3
date ("date") -> #3
Date ("Date") -> #1
d ("d") -> #3
d ("d") -> #3
d ("d") -> #3
d ("d") -> #3
d ("d") -> #3
d ("d") -> #3
date ("date") -> #3
d ("d") -> #3
date ("date") -> #3
Date ("Date") -> #1
d ("d") -> #3
d ("d") -> #3
d ("d") -> #3
d ("d") -> #3
d ("d") -> #3
d ("d") -> #3
d ("d") -> #3
utcDate ("utcDate") -> #2
d ("d") -> #5
d ("d") -> #5
d ("d") -> #5
date ("date") -> #5
Date ("Date") -> #1
Date ("Date") -> #1
d ("d") -> #5
d ("d") -> #5
d ("d") -> #5
d ("d") -> #5
d ("d") -> #5
d ("d") -> #5
date ("date") -> #5
d ("d") -> #5
date ("date") -> #5
Date ("Date") -> #1
Date ("Date") -> #1
d ("d") -> #5
d ("d") -> #5
d ("d") -> #5
d ("d") -> #5
d ("d") -> #5
d ("d") -> #5
d ("d") -> #5
newDate ("newDate") -> #2
y ("y") -> #7
m ("m") -> #7
d ("d") -> #7
y ("y") -> #7
m ("m") -> #7
d ("d") -> #7
formatLocale ("formatLocale") -> #2
locale ("locale") -> #8
locale_dateTime ("locale_dateTime") -> #8
locale ("locale") -> #8
locale_date ("locale_date") -> #8
locale ("locale") -> #8
locale_time ("locale_time") -> #8
locale ("locale") -> #8
locale_periods ("locale_periods") -> #8
locale ("locale") -> #8
locale_weekdays ("locale_weekdays") -> #8
locale ("locale") -> #8
locale_shortWeekdays ("locale_shortWeekdays") -> #8
locale ("locale") -> #8
locale_months ("locale_months") -> #8
locale ("locale") -> #8
locale_shortMonths ("locale_shortMonths") -> #8
locale ("locale") -> #8
periodRe ("periodRe") -> #8
formatRe ("formatRe") -> #2
locale_periods ("locale_periods") -> #8
periodLookup ("periodLookup") -> #8
formatLookup ("formatLookup") -> #2
locale_periods ("locale_periods") -> #8
weekdayRe ("weekdayRe") -> #8
formatRe ("formatRe") -> #2
locale_weekdays ("locale_weekdays") -> #8
weekdayLookup ("weekdayLookup") -> #8
formatLookup ("formatLookup") -> #2
locale_weekdays ("locale_weekdays") -> #8
shortWeekdayRe ("shortWeekdayRe") -> #8
formatRe ("formatRe") -> #2
locale_shortWeekdays ("locale_shortWeekdays") -> #8
shortWeekdayLookup ("shortWeekdayLookup") -> #8
formatLookup ("formatLookup") -> #2
locale_shortWeekdays ("locale_shortWeekdays") -> #8
monthRe ("monthRe") -> #8
formatRe ("formatRe") -> #2
locale_months ("locale_months") -> #8
monthLookup ("monthLookup") -> #8
formatLookup ("formatLookup") -> #2
locale_months ("locale_months") -> #8
shortMonthRe ("shortMonthRe") -> #8
formatRe ("formatRe") -> #2
locale_shortMonths ("locale_shortMonths") -> #8
shortMonthLookup ("shortMonthLookup") -> #8
formatLookup ("formatLookup") -> #2
locale_shortMonths ("locale_shortMonths") -> #8
formats ("formats") -> #8
formatShortWeekday ("formatShortWeekday") -> #8
formatWeekday ("formatWeekday") -> #8
formatShortMonth ("formatShortMonth") -> #8
formatMonth ("formatMonth") -> #8
formatDayOfMonth ("formatDayOfMonth") -> #2
formatDayOfMonth ("formatDayOfMonth") -> #2
formatMicroseconds ("formatMicroseconds") -> #2
formatYearISO ("formatYearISO") -> #2
formatFullYearISO ("formatFullYearISO") -> #2
formatHour24 ("formatHour24") -> #2
formatHour12 ("formatHour12") -> #2
formatDayOfYear ("formatDayOfYear") -> #2
formatMilliseconds ("formatMilliseconds") -> #2
formatMonthNumber ("formatMonthNumber") -> #2
formatMinutes ("formatMinutes") -> #2
formatPeriod ("formatPeriod") -> #8
formatQuarter ("formatQuarter") -> #8
formatUnixTimestamp ("formatUnixTimestamp") -> #2
formatUnixTimestampSeconds ("formatUnixTimestampSeconds") -> #2
formatSeconds ("formatSeconds") -> #2
formatWeekdayNumberMonday ("formatWeekdayNumberMonday") -> #2
formatWeekNumberSunday ("formatWeekNumberSunday") -> #2
formatWeekNumberISO ("formatWeekNumberISO") -> #2
formatWeekdayNumberSunday ("formatWeekdayNumberSunday") -> #2
formatWeekNumberMonday ("formatWeekNumberMonday") -> #2
formatYear ("formatYear") -> #2
formatFullYear ("formatFullYear") -> #2
formatZone ("formatZone") -> #2
formatLiteralPercent ("formatLiteralPercent") -> #2
utcFormats ("utcFormats") -> #8
formatUTCShortWeekday ("formatUTCShortWeekday") -> #8
formatUTCWeekday ("formatUTCWeekday") -> #8
formatUTCShortMonth ("formatUTCShortMonth") -> #8
formatUTCMonth ("formatUTCMonth") -> #8
formatUTCDayOfMonth ("formatUTCDayOfMonth") -> #2
formatUTCDayOfMonth ("formatUTCDayOfMonth") -> #2
formatUTCMicroseconds ("formatUTCMicroseconds") -> #2
formatUTCYearISO ("formatUTCYearISO") -> #2
formatUTCFullYearISO ("formatUTCFullYearISO") -> #2
formatUTCHour24 ("formatUTCHour24") -> #2
formatUTCHour12 ("formatUTCHour12") -> #2
formatUTCDayOfYear ("formatUTCDayOfYear") -> #2
formatUTCMilliseconds ("formatUTCMilliseconds") -> #2
formatUTCMonthNumber ("formatUTCMonthNumber") -> #2
formatUTCMinutes ("formatUTCMinutes") -> #2
formatUTCPeriod ("formatUTCPeriod") -> #8
formatUTCQuarter ("formatUTCQuarter") -> #8
formatUnixTimestamp ("formatUnixTimestamp") -> #2
formatUnixTimestampSeconds ("formatUnixTimestampSeconds") -> #2
formatUTCSeconds ("formatUTCSeconds") -> #2
formatUTCWeekdayNumberMonday ("formatUTCWeekdayNumberMonday") -> #2
formatUTCWeekNumberSunday ("formatUTCWeekNumberSunday") -> #2
formatUTCWeekNumberISO ("formatUTCWeekNumberISO") -> #2
formatUTCWeekdayNumberSunday ("formatUTCWeekdayNumberSunday") -> #2
formatUTCWeekNumberMonday ("formatUTCWeekNumberMonday") -> #2
formatUTCYear ("formatUTCYear") -> #2
formatUTCFullYear ("formatUTCFullYear") -> #2
formatUTCZone ("formatUTCZone") -> #2
formatLiteralPercent ("formatLiteralPercent") -> #2
parses ("parses") -> #8
parseShortWeekday ("parseShortWeekday") -> #8
parseWeekday ("parseWeekday") -> #8
parseShortMonth ("parseShortMonth") -> #8
parseMonth ("parseMonth") -> #8
parseLocaleDateTime ("parseLocaleDateTime") -> #8
parseDayOfMonth ("parseDayOfMonth") -> #2
parseDayOfMonth ("parseDayOfMonth") -> #2
parseMicroseconds ("parseMicroseconds") -> #2
parseYear ("parseYear") -> #2
parseFullYear ("parseFullYear") -> #2
parseHour24 ("parseHour24") -> #2
parseHour24 ("parseHour24") -> #2
parseDayOfYear ("parseDayOfYear") -> #2
parseMilliseconds ("parseMilliseconds") -> #2
parseMonthNumber ("parseMonthNumber") -> #2
parseMinutes ("parseMinutes") -> #2
parsePeriod ("parsePeriod") -> #8
parseQuarter ("parseQuarter") -> #2
parseUnixTimestamp ("parseUnixTimestamp") -> #2
parseUnixTimestampSeconds ("parseUnixTimestampSeconds") -> #2
parseSeconds ("parseSeconds") -> #2
parseWeekdayNumberMonday ("parseWeekdayNumberMonday") -> #2
parseWeekNumberSunday ("parseWeekNumberSunday") -> #2
parseWeekNumberISO ("parseWeekNumberISO") -> #2
parseWeekdayNumberSunday ("parseWeekdayNumberSunday") -> #2
parseWeekNumberMonday ("parseWeekNumberMonday") -> #2
parseLocaleDate ("parseLocaleDate") -> #8
parseLocaleTime ("parseLocaleTime") -> #8
parseYear ("parseYear") -> #2
parseFullYear ("parseFullYear") -> #2
parseZone ("parseZone") -> #2
parseLiteralPercent ("parseLiteralPercent") -> #2
formats ("formats") -> #8
newFormat ("newFormat") -> #8
locale_date ("locale_date") -> #8
formats ("formats") -> #8
formats ("formats") -> #8
newFormat ("newFormat") -> #8
locale_time ("locale_time") -> #8
formats ("formats") -> #8
formats ("formats") -> #8
newFormat ("newFormat") -> #8
locale_dateTime ("locale_dateTime") -> #8
formats ("formats") -> #8
utcFormats ("utcFormats") -> #8
newFormat ("newFormat") -> #8
locale_date ("locale_date") -> #8
utcFormats ("utcFormats") -> #8
utcFormats ("utcFormats") -> #8
newFormat ("newFormat") -> #8
locale_time ("locale_time") -> #8
utcFormats ("utcFormats") -> #8
utcFormats ("utcFormats") -> #8
newFormat ("newFormat") -> #8
locale_dateTime ("locale_dateTime") -> #8
utcFormats ("utcFormats") -> #8
newFormat ("newFormat") -> #8
specifier ("specifier") -> #9
formats ("formats") -> #9
date ("date") -> #10
string ("string") -> #10
i ("i") -> #10
j ("j") -> #10
n ("n") -> #10
specifier ("specifier") -> #9
c ("c") -> #10
pad ("pad") -> #10
format ("format") -> #10
date ("date") -> #10
Date ("Date") -> #1
date ("date") -> #10
Date ("Date") -> #1
date ("date") -> #10
i ("i") -> #10
n ("n") -> #10
specifier ("specifier") -> #9
i ("i") -> #10
string ("string") -> #10
specifier ("specifier") -> #9
j ("j") -> #10
i ("i") -> #10
pad ("pad") -> #10
pads ("pads") -> #2
c ("c") -> #10
specifier ("specifier") -> #9
i ("i") -> #10
c ("c") -> #10
specifier ("specifier") -> #9
i ("i") -> #10
pad ("pad") -> #10
c ("c") -> #10
format ("format") -> #10
formats ("formats") -> #9
c ("c") -> #10
c ("c") -> #10
format ("format") -> #10
date ("date") -> #10
pad ("pad") -> #10
string ("string") -> #10
c ("c") -> #10
j ("j") -> #10
i ("i") -> #10
string ("string") -> #10
specifier ("specifier") -> #9
j ("j") -> #10
i ("i") -> #10
string ("string") -> #10
newParse ("newParse") -> #8
specifier ("specifier") -> #13
Z ("Z") -> #13
string ("string") -> #14
d ("d") -> #14
newDate ("newDate") -> #2
undefined ("undefined") -> #1
i ("i") -> #14
parseSpecifier ("parseSpecifier") -> #8
d ("d") -> #14
specifier ("specifier") -> #13
string ("string") -> #14
week ("week") -> #14
day ("day") -> #14
i ("i") -> #14
string ("string") -> #14
d ("d") -> #14
Date ("Date") -> #1
d ("d") -> #14
d ("d") -> #14
Date ("Date") -> #1
d ("d") -> #14
d ("d") -> #14
d ("d") -> #14
Z ("Z") -> #13
d ("d") -> #14
d ("d") -> #14
d ("d") -> #14
d ("d") -> #14
d ("d") -> #14
d ("d") -> #14
d ("d") -> #14
undefined ("undefined") -> #1
d ("d") -> #14
d ("d") -> #14
d ("d") -> #14
d ("d") -> #14
d ("d") -> #14
d ("d") -> #14
d ("d") -> #14
d ("d") -> #14
d ("d") -> #14
week ("week") -> #14
utcDate ("utcDate") -> #2
newDate ("newDate") -> #2
d ("d") -> #14
day ("day") -> #14
week ("week") -> #14
week ("week") -> #14
day ("day") -> #14
day ("day") -> #14
utcMonday ("utcMonday") -> #2
week ("week") -> #14
utcMonday ("utcMonday") -> #2
week ("week") -> #14
week ("week") -> #14
utcDay ("utcDay") -> #2
week ("week") -> #14
d ("d") -> #14
d ("d") -> #14
week ("week") -> #14
d ("d") -> #14
week ("week") -> #14
d ("d") -> #14
week ("week") -> #14
d ("d") -> #14
week ("week") -> #14
localDate ("localDate") -> #2
newDate ("newDate") -> #2
d ("d") -> #14
day ("day") -> #14
week ("week") -> #14
week ("week") -> #14
day ("day") -> #14
day ("day") -> #14
timeMonday ("timeMonday") -> #2
week ("week") -> #14
timeMonday ("timeMonday") -> #2
week ("week") -> #14
week ("week") -> #14
timeDay ("timeDay") -> #2
week ("week") -> #14
d ("d") -> #14
d ("d") -> #14
week ("week") -> #14
d ("d") -> #14
week ("week") -> #14
d ("d") -> #14
week ("week") -> #14
d ("d") -> #14
d ("d") -> #14
d ("d") -> #14
d ("d") -> #14
d ("d") -> #14
d ("d") -> #14
d ("d") -> #14
d ("d") -> #14
day ("day") -> #14
d ("d") -> #14
utcDate ("utcDate") -> #2
newDate ("newDate") -> #2
d ("d") -> #14
localDate ("localDate") -> #2
newDate ("newDate") -> #2
d ("d") -> #14
d ("d") -> #14
d ("d") -> #14
d ("d") -> #14
d ("d") -> #14
d ("d") -> #14
day ("day") -> #14
d ("d") -> #14
d ("d") -> #14
day ("day") -> #14
d ("d") -> #14
d ("d") -> #14
d ("d") -> #14
d ("d") -> #14
d ("d") -> #14
utcDate ("utcDate") -> #2
d ("d") -> #14
localDate ("localDate") -> #2
d ("d") -> #14
parseSpecifier ("parseSpecifier") -> #8
d ("d") -> #20
specifier ("specifier") -> #20
string ("string") -> #20
j ("j") -> #20
i ("i") -> #20
n ("n") -> #20
specifier ("specifier") -> #20
m ("m") -> #20
string ("string") -> #20
c ("c") -> #20
parse ("parse") -> #20
i ("i") -> #20
n ("n") -> #20
j ("j") -> #20
m ("m") -> #20
c ("c") -> #20
specifier ("specifier") -> #20
i ("i") -> #20
c ("c") -> #20
c ("c") -> #20
specifier ("specifier") -> #20
i ("i") -> #20
parse ("parse") -> #20
parses ("parses") -> #8
c ("c") -> #20
pads ("pads") -> #2
specifier ("specifier") -> #20
i ("i") -> #20
c ("c") -> #20
parse ("parse") -> #20
j ("j") -> #20
parse ("parse") -> #20
d ("d") -> #20
string ("string") -> #20
j ("j") -> #20
c ("c") -> #20
string ("string") -> #20
j ("j") -> #20
j ("j") -> #20
parsePeriod ("parsePeriod") -> #8
d ("d") -> #24
string ("string") -> #24
i ("i") -> #24
n ("n") -> #24
periodRe ("periodRe") -> #8
string ("string") -> #24
i ("i") -> #24
n ("n") -> #24
d ("d") -> #24
periodLookup ("periodLookup") -> #8
n ("n") -> #24
i ("i") -> #24
n ("n") -> #24
parseShortWeekday ("parseShortWeekday") -> #8
d ("d") -> #25
string ("string") -> #25
i ("i") -> #25
n ("n") -> #25
shortWeekdayRe ("shortWeekdayRe") -> #8
string ("string") -> #25
i ("i") -> #25
n ("n") -> #25
d ("d") -> #25
shortWeekdayLookup ("shortWeekdayLookup") -> #8
n ("n") -> #25
i ("i") -> #25
n ("n") -> #25
parseWeekday ("parseWeekday") -> #8
d ("d") -> #26
string ("string") -> #26
i ("i") -> #26
n ("n") -> #26
weekdayRe ("weekdayRe") -> #8
string ("string") -> #26
i ("i") -> #26
n ("n") -> #26
d ("d") -> #26
weekdayLookup ("weekdayLookup") -> #8
n ("n") -> #26
i ("i") -> #26
n ("n") -> #26
parseShortMonth ("parseShortMonth") -> #8
d ("d") -> #27
string ("string") -> #27
i ("i") -> #27
n ("n") -> #27
shortMonthRe ("shortMonthRe") -> #8
string ("string") -> #27
i ("i") -> #27
n ("n") -> #27
d ("d") -> #27
shortMonthLookup ("shortMonthLookup") -> #8
n ("n") -> #27
i ("i") -> #27
n ("n") -> #27
parseMonth ("parseMonth") -> #8
d ("d") -> #28
string ("string") -> #28
i ("i") -> #28
n ("n") -> #28
monthRe ("monthRe") -> #8
string ("string") -> #28
i ("i") -> #28
n ("n") -> #28
d ("d") -> #28
monthLookup ("monthLookup") -> #8
n ("n") -> #28
i ("i") -> #28
n ("n") -> #28
parseLocaleDateTime ("parseLocaleDateTime") -> #8
d ("d") -> #29
string ("string") -> #29
i ("i") -> #29
parseSpecifier ("parseSpecifier") -> #8
d ("d") -> #29
locale_dateTime ("locale_dateTime") -> #8
string ("string") -> #29
i ("i") -> #29
parseLocaleDate ("parseLocaleDate") -> #8
d ("d") -> #30
string ("string") -> #30
i ("i") -> #30
parseSpecifier ("parseSpecifier") -> #8
d ("d") -> #30
locale_date ("locale_date") -> #8
string ("string") -> #30
i ("i") -> #30
parseLocaleTime ("parseLocaleTime") -> #8
d ("d") -> #31
string ("string") -> #31
i ("i") -> #31
parseSpecifier ("parseSpecifier") -> #8
d ("d") -> #31
locale_time ("locale_time") -> #8
string ("string") -> #31
i ("i") -> #31
formatShortWeekday ("formatShortWeekday") -> #8
d ("d") -> #32
locale_shortWeekdays ("locale_shortWeekdays") -> #8
d ("d") -> #32
formatWeekday ("formatWeekday") -> #8
d ("d") -> #33
locale_weekdays ("locale_weekdays") -> #8
d ("d") -> #33
formatShortMonth ("formatShortMonth") -> #8
d ("d") -> #34
locale_shortMonths ("locale_shortMonths") -> #8
d ("d") -> #34
formatMonth ("formatMonth") -> #8
d ("d") -> #35
locale_months ("locale_months") -> #8
d ("d") -> #35
formatPeriod ("formatPeriod") -> #8
d ("d") -> #36
locale_periods ("locale_periods") -> #8
d ("d") -> #36
formatQuarter ("formatQuarter") -> #8
d ("d") -> #37
d ("d") -> #37
formatUTCShortWeekday ("formatUTCShortWeekday") -> #8
d ("d") -> #38
locale_shortWeekdays ("locale_shortWeekdays") -> #8
d ("d") -> #38
formatUTCWeekday ("formatUTCWeekday") -> #8
d ("d") -> #39
locale_weekdays ("locale_weekdays") -> #8
d ("d") -> #39
formatUTCShortMonth ("formatUTCShortMonth") -> #8
d ("d") -> #40
locale_shortMonths ("locale_shortMonths") -> #8
d ("d") -> #40
formatUTCMonth ("formatUTCMonth") -> #8
d ("d") -> #41
locale_months ("locale_months") -> #8
d ("d") -> #41
formatUTCPeriod ("formatUTCPeriod") -> #8
d ("d") -> #42
locale_periods ("locale_periods") -> #8
d ("d") -> #42
formatUTCQuarter ("formatUTCQuarter") -> #8
d ("d") -> #43
d ("d") -> #43
specifier ("specifier") -> #44
f ("f") -> #44
newFormat ("newFormat") -> #8
specifier ("specifier") -> #44
formats ("formats") -> #8
f ("f") -> #44
specifier ("specifier") -> #44
f ("f") -> #44
specifier ("specifier") -> #46
p ("p") -> #46
newParse ("newParse") -> #8
specifier ("specifier") -> #46
p ("p") -> #46
specifier ("specifier") -> #46
p ("p") -> #46
specifier ("specifier") -> #48
f ("f") -> #48
newFormat ("newFormat") -> #8
specifier ("specifier") -> #48
utcFormats ("utcFormats") -> #8
f ("f") -> #48
specifier ("specifier") -> #48
f ("f") -> #48
specifier ("specifier") -> #50
p ("p") -> #50
newParse ("newParse") -> #8
specifier ("specifier") -> #50
p ("p") -> #50
specifier ("specifier") -> #50
p ("p") -> #50
pads ("pads") -> #2
numberRe ("numberRe") -> #2
percentRe ("percentRe") -> #2
requoteRe ("requoteRe") -> #2
pad ("pad") -> #2
value ("value") -> #52
fill ("fill") -> #52
width ("width") -> #52
sign ("sign") -> #52
value ("value") -> #52
string ("string") -> #52
sign ("sign") -> #52
value ("value") -> #52
value ("value") -> #52
length ("length") -> #52
string ("string") -> #52
sign ("sign") -> #52
length ("length") -> #52
width ("width") -> #52
Array ("Array") -> #1
width ("width") -> #52
length ("length") -> #52
fill ("fill") -> #52
string ("string") -> #52
string ("string") -> #52
requote ("requote") -> #2
s ("s") -> #53
s ("s") -> #53
requoteRe ("requoteRe") -> #2
formatRe ("formatRe") -> #2
names ("names") -> #54
RegExp ("RegExp") -> #1
names ("names") -> #54
requote ("requote") -> #2
formatLookup ("formatLookup") -> #2
names ("names") -> #55
Map ("Map") -> #1
names ("names") -> #55
name ("name") -> #56
i ("i") -> #56
name ("name") -> #56
i ("i") -> #56
parseWeekdayNumberSunday ("parseWeekdayNumberSunday") -> #2
d ("d") -> #57
string ("string") -> #57
i ("i") -> #57
n ("n") -> #57
numberRe ("numberRe") -> #2
string ("string") -> #57
i ("i") -> #57
i ("i") -> #57
n ("n") -> #57
d ("d") -> #57
n ("n") -> #57
i ("i") -> #57
n ("n") -> #57
parseWeekdayNumberMonday ("parseWeekdayNumberMonday") -> #2
d ("d") -> #58
string ("string") -> #58
i ("i") -> #58
n ("n") -> #58
numberRe ("numberRe") -> #2
string ("string") -> #58
i ("i") -> #58
i ("i") -> #58
n ("n") -> #58
d ("d") -> #58
n ("n") -> #58
i ("i") -> #58
n ("n") -> #58
parseWeekNumberSunday ("parseWeekNumberSunday") -> #2
d ("d") -> #59
string ("string") -> #59
i ("i") -> #59
n ("n") -> #59
numberRe ("numberRe") -> #2
string ("string") -> #59
i ("i") -> #59
i ("i") -> #59
n ("n") -> #59
d ("d") -> #59
n ("n") -> #59
i ("i") -> #59
n ("n") -> #59
parseWeekNumberISO ("parseWeekNumberISO") -> #2
d ("d") -> #60
string ("string") -> #60
i ("i") -> #60
n ("n") -> #60
numberRe ("numberRe") -> #2
string ("string") -> #60
i ("i") -> #60
i ("i") -> #60
n ("n") -> #60
d ("d") -> #60
n ("n") -> #60
i ("i") -> #60
n ("n") -> #60
parseWeekNumberMonday ("parseWeekNumberMonday") -> #2
d ("d") -> #61
string ("string") -> #61
i ("i") -> #61
n ("n") -> #61
numberRe ("numberRe") -> #2
string ("string") -> #61
i ("i") -> #61
i ("i") -> #61
n ("n") -> #61
d ("d") -> #61
n ("n") -> #61
i ("i") -> #61
n ("n") -> #61
parseFullYear ("parseFullYear") -> #2
d ("d") -> #62
string ("string") -> #62
i ("i") -> #62
n ("n") -> #62
numberRe ("numberRe") -> #2
string ("string") -> #62
i ("i") -> #62
i ("i") -> #62
n ("n") -> #62
d ("d") -> #62
n ("n") -> #62
i ("i") -> #62
n ("n") -> #62
parseYear ("parseYear") -> #2
d ("d") -> #63
string ("string") -> #63
i ("i") -> #63
n ("n") -> #63
numberRe ("numberRe") -> #2
string ("string") -> #63
i ("i") -> #63
i ("i") -> #63
n ("n") -> #63
d ("d") -> #63
n ("n") -> #63
n ("n") -> #63
i ("i") -> #63
n ("n") -> #63
parseZone ("parseZone") -> #2
d ("d") -> #64
string ("string") -> #64
i ("i") -> #64
n ("n") -> #64
string ("string") -> #64
i ("i") -> #64
i ("i") -> #64
n ("n") -> #64
d ("d") -> #64
n ("n") -> #64
n ("n") -> #64
n ("n") -> #64
i ("i") -> #64
n ("n") -> #64
parseQuarter ("parseQuarter") -> #2
d ("d") -> #65
string ("string") -> #65
i ("i") -> #65
n ("n") -> #65
numberRe ("numberRe") -> #2
string ("string") -> #65
i ("i") -> #65
i ("i") -> #65
n ("n") -> #65
d ("d") -> #65
n ("n") -> #65
i ("i") -> #65
n ("n") -> #65
parseMonthNumber ("parseMonthNumber") -> #2
d ("d") -> #66
string ("string") -> #66
i ("i") -> #66
n ("n") -> #66
numberRe ("numberRe") -> #2
string ("string") -> #66
i ("i") -> #66
i ("i") -> #66
n ("n") -> #66
d ("d") -> #66
n ("n") -> #66
i ("i") -> #66
n ("n") -> #66
parseDayOfMonth ("parseDayOfMonth") -> #2
d ("d") -> #67
string ("string") -> #67
i ("i") -> #67
n ("n") -> #67
numberRe ("numberRe") -> #2
string ("string") -> #67
i ("i") -> #67
i ("i") -> #67
n ("n") -> #67
d ("d") -> #67
n ("n") -> #67
i ("i") -> #67
n ("n") -> #67
parseDayOfYear ("parseDayOfYear") -> #2
d ("d") -> #68
string ("string") -> #68
i ("i") -> #68
n ("n") -> #68
numberRe ("numberRe") -> #2
string ("string") -> #68
i ("i") -> #68
i ("i") -> #68
n ("n") -> #68
d ("d") -> #68
d ("d") -> #68
n ("n") -> #68
i ("i") -> #68
n ("n") -> #68
parseHour24 ("parseHour24") -> #2
d ("d") -> #69
string ("string") -> #69
i ("i") -> #69
n ("n") -> #69
numberRe ("numberRe") -> #2
string ("string") -> #69
i ("i") -> #69
i ("i") -> #69
n ("n") -> #69
d ("d") -> #69
n ("n") -> #69
i ("i") -> #69
n ("n") -> #69
parseMinutes ("parseMinutes") -> #2
d ("d") -> #70
string ("string") -> #70
i ("i") -> #70
n ("n") -> #70
numberRe ("numberRe") -> #2
string ("string") -> #70
i ("i") -> #70
i ("i") -> #70
n ("n") -> #70
d ("d") -> #70
n ("n") -> #70
i ("i") -> #70
n ("n") -> #70
parseSeconds ("parseSeconds") -> #2
d ("d") -> #71
string ("string") -> #71
i ("i") -> #71
n ("n") -> #71
numberRe ("numberRe") -> #2
string ("string") -> #71
i ("i") -> #71
i ("i") -> #71
n ("n") -> #71
d ("d") -> #71
n ("n") -> #71
i ("i") -> #71
n ("n") -> #71
parseMilliseconds ("parseMilliseconds") -> #2
d ("d") -> #72
string ("string") -> #72
i ("i") -> #72
n ("n") -> #72
numberRe ("numberRe") -> #2
string ("string") -> #72
i ("i") -> #72
i ("i") -> #72
n ("n") -> #72
d ("d") -> #72
n ("n") -> #72
i ("i") -> #72
n ("n") -> #72
parseMicroseconds ("parseMicroseconds") -> #2
d ("d") -> #73
string ("string") -> #73
i ("i") -> #73
n ("n") -> #73
numberRe ("numberRe") -> #2
string ("string") -> #73
i ("i") -> #73
i ("i") -> #73
n ("n") -> #73
d ("d") -> #73
Math ("Math") -> #1
n ("n") -> #73
i ("i") -> #73
n ("n") -> #73
parseLiteralPercent ("parseLiteralPercent") -> #2
d ("d") -> #74
string ("string") -> #74
i ("i") -> #74
n ("n") -> #74
percentRe ("percentRe") -> #2
string ("string") -> #74
i ("i") -> #74
i ("i") -> #74
n ("n") -> #74
i ("i") -> #74
n ("n") -> #74
parseUnixTimestamp ("parseUnixTimestamp") -> #2
d ("d") -> #75
string ("string") -> #75
i ("i") -> #75
n ("n") -> #75
numberRe ("numberRe") -> #2
string ("string") -> #75
i ("i") -> #75
n ("n") -> #75
d ("d") -> #75
n ("n") -> #75
i ("i") -> #75
n ("n") -> #75
parseUnixTimestampSeconds ("parseUnixTimestampSeconds") -> #2
d ("d") -> #76
string ("string") -> #76
i ("i") -> #76
n ("n") -> #76
numberRe ("numberRe") -> #2
string ("string") -> #76
i ("i") -> #76
n ("n") -> #76
d ("d") -> #76
n ("n") -> #76
i ("i") -> #76
n ("n") -> #76
formatDayOfMonth ("formatDayOfMonth") -> #2
d ("d") -> #77
p ("p") -> #77
pad ("pad") -> #2
d ("d") -> #77
p ("p") -> #77
formatHour24 ("formatHour24") -> #2
d ("d") -> #78
p ("p") -> #78
pad ("pad") -> #2
d ("d") -> #78
p ("p") -> #78
formatHour12 ("formatHour12") -> #2
d ("d") -> #79
p ("p") -> #79
pad ("pad") -> #2
d ("d") -> #79
p ("p") -> #79
formatDayOfYear ("formatDayOfYear") -> #2
d ("d") -> #80
p ("p") -> #80
pad ("pad") -> #2
timeDay ("timeDay") -> #2
timeYear ("timeYear") -> #2
d ("d") -> #80
d ("d") -> #80
p ("p") -> #80
formatMilliseconds ("formatMilliseconds") -> #2
d ("d") -> #81
p ("p") -> #81
pad ("pad") -> #2
d ("d") -> #81
p ("p") -> #81
formatMicroseconds ("formatMicroseconds") -> #2
d ("d") -> #82
p ("p") -> #82
formatMilliseconds ("formatMilliseconds") -> #2
d ("d") -> #82
p ("p") -> #82
formatMonthNumber ("formatMonthNumber") -> #2
d ("d") -> #83
p ("p") -> #83
pad ("pad") -> #2
d ("d") -> #83
p ("p") -> #83
formatMinutes ("formatMinutes") -> #2
d ("d") -> #84
p ("p") -> #84
pad ("pad") -> #2
d ("d") -> #84
p ("p") -> #84
formatSeconds ("formatSeconds") -> #2
d ("d") -> #85
p ("p") -> #85
pad ("pad") -> #2
d ("d") -> #85
p ("p") -> #85
formatWeekdayNumberMonday ("formatWeekdayNumberMonday") -> #2
d ("d") -> #86
day ("day") -> #86
d ("d") -> #86
day ("day") -> #86
day ("day") -> #86
formatWeekNumberSunday ("formatWeekNumberSunday") -> #2
d ("d") -> #87
p ("p") -> #87
pad ("pad") -> #2
timeSunday ("timeSunday") -> #2
timeYear ("timeYear") -> #2
d ("d") -> #87
d ("d") -> #87
p ("p") -> #87
dISO ("dISO") -> #2
d ("d") -> #88
day ("day") -> #88
d ("d") -> #88
day ("day") -> #88
day ("day") -> #88
timeThursday ("timeThursday") -> #2
d ("d") -> #88
timeThursday ("timeThursday") -> #2
d ("d") -> #88
formatWeekNumberISO ("formatWeekNumberISO") -> #2
d ("d") -> #89
p ("p") -> #89
d ("d") -> #89
dISO ("dISO") -> #2
d ("d") -> #89
pad ("pad") -> #2
timeThursday ("timeThursday") -> #2
timeYear ("timeYear") -> #2
d ("d") -> #89
d ("d") -> #89
timeYear ("timeYear") -> #2
d ("d") -> #89
p ("p") -> #89
formatWeekdayNumberSunday ("formatWeekdayNumberSunday") -> #2
d ("d") -> #90
d ("d") -> #90
formatWeekNumberMonday ("formatWeekNumberMonday") -> #2
d ("d") -> #91
p ("p") -> #91
pad ("pad") -> #2
timeMonday ("timeMonday") -> #2
timeYear ("timeYear") -> #2
d ("d") -> #91
d ("d") -> #91
p ("p") -> #91
formatYear ("formatYear") -> #2
d ("d") -> #92
p ("p") -> #92
pad ("pad") -> #2
d ("d") -> #92
p ("p") -> #92
formatYearISO ("formatYearISO") -> #2
d ("d") -> #93
p ("p") -> #93
d ("d") -> #93
dISO ("dISO") -> #2
d ("d") -> #93
pad ("pad") -> #2
d ("d") -> #93
p ("p") -> #93
formatFullYear ("formatFullYear") -> #2
d ("d") -> #94
p ("p") -> #94
pad ("pad") -> #2
d ("d") -> #94
p ("p") -> #94
formatFullYearISO ("formatFullYearISO") -> #2
d ("d") -> #95
p ("p") -> #95
day ("day") -> #95
d ("d") -> #95
d ("d") -> #95
day ("day") -> #95
day ("day") -> #95
timeThursday ("timeThursday") -> #2
d ("d") -> #95
timeThursday ("timeThursday") -> #2
d ("d") -> #95
pad ("pad") -> #2
d ("d") -> #95
p ("p") -> #95
formatZone ("formatZone") -> #2
d ("d") -> #96
z ("z") -> #96
d ("d") -> #96
z ("z") -> #96
z ("z") -> #96
pad ("pad") -> #2
z ("z") -> #96
pad ("pad") -> #2
z ("z") -> #96
formatUTCDayOfMonth ("formatUTCDayOfMonth") -> #2
d ("d") -> #97
p ("p") -> #97
pad ("pad") -> #2
d ("d") -> #97
p ("p") -> #97
formatUTCHour24 ("formatUTCHour24") -> #2
d ("d") -> #98
p ("p") -> #98
pad ("pad") -> #2
d ("d") -> #98
p ("p") -> #98
formatUTCHour12 ("formatUTCHour12") -> #2
d ("d") -> #99
p ("p") -> #99
pad ("pad") -> #2
d ("d") -> #99
p ("p") -> #99
formatUTCDayOfYear ("formatUTCDayOfYear") -> #2
d ("d") -> #100
p ("p") -> #100
pad ("pad") -> #2
utcDay ("utcDay") -> #2
utcYear ("utcYear") -> #2
d ("d") -> #100
d ("d") -> #100
p ("p") -> #100
formatUTCMilliseconds ("formatUTCMilliseconds") -> #2
d ("d") -> #101
p ("p") -> #101
pad ("pad") -> #2
d ("d") -> #101
p ("p") -> #101
formatUTCMicroseconds ("formatUTCMicroseconds") -> #2
d ("d") -> #102
p ("p") -> #102
formatUTCMilliseconds ("formatUTCMilliseconds") -> #2
d ("d") -> #102
p ("p") -> #102
formatUTCMonthNumber ("formatUTCMonthNumber") -> #2
d ("d") -> #103
p ("p") -> #103
pad ("pad") -> #2
d ("d") -> #103
p ("p") -> #103
formatUTCMinutes ("formatUTCMinutes") -> #2
d ("d") -> #104
p ("p") -> #104
pad ("pad") -> #2
d ("d") -> #104
p ("p") -> #104
formatUTCSeconds ("formatUTCSeconds") -> #2
d ("d") -> #105
p ("p") -> #105
pad ("pad") -> #2
d ("d") -> #105
p ("p") -> #105
formatUTCWeekdayNumberMonday ("formatUTCWeekdayNumberMonday") -> #2
d ("d") -> #106
dow ("dow") -> #106
d ("d") -> #106
dow ("dow") -> #106
dow ("dow") -> #106
formatUTCWeekNumberSunday ("formatUTCWeekNumberSunday") -> #2
d ("d") -> #107
p ("p") -> #107
pad ("pad") -> #2
utcSunday ("utcSunday") -> #2
utcYear ("utcYear") -> #2
d ("d") -> #107
d ("d") -> #107
p ("p") -> #107
UTCdISO ("UTCdISO") -> #2
d ("d") -> #108
day ("day") -> #108
d ("d") -> #108
day ("day") -> #108
day ("day") -> #108
utcThursday ("utcThursday") -> #2
d ("d") -> #108
utcThursday ("utcThursday") -> #2
d ("d") -> #108
formatUTCWeekNumberISO ("formatUTCWeekNumberISO") -> #2
d ("d") -> #109
p ("p") -> #109
d ("d") -> #109
UTCdISO ("UTCdISO") -> #2
d ("d") -> #109
pad ("pad") -> #2
utcThursday ("utcThursday") -> #2
utcYear ("utcYear") -> #2
d ("d") -> #109
d ("d") -> #109
utcYear ("utcYear") -> #2
d ("d") -> #109
p ("p") -> #109
formatUTCWeekdayNumberSunday ("formatUTCWeekdayNumberSunday") -> #2
d ("d") -> #110
d ("d") -> #110
formatUTCWeekNumberMonday ("formatUTCWeekNumberMonday") -> #2
d ("d") -> #111
p ("p") -> #111
pad ("pad") -> #2
utcMonday ("utcMonday") -> #2
utcYear ("utcYear") -> #2
d ("d") -> #111
d ("d") -> #111
p ("p") -> #111
formatUTCYear ("formatUTCYear") -> #2
d ("d") -> #112
p ("p") -> #112
pad ("pad") -> #2
d ("d") -> #112
p ("p") -> #112
formatUTCYearISO ("formatUTCYearISO") -> #2
d ("d") -> #113
p ("p") -> #113
d ("d") -> #113
UTCdISO ("UTCdISO") -> #2
d ("d") -> #113
pad ("pad") -> #2
d ("d") -> #113
p ("p") -> #113
formatUTCFullYear ("formatUTCFullYear") -> #2
d ("d") -> #114
p ("p") -> #114
pad ("pad") -> #2
d ("d") -> #114
p ("p") -> #114
formatUTCFullYearISO ("formatUTCFullYearISO") -> #2
d ("d") -> #115
p ("p") -> #115
day ("day") -> #115
d ("d") -> #115
d ("d") -> #115
day ("day") -> #115
day ("day") -> #115
utcThursday ("utcThursday") -> #2
d ("d") -> #115
utcThursday ("utcThursday") -> #2
d ("d") -> #115
pad ("pad") -> #2
d ("d") -> #115
p ("p") -> #115
formatUTCZone ("formatUTCZone") -> #2
formatLiteralPercent ("formatLiteralPercent") -> #2
formatUnixTimestamp ("formatUnixTimestamp") -> #2
d ("d") -> #118
d ("d") -> #118
formatUnixTimestampSeconds ("formatUnixTimestampSeconds") -> #2
d ("d") -> #119
Math ("Math") -> #1
d ("d") -> #119
