Top level: ScopeId(2)
Unresolved: ScopeId(1)
sideCalls ("sideCalls") -> ScopeId(2)
side ("side") -> ScopeId(2)
sideCalls ("sideCalls") -> ScopeId(2)
keep ("keep") -> ScopeId(2)
a ("a") -> ScopeId(4)
b ("b") -> ScopeId(4)
side ("side") -> ScopeId(2)
a ("a") -> ScopeId(4)
fnMultiUseDefaultSideEffect ("fnMultiUseDefaultSideEffect") -> ScopeId(2)
value ("value") -> ScopeId(5)
keep ("keep") -> ScopeId(2)
value ("value") -> ScopeId(5)
keep ("keep") -> ScopeId(2)
value ("value") -> ScopeId(5)
