Top level: #2
Unresolved: #1
List ("List") -> #2
T ("T") -> #3
List ("List") -> #2
List ("List") -> #2
T ("T") -> #3
T ("T") -> #3
MyList ("MyList") -> #2
T ("T") -> #4
MyList ("MyList") -> #2
MyList ("MyList") -> #2
T ("T") -> #4
T ("T") -> #4
list1 ("list1") -> #2
List ("List") -> #2
list2 ("list2") -> #2
List ("List") -> #2
myList1 ("myList1") -> #2
MyList ("MyList") -> #2
myList2 ("myList2") -> #2
MyList ("MyList") -> #2
list1 ("list1") -> #2
myList1 ("myList1") -> #2
list1 ("list1") -> #2
myList2 ("myList2") -> #2
list2 ("list2") -> #2
myList1 ("myList1") -> #2
list2 ("list2") -> #2
myList2 ("myList2") -> #2
rList1 ("rList1") -> #2
List ("List") -> #2
List ("List") -> #2
rMyList1 ("rMyList1") -> #2
List ("List") -> #2
MyList ("MyList") -> #2
rList1 ("rList1") -> #2
rMyList1 ("rMyList1") -> #2
foo ("foo") -> #2
t ("t") -> #5
T ("T") -> #5
u ("u") -> #5
U ("U") -> #5
t ("t") -> #5
u ("u") -> #5
u ("u") -> #5
t ("t") -> #5
a ("a") -> #5
List ("List") -> #2
b ("b") -> #5
MyList ("MyList") -> #2
a ("a") -> #5
t ("t") -> #5
a ("a") -> #5
u ("u") -> #5
b ("b") -> #5
t ("t") -> #5
b ("b") -> #5
u ("u") -> #5
T ("T") -> #5
List ("List") -> #2
U ("U") -> #5
MyList ("MyList") -> #2
foo2 ("foo2") -> #2
t ("t") -> #6
T ("T") -> #6
u ("u") -> #6
U ("U") -> #6
t ("t") -> #6
u ("u") -> #6
u ("u") -> #6
t ("t") -> #6
a ("a") -> #6
List ("List") -> #2
b ("b") -> #6
MyList ("MyList") -> #2
a ("a") -> #6
t ("t") -> #6
a ("a") -> #6
u ("u") -> #6
b ("b") -> #6
t ("t") -> #6
b ("b") -> #6
u ("u") -> #6
T ("T") -> #6
U ("U") -> #6
U ("U") -> #6
MyList ("MyList") -> #2
