Top level: #2
Unresolved: #1
Err ("Err") -> #2
URIError ("URIError") -> #1
Err ("Err") -> #2
err1 ("err1") -> #2
Err ("Err") -> #2
verifyProperty ("verifyProperty") -> #1
err1 ("err1") -> #2
err2 ("err2") -> #2
Err ("Err") -> #2
assert ("assert") -> #1
err2 ("err2") -> #2
assert ("assert") -> #1
err2 ("err2") -> #2
