Top level: #2
Unresolved: #1
enUS ("enUS") -> #2
Intl ("Intl") -> #1
deDE ("deDE") -> #2
Intl ("Intl") -> #1
jaJP ("jaJP") -> #2
Intl ("Intl") -> #1
Intl ("Intl") -> #1
enUS ("enUS") -> #2
Intl ("Intl") -> #1
deDE ("deDE") -> #2
jaJP ("jaJP") -> #2
Intl ("Intl") -> #1
enUS ("enUS") -> #2
Intl ("Intl") -> #1
deDE ("deDE") -> #2
jaJP ("jaJP") -> #2
