Top level: #2
Unresolved: #1
NonGeneric ("NonGeneric") -> #2
C ("C") -> #3
D ("D") -> #3
C ("C") -> #3
r ("r") -> #3
C ("C") -> #3
r ("r") -> #3
r2 ("r2") -> #3
D ("D") -> #3
r2 ("r2") -> #3
Generic ("Generic") -> #2
C ("C") -> #4
T ("T") -> #5
U ("U") -> #5
T ("T") -> #5
U ("U") -> #5
D ("D") -> #4
T ("T") -> #6
U ("U") -> #6
C ("C") -> #4
T ("T") -> #6
U ("U") -> #6
T ("T") -> #6
U ("U") -> #6
r ("r") -> #4
C ("C") -> #4
ra ("ra") -> #4
r ("r") -> #4
r2 ("r2") -> #4
D ("D") -> #4
rb ("rb") -> #4
r2 ("r2") -> #4
