Top level: ScopeId(2)
Unresolved: ScopeId(1)
zero ("zero") -> ScopeId(3)
one ("one") -> ScopeId(3)
console ("console") -> ScopeId(1)
arguments ("arguments") -> ScopeId(1)
arguments ("arguments") -> ScopeId(1)
arguments ("arguments") -> ScopeId(1)
arguments ("arguments") -> ScopeId(1)
arguments ("arguments") -> ScopeId(1)
arguments ("arguments") -> ScopeId(1)
String ("String") -> ScopeId(1)
