Top level: #2
Unresolved: #1
Base ("Base") -> #2
a ("a") -> #0
a2 ("a2") -> #0
x ("x") -> #1
a3 ("a3") -> #0
x ("x") -> #1
a4 ("a4") -> #0
x ("x") -> #1
y ("y") -> #1
a5 ("a5") -> #0
x ("x") -> #1
y ("y") -> #1
I1 ("I1") -> #2
Base ("Base") -> #2
a ("a") -> #0
I2 ("I2") -> #2
Base ("Base") -> #2
a ("a") -> #0
x ("x") -> #1
I3 ("I3") -> #2
Base ("Base") -> #2
a ("a") -> #0
x ("x") -> #1
I4 ("I4") -> #2
Base ("Base") -> #2
a2 ("a2") -> #0
I5 ("I5") -> #2
Base ("Base") -> #2
a2 ("a2") -> #0
x ("x") -> #1
I6 ("I6") -> #2
Base ("Base") -> #2
a2 ("a2") -> #0
x ("x") -> #1
I7 ("I7") -> #2
Base ("Base") -> #2
a3 ("a3") -> #0
I8 ("I8") -> #2
Base ("Base") -> #2
a3 ("a3") -> #0
x ("x") -> #1
I9 ("I9") -> #2
Base ("Base") -> #2
a3 ("a3") -> #0
x ("x") -> #1
I10 ("I10") -> #2
Base ("Base") -> #2
a3 ("a3") -> #0
x ("x") -> #1
y ("y") -> #1
I11 ("I11") -> #2
Base ("Base") -> #2
a4 ("a4") -> #0
I12 ("I12") -> #2
Base ("Base") -> #2
a4 ("a4") -> #0
x ("x") -> #1
y ("y") -> #1
I13 ("I13") -> #2
Base ("Base") -> #2
a4 ("a4") -> #0
x ("x") -> #1
I14 ("I14") -> #2
Base ("Base") -> #2
a4 ("a4") -> #0
x ("x") -> #1
y ("y") -> #1
I15 ("I15") -> #2
Base ("Base") -> #2
a5 ("a5") -> #0
I16 ("I16") -> #2
Base ("Base") -> #2
a5 ("a5") -> #0
x ("x") -> #1
y ("y") -> #1
I17 ("I17") -> #2
Base ("Base") -> #2
a5 ("a5") -> #0
x ("x") -> #1
I18 ("I18") -> #2
Base ("Base") -> #2
a5 ("a5") -> #0
x ("x") -> #1
y ("y") -> #1
