Top level: #2
Unresolved: #1
M ("M") -> #2
Point ("Point") -> #3
x ("x") -> #0
y ("y") -> #0
a ("a") -> #3
m ("m") -> #2
M ("M") -> #2
m ("m") -> #2
M ("M") -> #2
a1 ("a1") -> #2
a1 ("a1") -> #2
M ("M") -> #2
a2 ("a2") -> #2
a2 ("a2") -> #2
m ("m") -> #2
M2 ("M2") -> #2
Point ("Point") -> #4
Origin ("Origin") -> #5
Point ("Point") -> #4
Point ("Point") -> #4
x ("x") -> #0
y ("y") -> #0
p ("p") -> #2
x ("x") -> #0
y ("y") -> #0
p ("p") -> #2
M2 ("M2") -> #2
p2 ("p2") -> #2
Origin ("Origin") -> #0
x ("x") -> #0
y ("y") -> #0
p2 ("p2") -> #2
M2 ("M2") -> #2
M3 ("M3") -> #2
Utils ("Utils") -> #7
Point ("Point") -> #8
x ("x") -> #0
y ("y") -> #0
Utils ("Utils") -> #7
