Top level: #2
Unresolved: #1
complete ("complete") -> #2
iter ("iter") -> #2
iterResult ("iterResult") -> #2
str ("str") -> #2
g ("g") -> #2
str ("str") -> #2
complete ("complete") -> #2
iter ("iter") -> #2
g ("g") -> #2
assert ("assert") -> #1
complete ("complete") -> #2
assert ("assert") -> #1
str ("str") -> #2
undefined ("undefined") -> #1
iterResult ("iterResult") -> #2
iter ("iter") -> #2
assert ("assert") -> #1
complete ("complete") -> #2
assert ("assert") -> #1
str ("str") -> #2
undefined ("undefined") -> #1
assert ("assert") -> #1
iterResult ("iterResult") -> #2
assert ("assert") -> #1
iterResult ("iterResult") -> #2
undefined ("undefined") -> #1
iterResult ("iterResult") -> #2
iter ("iter") -> #2
assert ("assert") -> #1
str ("str") -> #2
assert ("assert") -> #1
complete ("complete") -> #2
assert ("assert") -> #1
iterResult ("iterResult") -> #2
assert ("assert") -> #1
iterResult ("iterResult") -> #2
undefined ("undefined") -> #1
