Top level: #2
Unresolved: #1
iter ("iter") -> #2
result ("result") -> #2
g1 ("g1") -> #2
g2 ("g2") -> #2
g3 ("g3") -> #2
g4 ("g4") -> #2
g5 ("g5") -> #2
iter ("iter") -> #2
g1 ("g1") -> #2
result ("result") -> #2
iter ("iter") -> #2
assert ("assert") -> #1
result ("result") -> #2
undefined ("undefined") -> #1
assert ("assert") -> #1
result ("result") -> #2
result ("result") -> #2
iter ("iter") -> #2
assert ("assert") -> #1
result ("result") -> #2
undefined ("undefined") -> #1
assert ("assert") -> #1
result ("result") -> #2
iter ("iter") -> #2
g2 ("g2") -> #2
result ("result") -> #2
iter ("iter") -> #2
assert ("assert") -> #1
result ("result") -> #2
undefined ("undefined") -> #1
assert ("assert") -> #1
result ("result") -> #2
result ("result") -> #2
iter ("iter") -> #2
assert ("assert") -> #1
result ("result") -> #2
undefined ("undefined") -> #1
assert ("assert") -> #1
result ("result") -> #2
iter ("iter") -> #2
g3 ("g3") -> #2
result ("result") -> #2
iter ("iter") -> #2
assert ("assert") -> #1
result ("result") -> #2
undefined ("undefined") -> #1
assert ("assert") -> #1
result ("result") -> #2
result ("result") -> #2
iter ("iter") -> #2
assert ("assert") -> #1
result ("result") -> #2
undefined ("undefined") -> #1
assert ("assert") -> #1
result ("result") -> #2
iter ("iter") -> #2
g4 ("g4") -> #2
result ("result") -> #2
iter ("iter") -> #2
assert ("assert") -> #1
result ("result") -> #2
undefined ("undefined") -> #1
assert ("assert") -> #1
result ("result") -> #2
result ("result") -> #2
iter ("iter") -> #2
assert ("assert") -> #1
result ("result") -> #2
undefined ("undefined") -> #1
assert ("assert") -> #1
result ("result") -> #2
result ("result") -> #2
iter ("iter") -> #2
assert ("assert") -> #1
result ("result") -> #2
undefined ("undefined") -> #1
assert ("assert") -> #1
result ("result") -> #2
iter ("iter") -> #2
g5 ("g5") -> #2
result ("result") -> #2
iter ("iter") -> #2
assert ("assert") -> #1
result ("result") -> #2
undefined ("undefined") -> #1
assert ("assert") -> #1
result ("result") -> #2
result ("result") -> #2
iter ("iter") -> #2
assert ("assert") -> #1
result ("result") -> #2
undefined ("undefined") -> #1
assert ("assert") -> #1
result ("result") -> #2
result ("result") -> #2
iter ("iter") -> #2
assert ("assert") -> #1
result ("result") -> #2
undefined ("undefined") -> #1
assert ("assert") -> #1
result ("result") -> #2
