Top level: ScopeId(2)
Unresolved: ScopeId(1)
badIter ("badIter") -> ScopeId(2)
throwCount ("throwCount") -> ScopeId(2)
returnCount ("returnCount") -> ScopeId(2)
hitNextStatement ("hitNextStatement") -> ScopeId(2)
hitCatch ("hitCatch") -> ScopeId(2)
hitFinally ("hitFinally") -> ScopeId(2)
spyResult ("spyResult") -> ScopeId(2)
Object ("Object") -> ScopeId(1)
spyResult ("spyResult") -> ScopeId(2)
throwCount ("throwCount") -> ScopeId(2)
Object ("Object") -> ScopeId(1)
spyResult ("spyResult") -> ScopeId(2)
returnCount ("returnCount") -> ScopeId(2)
badIter ("badIter") -> ScopeId(2)
Symbol ("Symbol") -> ScopeId(1)
spyResult ("spyResult") -> ScopeId(2)
g ("g") -> ScopeId(2)
badIter ("badIter") -> ScopeId(2)
hitNextStatement ("hitNextStatement") -> ScopeId(2)
_ ("_") -> ScopeId(14)
hitCatch ("hitCatch") -> ScopeId(2)
hitFinally ("hitFinally") -> ScopeId(2)
iter ("iter") -> ScopeId(2)
g ("g") -> ScopeId(2)
iter ("iter") -> ScopeId(2)
iter ("iter") -> ScopeId(2)
assert ("assert") -> ScopeId(1)
throwCount ("throwCount") -> ScopeId(2)
assert ("assert") -> ScopeId(1)
returnCount ("returnCount") -> ScopeId(2)
assert ("assert") -> ScopeId(1)
hitFinally ("hitFinally") -> ScopeId(2)
assert ("assert") -> ScopeId(1)
hitNextStatement ("hitNextStatement") -> ScopeId(2)
assert ("assert") -> ScopeId(1)
hitCatch ("hitCatch") -> ScopeId(2)
