Top level: #2
Unresolved: #1
quickIter ("quickIter") -> #2
exprValue ("exprValue") -> #2
nextReceived ("nextReceived") -> #2
done ("done") -> #2
iter ("iter") -> #2
quickIter ("quickIter") -> #2
Symbol ("Symbol") -> #1
x ("x") -> #4
nextReceived ("nextReceived") -> #2
x ("x") -> #4
done ("done") -> #2
g ("g") -> #2
exprValue ("exprValue") -> #2
quickIter ("quickIter") -> #2
done ("done") -> #2
iter ("iter") -> #2
g ("g") -> #2
iter ("iter") -> #2
assert ("assert") -> #1
nextReceived ("nextReceived") -> #2
undefined ("undefined") -> #1
assert ("assert") -> #1
exprValue ("exprValue") -> #2
done ("done") -> #2
exprValue ("exprValue") -> #2
iter ("iter") -> #2
g ("g") -> #2
iter ("iter") -> #2
done ("done") -> #2
iter ("iter") -> #2
assert ("assert") -> #1
nextReceived ("nextReceived") -> #2
assert ("assert") -> #1
exprValue ("exprValue") -> #2
