Top level: #2
Unresolved: #1
Correct ("Correct") -> #2
code ("code") -> #0
property ("property") -> #0
err ("err") -> #0
Err ("Err") -> #2
err ("err") -> #0
SomeReturnType ("SomeReturnType") -> #2
Correct ("Correct") -> #2
Err ("Err") -> #2
example ("example") -> #2
SomeReturnType ("SomeReturnType") -> #2
SomeReturnType ("SomeReturnType") -> #2
example ("example") -> #2
undefined ("undefined") -> #1
example ("example") -> #2
