Top level: #2
Unresolved: #1
numOrDate ("numOrDate") -> #2
Date ("Date") -> #1
anyVar ("anyVar") -> #2
unionOfDifferentReturnType ("unionOfDifferentReturnType") -> #2
a ("a") -> #1
a ("a") -> #1
Date ("Date") -> #1
numOrDate ("numOrDate") -> #2
unionOfDifferentReturnType ("unionOfDifferentReturnType") -> #2
numOrDate ("numOrDate") -> #2
unionOfDifferentReturnType ("unionOfDifferentReturnType") -> #2
unionOfTypesWithAndWithoutStringSignature ("unionOfTypesWithAndWithoutStringSignature") -> #2
a ("a") -> #1
anyVar ("anyVar") -> #2
unionOfTypesWithAndWithoutStringSignature ("unionOfTypesWithAndWithoutStringSignature") -> #2
anyVar ("anyVar") -> #2
unionOfTypesWithAndWithoutStringSignature ("unionOfTypesWithAndWithoutStringSignature") -> #2
unionOfDifferentReturnType1 ("unionOfDifferentReturnType1") -> #2
a ("a") -> #1
a ("a") -> #1
Date ("Date") -> #1
numOrDate ("numOrDate") -> #2
unionOfDifferentReturnType1 ("unionOfDifferentReturnType1") -> #2
numOrDate ("numOrDate") -> #2
unionOfDifferentReturnType1 ("unionOfDifferentReturnType1") -> #2
unionOfTypesWithAndWithoutStringSignature1 ("unionOfTypesWithAndWithoutStringSignature1") -> #2
a ("a") -> #1
anyVar ("anyVar") -> #2
unionOfTypesWithAndWithoutStringSignature1 ("unionOfTypesWithAndWithoutStringSignature1") -> #2
anyVar ("anyVar") -> #2
unionOfTypesWithAndWithoutStringSignature1 ("unionOfTypesWithAndWithoutStringSignature1") -> #2
