Top level: #2
Unresolved: #1
f ("f") -> #2
probeBefore ("probeBefore") -> #2
f ("f") -> #2
setBefore ("setBefore") -> #2
f ("f") -> #2
probeParams ("probeParams") -> #2
setParams ("setParams") -> #2
probeBody ("probeBody") -> #2
setBody ("setBody") -> #2
func ("func") -> #2
f ("f") -> #5
_ ("_") -> #6
probeParams ("probeParams") -> #2
f ("f") -> #5
setParams ("setParams") -> #2
f ("f") -> #5
probeBody ("probeBody") -> #2
f ("f") -> #5
setBody ("setBody") -> #2
f ("f") -> #5
func ("func") -> #2
assert ("assert") -> #1
probeBefore ("probeBefore") -> #2
setBefore ("setBefore") -> #2
assert ("assert") -> #1
probeBefore ("probeBefore") -> #2
assert ("assert") -> #1
probeParams ("probeParams") -> #2
func ("func") -> #2
assert ("assert") -> #1
TypeError ("TypeError") -> #1
setParams ("setParams") -> #2
assert ("assert") -> #1
probeParams ("probeParams") -> #2
func ("func") -> #2
assert ("assert") -> #1
probeBody ("probeBody") -> #2
func ("func") -> #2
assert ("assert") -> #1
TypeError ("TypeError") -> #1
setBody ("setBody") -> #2
assert ("assert") -> #1
probeBody ("probeBody") -> #2
func ("func") -> #2
