Top level: #2
Unresolved: #1
count ("count") -> #2
C ("C") -> #2
x ("x") -> #3
c ("c") -> #2
C ("C") -> #2
asyncFn ("asyncFn") -> #2
c ("c") -> #2
c ("c") -> #2
asyncFn ("asyncFn") -> #2
retFn ("retFn") -> #5
count ("count") -> #2
retFn ("retFn") -> #5
result ("result") -> #6
assert ("assert") -> #1
result ("result") -> #6
undefined ("undefined") -> #1
assert ("assert") -> #1
count ("count") -> #2
$DONE ("$DONE") -> #1
$DONE ("$DONE") -> #1
