Top level: #2
Unresolved: #1
A ("A") -> #2
fn ("fn") -> #3
s ("s") -> #4
fng ("fng") -> #3
s ("s") -> #5
T ("T") -> #5
T ("T") -> #5
U ("U") -> #5
U ("U") -> #5
fn2 ("fn2") -> #3
s ("s") -> #6
fng2 ("fng2") -> #3
s ("s") -> #7
T ("T") -> #7
T ("T") -> #7
U ("U") -> #7
U ("U") -> #7
fn ("fn") -> #2
s ("s") -> #1
fn ("fn") -> #2
A ("A") -> #2
fng ("fng") -> #2
s ("s") -> #8
T ("T") -> #8
T ("T") -> #8
U ("U") -> #8
U ("U") -> #8
fng ("fng") -> #2
A ("A") -> #2
fn2 ("fn2") -> #2
A ("A") -> #2
fng2 ("fng2") -> #2
A ("A") -> #2
