Top level: #2
Unresolved: #1
allowInAnd ("allowInAnd") -> #2
callback ("callback") -> #3
flags ("flags") -> #3
prodParamToSet ("prodParamToSet") -> #3
ParamKind ("ParamKind") -> #1
flags ("flags") -> #3
prodParamToSet ("prodParamToSet") -> #3
flags ("flags") -> #3
ParamKind ("ParamKind") -> #1
callback ("callback") -> #3
callback ("callback") -> #3
