Top level: #2
Unresolved: #1
C ("C") -> #2
C ("C") -> #3
assert ("assert") -> #1
C ("C") -> #2
assert ("assert") -> #1
Object ("Object") -> #1
C ("C") -> #2
Object ("Object") -> #1
assert ("assert") -> #1
Object ("Object") -> #1
C ("C") -> #2
Function ("Function") -> #1
assert ("assert") -> #1
C ("C") -> #2
D ("D") -> #2
assert ("assert") -> #1
D ("D") -> #2
assert ("assert") -> #1
Object ("Object") -> #1
D ("D") -> #2
Object ("Object") -> #1
assert ("assert") -> #1
Object ("Object") -> #1
D ("D") -> #2
Function ("Function") -> #1
assert ("assert") -> #1
D ("D") -> #2
D2 ("D2") -> #2
assert ("assert") -> #1
D2 ("D2") -> #2
E ("E") -> #2
assert ("assert") -> #1
E ("E") -> #2
F ("F") -> #2
assert ("assert") -> #1
F ("F") -> #2
