Top level: ScopeId(2)
Unresolved: ScopeId(1)
namedSym ("namedSym") -> ScopeId(2)
Symbol ("Symbol") -> ScopeId(1)
anonSym ("anonSym") -> ScopeId(2)
Symbol ("Symbol") -> ScopeId(1)
setter ("setter") -> ScopeId(2)
A ("A") -> ScopeId(2)
_ ("_") -> ScopeId(4)
anonSym ("anonSym") -> ScopeId(2)
_ ("_") -> ScopeId(5)
namedSym ("namedSym") -> ScopeId(2)
_ ("_") -> ScopeId(6)
_ ("_") -> ScopeId(7)
anonSym ("anonSym") -> ScopeId(2)
_ ("_") -> ScopeId(8)
namedSym ("namedSym") -> ScopeId(2)
_ ("_") -> ScopeId(9)
setter ("setter") -> ScopeId(2)
Object ("Object") -> ScopeId(1)
A ("A") -> ScopeId(2)
verifyProperty ("verifyProperty") -> ScopeId(1)
setter ("setter") -> ScopeId(2)
setter ("setter") -> ScopeId(2)
Object ("Object") -> ScopeId(1)
A ("A") -> ScopeId(2)
anonSym ("anonSym") -> ScopeId(2)
verifyProperty ("verifyProperty") -> ScopeId(1)
setter ("setter") -> ScopeId(2)
setter ("setter") -> ScopeId(2)
Object ("Object") -> ScopeId(1)
A ("A") -> ScopeId(2)
namedSym ("namedSym") -> ScopeId(2)
verifyProperty ("verifyProperty") -> ScopeId(1)
setter ("setter") -> ScopeId(2)
setter ("setter") -> ScopeId(2)
Object ("Object") -> ScopeId(1)
A ("A") -> ScopeId(2)
verifyProperty ("verifyProperty") -> ScopeId(1)
setter ("setter") -> ScopeId(2)
setter ("setter") -> ScopeId(2)
Object ("Object") -> ScopeId(1)
A ("A") -> ScopeId(2)
anonSym ("anonSym") -> ScopeId(2)
verifyProperty ("verifyProperty") -> ScopeId(1)
setter ("setter") -> ScopeId(2)
setter ("setter") -> ScopeId(2)
Object ("Object") -> ScopeId(1)
A ("A") -> ScopeId(2)
namedSym ("namedSym") -> ScopeId(2)
verifyProperty ("verifyProperty") -> ScopeId(1)
setter ("setter") -> ScopeId(2)
