Top level: ScopeId(2)
Unresolved: ScopeId(1)
Class ("Class") -> ScopeId(2)
x ("x") -> ScopeId(6)
instance ("instance") -> ScopeId(2)
Class ("Class") -> ScopeId(2)
accessor ("accessor") -> ScopeId(2)
Object ("Object") -> ScopeId(1)
Class ("Class") -> ScopeId(2)
assert ("assert") -> ScopeId(1)
instance ("instance") -> ScopeId(2)
assert ("assert") -> ScopeId(1)
instance ("instance") -> ScopeId(2)
assert ("assert") -> ScopeId(1)
accessor ("accessor") -> ScopeId(2)
assert ("assert") -> ScopeId(1)
accessor ("accessor") -> ScopeId(2)
assert ("assert") -> ScopeId(1)
accessor ("accessor") -> ScopeId(2)
assert ("assert") -> ScopeId(1)
accessor ("accessor") -> ScopeId(2)
assert ("assert") -> ScopeId(1)
TypeError ("TypeError") -> ScopeId(1)
instance ("instance") -> ScopeId(2)
assert ("assert") -> ScopeId(1)
TypeError ("TypeError") -> ScopeId(1)
instance ("instance") -> ScopeId(2)
assert ("assert") -> ScopeId(1)
TypeError ("TypeError") -> ScopeId(1)
instance ("instance") -> ScopeId(2)
assert ("assert") -> ScopeId(1)
TypeError ("TypeError") -> ScopeId(1)
instance ("instance") -> ScopeId(2)
assert ("assert") -> ScopeId(1)
TypeError ("TypeError") -> ScopeId(1)
accessor ("accessor") -> ScopeId(2)
assert ("assert") -> ScopeId(1)
TypeError ("TypeError") -> ScopeId(1)
accessor ("accessor") -> ScopeId(2)
assert ("assert") -> ScopeId(1)
TypeError ("TypeError") -> ScopeId(1)
accessor ("accessor") -> ScopeId(2)
assert ("assert") -> ScopeId(1)
TypeError ("TypeError") -> ScopeId(1)
accessor ("accessor") -> ScopeId(2)
assert ("assert") -> ScopeId(1)
TypeError ("TypeError") -> ScopeId(1)
accessor ("accessor") -> ScopeId(2)
assert ("assert") -> ScopeId(1)
TypeError ("TypeError") -> ScopeId(1)
accessor ("accessor") -> ScopeId(2)
assert ("assert") -> ScopeId(1)
TypeError ("TypeError") -> ScopeId(1)
accessor ("accessor") -> ScopeId(2)
assert ("assert") -> ScopeId(1)
TypeError ("TypeError") -> ScopeId(1)
accessor ("accessor") -> ScopeId(2)
