Top level: #2
Unresolved: #1
Base ("Base") -> #2
x ("x") -> #3
x ("x") -> #3
Subclass ("Subclass") -> #2
x ("x") -> #4
x ("x") -> #4
Base ("Base") -> #2
s ("s") -> #2
Subclass ("Subclass") -> #2
assert ("assert") -> #1
s ("s") -> #2
assert ("assert") -> #1
Object ("Object") -> #1
s ("s") -> #2
Subclass ("Subclass") -> #2
s1 ("s1") -> #2
Subclass ("Subclass") -> #2
assert ("assert") -> #1
s1 ("s1") -> #2
assert ("assert") -> #1
Object ("Object") -> #1
s1 ("s1") -> #2
Subclass ("Subclass") -> #2
s2 ("s2") -> #2
Subclass ("Subclass") -> #2
assert ("assert") -> #1
s2 ("s2") -> #2
undefined ("undefined") -> #1
assert ("assert") -> #1
Object ("Object") -> #1
s2 ("s2") -> #2
Subclass ("Subclass") -> #2
assert ("assert") -> #1
TypeError ("TypeError") -> #1
Subclass ("Subclass") -> #2
assert ("assert") -> #1
TypeError ("TypeError") -> #1
Subclass ("Subclass") -> #2
Subclass2 ("Subclass2") -> #2
Subclass ("Subclass") -> #2
ss2 ("ss2") -> #2
Subclass2 ("Subclass2") -> #2
assert ("assert") -> #1
ss2 ("ss2") -> #2
assert ("assert") -> #1
Object ("Object") -> #1
ss2 ("ss2") -> #2
Subclass2 ("Subclass2") -> #2
Subclass3 ("Subclass3") -> #2
x ("x") -> #8
y ("y") -> #8
x ("x") -> #8
y ("y") -> #8
Base ("Base") -> #2
ss3 ("ss3") -> #2
Subclass3 ("Subclass3") -> #2
assert ("assert") -> #1
ss3 ("ss3") -> #2
assert ("assert") -> #1
Object ("Object") -> #1
ss3 ("ss3") -> #2
Subclass3 ("Subclass3") -> #2
