Top level: #2
Unresolved: #1
React ("React") -> #2
IUser ("IUser") -> #2
Name ("Name") -> #0
IFetchUserProps ("IFetchUserProps") -> #2
children ("children") -> #0
user ("user") -> #1
IUser ("IUser") -> #2
JSX ("JSX") -> #1
FetchUser ("FetchUser") -> #2
React ("React") -> #2
IFetchUserProps ("IFetchUserProps") -> #2
UserName ("UserName") -> #2
FetchUser ("FetchUser") -> #2
user ("user") -> #5
h1 ("h1") -> #1
user ("user") -> #5
h1 ("h1") -> #1
FetchUser ("FetchUser") -> #2
UserName1 ("UserName1") -> #2
FetchUser ("FetchUser") -> #2
user ("user") -> #7
h1 ("h1") -> #1
user ("user") -> #7
h1 ("h1") -> #1
user ("user") -> #8
h1 ("h1") -> #1
user ("user") -> #8
h1 ("h1") -> #1
FetchUser ("FetchUser") -> #2
