Top level: #2
Unresolved: #1
React ("React") -> #2
k1 ("k1") -> #2
div ("div") -> #1
h2 ("h2") -> #1
h2 ("h2") -> #1
h1 ("h1") -> #1
h1 ("h1") -> #1
div ("div") -> #1
k2 ("k2") -> #2
div ("div") -> #1
h2 ("h2") -> #1
h2 ("h2") -> #1
user ("user") -> #3
h2 ("h2") -> #1
user ("user") -> #3
h2 ("h2") -> #1
div ("div") -> #1
k3 ("k3") -> #2
div ("div") -> #1
div ("div") -> #1
