Top level: #2
Unresolved: #1
a1 ("a1") -> #2
div ("div") -> #1
a2 ("a2") -> #2
img ("img") -> #1
thing ("thing") -> #2
a3 ("a3") -> #2
div ("div") -> #1
thing ("thing") -> #2
e1 ("e1") -> #2
imag ("imag") -> #1
MyClass ("MyClass") -> #2
pt ("pt") -> #0
x ("x") -> #0
y ("y") -> #0
name ("name") -> #0
reqd ("reqd") -> #0
b1 ("b1") -> #2
MyClass ("MyClass") -> #2
b2 ("b2") -> #2
MyClass ("MyClass") -> #2
