Top level: #2
Unresolved: #1
React ("React") -> #2
Prop ("Prop") -> #2
a ("a") -> #0
b ("b") -> #0
MyComp ("MyComp") -> #2
P ("P") -> #3
React ("React") -> #2
P ("P") -> #3
P ("P") -> #3
x ("x") -> #2
MyComp ("MyComp") -> #2
Prop ("Prop") -> #2
x ("x") -> #2
MyComp ("MyComp") -> #2
Prop ("Prop") -> #2
MyComp ("MyComp") -> #2
x ("x") -> #2
MyComp ("MyComp") -> #2
Prop ("Prop") -> #2
x ("x") -> #2
MyComp ("MyComp") -> #2
Prop ("Prop") -> #2
MyComp ("MyComp") -> #2
x ("x") -> #2
MyComp ("MyComp") -> #2
Prop ("Prop") -> #2
Prop ("Prop") -> #2
x ("x") -> #2
MyComp ("MyComp") -> #2
Prop ("Prop") -> #2
Prop ("Prop") -> #2
MyComp ("MyComp") -> #2
x ("x") -> #2
MyComp ("MyComp") -> #2
x ("x") -> #2
MyComp ("MyComp") -> #2
MyComp ("MyComp") -> #2
x ("x") -> #2
MyComp ("MyComp") -> #2
x ("x") -> #2
MyComp ("MyComp") -> #2
MyComp ("MyComp") -> #2
MyComp2 ("MyComp2") -> #2
P ("P") -> #4
P2 ("P2") -> #4
React ("React") -> #2
P ("P") -> #4
a ("a") -> #0
P2 ("P2") -> #4
P ("P") -> #4
P2 ("P2") -> #4
x ("x") -> #2
MyComp2 ("MyComp2") -> #2
a ("a") -> #0
b ("b") -> #0
x ("x") -> #2
MyComp2 ("MyComp2") -> #2
a ("a") -> #0
b ("b") -> #0
MyComp2 ("MyComp2") -> #2
x ("x") -> #2
MyComp2 ("MyComp2") -> #2
Prop ("Prop") -> #2
x ("x") -> #2
MyComp2 ("MyComp2") -> #2
Prop ("Prop") -> #2
MyComp2 ("MyComp2") -> #2
x ("x") -> #2
MyComp2 ("MyComp2") -> #2
a ("a") -> #0
b ("b") -> #0
x ("x") -> #2
MyComp2 ("MyComp2") -> #2
a ("a") -> #0
b ("b") -> #0
MyComp2 ("MyComp2") -> #2
x ("x") -> #2
MyComp2 ("MyComp2") -> #2
a ("a") -> #0
b ("b") -> #0
Prop ("Prop") -> #2
x ("x") -> #2
MyComp2 ("MyComp2") -> #2
a ("a") -> #0
b ("b") -> #0
Prop ("Prop") -> #2
MyComp2 ("MyComp2") -> #2
x ("x") -> #2
MyComp2 ("MyComp2") -> #2
a ("a") -> #0
b ("b") -> #0
x ("x") -> #2
MyComp2 ("MyComp2") -> #2
a ("a") -> #0
b ("b") -> #0
MyComp2 ("MyComp2") -> #2
