Top level: ScopeId(2)
Unresolved: ScopeId(1)
CreateRab ("CreateRab") -> ScopeId(2)
buffer_byte_length ("buffer_byte_length") -> ScopeId(3)
ctor ("ctor") -> ScopeId(3)
rab ("rab") -> ScopeId(3)
CreateResizableArrayBuffer ("CreateResizableArrayBuffer") -> ScopeId(1)
buffer_byte_length ("buffer_byte_length") -> ScopeId(3)
buffer_byte_length ("buffer_byte_length") -> ScopeId(3)
ta_write ("ta_write") -> ScopeId(3)
ctor ("ctor") -> ScopeId(3)
rab ("rab") -> ScopeId(3)
i ("i") -> ScopeId(4)
i ("i") -> ScopeId(4)
buffer_byte_length ("buffer_byte_length") -> ScopeId(3)
ctor ("ctor") -> ScopeId(3)
i ("i") -> ScopeId(4)
ta_write ("ta_write") -> ScopeId(3)
i ("i") -> ScopeId(4)
MayNeedBigInt ("MayNeedBigInt") -> ScopeId(1)
ta_write ("ta_write") -> ScopeId(3)
i ("i") -> ScopeId(4)
rab ("rab") -> ScopeId(3)
ctor ("ctor") -> ScopeId(6)
ctors ("ctors") -> ScopeId(1)
no_elements ("no_elements") -> ScopeId(7)
offset ("offset") -> ScopeId(7)
buffer_byte_length ("buffer_byte_length") -> ScopeId(7)
no_elements ("no_elements") -> ScopeId(7)
ctor ("ctor") -> ScopeId(6)
byte_offset ("byte_offset") -> ScopeId(7)
offset ("offset") -> ScopeId(7)
ctor ("ctor") -> ScopeId(6)
rab ("rab") -> ScopeId(7)
CreateRab ("CreateRab") -> ScopeId(2)
buffer_byte_length ("buffer_byte_length") -> ScopeId(7)
ctor ("ctor") -> ScopeId(6)
ta1 ("ta1") -> ScopeId(7)
ctor ("ctor") -> ScopeId(6)
rab ("rab") -> ScopeId(7)
TestIterationAndResize ("TestIterationAndResize") -> ScopeId(1)
ta1 ("ta1") -> ScopeId(7)
rab ("rab") -> ScopeId(7)
buffer_byte_length ("buffer_byte_length") -> ScopeId(7)
rab ("rab") -> ScopeId(7)
CreateRab ("CreateRab") -> ScopeId(2)
buffer_byte_length ("buffer_byte_length") -> ScopeId(7)
ctor ("ctor") -> ScopeId(6)
ta2 ("ta2") -> ScopeId(7)
ctor ("ctor") -> ScopeId(6)
rab ("rab") -> ScopeId(7)
assert ("assert") -> ScopeId(1)
TypeError ("TypeError") -> ScopeId(1)
TestIterationAndResize ("TestIterationAndResize") -> ScopeId(1)
ta2 ("ta2") -> ScopeId(7)
rab ("rab") -> ScopeId(7)
rab ("rab") -> ScopeId(7)
CreateRab ("CreateRab") -> ScopeId(2)
buffer_byte_length ("buffer_byte_length") -> ScopeId(7)
ctor ("ctor") -> ScopeId(6)
ta_with_offset1 ("ta_with_offset1") -> ScopeId(7)
ctor ("ctor") -> ScopeId(6)
rab ("rab") -> ScopeId(7)
byte_offset ("byte_offset") -> ScopeId(7)
TestIterationAndResize ("TestIterationAndResize") -> ScopeId(1)
ta_with_offset1 ("ta_with_offset1") -> ScopeId(7)
rab ("rab") -> ScopeId(7)
buffer_byte_length ("buffer_byte_length") -> ScopeId(7)
rab ("rab") -> ScopeId(7)
CreateRab ("CreateRab") -> ScopeId(2)
buffer_byte_length ("buffer_byte_length") -> ScopeId(7)
ctor ("ctor") -> ScopeId(6)
ta_with_offset2 ("ta_with_offset2") -> ScopeId(7)
ctor ("ctor") -> ScopeId(6)
rab ("rab") -> ScopeId(7)
byte_offset ("byte_offset") -> ScopeId(7)
assert ("assert") -> ScopeId(1)
TypeError ("TypeError") -> ScopeId(1)
TestIterationAndResize ("TestIterationAndResize") -> ScopeId(1)
ta_with_offset2 ("ta_with_offset2") -> ScopeId(7)
rab ("rab") -> ScopeId(7)
rab ("rab") -> ScopeId(7)
CreateRab ("CreateRab") -> ScopeId(2)
buffer_byte_length ("buffer_byte_length") -> ScopeId(7)
ctor ("ctor") -> ScopeId(6)
length_tracking_ta ("length_tracking_ta") -> ScopeId(7)
ctor ("ctor") -> ScopeId(6)
rab ("rab") -> ScopeId(7)
TestIterationAndResize ("TestIterationAndResize") -> ScopeId(1)
length_tracking_ta ("length_tracking_ta") -> ScopeId(7)
rab ("rab") -> ScopeId(7)
buffer_byte_length ("buffer_byte_length") -> ScopeId(7)
rab ("rab") -> ScopeId(7)
CreateRab ("CreateRab") -> ScopeId(2)
buffer_byte_length ("buffer_byte_length") -> ScopeId(7)
ctor ("ctor") -> ScopeId(6)
length_tracking_ta_with_offset ("length_tracking_ta_with_offset") -> ScopeId(7)
ctor ("ctor") -> ScopeId(6)
rab ("rab") -> ScopeId(7)
byte_offset ("byte_offset") -> ScopeId(7)
assert ("assert") -> ScopeId(1)
TypeError ("TypeError") -> ScopeId(1)
TestIterationAndResize ("TestIterationAndResize") -> ScopeId(1)
length_tracking_ta_with_offset ("length_tracking_ta_with_offset") -> ScopeId(7)
rab ("rab") -> ScopeId(7)
byte_offset ("byte_offset") -> ScopeId(7)
rab ("rab") -> ScopeId(7)
CreateRab ("CreateRab") -> ScopeId(2)
buffer_byte_length ("buffer_byte_length") -> ScopeId(7)
ctor ("ctor") -> ScopeId(6)
length_tracking_ta_with_offset2 ("length_tracking_ta_with_offset2") -> ScopeId(7)
ctor ("ctor") -> ScopeId(6)
rab ("rab") -> ScopeId(7)
byte_offset ("byte_offset") -> ScopeId(7)
TestIterationAndResize ("TestIterationAndResize") -> ScopeId(1)
length_tracking_ta_with_offset2 ("length_tracking_ta_with_offset2") -> ScopeId(7)
rab ("rab") -> ScopeId(7)
byte_offset ("byte_offset") -> ScopeId(7)
