Top level: #2
Unresolved: #1
CreateRab ("CreateRab") -> #2
buffer_byte_length ("buffer_byte_length") -> #3
ctor ("ctor") -> #3
rab ("rab") -> #3
CreateResizableArrayBuffer ("CreateResizableArrayBuffer") -> #1
buffer_byte_length ("buffer_byte_length") -> #3
buffer_byte_length ("buffer_byte_length") -> #3
ta_write ("ta_write") -> #3
ctor ("ctor") -> #3
rab ("rab") -> #3
i ("i") -> #4
i ("i") -> #4
buffer_byte_length ("buffer_byte_length") -> #3
ctor ("ctor") -> #3
i ("i") -> #4
ta_write ("ta_write") -> #3
i ("i") -> #4
MayNeedBigInt ("MayNeedBigInt") -> #1
ta_write ("ta_write") -> #3
i ("i") -> #4
rab ("rab") -> #3
ctor ("ctor") -> #6
ctors ("ctors") -> #1
no_elements ("no_elements") -> #7
offset ("offset") -> #7
buffer_byte_length ("buffer_byte_length") -> #7
no_elements ("no_elements") -> #7
ctor ("ctor") -> #6
byte_offset ("byte_offset") -> #7
offset ("offset") -> #7
ctor ("ctor") -> #6
rab ("rab") -> #7
CreateRab ("CreateRab") -> #2
buffer_byte_length ("buffer_byte_length") -> #7
ctor ("ctor") -> #6
ta ("ta") -> #7
ctor ("ctor") -> #6
rab ("rab") -> #7
TestIterationAndResize ("TestIterationAndResize") -> #1
ta ("ta") -> #7
rab ("rab") -> #7
buffer_byte_length ("buffer_byte_length") -> #7
rab ("rab") -> #7
CreateRab ("CreateRab") -> #2
buffer_byte_length ("buffer_byte_length") -> #7
ctor ("ctor") -> #6
ta_with_offset ("ta_with_offset") -> #7
ctor ("ctor") -> #6
rab ("rab") -> #7
byte_offset ("byte_offset") -> #7
TestIterationAndResize ("TestIterationAndResize") -> #1
ta_with_offset ("ta_with_offset") -> #7
rab ("rab") -> #7
buffer_byte_length ("buffer_byte_length") -> #7
rab ("rab") -> #7
CreateRab ("CreateRab") -> #2
buffer_byte_length ("buffer_byte_length") -> #7
ctor ("ctor") -> #6
length_tracking_ta ("length_tracking_ta") -> #7
ctor ("ctor") -> #6
rab ("rab") -> #7
expected ("expected") -> #8
i ("i") -> #9
i ("i") -> #9
no_elements ("no_elements") -> #7
i ("i") -> #9
expected ("expected") -> #8
i ("i") -> #9
i ("i") -> #11
i ("i") -> #11
no_elements ("no_elements") -> #7
i ("i") -> #11
expected ("expected") -> #8
TestIterationAndResize ("TestIterationAndResize") -> #1
length_tracking_ta ("length_tracking_ta") -> #7
expected ("expected") -> #8
rab ("rab") -> #7
buffer_byte_length ("buffer_byte_length") -> #7
rab ("rab") -> #7
CreateRab ("CreateRab") -> #2
buffer_byte_length ("buffer_byte_length") -> #7
ctor ("ctor") -> #6
length_tracking_ta_with_offset ("length_tracking_ta_with_offset") -> #7
ctor ("ctor") -> #6
rab ("rab") -> #7
byte_offset ("byte_offset") -> #7
expected ("expected") -> #13
i ("i") -> #14
offset ("offset") -> #7
i ("i") -> #14
no_elements ("no_elements") -> #7
i ("i") -> #14
expected ("expected") -> #13
i ("i") -> #14
i ("i") -> #16
i ("i") -> #16
no_elements ("no_elements") -> #7
i ("i") -> #16
expected ("expected") -> #13
TestIterationAndResize ("TestIterationAndResize") -> #1
length_tracking_ta_with_offset ("length_tracking_ta_with_offset") -> #7
expected ("expected") -> #13
rab ("rab") -> #7
buffer_byte_length ("buffer_byte_length") -> #7
