Top level: #2
Unresolved: #1
F ("F") -> #2
Class ("Class") -> #2
F ("F") -> #2
SubClass ("SubClass") -> #2
Class ("Class") -> #2
D ("D") -> #2
F ("F") -> #2
SubD ("SubD") -> #2
D ("D") -> #2
d0 ("d0") -> #2
x ("x") -> #7
Class ("Class") -> #2
T ("T") -> #7
Class ("Class") -> #2
d1 ("d1") -> #2
x ("x") -> #8
x ("x") -> #0
F ("F") -> #2
T ("T") -> #8
F ("F") -> #2
d2 ("d2") -> #2
x ("x") -> #9
x ("x") -> #0
Class ("Class") -> #2
T ("T") -> #9
Class ("Class") -> #2
d3 ("d3") -> #2
y ("y") -> #10
y ("y") -> #0
D ("D") -> #2
T ("T") -> #10
D ("D") -> #2
d4 ("d4") -> #2
y ("y") -> #11
D ("D") -> #2
T ("T") -> #11
D ("D") -> #2
obj ("obj") -> #2
Class ("Class") -> #2
d0 ("d0") -> #2
d0 ("d0") -> #2
d0 ("d0") -> #2
d1 ("d1") -> #2
Class ("Class") -> #2
d1 ("d1") -> #2
d1 ("d1") -> #2
d2 ("d2") -> #2
SubClass ("SubClass") -> #2
d2 ("d2") -> #2
d3 ("d3") -> #2
SubD ("SubD") -> #2
d3 ("d3") -> #2
SubClass ("SubClass") -> #2
d3 ("d3") -> #2
Class ("Class") -> #2
d3 ("d3") -> #2
d3 ("d3") -> #2
d3 ("d3") -> #2
