Top level: ScopeId(2)
Unresolved: ScopeId(1)
implements ("implements") -> ScopeId(2)
impl\u0065ments ("impl\\u0065ments") -> ScopeId(2)
implements ("implements") -> ScopeId(3)
impl\u0065ments ("impl\\u0065ments") -> ScopeId(4)
implements ("implements") -> ScopeId(5)
impl\u0065ments ("impl\\u0065ments") -> ScopeId(6)
