Top level: #2
Unresolved: #1
fn ("fn") -> #2
x ("x") -> #3
x ("x") -> #3
x ("x") -> #4
T ("T") -> #4
x ("x") -> #4
T ("T") -> #4
y ("y") -> #2
y ("y") -> #2
y ("y") -> #2
y ("y") -> #2
z ("z") -> #2
z ("z") -> #2
z ("z") -> #2
i ("i") -> #2
i ("i") -> #2
idx ("idx") -> #2
idx ("idx") -> #2
j ("j") -> #2
j ("j") -> #2
j ("j") -> #2
C ("C") -> #2
T ("T") -> #11
T ("T") -> #11
aa ("aa") -> #2
