Top level: #2
Unresolved: #1
E ("E") -> #2
Val ("Val") -> #0
Val2 ("Val2") -> #0
test1 ("test1") -> #2
create ("create") -> #3
T ("T") -> #3
T ("T") -> #3
T ("T") -> #3
result1 ("result1") -> #2
test1 ("test1") -> #2
result2 ("result2") -> #2
test1 ("test1") -> #2
Math ("Math") -> #1
result3 ("result3") -> #2
test1 ("test1") -> #2
result4 ("result4") -> #2
test1 ("test1") -> #2
result5 ("result5") -> #2
test1 ("test1") -> #2
result6 ("result6") -> #2
test1 ("test1") -> #2
result7 ("result7") -> #2
test1 ("test1") -> #2
result8 ("result8") -> #2
test1 ("test1") -> #2
E ("E") -> #2
result9 ("result9") -> #2
test1 ("test1") -> #2
result10 ("result10") -> #2
test1 ("test1") -> #2
Math ("Math") -> #1
result11 ("result11") -> #2
test1 ("test1") -> #2
result12 ("result12") -> #2
test1 ("test1") -> #2
result13 ("result13") -> #2
test1 ("test1") -> #2
result14 ("result14") -> #2
test1 ("test1") -> #2
result15 ("result15") -> #2
test1 ("test1") -> #2
result16 ("result16") -> #2
test1 ("test1") -> #2
E ("E") -> #2
result17 ("result17") -> #2
test1 ("test1") -> #2
result18 ("result18") -> #2
test1 ("test1") -> #2
test2 ("test2") -> #2
create ("create") -> #22
Promise ("Promise") -> #1
T ("T") -> #22
T ("T") -> #22
T ("T") -> #22
result19 ("result19") -> #2
test2 ("test2") -> #2
result20 ("result20") -> #2
test2 ("test2") -> #2
test3 ("test3") -> #2
arg ("arg") -> #25
Generator ("Generator") -> #1
T ("T") -> #25
R ("R") -> #25
T ("T") -> #25
R ("R") -> #25
T ("T") -> #25
R ("R") -> #25
result21 ("result21") -> #2
test3 ("test3") -> #2
test4 ("test4") -> #2
arg ("arg") -> #27
AsyncGenerator ("AsyncGenerator") -> #1
T ("T") -> #27
R ("R") -> #27
T ("T") -> #27
R ("R") -> #27
T ("T") -> #27
R ("R") -> #27
result22 ("result22") -> #2
test4 ("test4") -> #2
UploadThingServerHelper ("UploadThingServerHelper") -> #2
route ("route") -> #29
Route ("Route") -> #29
ValidRoutes ("ValidRoutes") -> #29
middleware ("middleware") -> #0
ValidRoutes ("ValidRoutes") -> #29
Route ("Route") -> #29
onUpload ("onUpload") -> #0
response ("response") -> #1
metadata ("metadata") -> #0
ValidRoutes ("ValidRoutes") -> #29
Route ("Route") -> #29
ValidRoutes ("ValidRoutes") -> #29
FileRouter ("FileRouter") -> #2
UploadThingServerHelper ("UploadThingServerHelper") -> #2
response ("response") -> #31
v ("v") -> #31
response ("response") -> #31
outer1 ("outer1") -> #2
cb ("cb") -> #32
T ("T") -> #32
inner1 ("inner1") -> #32
cb2 ("cb2") -> #33
U ("U") -> #33
cb ("cb") -> #32
cb2 ("cb2") -> #33
U ("U") -> #33
inner1 ("inner1") -> #32
T ("T") -> #32
nestedResult1 ("nestedResult1") -> #2
outer1 ("outer1") -> #2
outer2 ("outer2") -> #2
cb ("cb") -> #36
T ("T") -> #36
inner2 ("inner2") -> #36
cb2 ("cb2") -> #37
U ("U") -> #37
cb ("cb") -> #36
cb2 ("cb2") -> #37
U ("U") -> #37
inner2 ("inner2") -> #36
T ("T") -> #36
nestedResult2 ("nestedResult2") -> #2
outer2 ("outer2") -> #2
outer3 ("outer3") -> #2
cb ("cb") -> #40
T ("T") -> #40
inner3 ("inner3") -> #40
cb2 ("cb2") -> #41
U ("U") -> #41
cb ("cb") -> #40
cb2 ("cb2") -> #41
U ("U") -> #41
inner3 ("inner3") -> #40
T ("T") -> #40
nestedResult3 ("nestedResult3") -> #2
outer3 ("outer3") -> #2
overloaded1 ("overloaded1") -> #2
cb ("cb") -> #44
T ("T") -> #44
T ("T") -> #44
T ("T") -> #44
overloaded1 ("overloaded1") -> #2
cb ("cb") -> #45
T ("T") -> #45
cb2 ("cb2") -> #45
U ("U") -> #45
T ("T") -> #45
U ("U") -> #45
T ("T") -> #45
U ("U") -> #45
overloadA ("overloadA") -> #2
overloaded1 ("overloaded1") -> #2
overloadB ("overloadB") -> #2
overloaded1 ("overloaded1") -> #2
overloaded2 ("overloaded2") -> #2
cb ("cb") -> #49
T ("T") -> #49
T ("T") -> #49
T ("T") -> #49
overloaded2 ("overloaded2") -> #2
cb ("cb") -> #50
T ("T") -> #50
cb2 ("cb2") -> #50
U ("U") -> #50
T ("T") -> #50
U ("U") -> #50
T ("T") -> #50
U ("U") -> #50
overloadC ("overloadC") -> #2
overloaded2 ("overloaded2") -> #2
overloadD ("overloadD") -> #2
overloaded2 ("overloaded2") -> #2
overloaded3 ("overloaded3") -> #2
cb ("cb") -> #54
T ("T") -> #54
T ("T") -> #54
T ("T") -> #54
overloaded3 ("overloaded3") -> #2
cb ("cb") -> #55
T ("T") -> #55
cb2 ("cb2") -> #55
U ("U") -> #55
T ("T") -> #55
U ("U") -> #55
T ("T") -> #55
U ("U") -> #55
overloadE ("overloadE") -> #2
overloaded3 ("overloaded3") -> #2
overloadF ("overloadF") -> #2
overloaded3 ("overloaded3") -> #2
overloaded4 ("overloaded4") -> #2
cb ("cb") -> #59
T ("T") -> #59
T ("T") -> #59
T ("T") -> #59
overloaded4 ("overloaded4") -> #2
cb ("cb") -> #60
T ("T") -> #60
cb2 ("cb2") -> #60
U ("U") -> #60
T ("T") -> #60
U ("U") -> #60
T ("T") -> #60
U ("U") -> #60
overloadG ("overloadG") -> #2
overloaded4 ("overloaded4") -> #2
overloadH ("overloadH") -> #2
overloaded4 ("overloaded4") -> #2
overloaded5 ("overloaded5") -> #2
cb ("cb") -> #64
T ("T") -> #64
T ("T") -> #64
T ("T") -> #64
overloaded5 ("overloaded5") -> #2
cb ("cb") -> #65
T ("T") -> #65
cb2 ("cb2") -> #65
U ("U") -> #65
T ("T") -> #65
U ("U") -> #65
T ("T") -> #65
U ("U") -> #65
overloadI ("overloadI") -> #2
overloaded5 ("overloaded5") -> #2
overloadJ ("overloadJ") -> #2
overloaded5 ("overloaded5") -> #2
