Top level: #2
Unresolved: #1
Base ("Base") -> #2
v ("v") -> #5
v ("v") -> #8
x ("x") -> #9
Derived ("Derived") -> #2
Base ("Base") -> #2
d ("d") -> #2
Derived ("Derived") -> #2
Derived ("Derived") -> #2
r1 ("r1") -> #2
d ("d") -> #2
r2 ("r2") -> #2
d ("d") -> #2
r3 ("r3") -> #2
d ("d") -> #2
d ("d") -> #2
r4 ("r4") -> #2
Derived ("Derived") -> #2
r5 ("r5") -> #2
Derived ("Derived") -> #2
r6 ("r6") -> #2
Derived ("Derived") -> #2
Derived ("Derived") -> #2
Base2 ("Base2") -> #2
x ("x") -> #1
Object ("Object") -> #1
x ("x") -> #1
Date ("Date") -> #1
Derived2 ("Derived2") -> #2
Base2 ("Base2") -> #2
d2 ("d2") -> #2
Derived2 ("Derived2") -> #2
r7 ("r7") -> #2
d2 ("d2") -> #2
r8 ("r8") -> #2
d2 ("d2") -> #2
