Top level: #2
Unresolved: #1
x ("x") -> #2
foo ("foo") -> #0
y ("y") -> #2
foo ("foo") -> #0
bar ("bar") -> #0
Base ("Base") -> #2
x ("x") -> #2
a ("a") -> #3
x ("x") -> #2
x ("x") -> #2
v ("v") -> #5
x ("x") -> #2
a ("a") -> #1
x ("x") -> #2
x ("x") -> #2
a ("a") -> #6
x ("x") -> #2
x ("x") -> #2
v ("v") -> #8
x ("x") -> #2
a ("a") -> #1
x ("x") -> #2
a ("a") -> #9
x ("x") -> #2
Derived ("Derived") -> #2
y ("y") -> #2
a ("a") -> #10
y ("y") -> #2
y ("y") -> #2
v ("v") -> #12
y ("y") -> #2
a ("a") -> #1
y ("y") -> #2
y ("y") -> #2
a ("a") -> #13
y ("y") -> #2
y ("y") -> #2
a ("a") -> #15
y ("y") -> #2
a ("a") -> #1
y ("y") -> #2
a ("a") -> #16
y ("y") -> #2
x ("x") -> #2
Base ("Base") -> #2
