Top level: #2
Unresolved: #1
__str ("__str") -> #2
__str ("__str") -> #2
Test262Error ("Test262Error") -> #1
__str ("__str") -> #2
__str__ ("__str__") -> #2
__str__ ("__str__") -> #2
Test262Error ("Test262Error") -> #1
__str__ ("__str__") -> #2
str__ ("str__") -> #2
str__ ("str__") -> #2
Test262Error ("Test262Error") -> #1
str__ ("str__") -> #2
