Top level: #2
Unresolved: #1
g ("g") -> #2
o ("o") -> #3
o ("o") -> #3
iter ("iter") -> #2
g ("g") -> #2
assert ("assert") -> #1
iter ("iter") -> #2
assert ("assert") -> #1
iter ("iter") -> #2
outcome ("outcome") -> #2
iter ("iter") -> #2
assert ("assert") -> #1
outcome ("outcome") -> #2
undefined ("undefined") -> #1
assert ("assert") -> #1
outcome ("outcome") -> #2
