Top level: #2
Unresolved: #1
fin ("fin") -> #2
Error ("Error") -> #1
e ("e") -> #4
e ("e") -> #4
Test262Error ("Test262Error") -> #1
e ("e") -> #4
fin ("fin") -> #2
fin ("fin") -> #2
Test262Error ("Test262Error") -> #1
fin ("fin") -> #2
Error ("Error") -> #1
e ("e") -> #7
e ("e") -> #7
Test262Error ("Test262Error") -> #1
e ("e") -> #7
fin ("fin") -> #2
fin ("fin") -> #2
Test262Error ("Test262Error") -> #1
fin ("fin") -> #2
c3 ("c3") -> #2
EvalError ("EvalError") -> #1
e ("e") -> #10
e ("e") -> #10
Test262Error ("Test262Error") -> #1
e ("e") -> #10
fin ("fin") -> #2
fin ("fin") -> #2
Test262Error ("Test262Error") -> #1
fin ("fin") -> #2
RangeError ("RangeError") -> #1
e ("e") -> #13
e ("e") -> #13
Test262Error ("Test262Error") -> #1
e ("e") -> #13
fin ("fin") -> #2
fin ("fin") -> #2
Test262Error ("Test262Error") -> #1
fin ("fin") -> #2
ReferenceError ("ReferenceError") -> #1
e ("e") -> #16
e ("e") -> #16
Test262Error ("Test262Error") -> #1
e ("e") -> #16
fin ("fin") -> #2
fin ("fin") -> #2
Test262Error ("Test262Error") -> #1
fin ("fin") -> #2
TypeError ("TypeError") -> #1
e ("e") -> #19
e ("e") -> #19
Test262Error ("Test262Error") -> #1
e ("e") -> #19
fin ("fin") -> #2
fin ("fin") -> #2
Test262Error ("Test262Error") -> #1
fin ("fin") -> #2
URIError ("URIError") -> #1
e ("e") -> #22
e ("e") -> #22
Test262Error ("Test262Error") -> #1
e ("e") -> #22
fin ("fin") -> #2
fin ("fin") -> #2
Test262Error ("Test262Error") -> #1
