Top level: #2
Unresolved: #1
er2 ("er2") -> #5
er2 ("er2") -> #5
Test262Error ("Test262Error") -> #1
e ("e") -> #1
er1 ("er1") -> #6
er1 ("er1") -> #6
Test262Error ("Test262Error") -> #1
er1 ("er1") -> #6
er1 ("er1") -> #6
Test262Error ("Test262Error") -> #1
er1 ("er1") -> #8
er1 ("er1") -> #10
er1 ("er1") -> #10
Test262Error ("Test262Error") -> #1
er1 ("er1") -> #10
Test262Error ("Test262Error") -> #1
er1 ("er1") -> #10
er1 ("er1") -> #8
Test262Error ("Test262Error") -> #1
er1 ("er1") -> #8
er1 ("er1") -> #8
Test262Error ("Test262Error") -> #1
er1 ("er1") -> #12
er1 ("er1") -> #12
Test262Error ("Test262Error") -> #1
er1 ("er1") -> #12
er1 ("er1") -> #15
er1 ("er1") -> #15
Test262Error ("Test262Error") -> #1
er1 ("er1") -> #15
Test262Error ("Test262Error") -> #1
er1 ("er1") -> #15
c4 ("c4") -> #2
er1 ("er1") -> #17
er1 ("er1") -> #19
er1 ("er1") -> #19
Test262Error ("Test262Error") -> #1
er1 ("er1") -> #19
Test262Error ("Test262Error") -> #1
er1 ("er1") -> #19
er1 ("er1") -> #17
Test262Error ("Test262Error") -> #1
er1 ("er1") -> #17
er1 ("er1") -> #17
Test262Error ("Test262Error") -> #1
c4 ("c4") -> #2
c4 ("c4") -> #2
Test262Error ("Test262Error") -> #1
c5 ("c5") -> #2
er1 ("er1") -> #23
er1 ("er1") -> #23
Test262Error ("Test262Error") -> #1
er1 ("er1") -> #23
er1 ("er1") -> #24
er1 ("er1") -> #24
Test262Error ("Test262Error") -> #1
er1 ("er1") -> #24
er1 ("er1") -> #24
Test262Error ("Test262Error") -> #1
c5 ("c5") -> #2
c5 ("c5") -> #2
Test262Error ("Test262Error") -> #1
c6 ("c6") -> #2
er1 ("er1") -> #28
er1 ("er1") -> #28
Test262Error ("Test262Error") -> #1
er1 ("er1") -> #28
c6 ("c6") -> #2
c6 ("c6") -> #2
Test262Error ("Test262Error") -> #1
c7 ("c7") -> #2
c7 ("c7") -> #2
er1 ("er1") -> #34
er1 ("er1") -> #34
Test262Error ("Test262Error") -> #1
er1 ("er1") -> #34
er1 ("er1") -> #34
Test262Error ("Test262Error") -> #1
c7 ("c7") -> #2
er1 ("er1") -> #35
er1 ("er1") -> #35
Test262Error ("Test262Error") -> #1
er1 ("er1") -> #35
c7 ("c7") -> #2
Test262Error ("Test262Error") -> #1
