Top level: #2
Unresolved: #1
er2 ("er2") -> #5
er2 ("er2") -> #5
Test262Error ("Test262Error") -> #1
er2 ("er2") -> #5
er1 ("er1") -> #7
er1 ("er1") -> #7
Test262Error ("Test262Error") -> #1
er1 ("er1") -> #7
er1 ("er1") -> #7
Test262Error ("Test262Error") -> #1
er1 ("er1") -> #7
Test262Error ("Test262Error") -> #1
c2 ("c2") -> #2
er1 ("er1") -> #9
er1 ("er1") -> #11
er1 ("er1") -> #11
Test262Error ("Test262Error") -> #1
er1 ("er1") -> #11
Test262Error ("Test262Error") -> #1
er1 ("er1") -> #11
c2 ("c2") -> #2
er1 ("er1") -> #9
Test262Error ("Test262Error") -> #1
er1 ("er1") -> #9
er1 ("er1") -> #9
Test262Error ("Test262Error") -> #1
c2 ("c2") -> #2
Test262Error ("Test262Error") -> #1
c3 ("c3") -> #2
er1 ("er1") -> #14
er1 ("er1") -> #14
Test262Error ("Test262Error") -> #1
er1 ("er1") -> #14
er1 ("er1") -> #17
er1 ("er1") -> #17
Test262Error ("Test262Error") -> #1
er1 ("er1") -> #17
Test262Error ("Test262Error") -> #1
er1 ("er1") -> #17
c3 ("c3") -> #2
c3 ("c3") -> #2
Test262Error ("Test262Error") -> #1
c4 ("c4") -> #2
er1 ("er1") -> #21
er1 ("er1") -> #23
er1 ("er1") -> #23
Test262Error ("Test262Error") -> #1
er1 ("er1") -> #23
Test262Error ("Test262Error") -> #1
er1 ("er1") -> #23
c4 ("c4") -> #2
er1 ("er1") -> #21
Test262Error ("Test262Error") -> #1
er1 ("er1") -> #21
er1 ("er1") -> #21
Test262Error ("Test262Error") -> #1
er1 ("er1") -> #21
Test262Error ("Test262Error") -> #1
c4 ("c4") -> #2
er1 ("er1") -> #26
c4 ("c4") -> #2
Test262Error ("Test262Error") -> #1
c5 ("c5") -> #2
er1 ("er1") -> #29
er1 ("er1") -> #29
Test262Error ("Test262Error") -> #1
er1 ("er1") -> #29
er1 ("er1") -> #31
er1 ("er1") -> #31
Test262Error ("Test262Error") -> #1
er1 ("er1") -> #31
er1 ("er1") -> #31
Test262Error ("Test262Error") -> #1
er1 ("er1") -> #31
Test262Error ("Test262Error") -> #1
c5 ("c5") -> #2
c5 ("c5") -> #2
Test262Error ("Test262Error") -> #1
c6 ("c6") -> #2
er1 ("er1") -> #35
er1 ("er1") -> #35
Test262Error ("Test262Error") -> #1
er1 ("er1") -> #35
c6 ("c6") -> #2
c6 ("c6") -> #2
c6 ("c6") -> #2
Test262Error ("Test262Error") -> #1
c7 ("c7") -> #2
c7 ("c7") -> #2
er1 ("er1") -> #42
er1 ("er1") -> #42
Test262Error ("Test262Error") -> #1
er1 ("er1") -> #42
er1 ("er1") -> #42
Test262Error ("Test262Error") -> #1
c7 ("c7") -> #2
c7 ("c7") -> #2
er1 ("er1") -> #44
er1 ("er1") -> #44
Test262Error ("Test262Error") -> #1
er1 ("er1") -> #44
c7 ("c7") -> #2
Test262Error ("Test262Error") -> #1
