Top level: ScopeId(2)
Unresolved: ScopeId(1)
GeneratorFunction ("GeneratorFunction") -> ScopeId(2)
Object ("Object") -> ScopeId(1)
GFn ("GFn") -> ScopeId(2)
GeneratorFunction ("GeneratorFunction") -> ScopeId(2)
gfn ("gfn") -> ScopeId(2)
GFn ("GFn") -> ScopeId(2)
assert ("assert") -> ScopeId(1)
Object ("Object") -> ScopeId(1)
gfn ("gfn") -> ScopeId(2)
assert ("assert") -> ScopeId(1)
gfn ("gfn") -> ScopeId(2)
verifyProperty ("verifyProperty") -> ScopeId(1)
gfn ("gfn") -> ScopeId(2)
