Top level: #2
Unresolved: #1
fn ("fn") -> #2
ns ("ns") -> #3
desc ("desc") -> #3
Object ("Object") -> #1
ns ("ns") -> #3
assert ("assert") -> #1
desc ("desc") -> #3
assert ("assert") -> #1
desc ("desc") -> #3
assert ("assert") -> #1
desc ("desc") -> #3
assert ("assert") -> #1
desc ("desc") -> #3
desc ("desc") -> #3
Object ("Object") -> #1
ns ("ns") -> #3
assert ("assert") -> #1
desc ("desc") -> #3
assert ("assert") -> #1
desc ("desc") -> #3
assert ("assert") -> #1
desc ("desc") -> #3
assert ("assert") -> #1
desc ("desc") -> #3
desc ("desc") -> #3
Object ("Object") -> #1
ns ("ns") -> #3
assert ("assert") -> #1
desc ("desc") -> #3
assert ("assert") -> #1
desc ("desc") -> #3
assert ("assert") -> #1
desc ("desc") -> #3
assert ("assert") -> #1
desc ("desc") -> #3
desc ("desc") -> #3
Object ("Object") -> #1
ns ("ns") -> #3
assert ("assert") -> #1
desc ("desc") -> #3
assert ("assert") -> #1
desc ("desc") -> #3
assert ("assert") -> #1
desc ("desc") -> #3
assert ("assert") -> #1
desc ("desc") -> #3
fn ("fn") -> #2
$DONE ("$DONE") -> #1
$DONE ("$DONE") -> #1
$DONE ("$DONE") -> #1
