Top level: ScopeId(2)
Unresolved: ScopeId(1)
_jsx ("_jsx") -> ScopeId(2)
jsx ("jsx") -> ScopeId(1)
React ("React") -> ScopeId(2)
Component ("Component") -> ScopeId(2)
PropTypes ("PropTypes") -> ScopeId(2)
Item ("Item") -> ScopeId(2)
compareObjects ("compareObjects") -> ScopeId(2)
_assertThisInitialized ("_assertThisInitialized") -> ScopeId(2)
self ("self") -> ScopeId(3)
self ("self") -> ScopeId(3)
ReferenceError ("ReferenceError") -> ScopeId(1)
self ("self") -> ScopeId(3)
_classCallCheck ("_classCallCheck") -> ScopeId(2)
instance ("instance") -> ScopeId(5)
Constructor ("Constructor") -> ScopeId(5)
instance ("instance") -> ScopeId(5)
Constructor ("Constructor") -> ScopeId(5)
TypeError ("TypeError") -> ScopeId(1)
_defineProperties ("_defineProperties") -> ScopeId(2)
target ("target") -> ScopeId(7)
props ("props") -> ScopeId(7)
i ("i") -> ScopeId(7)
i ("i") -> ScopeId(7)
props ("props") -> ScopeId(7)
i ("i") -> ScopeId(7)
descriptor ("descriptor") -> ScopeId(7)
props ("props") -> ScopeId(7)
i ("i") -> ScopeId(7)
descriptor ("descriptor") -> ScopeId(7)
descriptor ("descriptor") -> ScopeId(7)
descriptor ("descriptor") -> ScopeId(7)
descriptor ("descriptor") -> ScopeId(7)
descriptor ("descriptor") -> ScopeId(7)
Object ("Object") -> ScopeId(1)
target ("target") -> ScopeId(7)
descriptor ("descriptor") -> ScopeId(7)
descriptor ("descriptor") -> ScopeId(7)
_createClass ("_createClass") -> ScopeId(2)
Constructor ("Constructor") -> ScopeId(10)
protoProps ("protoProps") -> ScopeId(10)
staticProps ("staticProps") -> ScopeId(10)
protoProps ("protoProps") -> ScopeId(10)
_defineProperties ("_defineProperties") -> ScopeId(2)
Constructor ("Constructor") -> ScopeId(10)
protoProps ("protoProps") -> ScopeId(10)
staticProps ("staticProps") -> ScopeId(10)
_defineProperties ("_defineProperties") -> ScopeId(2)
Constructor ("Constructor") -> ScopeId(10)
staticProps ("staticProps") -> ScopeId(10)
Constructor ("Constructor") -> ScopeId(10)
_defineProperty ("_defineProperty") -> ScopeId(2)
obj ("obj") -> ScopeId(11)
key ("key") -> ScopeId(11)
value ("value") -> ScopeId(11)
key ("key") -> ScopeId(11)
obj ("obj") -> ScopeId(11)
Object ("Object") -> ScopeId(1)
obj ("obj") -> ScopeId(11)
key ("key") -> ScopeId(11)
value ("value") -> ScopeId(11)
obj ("obj") -> ScopeId(11)
key ("key") -> ScopeId(11)
value ("value") -> ScopeId(11)
obj ("obj") -> ScopeId(11)
_getPrototypeOf ("_getPrototypeOf") -> ScopeId(2)
o ("o") -> ScopeId(15)
_getPrototypeOf ("_getPrototypeOf") -> ScopeId(2)
Object ("Object") -> ScopeId(1)
Object ("Object") -> ScopeId(1)
_getPrototypeOf ("_getPrototypeOf") -> ScopeId(16)
o ("o") -> ScopeId(17)
o ("o") -> ScopeId(17)
Object ("Object") -> ScopeId(1)
o ("o") -> ScopeId(17)
_getPrototypeOf ("_getPrototypeOf") -> ScopeId(2)
o ("o") -> ScopeId(15)
_inherits ("_inherits") -> ScopeId(2)
subClass ("subClass") -> ScopeId(18)
superClass ("superClass") -> ScopeId(18)
superClass ("superClass") -> ScopeId(18)
superClass ("superClass") -> ScopeId(18)
TypeError ("TypeError") -> ScopeId(1)
subClass ("subClass") -> ScopeId(18)
Object ("Object") -> ScopeId(1)
superClass ("superClass") -> ScopeId(18)
superClass ("superClass") -> ScopeId(18)
subClass ("subClass") -> ScopeId(18)
superClass ("superClass") -> ScopeId(18)
_setPrototypeOf ("_setPrototypeOf") -> ScopeId(2)
subClass ("subClass") -> ScopeId(18)
superClass ("superClass") -> ScopeId(18)
_objectSpread ("_objectSpread") -> ScopeId(2)
target ("target") -> ScopeId(22)
i ("i") -> ScopeId(22)
i ("i") -> ScopeId(22)
arguments ("arguments") -> ScopeId(1)
i ("i") -> ScopeId(22)
source ("source") -> ScopeId(22)
arguments ("arguments") -> ScopeId(1)
i ("i") -> ScopeId(22)
arguments ("arguments") -> ScopeId(1)
i ("i") -> ScopeId(22)
ownKeys ("ownKeys") -> ScopeId(22)
Object ("Object") -> ScopeId(1)
source ("source") -> ScopeId(22)
Object ("Object") -> ScopeId(1)
ownKeys ("ownKeys") -> ScopeId(22)
ownKeys ("ownKeys") -> ScopeId(22)
Object ("Object") -> ScopeId(1)
source ("source") -> ScopeId(22)
sym ("sym") -> ScopeId(27)
Object ("Object") -> ScopeId(1)
source ("source") -> ScopeId(22)
sym ("sym") -> ScopeId(27)
ownKeys ("ownKeys") -> ScopeId(22)
key ("key") -> ScopeId(28)
_defineProperty ("_defineProperty") -> ScopeId(2)
target ("target") -> ScopeId(22)
key ("key") -> ScopeId(28)
source ("source") -> ScopeId(22)
key ("key") -> ScopeId(28)
target ("target") -> ScopeId(22)
_possibleConstructorReturn ("_possibleConstructorReturn") -> ScopeId(2)
self ("self") -> ScopeId(29)
call ("call") -> ScopeId(29)
call ("call") -> ScopeId(29)
_typeof ("_typeof") -> ScopeId(2)
call ("call") -> ScopeId(29)
call ("call") -> ScopeId(29)
call ("call") -> ScopeId(29)
_assertThisInitialized ("_assertThisInitialized") -> ScopeId(2)
self ("self") -> ScopeId(29)
_setPrototypeOf ("_setPrototypeOf") -> ScopeId(2)
o ("o") -> ScopeId(31)
p ("p") -> ScopeId(31)
_setPrototypeOf ("_setPrototypeOf") -> ScopeId(2)
Object ("Object") -> ScopeId(1)
_setPrototypeOf ("_setPrototypeOf") -> ScopeId(32)
o ("o") -> ScopeId(33)
p ("p") -> ScopeId(33)
o ("o") -> ScopeId(33)
p ("p") -> ScopeId(33)
o ("o") -> ScopeId(33)
_setPrototypeOf ("_setPrototypeOf") -> ScopeId(2)
o ("o") -> ScopeId(31)
p ("p") -> ScopeId(31)
_typeof ("_typeof") -> ScopeId(2)
obj ("obj") -> ScopeId(34)
obj ("obj") -> ScopeId(34)
Symbol ("Symbol") -> ScopeId(1)
obj ("obj") -> ScopeId(34)
Symbol ("Symbol") -> ScopeId(1)
obj ("obj") -> ScopeId(34)
ItemsList ("ItemsList") -> ScopeId(2)
Component ("Component") -> ScopeId(35)
_inherits ("_inherits") -> ScopeId(2)
ItemsList ("ItemsList") -> ScopeId(35)
Component ("Component") -> ScopeId(35)
ItemsList ("ItemsList") -> ScopeId(35)
_classCallCheck ("_classCallCheck") -> ScopeId(2)
ItemsList ("ItemsList") -> ScopeId(35)
_this ("_this") -> ScopeId(36)
_this ("_this") -> ScopeId(36)
_possibleConstructorReturn ("_possibleConstructorReturn") -> ScopeId(2)
_getPrototypeOf ("_getPrototypeOf") -> ScopeId(2)
ItemsList ("ItemsList") -> ScopeId(35)
arguments ("arguments") -> ScopeId(1)
_this ("_this") -> ScopeId(36)
highlightedItem ("highlightedItem") -> ScopeId(37)
_this ("_this") -> ScopeId(36)
highlightedItem ("highlightedItem") -> ScopeId(37)
highlightedItem ("highlightedItem") -> ScopeId(37)
_this ("_this") -> ScopeId(36)
_createClass ("_createClass") -> ScopeId(2)
ItemsList ("ItemsList") -> ScopeId(35)
shouldComponentUpdate ("shouldComponentUpdate") -> ScopeId(39)
nextProps ("nextProps") -> ScopeId(40)
compareObjects ("compareObjects") -> ScopeId(2)
nextProps ("nextProps") -> ScopeId(40)
render ("render") -> ScopeId(42)
_this ("_this") -> ScopeId(43)
_props ("_props") -> ScopeId(43)
items ("items") -> ScopeId(43)
_props ("_props") -> ScopeId(43)
itemProps ("itemProps") -> ScopeId(43)
_props ("_props") -> ScopeId(43)
renderItem ("renderItem") -> ScopeId(43)
_props ("_props") -> ScopeId(43)
renderItemData ("renderItemData") -> ScopeId(43)
_props ("_props") -> ScopeId(43)
sectionIndex ("sectionIndex") -> ScopeId(43)
_props ("_props") -> ScopeId(43)
highlightedItemIndex ("highlightedItemIndex") -> ScopeId(43)
_props ("_props") -> ScopeId(43)
getItemId ("getItemId") -> ScopeId(43)
_props ("_props") -> ScopeId(43)
theme ("theme") -> ScopeId(43)
_props ("_props") -> ScopeId(43)
keyPrefix ("keyPrefix") -> ScopeId(43)
_props ("_props") -> ScopeId(43)
sectionPrefix ("sectionPrefix") -> ScopeId(43)
sectionIndex ("sectionIndex") -> ScopeId(43)
keyPrefix ("keyPrefix") -> ScopeId(43)
keyPrefix ("keyPrefix") -> ScopeId(43)
sectionIndex ("sectionIndex") -> ScopeId(43)
isItemPropsFunction ("isItemPropsFunction") -> ScopeId(43)
itemProps ("itemProps") -> ScopeId(43)
_jsx ("_jsx") -> ScopeId(2)
_objectSpread ("_objectSpread") -> ScopeId(2)
theme ("theme") -> ScopeId(43)
sectionPrefix ("sectionPrefix") -> ScopeId(43)
items ("items") -> ScopeId(43)
item ("item") -> ScopeId(46)
itemIndex ("itemIndex") -> ScopeId(46)
isFirst ("isFirst") -> ScopeId(46)
itemIndex ("itemIndex") -> ScopeId(46)
isHighlighted ("isHighlighted") -> ScopeId(46)
itemIndex ("itemIndex") -> ScopeId(46)
highlightedItemIndex ("highlightedItemIndex") -> ScopeId(43)
itemKey ("itemKey") -> ScopeId(46)
sectionPrefix ("sectionPrefix") -> ScopeId(43)
itemIndex ("itemIndex") -> ScopeId(46)
itemPropsObj ("itemPropsObj") -> ScopeId(46)
isItemPropsFunction ("isItemPropsFunction") -> ScopeId(43)
itemProps ("itemProps") -> ScopeId(43)
sectionIndex ("sectionIndex") -> ScopeId(43)
itemIndex ("itemIndex") -> ScopeId(46)
itemProps ("itemProps") -> ScopeId(43)
allItemProps ("allItemProps") -> ScopeId(46)
_objectSpread ("_objectSpread") -> ScopeId(2)
getItemId ("getItemId") -> ScopeId(43)
sectionIndex ("sectionIndex") -> ScopeId(43)
itemIndex ("itemIndex") -> ScopeId(46)
isHighlighted ("isHighlighted") -> ScopeId(46)
theme ("theme") -> ScopeId(43)
itemKey ("itemKey") -> ScopeId(46)
isFirst ("isFirst") -> ScopeId(46)
isHighlighted ("isHighlighted") -> ScopeId(46)
itemPropsObj ("itemPropsObj") -> ScopeId(46)
isHighlighted ("isHighlighted") -> ScopeId(46)
allItemProps ("allItemProps") -> ScopeId(46)
_this ("_this") -> ScopeId(43)
_jsx ("_jsx") -> ScopeId(2)
Item ("Item") -> ScopeId(2)
_objectSpread ("_objectSpread") -> ScopeId(2)
allItemProps ("allItemProps") -> ScopeId(46)
sectionIndex ("sectionIndex") -> ScopeId(43)
isHighlighted ("isHighlighted") -> ScopeId(46)
itemIndex ("itemIndex") -> ScopeId(46)
item ("item") -> ScopeId(46)
renderItem ("renderItem") -> ScopeId(43)
renderItemData ("renderItemData") -> ScopeId(43)
ItemsList ("ItemsList") -> ScopeId(35)
Component ("Component") -> ScopeId(2)
ItemsList ("ItemsList") -> ScopeId(2)
PropTypes ("PropTypes") -> ScopeId(2)
PropTypes ("PropTypes") -> ScopeId(2)
PropTypes ("PropTypes") -> ScopeId(2)
PropTypes ("PropTypes") -> ScopeId(2)
PropTypes ("PropTypes") -> ScopeId(2)
PropTypes ("PropTypes") -> ScopeId(2)
PropTypes ("PropTypes") -> ScopeId(2)
PropTypes ("PropTypes") -> ScopeId(2)
PropTypes ("PropTypes") -> ScopeId(2)
PropTypes ("PropTypes") -> ScopeId(2)
PropTypes ("PropTypes") -> ScopeId(2)
PropTypes ("PropTypes") -> ScopeId(2)
ItemsList ("ItemsList") -> ScopeId(2)
ItemsList ("ItemsList") -> ScopeId(2)
default ("default") -> ScopeId(1)
