Top level: #2
Unresolved: #1
_᫏᫐᫑᫒᫓᫔᫕᫖᫗᫘᫙᫚᫛᫜᫝᫠᫡᫢᫣᫤᫥᫦᫧᫨᫩᫪᫫𐻺𐻻𑭠𑭡𑭢𑭣𑭤𑭥𑭦𑭧𑷠𑷡𑷢𑷣𑷤𑷥𑷦𑷧𑷨𑷩𞛣𞛦𞛮𞛯𞛵 ("_\u{1acf}\u{1ad0}\u{1ad1}\u{1ad2}\u{1ad3}\u{1ad4}\u{1ad5}\u{1ad6}\u{1ad7}\u{1ad8}\u{1ad9}\u{1ada}\u{1adb}\u{1adc}\u{1add}\u{1ae0}\u{1ae1}\u{1ae2}\u{1ae3}\u{1ae4}\u{1ae5}\u{1ae6}\u{1ae7}\u{1ae8}\u{1ae9}\u{1aea}\u{1aeb}\u{10efa}\u{10efb}\u{11b60}𑭡\u{11b62}\u{11b63}\u{11b64}𑭥\u{11b66}𑭧𑷠𑷡𑷢𑷣𑷤𑷥𑷦𑷧𑷨𑷩\u{1e6e3}\u{1e6e6}\u{1e6ee}\u{1e6ef}\u{1e6f5}") -> #2
