Top level: ScopeId(2)
Unresolved: ScopeId(1)
Ᲊ ("Ᲊ") -> ScopeId(2)
ᲊ ("ᲊ") -> ScopeId(2)
Ɤ ("Ɤ") -> ScopeId(2)
Ꟍ ("Ꟍ") -> ScopeId(2)
ꟍ ("ꟍ") -> ScopeId(2)
Ꟛ ("Ꟛ") -> ScopeId(2)
ꟛ ("ꟛ") -> ScopeId(2)
Ƛ ("Ƛ") -> ScopeId(2)
𐗀 ("𐗀") -> ScopeId(2)
𐗁 ("𐗁") -> ScopeId(2)
𐗂 ("𐗂") -> ScopeId(2)
𐗃 ("𐗃") -> ScopeId(2)
𐗄 ("𐗄") -> ScopeId(2)
𐗅 ("𐗅") -> ScopeId(2)
𐗆 ("𐗆") -> ScopeId(2)
𐗇 ("𐗇") -> ScopeId(2)
𐗈 ("𐗈") -> ScopeId(2)
𐗉 ("𐗉") -> ScopeId(2)
𐗊 ("𐗊") -> ScopeId(2)
𐗋 ("𐗋") -> ScopeId(2)
𐗌 ("𐗌") -> ScopeId(2)
𐗍 ("𐗍") -> ScopeId(2)
𐗎 ("𐗎") -> ScopeId(2)
𐗏 ("𐗏") -> ScopeId(2)
𐗐 ("𐗐") -> ScopeId(2)
𐗑 ("𐗑") -> ScopeId(2)
𐗒 ("𐗒") -> ScopeId(2)
𐗓 ("𐗓") -> ScopeId(2)
𐗔 ("𐗔") -> ScopeId(2)
𐗕 ("𐗕") -> ScopeId(2)
𐗖 ("𐗖") -> ScopeId(2)
𐗗 ("𐗗") -> ScopeId(2)
𐗘 ("𐗘") -> ScopeId(2)
𐗙 ("𐗙") -> ScopeId(2)
𐗚 ("𐗚") -> ScopeId(2)
𐗛 ("𐗛") -> ScopeId(2)
𐗜 ("𐗜") -> ScopeId(2)
𐗝 ("𐗝") -> ScopeId(2)
𐗞 ("𐗞") -> ScopeId(2)
𐗟 ("𐗟") -> ScopeId(2)
𐗠 ("𐗠") -> ScopeId(2)
𐗡 ("𐗡") -> ScopeId(2)
𐗢 ("𐗢") -> ScopeId(2)
𐗣 ("𐗣") -> ScopeId(2)
𐗤 ("𐗤") -> ScopeId(2)
𐗥 ("𐗥") -> ScopeId(2)
𐗦 ("𐗦") -> ScopeId(2)
𐗧 ("𐗧") -> ScopeId(2)
𐗨 ("𐗨") -> ScopeId(2)
𐗩 ("𐗩") -> ScopeId(2)
𐗪 ("𐗪") -> ScopeId(2)
𐗫 ("𐗫") -> ScopeId(2)
𐗬 ("𐗬") -> ScopeId(2)
𐗭 ("𐗭") -> ScopeId(2)
𐗮 ("𐗮") -> ScopeId(2)
𐗯 ("𐗯") -> ScopeId(2)
𐗰 ("𐗰") -> ScopeId(2)
𐗱 ("𐗱") -> ScopeId(2)
𐗲 ("𐗲") -> ScopeId(2)
𐗳 ("𐗳") -> ScopeId(2)
𐵊 ("𐵊") -> ScopeId(2)
𐵋 ("𐵋") -> ScopeId(2)
𐵌 ("𐵌") -> ScopeId(2)
𐵍 ("𐵍") -> ScopeId(2)
𐵎 ("𐵎") -> ScopeId(2)
𐵏 ("𐵏") -> ScopeId(2)
𐵐 ("𐵐") -> ScopeId(2)
𐵑 ("𐵑") -> ScopeId(2)
𐵒 ("𐵒") -> ScopeId(2)
𐵓 ("𐵓") -> ScopeId(2)
𐵔 ("𐵔") -> ScopeId(2)
𐵕 ("𐵕") -> ScopeId(2)
𐵖 ("𐵖") -> ScopeId(2)
𐵗 ("𐵗") -> ScopeId(2)
𐵘 ("𐵘") -> ScopeId(2)
𐵙 ("𐵙") -> ScopeId(2)
𐵚 ("𐵚") -> ScopeId(2)
𐵛 ("𐵛") -> ScopeId(2)
𐵜 ("𐵜") -> ScopeId(2)
𐵝 ("𐵝") -> ScopeId(2)
𐵞 ("𐵞") -> ScopeId(2)
𐵟 ("𐵟") -> ScopeId(2)
𐵠 ("𐵠") -> ScopeId(2)
𐵡 ("𐵡") -> ScopeId(2)
𐵢 ("𐵢") -> ScopeId(2)
𐵣 ("𐵣") -> ScopeId(2)
𐵤 ("𐵤") -> ScopeId(2)
𐵥 ("𐵥") -> ScopeId(2)
𐵯 ("𐵯") -> ScopeId(2)
𐵰 ("𐵰") -> ScopeId(2)
𐵱 ("𐵱") -> ScopeId(2)
𐵲 ("𐵲") -> ScopeId(2)
𐵳 ("𐵳") -> ScopeId(2)
𐵴 ("𐵴") -> ScopeId(2)
𐵵 ("𐵵") -> ScopeId(2)
𐵶 ("𐵶") -> ScopeId(2)
𐵷 ("𐵷") -> ScopeId(2)
𐵸 ("𐵸") -> ScopeId(2)
𐵹 ("𐵹") -> ScopeId(2)
𐵺 ("𐵺") -> ScopeId(2)
𐵻 ("𐵻") -> ScopeId(2)
𐵼 ("𐵼") -> ScopeId(2)
𐵽 ("𐵽") -> ScopeId(2)
𐵾 ("𐵾") -> ScopeId(2)
𐵿 ("𐵿") -> ScopeId(2)
𐶀 ("𐶀") -> ScopeId(2)
𐶁 ("𐶁") -> ScopeId(2)
𐶂 ("𐶂") -> ScopeId(2)
𐶃 ("𐶃") -> ScopeId(2)
𐶄 ("𐶄") -> ScopeId(2)
𐶅 ("𐶅") -> ScopeId(2)
𐻂 ("𐻂") -> ScopeId(2)
𐻃 ("𐻃") -> ScopeId(2)
𐻄 ("𐻄") -> ScopeId(2)
𑎀 ("𑎀") -> ScopeId(2)
𑎁 ("𑎁") -> ScopeId(2)
𑎂 ("𑎂") -> ScopeId(2)
𑎃 ("𑎃") -> ScopeId(2)
𑎄 ("𑎄") -> ScopeId(2)
𑎅 ("𑎅") -> ScopeId(2)
𑎆 ("𑎆") -> ScopeId(2)
𑎇 ("𑎇") -> ScopeId(2)
𑎈 ("𑎈") -> ScopeId(2)
𑎉 ("𑎉") -> ScopeId(2)
𑎋 ("𑎋") -> ScopeId(2)
𑎎 ("𑎎") -> ScopeId(2)
𑎐 ("𑎐") -> ScopeId(2)
𑎑 ("𑎑") -> ScopeId(2)
𑎒 ("𑎒") -> ScopeId(2)
𑎓 ("𑎓") -> ScopeId(2)
𑎔 ("𑎔") -> ScopeId(2)
𑎕 ("𑎕") -> ScopeId(2)
𑎖 ("𑎖") -> ScopeId(2)
𑎗 ("𑎗") -> ScopeId(2)
𑎘 ("𑎘") -> ScopeId(2)
𑎙 ("𑎙") -> ScopeId(2)
𑎚 ("𑎚") -> ScopeId(2)
𑎛 ("𑎛") -> ScopeId(2)
𑎜 ("𑎜") -> ScopeId(2)
𑎝 ("𑎝") -> ScopeId(2)
𑎞 ("𑎞") -> ScopeId(2)
𑎟 ("𑎟") -> ScopeId(2)
𑎠 ("𑎠") -> ScopeId(2)
𑎡 ("𑎡") -> ScopeId(2)
𑎢 ("𑎢") -> ScopeId(2)
𑎣 ("𑎣") -> ScopeId(2)
𑎤 ("𑎤") -> ScopeId(2)
𑎥 ("𑎥") -> ScopeId(2)
𑎦 ("𑎦") -> ScopeId(2)
𑎧 ("𑎧") -> ScopeId(2)
𑎨 ("𑎨") -> ScopeId(2)
𑎩 ("𑎩") -> ScopeId(2)
𑎪 ("𑎪") -> ScopeId(2)
𑎫 ("𑎫") -> ScopeId(2)
𑎬 ("𑎬") -> ScopeId(2)
𑎭 ("𑎭") -> ScopeId(2)
𑎮 ("𑎮") -> ScopeId(2)
𑎯 ("𑎯") -> ScopeId(2)
𑎰 ("𑎰") -> ScopeId(2)
𑎱 ("𑎱") -> ScopeId(2)
𑎲 ("𑎲") -> ScopeId(2)
𑎳 ("𑎳") -> ScopeId(2)
𑎴 ("𑎴") -> ScopeId(2)
𑎵 ("𑎵") -> ScopeId(2)
𑎷 ("𑎷") -> ScopeId(2)
𑏑 ("𑏑") -> ScopeId(2)
𑏓 ("𑏓") -> ScopeId(2)
𑯀 ("𑯀") -> ScopeId(2)
𑯁 ("𑯁") -> ScopeId(2)
𑯂 ("𑯂") -> ScopeId(2)
𑯃 ("𑯃") -> ScopeId(2)
𑯄 ("𑯄") -> ScopeId(2)
𑯅 ("𑯅") -> ScopeId(2)
𑯆 ("𑯆") -> ScopeId(2)
𑯇 ("𑯇") -> ScopeId(2)
𑯈 ("𑯈") -> ScopeId(2)
𑯉 ("𑯉") -> ScopeId(2)
𑯊 ("𑯊") -> ScopeId(2)
𑯋 ("𑯋") -> ScopeId(2)
𑯌 ("𑯌") -> ScopeId(2)
𑯍 ("𑯍") -> ScopeId(2)
𑯎 ("𑯎") -> ScopeId(2)
𑯏 ("𑯏") -> ScopeId(2)
𑯐 ("𑯐") -> ScopeId(2)
𑯑 ("𑯑") -> ScopeId(2)
𑯒 ("𑯒") -> ScopeId(2)
𑯓 ("𑯓") -> ScopeId(2)
𑯔 ("𑯔") -> ScopeId(2)
𑯕 ("𑯕") -> ScopeId(2)
𑯖 ("𑯖") -> ScopeId(2)
𑯗 ("𑯗") -> ScopeId(2)
𑯘 ("𑯘") -> ScopeId(2)
𑯙 ("𑯙") -> ScopeId(2)
𑯚 ("𑯚") -> ScopeId(2)
𑯛 ("𑯛") -> ScopeId(2)
𑯜 ("𑯜") -> ScopeId(2)
𑯝 ("𑯝") -> ScopeId(2)
𑯞 ("𑯞") -> ScopeId(2)
𑯟 ("𑯟") -> ScopeId(2)
𑯠 ("𑯠") -> ScopeId(2)
𓑠 ("𓑠") -> ScopeId(2)
𓑡 ("𓑡") -> ScopeId(2)
𓑢 ("𓑢") -> ScopeId(2)
𓑣 ("𓑣") -> ScopeId(2)
𓑤 ("𓑤") -> ScopeId(2)
𓑥 ("𓑥") -> ScopeId(2)
𓑦 ("𓑦") -> ScopeId(2)
𓑧 ("𓑧") -> ScopeId(2)
𓑨 ("𓑨") -> ScopeId(2)
𓑩 ("𓑩") -> ScopeId(2)
𓑪 ("𓑪") -> ScopeId(2)
𓑫 ("𓑫") -> ScopeId(2)
𓑬 ("𓑬") -> ScopeId(2)
𓑭 ("𓑭") -> ScopeId(2)
𓑮 ("𓑮") -> ScopeId(2)
𓑯 ("𓑯") -> ScopeId(2)
𓑰 ("𓑰") -> ScopeId(2)
𓑱 ("𓑱") -> ScopeId(2)
𓑲 ("𓑲") -> ScopeId(2)
𓑳 ("𓑳") -> ScopeId(2)
𓑴 ("𓑴") -> ScopeId(2)
𓑵 ("𓑵") -> ScopeId(2)
𓑶 ("𓑶") -> ScopeId(2)
𓑷 ("𓑷") -> ScopeId(2)
𓑸 ("𓑸") -> ScopeId(2)
𓑹 ("𓑹") -> ScopeId(2)
𓑺 ("𓑺") -> ScopeId(2)
𓑻 ("𓑻") -> ScopeId(2)
𓑼 ("𓑼") -> ScopeId(2)
𓑽 ("𓑽") -> ScopeId(2)
𓑾 ("𓑾") -> ScopeId(2)
𓑿 ("𓑿") -> ScopeId(2)
𓒀 ("𓒀") -> ScopeId(2)
𓒁 ("𓒁") -> ScopeId(2)
𓒂 ("𓒂") -> ScopeId(2)
𓒃 ("𓒃") -> ScopeId(2)
𓒄 ("𓒄") -> ScopeId(2)
𓒅 ("𓒅") -> ScopeId(2)
𓒆 ("𓒆") -> ScopeId(2)
𓒇 ("𓒇") -> ScopeId(2)
𓒈 ("𓒈") -> ScopeId(2)
𓒉 ("𓒉") -> ScopeId(2)
𓒊 ("𓒊") -> ScopeId(2)
𓒋 ("𓒋") -> ScopeId(2)
𓒌 ("𓒌") -> ScopeId(2)
𓒍 ("𓒍") -> ScopeId(2)
𓒎 ("𓒎") -> ScopeId(2)
𓒏 ("𓒏") -> ScopeId(2)
𓒐 ("𓒐") -> ScopeId(2)
𓒑 ("𓒑") -> ScopeId(2)
𓒒 ("𓒒") -> ScopeId(2)
𓒓 ("𓒓") -> ScopeId(2)
𓒔 ("𓒔") -> ScopeId(2)
𓒕 ("𓒕") -> ScopeId(2)
𓒖 ("𓒖") -> ScopeId(2)
𓒗 ("𓒗") -> ScopeId(2)
𓒘 ("𓒘") -> ScopeId(2)
𓒙 ("𓒙") -> ScopeId(2)
𓒚 ("𓒚") -> ScopeId(2)
𓒛 ("𓒛") -> ScopeId(2)
𓒜 ("𓒜") -> ScopeId(2)
𓒝 ("𓒝") -> ScopeId(2)
𓒞 ("𓒞") -> ScopeId(2)
𓒟 ("𓒟") -> ScopeId(2)
𓒠 ("𓒠") -> ScopeId(2)
𓒡 ("𓒡") -> ScopeId(2)
𓒢 ("𓒢") -> ScopeId(2)
𓒣 ("𓒣") -> ScopeId(2)
𓒤 ("𓒤") -> ScopeId(2)
𓒥 ("𓒥") -> ScopeId(2)
𓒦 ("𓒦") -> ScopeId(2)
𓒧 ("𓒧") -> ScopeId(2)
𓒨 ("𓒨") -> ScopeId(2)
𓒩 ("𓒩") -> ScopeId(2)
𓒪 ("𓒪") -> ScopeId(2)
𓒫 ("𓒫") -> ScopeId(2)
𓒬 ("𓒬") -> ScopeId(2)
𓒭 ("𓒭") -> ScopeId(2)
𓒮 ("𓒮") -> ScopeId(2)
𓒯 ("𓒯") -> ScopeId(2)
𓒰 ("𓒰") -> ScopeId(2)
𓒱 ("𓒱") -> ScopeId(2)
𓒲 ("𓒲") -> ScopeId(2)
𓒳 ("𓒳") -> ScopeId(2)
𓒴 ("𓒴") -> ScopeId(2)
𓒵 ("𓒵") -> ScopeId(2)
𓒶 ("𓒶") -> ScopeId(2)
𓒷 ("𓒷") -> ScopeId(2)
𓒸 ("𓒸") -> ScopeId(2)
𓒹 ("𓒹") -> ScopeId(2)
𓒺 ("𓒺") -> ScopeId(2)
𓒻 ("𓒻") -> ScopeId(2)
𓒼 ("𓒼") -> ScopeId(2)
𓒽 ("𓒽") -> ScopeId(2)
𓒾 ("𓒾") -> ScopeId(2)
𓒿 ("𓒿") -> ScopeId(2)
𓓀 ("𓓀") -> ScopeId(2)
𓓁 ("𓓁") -> ScopeId(2)
𓓂 ("𓓂") -> ScopeId(2)
𓓃 ("𓓃") -> ScopeId(2)
𓓄 ("𓓄") -> ScopeId(2)
𓓅 ("𓓅") -> ScopeId(2)
𓓆 ("𓓆") -> ScopeId(2)
𓓇 ("𓓇") -> ScopeId(2)
𓓈 ("𓓈") -> ScopeId(2)
𓓉 ("𓓉") -> ScopeId(2)
𓓊 ("𓓊") -> ScopeId(2)
𓓋 ("𓓋") -> ScopeId(2)
𓓌 ("𓓌") -> ScopeId(2)
𓓍 ("𓓍") -> ScopeId(2)
𓓎 ("𓓎") -> ScopeId(2)
𓓏 ("𓓏") -> ScopeId(2)
𓓐 ("𓓐") -> ScopeId(2)
𓓑 ("𓓑") -> ScopeId(2)
𓓒 ("𓓒") -> ScopeId(2)
𓓓 ("𓓓") -> ScopeId(2)
𓓔 ("𓓔") -> ScopeId(2)
𓓕 ("𓓕") -> ScopeId(2)
𓓖 ("𓓖") -> ScopeId(2)
𓓗 ("𓓗") -> ScopeId(2)
𓓘 ("𓓘") -> ScopeId(2)
𓓙 ("𓓙") -> ScopeId(2)
𓓚 ("𓓚") -> ScopeId(2)
𓓛 ("𓓛") -> ScopeId(2)
𓓜 ("𓓜") -> ScopeId(2)
𓓝 ("𓓝") -> ScopeId(2)
𓓞 ("𓓞") -> ScopeId(2)
𓓟 ("𓓟") -> ScopeId(2)
𓓠 ("𓓠") -> ScopeId(2)
𓓡 ("𓓡") -> ScopeId(2)
𓓢 ("𓓢") -> ScopeId(2)
𓓣 ("𓓣") -> ScopeId(2)
𓓤 ("𓓤") -> ScopeId(2)
𓓥 ("𓓥") -> ScopeId(2)
𓓦 ("𓓦") -> ScopeId(2)
𓓧 ("𓓧") -> ScopeId(2)
𓓨 ("𓓨") -> ScopeId(2)
𓓩 ("𓓩") -> ScopeId(2)
𓓪 ("𓓪") -> ScopeId(2)
𓓫 ("𓓫") -> ScopeId(2)
𓓬 ("𓓬") -> ScopeId(2)
𓓭 ("𓓭") -> ScopeId(2)
𓓮 ("𓓮") -> ScopeId(2)
𓓯 ("𓓯") -> ScopeId(2)
𓓰 ("𓓰") -> ScopeId(2)
𓓱 ("𓓱") -> ScopeId(2)
𓓲 ("𓓲") -> ScopeId(2)
𓓳 ("𓓳") -> ScopeId(2)
𓓴 ("𓓴") -> ScopeId(2)
𓓵 ("𓓵") -> ScopeId(2)
𓓶 ("𓓶") -> ScopeId(2)
𓓷 ("𓓷") -> ScopeId(2)
𓓸 ("𓓸") -> ScopeId(2)
𓓹 ("𓓹") -> ScopeId(2)
𓓺 ("𓓺") -> ScopeId(2)
𓓻 ("𓓻") -> ScopeId(2)
𓓼 ("𓓼") -> ScopeId(2)
𓓽 ("𓓽") -> ScopeId(2)
𓓾 ("𓓾") -> ScopeId(2)
𓓿 ("𓓿") -> ScopeId(2)
𓔀 ("𓔀") -> ScopeId(2)
𓔁 ("𓔁") -> ScopeId(2)
𓔂 ("𓔂") -> ScopeId(2)
𓔃 ("𓔃") -> ScopeId(2)
𓔄 ("𓔄") -> ScopeId(2)
𓔅 ("𓔅") -> ScopeId(2)
𓔆 ("𓔆") -> ScopeId(2)
𓔇 ("𓔇") -> ScopeId(2)
𓔈 ("𓔈") -> ScopeId(2)
𓔉 ("𓔉") -> ScopeId(2)
𓔊 ("𓔊") -> ScopeId(2)
𓔋 ("𓔋") -> ScopeId(2)
𓔌 ("𓔌") -> ScopeId(2)
𓔍 ("𓔍") -> ScopeId(2)
𓔎 ("𓔎") -> ScopeId(2)
𓔏 ("𓔏") -> ScopeId(2)
𓔐 ("𓔐") -> ScopeId(2)
𓔑 ("𓔑") -> ScopeId(2)
𓔒 ("𓔒") -> ScopeId(2)
𓔓 ("𓔓") -> ScopeId(2)
𓔔 ("𓔔") -> ScopeId(2)
𓔕 ("𓔕") -> ScopeId(2)
𓔖 ("𓔖") -> ScopeId(2)
𓔗 ("𓔗") -> ScopeId(2)
𓔘 ("𓔘") -> ScopeId(2)
𓔙 ("𓔙") -> ScopeId(2)
𓔚 ("𓔚") -> ScopeId(2)
𓔛 ("𓔛") -> ScopeId(2)
𓔜 ("𓔜") -> ScopeId(2)
𓔝 ("𓔝") -> ScopeId(2)
𓔞 ("𓔞") -> ScopeId(2)
𓔟 ("𓔟") -> ScopeId(2)
𓔠 ("𓔠") -> ScopeId(2)
𓔡 ("𓔡") -> ScopeId(2)
𓔢 ("𓔢") -> ScopeId(2)
𓔣 ("𓔣") -> ScopeId(2)
𓔤 ("𓔤") -> ScopeId(2)
𓔥 ("𓔥") -> ScopeId(2)
𓔦 ("𓔦") -> ScopeId(2)
𓔧 ("𓔧") -> ScopeId(2)
𓔨 ("𓔨") -> ScopeId(2)
𓔩 ("𓔩") -> ScopeId(2)
𓔪 ("𓔪") -> ScopeId(2)
𓔫 ("𓔫") -> ScopeId(2)
𓔬 ("𓔬") -> ScopeId(2)
𓔭 ("𓔭") -> ScopeId(2)
𓔮 ("𓔮") -> ScopeId(2)
𓔯 ("𓔯") -> ScopeId(2)
𓔰 ("𓔰") -> ScopeId(2)
𓔱 ("𓔱") -> ScopeId(2)
𓔲 ("𓔲") -> ScopeId(2)
𓔳 ("𓔳") -> ScopeId(2)
𓔴 ("𓔴") -> ScopeId(2)
𓔵 ("𓔵") -> ScopeId(2)
𓔶 ("𓔶") -> ScopeId(2)
𓔷 ("𓔷") -> ScopeId(2)
𓔸 ("𓔸") -> ScopeId(2)
𓔹 ("𓔹") -> ScopeId(2)
𓔺 ("𓔺") -> ScopeId(2)
𓔻 ("𓔻") -> ScopeId(2)
𓔼 ("𓔼") -> ScopeId(2)
𓔽 ("𓔽") -> ScopeId(2)
𓔾 ("𓔾") -> ScopeId(2)
𓔿 ("𓔿") -> ScopeId(2)
𓕀 ("𓕀") -> ScopeId(2)
𓕁 ("𓕁") -> ScopeId(2)
𓕂 ("𓕂") -> ScopeId(2)
𓕃 ("𓕃") -> ScopeId(2)
𓕄 ("𓕄") -> ScopeId(2)
𓕅 ("𓕅") -> ScopeId(2)
𓕆 ("𓕆") -> ScopeId(2)
𓕇 ("𓕇") -> ScopeId(2)
𓕈 ("𓕈") -> ScopeId(2)
𓕉 ("𓕉") -> ScopeId(2)
𓕊 ("𓕊") -> ScopeId(2)
𓕋 ("𓕋") -> ScopeId(2)
𓕌 ("𓕌") -> ScopeId(2)
𓕍 ("𓕍") -> ScopeId(2)
𓕎 ("𓕎") -> ScopeId(2)
𓕏 ("𓕏") -> ScopeId(2)
𓕐 ("𓕐") -> ScopeId(2)
𓕑 ("𓕑") -> ScopeId(2)
𓕒 ("𓕒") -> ScopeId(2)
𓕓 ("𓕓") -> ScopeId(2)
𓕔 ("𓕔") -> ScopeId(2)
𓕕 ("𓕕") -> ScopeId(2)
𓕖 ("𓕖") -> ScopeId(2)
𓕗 ("𓕗") -> ScopeId(2)
𓕘 ("𓕘") -> ScopeId(2)
𓕙 ("𓕙") -> ScopeId(2)
𓕚 ("𓕚") -> ScopeId(2)
𓕛 ("𓕛") -> ScopeId(2)
𓕜 ("𓕜") -> ScopeId(2)
𓕝 ("𓕝") -> ScopeId(2)
𓕞 ("𓕞") -> ScopeId(2)
𓕟 ("𓕟") -> ScopeId(2)
𓕠 ("𓕠") -> ScopeId(2)
𓕡 ("𓕡") -> ScopeId(2)
𓕢 ("𓕢") -> ScopeId(2)
𓕣 ("𓕣") -> ScopeId(2)
𓕤 ("𓕤") -> ScopeId(2)
𓕥 ("𓕥") -> ScopeId(2)
𓕦 ("𓕦") -> ScopeId(2)
𓕧 ("𓕧") -> ScopeId(2)
𓕨 ("𓕨") -> ScopeId(2)
𓕩 ("𓕩") -> ScopeId(2)
𓕪 ("𓕪") -> ScopeId(2)
𓕫 ("𓕫") -> ScopeId(2)
𓕬 ("𓕬") -> ScopeId(2)
𓕭 ("𓕭") -> ScopeId(2)
𓕮 ("𓕮") -> ScopeId(2)
𓕯 ("𓕯") -> ScopeId(2)
𓕰 ("𓕰") -> ScopeId(2)
𓕱 ("𓕱") -> ScopeId(2)
𓕲 ("𓕲") -> ScopeId(2)
𓕳 ("𓕳") -> ScopeId(2)
𓕴 ("𓕴") -> ScopeId(2)
𓕵 ("𓕵") -> ScopeId(2)
𓕶 ("𓕶") -> ScopeId(2)
𓕷 ("𓕷") -> ScopeId(2)
𓕸 ("𓕸") -> ScopeId(2)
𓕹 ("𓕹") -> ScopeId(2)
𓕺 ("𓕺") -> ScopeId(2)
𓕻 ("𓕻") -> ScopeId(2)
𓕼 ("𓕼") -> ScopeId(2)
𓕽 ("𓕽") -> ScopeId(2)
𓕾 ("𓕾") -> ScopeId(2)
𓕿 ("𓕿") -> ScopeId(2)
𓖀 ("𓖀") -> ScopeId(2)
𓖁 ("𓖁") -> ScopeId(2)
𓖂 ("𓖂") -> ScopeId(2)
𓖃 ("𓖃") -> ScopeId(2)
𓖄 ("𓖄") -> ScopeId(2)
𓖅 ("𓖅") -> ScopeId(2)
𓖆 ("𓖆") -> ScopeId(2)
𓖇 ("𓖇") -> ScopeId(2)
𓖈 ("𓖈") -> ScopeId(2)
𓖉 ("𓖉") -> ScopeId(2)
𓖊 ("𓖊") -> ScopeId(2)
𓖋 ("𓖋") -> ScopeId(2)
𓖌 ("𓖌") -> ScopeId(2)
𓖍 ("𓖍") -> ScopeId(2)
𓖎 ("𓖎") -> ScopeId(2)
𓖏 ("𓖏") -> ScopeId(2)
𓖐 ("𓖐") -> ScopeId(2)
𓖑 ("𓖑") -> ScopeId(2)
𓖒 ("𓖒") -> ScopeId(2)
𓖓 ("𓖓") -> ScopeId(2)
𓖔 ("𓖔") -> ScopeId(2)
𓖕 ("𓖕") -> ScopeId(2)
𓖖 ("𓖖") -> ScopeId(2)
𓖗 ("𓖗") -> ScopeId(2)
𓖘 ("𓖘") -> ScopeId(2)
𓖙 ("𓖙") -> ScopeId(2)
𓖚 ("𓖚") -> ScopeId(2)
𓖛 ("𓖛") -> ScopeId(2)
𓖜 ("𓖜") -> ScopeId(2)
𓖝 ("𓖝") -> ScopeId(2)
𓖞 ("𓖞") -> ScopeId(2)
𓖟 ("𓖟") -> ScopeId(2)
𓖠 ("𓖠") -> ScopeId(2)
𓖡 ("𓖡") -> ScopeId(2)
𓖢 ("𓖢") -> ScopeId(2)
𓖣 ("𓖣") -> ScopeId(2)
𓖤 ("𓖤") -> ScopeId(2)
𓖥 ("𓖥") -> ScopeId(2)
𓖦 ("𓖦") -> ScopeId(2)
𓖧 ("𓖧") -> ScopeId(2)
𓖨 ("𓖨") -> ScopeId(2)
𓖩 ("𓖩") -> ScopeId(2)
𓖪 ("𓖪") -> ScopeId(2)
𓖫 ("𓖫") -> ScopeId(2)
𓖬 ("𓖬") -> ScopeId(2)
𓖭 ("𓖭") -> ScopeId(2)
𓖮 ("𓖮") -> ScopeId(2)
𓖯 ("𓖯") -> ScopeId(2)
𓖰 ("𓖰") -> ScopeId(2)
𓖱 ("𓖱") -> ScopeId(2)
𓖲 ("𓖲") -> ScopeId(2)
𓖳 ("𓖳") -> ScopeId(2)
𓖴 ("𓖴") -> ScopeId(2)
𓖵 ("𓖵") -> ScopeId(2)
𓖶 ("𓖶") -> ScopeId(2)
𓖷 ("𓖷") -> ScopeId(2)
𓖸 ("𓖸") -> ScopeId(2)
𓖹 ("𓖹") -> ScopeId(2)
𓖺 ("𓖺") -> ScopeId(2)
𓖻 ("𓖻") -> ScopeId(2)
𓖼 ("𓖼") -> ScopeId(2)
𓖽 ("𓖽") -> ScopeId(2)
𓖾 ("𓖾") -> ScopeId(2)
𓖿 ("𓖿") -> ScopeId(2)
𓗀 ("𓗀") -> ScopeId(2)
𓗁 ("𓗁") -> ScopeId(2)
𓗂 ("𓗂") -> ScopeId(2)
𓗃 ("𓗃") -> ScopeId(2)
𓗄 ("𓗄") -> ScopeId(2)
𓗅 ("𓗅") -> ScopeId(2)
𓗆 ("𓗆") -> ScopeId(2)
𓗇 ("𓗇") -> ScopeId(2)
𓗈 ("𓗈") -> ScopeId(2)
𓗉 ("𓗉") -> ScopeId(2)
𓗊 ("𓗊") -> ScopeId(2)
𓗋 ("𓗋") -> ScopeId(2)
𓗌 ("𓗌") -> ScopeId(2)
𓗍 ("𓗍") -> ScopeId(2)
𓗎 ("𓗎") -> ScopeId(2)
𓗏 ("𓗏") -> ScopeId(2)
𓗐 ("𓗐") -> ScopeId(2)
𓗑 ("𓗑") -> ScopeId(2)
𓗒 ("𓗒") -> ScopeId(2)
𓗓 ("𓗓") -> ScopeId(2)
𓗔 ("𓗔") -> ScopeId(2)
𓗕 ("𓗕") -> ScopeId(2)
𓗖 ("𓗖") -> ScopeId(2)
𓗗 ("𓗗") -> ScopeId(2)
𓗘 ("𓗘") -> ScopeId(2)
𓗙 ("𓗙") -> ScopeId(2)
𓗚 ("𓗚") -> ScopeId(2)
𓗛 ("𓗛") -> ScopeId(2)
𓗜 ("𓗜") -> ScopeId(2)
𓗝 ("𓗝") -> ScopeId(2)
𓗞 ("𓗞") -> ScopeId(2)
𓗟 ("𓗟") -> ScopeId(2)
𓗠 ("𓗠") -> ScopeId(2)
𓗡 ("𓗡") -> ScopeId(2)
𓗢 ("𓗢") -> ScopeId(2)
𓗣 ("𓗣") -> ScopeId(2)
𓗤 ("𓗤") -> ScopeId(2)
𓗥 ("𓗥") -> ScopeId(2)
𓗦 ("𓗦") -> ScopeId(2)
𓗧 ("𓗧") -> ScopeId(2)
𓗨 ("𓗨") -> ScopeId(2)
𓗩 ("𓗩") -> ScopeId(2)
𓗪 ("𓗪") -> ScopeId(2)
𓗫 ("𓗫") -> ScopeId(2)
𓗬 ("𓗬") -> ScopeId(2)
𓗭 ("𓗭") -> ScopeId(2)
𓗮 ("𓗮") -> ScopeId(2)
𓗯 ("𓗯") -> ScopeId(2)
𓗰 ("𓗰") -> ScopeId(2)
𓗱 ("𓗱") -> ScopeId(2)
𓗲 ("𓗲") -> ScopeId(2)
𓗳 ("𓗳") -> ScopeId(2)
𓗴 ("𓗴") -> ScopeId(2)
𓗵 ("𓗵") -> ScopeId(2)
𓗶 ("𓗶") -> ScopeId(2)
𓗷 ("𓗷") -> ScopeId(2)
𓗸 ("𓗸") -> ScopeId(2)
𓗹 ("𓗹") -> ScopeId(2)
𓗺 ("𓗺") -> ScopeId(2)
𓗻 ("𓗻") -> ScopeId(2)
𓗼 ("𓗼") -> ScopeId(2)
𓗽 ("𓗽") -> ScopeId(2)
𓗾 ("𓗾") -> ScopeId(2)
𓗿 ("𓗿") -> ScopeId(2)
𓘀 ("𓘀") -> ScopeId(2)
𓘁 ("𓘁") -> ScopeId(2)
𓘂 ("𓘂") -> ScopeId(2)
𓘃 ("𓘃") -> ScopeId(2)
𓘄 ("𓘄") -> ScopeId(2)
𓘅 ("𓘅") -> ScopeId(2)
𓘆 ("𓘆") -> ScopeId(2)
𓘇 ("𓘇") -> ScopeId(2)
𓘈 ("𓘈") -> ScopeId(2)
𓘉 ("𓘉") -> ScopeId(2)
𓘊 ("𓘊") -> ScopeId(2)
𓘋 ("𓘋") -> ScopeId(2)
𓘌 ("𓘌") -> ScopeId(2)
𓘍 ("𓘍") -> ScopeId(2)
𓘎 ("𓘎") -> ScopeId(2)
𓘏 ("𓘏") -> ScopeId(2)
𓘐 ("𓘐") -> ScopeId(2)
𓘑 ("𓘑") -> ScopeId(2)
𓘒 ("𓘒") -> ScopeId(2)
𓘓 ("𓘓") -> ScopeId(2)
𓘔 ("𓘔") -> ScopeId(2)
𓘕 ("𓘕") -> ScopeId(2)
𓘖 ("𓘖") -> ScopeId(2)
𓘗 ("𓘗") -> ScopeId(2)
𓘘 ("𓘘") -> ScopeId(2)
𓘙 ("𓘙") -> ScopeId(2)
𓘚 ("𓘚") -> ScopeId(2)
𓘛 ("𓘛") -> ScopeId(2)
𓘜 ("𓘜") -> ScopeId(2)
𓘝 ("𓘝") -> ScopeId(2)
𓘞 ("𓘞") -> ScopeId(2)
𓘟 ("𓘟") -> ScopeId(2)
𓘠 ("𓘠") -> ScopeId(2)
𓘡 ("𓘡") -> ScopeId(2)
𓘢 ("𓘢") -> ScopeId(2)
𓘣 ("𓘣") -> ScopeId(2)
𓘤 ("𓘤") -> ScopeId(2)
𓘥 ("𓘥") -> ScopeId(2)
𓘦 ("𓘦") -> ScopeId(2)
𓘧 ("𓘧") -> ScopeId(2)
𓘨 ("𓘨") -> ScopeId(2)
𓘩 ("𓘩") -> ScopeId(2)
𓘪 ("𓘪") -> ScopeId(2)
𓘫 ("𓘫") -> ScopeId(2)
𓘬 ("𓘬") -> ScopeId(2)
𓘭 ("𓘭") -> ScopeId(2)
𓘮 ("𓘮") -> ScopeId(2)
𓘯 ("𓘯") -> ScopeId(2)
𓘰 ("𓘰") -> ScopeId(2)
𓘱 ("𓘱") -> ScopeId(2)
𓘲 ("𓘲") -> ScopeId(2)
𓘳 ("𓘳") -> ScopeId(2)
𓘴 ("𓘴") -> ScopeId(2)
𓘵 ("𓘵") -> ScopeId(2)
𓘶 ("𓘶") -> ScopeId(2)
𓘷 ("𓘷") -> ScopeId(2)
𓘸 ("𓘸") -> ScopeId(2)
𓘹 ("𓘹") -> ScopeId(2)
𓘺 ("𓘺") -> ScopeId(2)
𓘻 ("𓘻") -> ScopeId(2)
𓘼 ("𓘼") -> ScopeId(2)
𓘽 ("𓘽") -> ScopeId(2)
𓘾 ("𓘾") -> ScopeId(2)
𓘿 ("𓘿") -> ScopeId(2)
𓙀 ("𓙀") -> ScopeId(2)
𓙁 ("𓙁") -> ScopeId(2)
𓙂 ("𓙂") -> ScopeId(2)
𓙃 ("𓙃") -> ScopeId(2)
𓙄 ("𓙄") -> ScopeId(2)
𓙅 ("𓙅") -> ScopeId(2)
𓙆 ("𓙆") -> ScopeId(2)
𓙇 ("𓙇") -> ScopeId(2)
𓙈 ("𓙈") -> ScopeId(2)
𓙉 ("𓙉") -> ScopeId(2)
𓙊 ("𓙊") -> ScopeId(2)
𓙋 ("𓙋") -> ScopeId(2)
𓙌 ("𓙌") -> ScopeId(2)
𓙍 ("𓙍") -> ScopeId(2)
𓙎 ("𓙎") -> ScopeId(2)
𓙏 ("𓙏") -> ScopeId(2)
𓙐 ("𓙐") -> ScopeId(2)
𓙑 ("𓙑") -> ScopeId(2)
𓙒 ("𓙒") -> ScopeId(2)
𓙓 ("𓙓") -> ScopeId(2)
𓙔 ("𓙔") -> ScopeId(2)
𓙕 ("𓙕") -> ScopeId(2)
𓙖 ("𓙖") -> ScopeId(2)
𓙗 ("𓙗") -> ScopeId(2)
𓙘 ("𓙘") -> ScopeId(2)
𓙙 ("𓙙") -> ScopeId(2)
𓙚 ("𓙚") -> ScopeId(2)
𓙛 ("𓙛") -> ScopeId(2)
𓙜 ("𓙜") -> ScopeId(2)
𓙝 ("𓙝") -> ScopeId(2)
𓙞 ("𓙞") -> ScopeId(2)
𓙟 ("𓙟") -> ScopeId(2)
𓙠 ("𓙠") -> ScopeId(2)
𓙡 ("𓙡") -> ScopeId(2)
𓙢 ("𓙢") -> ScopeId(2)
𓙣 ("𓙣") -> ScopeId(2)
𓙤 ("𓙤") -> ScopeId(2)
𓙥 ("𓙥") -> ScopeId(2)
𓙦 ("𓙦") -> ScopeId(2)
𓙧 ("𓙧") -> ScopeId(2)
𓙨 ("𓙨") -> ScopeId(2)
𓙩 ("𓙩") -> ScopeId(2)
𓙪 ("𓙪") -> ScopeId(2)
𓙫 ("𓙫") -> ScopeId(2)
𓙬 ("𓙬") -> ScopeId(2)
𓙭 ("𓙭") -> ScopeId(2)
𓙮 ("𓙮") -> ScopeId(2)
𓙯 ("𓙯") -> ScopeId(2)
𓙰 ("𓙰") -> ScopeId(2)
𓙱 ("𓙱") -> ScopeId(2)
𓙲 ("𓙲") -> ScopeId(2)
𓙳 ("𓙳") -> ScopeId(2)
𓙴 ("𓙴") -> ScopeId(2)
𓙵 ("𓙵") -> ScopeId(2)
𓙶 ("𓙶") -> ScopeId(2)
𓙷 ("𓙷") -> ScopeId(2)
𓙸 ("𓙸") -> ScopeId(2)
𓙹 ("𓙹") -> ScopeId(2)
𓙺 ("𓙺") -> ScopeId(2)
𓙻 ("𓙻") -> ScopeId(2)
𓙼 ("𓙼") -> ScopeId(2)
𓙽 ("𓙽") -> ScopeId(2)
𓙾 ("𓙾") -> ScopeId(2)
𓙿 ("𓙿") -> ScopeId(2)
𓚀 ("𓚀") -> ScopeId(2)
𓚁 ("𓚁") -> ScopeId(2)
𓚂 ("𓚂") -> ScopeId(2)
𓚃 ("𓚃") -> ScopeId(2)
𓚄 ("𓚄") -> ScopeId(2)
𓚅 ("𓚅") -> ScopeId(2)
𓚆 ("𓚆") -> ScopeId(2)
𓚇 ("𓚇") -> ScopeId(2)
𓚈 ("𓚈") -> ScopeId(2)
𓚉 ("𓚉") -> ScopeId(2)
𓚊 ("𓚊") -> ScopeId(2)
𓚋 ("𓚋") -> ScopeId(2)
𓚌 ("𓚌") -> ScopeId(2)
𓚍 ("𓚍") -> ScopeId(2)
𓚎 ("𓚎") -> ScopeId(2)
𓚏 ("𓚏") -> ScopeId(2)
𓚐 ("𓚐") -> ScopeId(2)
𓚑 ("𓚑") -> ScopeId(2)
𓚒 ("𓚒") -> ScopeId(2)
𓚓 ("𓚓") -> ScopeId(2)
𓚔 ("𓚔") -> ScopeId(2)
𓚕 ("𓚕") -> ScopeId(2)
𓚖 ("𓚖") -> ScopeId(2)
𓚗 ("𓚗") -> ScopeId(2)
𓚘 ("𓚘") -> ScopeId(2)
𓚙 ("𓚙") -> ScopeId(2)
𓚚 ("𓚚") -> ScopeId(2)
𓚛 ("𓚛") -> ScopeId(2)
𓚜 ("𓚜") -> ScopeId(2)
𓚝 ("𓚝") -> ScopeId(2)
𓚞 ("𓚞") -> ScopeId(2)
𓚟 ("𓚟") -> ScopeId(2)
𓚠 ("𓚠") -> ScopeId(2)
𓚡 ("𓚡") -> ScopeId(2)
𓚢 ("𓚢") -> ScopeId(2)
𓚣 ("𓚣") -> ScopeId(2)
𓚤 ("𓚤") -> ScopeId(2)
𓚥 ("𓚥") -> ScopeId(2)
𓚦 ("𓚦") -> ScopeId(2)
𓚧 ("𓚧") -> ScopeId(2)
𓚨 ("𓚨") -> ScopeId(2)
𓚩 ("𓚩") -> ScopeId(2)
𓚪 ("𓚪") -> ScopeId(2)
𓚫 ("𓚫") -> ScopeId(2)
𓚬 ("𓚬") -> ScopeId(2)
𓚭 ("𓚭") -> ScopeId(2)
𓚮 ("𓚮") -> ScopeId(2)
𓚯 ("𓚯") -> ScopeId(2)
𓚰 ("𓚰") -> ScopeId(2)
𓚱 ("𓚱") -> ScopeId(2)
𓚲 ("𓚲") -> ScopeId(2)
𓚳 ("𓚳") -> ScopeId(2)
𓚴 ("𓚴") -> ScopeId(2)
𓚵 ("𓚵") -> ScopeId(2)
𓚶 ("𓚶") -> ScopeId(2)
𓚷 ("𓚷") -> ScopeId(2)
𓚸 ("𓚸") -> ScopeId(2)
𓚹 ("𓚹") -> ScopeId(2)
𓚺 ("𓚺") -> ScopeId(2)
𓚻 ("𓚻") -> ScopeId(2)
𓚼 ("𓚼") -> ScopeId(2)
𓚽 ("𓚽") -> ScopeId(2)
𓚾 ("𓚾") -> ScopeId(2)
𓚿 ("𓚿") -> ScopeId(2)
𓛀 ("𓛀") -> ScopeId(2)
𓛁 ("𓛁") -> ScopeId(2)
𓛂 ("𓛂") -> ScopeId(2)
𓛃 ("𓛃") -> ScopeId(2)
𓛄 ("𓛄") -> ScopeId(2)
𓛅 ("𓛅") -> ScopeId(2)
𓛆 ("𓛆") -> ScopeId(2)
𓛇 ("𓛇") -> ScopeId(2)
𓛈 ("𓛈") -> ScopeId(2)
𓛉 ("𓛉") -> ScopeId(2)
𓛊 ("𓛊") -> ScopeId(2)
𓛋 ("𓛋") -> ScopeId(2)
𓛌 ("𓛌") -> ScopeId(2)
𓛍 ("𓛍") -> ScopeId(2)
𓛎 ("𓛎") -> ScopeId(2)
𓛏 ("𓛏") -> ScopeId(2)
𓛐 ("𓛐") -> ScopeId(2)
𓛑 ("𓛑") -> ScopeId(2)
𓛒 ("𓛒") -> ScopeId(2)
𓛓 ("𓛓") -> ScopeId(2)
𓛔 ("𓛔") -> ScopeId(2)
𓛕 ("𓛕") -> ScopeId(2)
𓛖 ("𓛖") -> ScopeId(2)
𓛗 ("𓛗") -> ScopeId(2)
𓛘 ("𓛘") -> ScopeId(2)
𓛙 ("𓛙") -> ScopeId(2)
𓛚 ("𓛚") -> ScopeId(2)
𓛛 ("𓛛") -> ScopeId(2)
𓛜 ("𓛜") -> ScopeId(2)
𓛝 ("𓛝") -> ScopeId(2)
𓛞 ("𓛞") -> ScopeId(2)
𓛟 ("𓛟") -> ScopeId(2)
𓛠 ("𓛠") -> ScopeId(2)
𓛡 ("𓛡") -> ScopeId(2)
𓛢 ("𓛢") -> ScopeId(2)
𓛣 ("𓛣") -> ScopeId(2)
𓛤 ("𓛤") -> ScopeId(2)
𓛥 ("𓛥") -> ScopeId(2)
𓛦 ("𓛦") -> ScopeId(2)
𓛧 ("𓛧") -> ScopeId(2)
𓛨 ("𓛨") -> ScopeId(2)
𓛩 ("𓛩") -> ScopeId(2)
𓛪 ("𓛪") -> ScopeId(2)
𓛫 ("𓛫") -> ScopeId(2)
𓛬 ("𓛬") -> ScopeId(2)
𓛭 ("𓛭") -> ScopeId(2)
𓛮 ("𓛮") -> ScopeId(2)
𓛯 ("𓛯") -> ScopeId(2)
𓛰 ("𓛰") -> ScopeId(2)
𓛱 ("𓛱") -> ScopeId(2)
𓛲 ("𓛲") -> ScopeId(2)
𓛳 ("𓛳") -> ScopeId(2)
𓛴 ("𓛴") -> ScopeId(2)
𓛵 ("𓛵") -> ScopeId(2)
𓛶 ("𓛶") -> ScopeId(2)
𓛷 ("𓛷") -> ScopeId(2)
𓛸 ("𓛸") -> ScopeId(2)
𓛹 ("𓛹") -> ScopeId(2)
𓛺 ("𓛺") -> ScopeId(2)
𓛻 ("𓛻") -> ScopeId(2)
𓛼 ("𓛼") -> ScopeId(2)
𓛽 ("𓛽") -> ScopeId(2)
𓛾 ("𓛾") -> ScopeId(2)
𓛿 ("𓛿") -> ScopeId(2)
𓜀 ("𓜀") -> ScopeId(2)
𓜁 ("𓜁") -> ScopeId(2)
𓜂 ("𓜂") -> ScopeId(2)
𓜃 ("𓜃") -> ScopeId(2)
𓜄 ("𓜄") -> ScopeId(2)
𓜅 ("𓜅") -> ScopeId(2)
𓜆 ("𓜆") -> ScopeId(2)
𓜇 ("𓜇") -> ScopeId(2)
𓜈 ("𓜈") -> ScopeId(2)
𓜉 ("𓜉") -> ScopeId(2)
𓜊 ("𓜊") -> ScopeId(2)
𓜋 ("𓜋") -> ScopeId(2)
𓜌 ("𓜌") -> ScopeId(2)
𓜍 ("𓜍") -> ScopeId(2)
𓜎 ("𓜎") -> ScopeId(2)
𓜏 ("𓜏") -> ScopeId(2)
𓜐 ("𓜐") -> ScopeId(2)
𓜑 ("𓜑") -> ScopeId(2)
𓜒 ("𓜒") -> ScopeId(2)
𓜓 ("𓜓") -> ScopeId(2)
𓜔 ("𓜔") -> ScopeId(2)
𓜕 ("𓜕") -> ScopeId(2)
𓜖 ("𓜖") -> ScopeId(2)
𓜗 ("𓜗") -> ScopeId(2)
𓜘 ("𓜘") -> ScopeId(2)
𓜙 ("𓜙") -> ScopeId(2)
𓜚 ("𓜚") -> ScopeId(2)
𓜛 ("𓜛") -> ScopeId(2)
𓜜 ("𓜜") -> ScopeId(2)
𓜝 ("𓜝") -> ScopeId(2)
𓜞 ("𓜞") -> ScopeId(2)
𓜟 ("𓜟") -> ScopeId(2)
𓜠 ("𓜠") -> ScopeId(2)
𓜡 ("𓜡") -> ScopeId(2)
𓜢 ("𓜢") -> ScopeId(2)
𓜣 ("𓜣") -> ScopeId(2)
𓜤 ("𓜤") -> ScopeId(2)
𓜥 ("𓜥") -> ScopeId(2)
𓜦 ("𓜦") -> ScopeId(2)
𓜧 ("𓜧") -> ScopeId(2)
𓜨 ("𓜨") -> ScopeId(2)
𓜩 ("𓜩") -> ScopeId(2)
𓜪 ("𓜪") -> ScopeId(2)
𓜫 ("𓜫") -> ScopeId(2)
𓜬 ("𓜬") -> ScopeId(2)
𓜭 ("𓜭") -> ScopeId(2)
𓜮 ("𓜮") -> ScopeId(2)
𓜯 ("𓜯") -> ScopeId(2)
𓜰 ("𓜰") -> ScopeId(2)
𓜱 ("𓜱") -> ScopeId(2)
𓜲 ("𓜲") -> ScopeId(2)
𓜳 ("𓜳") -> ScopeId(2)
𓜴 ("𓜴") -> ScopeId(2)
𓜵 ("𓜵") -> ScopeId(2)
𓜶 ("𓜶") -> ScopeId(2)
𓜷 ("𓜷") -> ScopeId(2)
𓜸 ("𓜸") -> ScopeId(2)
𓜹 ("𓜹") -> ScopeId(2)
𓜺 ("𓜺") -> ScopeId(2)
𓜻 ("𓜻") -> ScopeId(2)
𓜼 ("𓜼") -> ScopeId(2)
𓜽 ("𓜽") -> ScopeId(2)
𓜾 ("𓜾") -> ScopeId(2)
𓜿 ("𓜿") -> ScopeId(2)
𓝀 ("𓝀") -> ScopeId(2)
𓝁 ("𓝁") -> ScopeId(2)
𓝂 ("𓝂") -> ScopeId(2)
𓝃 ("𓝃") -> ScopeId(2)
𓝄 ("𓝄") -> ScopeId(2)
𓝅 ("𓝅") -> ScopeId(2)
𓝆 ("𓝆") -> ScopeId(2)
𓝇 ("𓝇") -> ScopeId(2)
𓝈 ("𓝈") -> ScopeId(2)
𓝉 ("𓝉") -> ScopeId(2)
𓝊 ("𓝊") -> ScopeId(2)
𓝋 ("𓝋") -> ScopeId(2)
𓝌 ("𓝌") -> ScopeId(2)
𓝍 ("𓝍") -> ScopeId(2)
𓝎 ("𓝎") -> ScopeId(2)
𓝏 ("𓝏") -> ScopeId(2)
𓝐 ("𓝐") -> ScopeId(2)
𓝑 ("𓝑") -> ScopeId(2)
𓝒 ("𓝒") -> ScopeId(2)
𓝓 ("𓝓") -> ScopeId(2)
𓝔 ("𓝔") -> ScopeId(2)
𓝕 ("𓝕") -> ScopeId(2)
𓝖 ("𓝖") -> ScopeId(2)
𓝗 ("𓝗") -> ScopeId(2)
𓝘 ("𓝘") -> ScopeId(2)
𓝙 ("𓝙") -> ScopeId(2)
𓝚 ("𓝚") -> ScopeId(2)
𓝛 ("𓝛") -> ScopeId(2)
𓝜 ("𓝜") -> ScopeId(2)
𓝝 ("𓝝") -> ScopeId(2)
𓝞 ("𓝞") -> ScopeId(2)
𓝟 ("𓝟") -> ScopeId(2)
𓝠 ("𓝠") -> ScopeId(2)
𓝡 ("𓝡") -> ScopeId(2)
𓝢 ("𓝢") -> ScopeId(2)
𓝣 ("𓝣") -> ScopeId(2)
𓝤 ("𓝤") -> ScopeId(2)
𓝥 ("𓝥") -> ScopeId(2)
𓝦 ("𓝦") -> ScopeId(2)
𓝧 ("𓝧") -> ScopeId(2)
𓝨 ("𓝨") -> ScopeId(2)
𓝩 ("𓝩") -> ScopeId(2)
𓝪 ("𓝪") -> ScopeId(2)
𓝫 ("𓝫") -> ScopeId(2)
𓝬 ("𓝬") -> ScopeId(2)
𓝭 ("𓝭") -> ScopeId(2)
𓝮 ("𓝮") -> ScopeId(2)
𓝯 ("𓝯") -> ScopeId(2)
𓝰 ("𓝰") -> ScopeId(2)
𓝱 ("𓝱") -> ScopeId(2)
𓝲 ("𓝲") -> ScopeId(2)
𓝳 ("𓝳") -> ScopeId(2)
𓝴 ("𓝴") -> ScopeId(2)
𓝵 ("𓝵") -> ScopeId(2)
𓝶 ("𓝶") -> ScopeId(2)
𓝷 ("𓝷") -> ScopeId(2)
𓝸 ("𓝸") -> ScopeId(2)
𓝹 ("𓝹") -> ScopeId(2)
𓝺 ("𓝺") -> ScopeId(2)
𓝻 ("𓝻") -> ScopeId(2)
𓝼 ("𓝼") -> ScopeId(2)
𓝽 ("𓝽") -> ScopeId(2)
𓝾 ("𓝾") -> ScopeId(2)
𓝿 ("𓝿") -> ScopeId(2)
𓞀 ("𓞀") -> ScopeId(2)
𓞁 ("𓞁") -> ScopeId(2)
𓞂 ("𓞂") -> ScopeId(2)
𓞃 ("𓞃") -> ScopeId(2)
𓞄 ("𓞄") -> ScopeId(2)
𓞅 ("𓞅") -> ScopeId(2)
𓞆 ("𓞆") -> ScopeId(2)
𓞇 ("𓞇") -> ScopeId(2)
𓞈 ("𓞈") -> ScopeId(2)
𓞉 ("𓞉") -> ScopeId(2)
𓞊 ("𓞊") -> ScopeId(2)
𓞋 ("𓞋") -> ScopeId(2)
𓞌 ("𓞌") -> ScopeId(2)
𓞍 ("𓞍") -> ScopeId(2)
𓞎 ("𓞎") -> ScopeId(2)
𓞏 ("𓞏") -> ScopeId(2)
𓞐 ("𓞐") -> ScopeId(2)
𓞑 ("𓞑") -> ScopeId(2)
𓞒 ("𓞒") -> ScopeId(2)
𓞓 ("𓞓") -> ScopeId(2)
𓞔 ("𓞔") -> ScopeId(2)
𓞕 ("𓞕") -> ScopeId(2)
𓞖 ("𓞖") -> ScopeId(2)
𓞗 ("𓞗") -> ScopeId(2)
𓞘 ("𓞘") -> ScopeId(2)
𓞙 ("𓞙") -> ScopeId(2)
𓞚 ("𓞚") -> ScopeId(2)
𓞛 ("𓞛") -> ScopeId(2)
𓞜 ("𓞜") -> ScopeId(2)
𓞝 ("𓞝") -> ScopeId(2)
𓞞 ("𓞞") -> ScopeId(2)
𓞟 ("𓞟") -> ScopeId(2)
𓞠 ("𓞠") -> ScopeId(2)
𓞡 ("𓞡") -> ScopeId(2)
𓞢 ("𓞢") -> ScopeId(2)
𓞣 ("𓞣") -> ScopeId(2)
𓞤 ("𓞤") -> ScopeId(2)
𓞥 ("𓞥") -> ScopeId(2)
𓞦 ("𓞦") -> ScopeId(2)
𓞧 ("𓞧") -> ScopeId(2)
𓞨 ("𓞨") -> ScopeId(2)
𓞩 ("𓞩") -> ScopeId(2)
𓞪 ("𓞪") -> ScopeId(2)
𓞫 ("𓞫") -> ScopeId(2)
𓞬 ("𓞬") -> ScopeId(2)
𓞭 ("𓞭") -> ScopeId(2)
𓞮 ("𓞮") -> ScopeId(2)
𓞯 ("𓞯") -> ScopeId(2)
𓞰 ("𓞰") -> ScopeId(2)
𓞱 ("𓞱") -> ScopeId(2)
𓞲 ("𓞲") -> ScopeId(2)
𓞳 ("𓞳") -> ScopeId(2)
𓞴 ("𓞴") -> ScopeId(2)
𓞵 ("𓞵") -> ScopeId(2)
𓞶 ("𓞶") -> ScopeId(2)
𓞷 ("𓞷") -> ScopeId(2)
𓞸 ("𓞸") -> ScopeId(2)
𓞹 ("𓞹") -> ScopeId(2)
𓞺 ("𓞺") -> ScopeId(2)
𓞻 ("𓞻") -> ScopeId(2)
𓞼 ("𓞼") -> ScopeId(2)
𓞽 ("𓞽") -> ScopeId(2)
𓞾 ("𓞾") -> ScopeId(2)
𓞿 ("𓞿") -> ScopeId(2)
𓟀 ("𓟀") -> ScopeId(2)
𓟁 ("𓟁") -> ScopeId(2)
𓟂 ("𓟂") -> ScopeId(2)
𓟃 ("𓟃") -> ScopeId(2)
𓟄 ("𓟄") -> ScopeId(2)
𓟅 ("𓟅") -> ScopeId(2)
𓟆 ("𓟆") -> ScopeId(2)
𓟇 ("𓟇") -> ScopeId(2)
𓟈 ("𓟈") -> ScopeId(2)
𓟉 ("𓟉") -> ScopeId(2)
𓟊 ("𓟊") -> ScopeId(2)
𓟋 ("𓟋") -> ScopeId(2)
𓟌 ("𓟌") -> ScopeId(2)
𓟍 ("𓟍") -> ScopeId(2)
𓟎 ("𓟎") -> ScopeId(2)
𓟏 ("𓟏") -> ScopeId(2)
𓟐 ("𓟐") -> ScopeId(2)
𓟑 ("𓟑") -> ScopeId(2)
𓟒 ("𓟒") -> ScopeId(2)
𓟓 ("𓟓") -> ScopeId(2)
𓟔 ("𓟔") -> ScopeId(2)
𓟕 ("𓟕") -> ScopeId(2)
𓟖 ("𓟖") -> ScopeId(2)
𓟗 ("𓟗") -> ScopeId(2)
𓟘 ("𓟘") -> ScopeId(2)
𓟙 ("𓟙") -> ScopeId(2)
𓟚 ("𓟚") -> ScopeId(2)
𓟛 ("𓟛") -> ScopeId(2)
𓟜 ("𓟜") -> ScopeId(2)
𓟝 ("𓟝") -> ScopeId(2)
𓟞 ("𓟞") -> ScopeId(2)
𓟟 ("𓟟") -> ScopeId(2)
𓟠 ("𓟠") -> ScopeId(2)
𓟡 ("𓟡") -> ScopeId(2)
𓟢 ("𓟢") -> ScopeId(2)
𓟣 ("𓟣") -> ScopeId(2)
𓟤 ("𓟤") -> ScopeId(2)
𓟥 ("𓟥") -> ScopeId(2)
𓟦 ("𓟦") -> ScopeId(2)
𓟧 ("𓟧") -> ScopeId(2)
𓟨 ("𓟨") -> ScopeId(2)
𓟩 ("𓟩") -> ScopeId(2)
𓟪 ("𓟪") -> ScopeId(2)
𓟫 ("𓟫") -> ScopeId(2)
𓟬 ("𓟬") -> ScopeId(2)
𓟭 ("𓟭") -> ScopeId(2)
𓟮 ("𓟮") -> ScopeId(2)
𓟯 ("𓟯") -> ScopeId(2)
𓟰 ("𓟰") -> ScopeId(2)
𓟱 ("𓟱") -> ScopeId(2)
𓟲 ("𓟲") -> ScopeId(2)
𓟳 ("𓟳") -> ScopeId(2)
𓟴 ("𓟴") -> ScopeId(2)
𓟵 ("𓟵") -> ScopeId(2)
𓟶 ("𓟶") -> ScopeId(2)
𓟷 ("𓟷") -> ScopeId(2)
𓟸 ("𓟸") -> ScopeId(2)
𓟹 ("𓟹") -> ScopeId(2)
𓟺 ("𓟺") -> ScopeId(2)
𓟻 ("𓟻") -> ScopeId(2)
𓟼 ("𓟼") -> ScopeId(2)
𓟽 ("𓟽") -> ScopeId(2)
𓟾 ("𓟾") -> ScopeId(2)
𓟿 ("𓟿") -> ScopeId(2)
𓠀 ("𓠀") -> ScopeId(2)
𓠁 ("𓠁") -> ScopeId(2)
𓠂 ("𓠂") -> ScopeId(2)
𓠃 ("𓠃") -> ScopeId(2)
𓠄 ("𓠄") -> ScopeId(2)
𓠅 ("𓠅") -> ScopeId(2)
𓠆 ("𓠆") -> ScopeId(2)
𓠇 ("𓠇") -> ScopeId(2)
𓠈 ("𓠈") -> ScopeId(2)
𓠉 ("𓠉") -> ScopeId(2)
𓠊 ("𓠊") -> ScopeId(2)
𓠋 ("𓠋") -> ScopeId(2)
𓠌 ("𓠌") -> ScopeId(2)
𓠍 ("𓠍") -> ScopeId(2)
𓠎 ("𓠎") -> ScopeId(2)
𓠏 ("𓠏") -> ScopeId(2)
𓠐 ("𓠐") -> ScopeId(2)
𓠑 ("𓠑") -> ScopeId(2)
𓠒 ("𓠒") -> ScopeId(2)
𓠓 ("𓠓") -> ScopeId(2)
𓠔 ("𓠔") -> ScopeId(2)
𓠕 ("𓠕") -> ScopeId(2)
𓠖 ("𓠖") -> ScopeId(2)
𓠗 ("𓠗") -> ScopeId(2)
𓠘 ("𓠘") -> ScopeId(2)
𓠙 ("𓠙") -> ScopeId(2)
𓠚 ("𓠚") -> ScopeId(2)
𓠛 ("𓠛") -> ScopeId(2)
𓠜 ("𓠜") -> ScopeId(2)
𓠝 ("𓠝") -> ScopeId(2)
𓠞 ("𓠞") -> ScopeId(2)
𓠟 ("𓠟") -> ScopeId(2)
𓠠 ("𓠠") -> ScopeId(2)
𓠡 ("𓠡") -> ScopeId(2)
𓠢 ("𓠢") -> ScopeId(2)
𓠣 ("𓠣") -> ScopeId(2)
𓠤 ("𓠤") -> ScopeId(2)
𓠥 ("𓠥") -> ScopeId(2)
𓠦 ("𓠦") -> ScopeId(2)
𓠧 ("𓠧") -> ScopeId(2)
𓠨 ("𓠨") -> ScopeId(2)
𓠩 ("𓠩") -> ScopeId(2)
𓠪 ("𓠪") -> ScopeId(2)
𓠫 ("𓠫") -> ScopeId(2)
𓠬 ("𓠬") -> ScopeId(2)
𓠭 ("𓠭") -> ScopeId(2)
𓠮 ("𓠮") -> ScopeId(2)
𓠯 ("𓠯") -> ScopeId(2)
𓠰 ("𓠰") -> ScopeId(2)
𓠱 ("𓠱") -> ScopeId(2)
𓠲 ("𓠲") -> ScopeId(2)
𓠳 ("𓠳") -> ScopeId(2)
𓠴 ("𓠴") -> ScopeId(2)
𓠵 ("𓠵") -> ScopeId(2)
𓠶 ("𓠶") -> ScopeId(2)
𓠷 ("𓠷") -> ScopeId(2)
𓠸 ("𓠸") -> ScopeId(2)
𓠹 ("𓠹") -> ScopeId(2)
𓠺 ("𓠺") -> ScopeId(2)
𓠻 ("𓠻") -> ScopeId(2)
𓠼 ("𓠼") -> ScopeId(2)
𓠽 ("𓠽") -> ScopeId(2)
𓠾 ("𓠾") -> ScopeId(2)
𓠿 ("𓠿") -> ScopeId(2)
𓡀 ("𓡀") -> ScopeId(2)
𓡁 ("𓡁") -> ScopeId(2)
𓡂 ("𓡂") -> ScopeId(2)
𓡃 ("𓡃") -> ScopeId(2)
𓡄 ("𓡄") -> ScopeId(2)
𓡅 ("𓡅") -> ScopeId(2)
𓡆 ("𓡆") -> ScopeId(2)
𓡇 ("𓡇") -> ScopeId(2)
𓡈 ("𓡈") -> ScopeId(2)
𓡉 ("𓡉") -> ScopeId(2)
𓡊 ("𓡊") -> ScopeId(2)
𓡋 ("𓡋") -> ScopeId(2)
𓡌 ("𓡌") -> ScopeId(2)
𓡍 ("𓡍") -> ScopeId(2)
𓡎 ("𓡎") -> ScopeId(2)
𓡏 ("𓡏") -> ScopeId(2)
𓡐 ("𓡐") -> ScopeId(2)
𓡑 ("𓡑") -> ScopeId(2)
𓡒 ("𓡒") -> ScopeId(2)
𓡓 ("𓡓") -> ScopeId(2)
𓡔 ("𓡔") -> ScopeId(2)
𓡕 ("𓡕") -> ScopeId(2)
𓡖 ("𓡖") -> ScopeId(2)
𓡗 ("𓡗") -> ScopeId(2)
𓡘 ("𓡘") -> ScopeId(2)
𓡙 ("𓡙") -> ScopeId(2)
𓡚 ("𓡚") -> ScopeId(2)
𓡛 ("𓡛") -> ScopeId(2)
𓡜 ("𓡜") -> ScopeId(2)
𓡝 ("𓡝") -> ScopeId(2)
𓡞 ("𓡞") -> ScopeId(2)
𓡟 ("𓡟") -> ScopeId(2)
𓡠 ("𓡠") -> ScopeId(2)
𓡡 ("𓡡") -> ScopeId(2)
𓡢 ("𓡢") -> ScopeId(2)
𓡣 ("𓡣") -> ScopeId(2)
𓡤 ("𓡤") -> ScopeId(2)
𓡥 ("𓡥") -> ScopeId(2)
𓡦 ("𓡦") -> ScopeId(2)
𓡧 ("𓡧") -> ScopeId(2)
𓡨 ("𓡨") -> ScopeId(2)
𓡩 ("𓡩") -> ScopeId(2)
𓡪 ("𓡪") -> ScopeId(2)
𓡫 ("𓡫") -> ScopeId(2)
𓡬 ("𓡬") -> ScopeId(2)
𓡭 ("𓡭") -> ScopeId(2)
𓡮 ("𓡮") -> ScopeId(2)
𓡯 ("𓡯") -> ScopeId(2)
𓡰 ("𓡰") -> ScopeId(2)
𓡱 ("𓡱") -> ScopeId(2)
𓡲 ("𓡲") -> ScopeId(2)
𓡳 ("𓡳") -> ScopeId(2)
𓡴 ("𓡴") -> ScopeId(2)
𓡵 ("𓡵") -> ScopeId(2)
𓡶 ("𓡶") -> ScopeId(2)
𓡷 ("𓡷") -> ScopeId(2)
𓡸 ("𓡸") -> ScopeId(2)
𓡹 ("𓡹") -> ScopeId(2)
𓡺 ("𓡺") -> ScopeId(2)
𓡻 ("𓡻") -> ScopeId(2)
𓡼 ("𓡼") -> ScopeId(2)
𓡽 ("𓡽") -> ScopeId(2)
𓡾 ("𓡾") -> ScopeId(2)
𓡿 ("𓡿") -> ScopeId(2)
𓢀 ("𓢀") -> ScopeId(2)
𓢁 ("𓢁") -> ScopeId(2)
𓢂 ("𓢂") -> ScopeId(2)
𓢃 ("𓢃") -> ScopeId(2)
𓢄 ("𓢄") -> ScopeId(2)
𓢅 ("𓢅") -> ScopeId(2)
𓢆 ("𓢆") -> ScopeId(2)
𓢇 ("𓢇") -> ScopeId(2)
𓢈 ("𓢈") -> ScopeId(2)
𓢉 ("𓢉") -> ScopeId(2)
𓢊 ("𓢊") -> ScopeId(2)
𓢋 ("𓢋") -> ScopeId(2)
𓢌 ("𓢌") -> ScopeId(2)
𓢍 ("𓢍") -> ScopeId(2)
𓢎 ("𓢎") -> ScopeId(2)
𓢏 ("𓢏") -> ScopeId(2)
𓢐 ("𓢐") -> ScopeId(2)
𓢑 ("𓢑") -> ScopeId(2)
𓢒 ("𓢒") -> ScopeId(2)
𓢓 ("𓢓") -> ScopeId(2)
𓢔 ("𓢔") -> ScopeId(2)
𓢕 ("𓢕") -> ScopeId(2)
𓢖 ("𓢖") -> ScopeId(2)
𓢗 ("𓢗") -> ScopeId(2)
𓢘 ("𓢘") -> ScopeId(2)
𓢙 ("𓢙") -> ScopeId(2)
𓢚 ("𓢚") -> ScopeId(2)
𓢛 ("𓢛") -> ScopeId(2)
𓢜 ("𓢜") -> ScopeId(2)
𓢝 ("𓢝") -> ScopeId(2)
𓢞 ("𓢞") -> ScopeId(2)
𓢟 ("𓢟") -> ScopeId(2)
𓢠 ("𓢠") -> ScopeId(2)
𓢡 ("𓢡") -> ScopeId(2)
𓢢 ("𓢢") -> ScopeId(2)
𓢣 ("𓢣") -> ScopeId(2)
𓢤 ("𓢤") -> ScopeId(2)
𓢥 ("𓢥") -> ScopeId(2)
𓢦 ("𓢦") -> ScopeId(2)
𓢧 ("𓢧") -> ScopeId(2)
𓢨 ("𓢨") -> ScopeId(2)
𓢩 ("𓢩") -> ScopeId(2)
𓢪 ("𓢪") -> ScopeId(2)
𓢫 ("𓢫") -> ScopeId(2)
𓢬 ("𓢬") -> ScopeId(2)
𓢭 ("𓢭") -> ScopeId(2)
𓢮 ("𓢮") -> ScopeId(2)
𓢯 ("𓢯") -> ScopeId(2)
𓢰 ("𓢰") -> ScopeId(2)
𓢱 ("𓢱") -> ScopeId(2)
𓢲 ("𓢲") -> ScopeId(2)
𓢳 ("𓢳") -> ScopeId(2)
𓢴 ("𓢴") -> ScopeId(2)
𓢵 ("𓢵") -> ScopeId(2)
𓢶 ("𓢶") -> ScopeId(2)
𓢷 ("𓢷") -> ScopeId(2)
𓢸 ("𓢸") -> ScopeId(2)
𓢹 ("𓢹") -> ScopeId(2)
𓢺 ("𓢺") -> ScopeId(2)
𓢻 ("𓢻") -> ScopeId(2)
𓢼 ("𓢼") -> ScopeId(2)
𓢽 ("𓢽") -> ScopeId(2)
𓢾 ("𓢾") -> ScopeId(2)
𓢿 ("𓢿") -> ScopeId(2)
𓣀 ("𓣀") -> ScopeId(2)
𓣁 ("𓣁") -> ScopeId(2)
𓣂 ("𓣂") -> ScopeId(2)
𓣃 ("𓣃") -> ScopeId(2)
𓣄 ("𓣄") -> ScopeId(2)
𓣅 ("𓣅") -> ScopeId(2)
𓣆 ("𓣆") -> ScopeId(2)
𓣇 ("𓣇") -> ScopeId(2)
𓣈 ("𓣈") -> ScopeId(2)
𓣉 ("𓣉") -> ScopeId(2)
𓣊 ("𓣊") -> ScopeId(2)
𓣋 ("𓣋") -> ScopeId(2)
𓣌 ("𓣌") -> ScopeId(2)
𓣍 ("𓣍") -> ScopeId(2)
𓣎 ("𓣎") -> ScopeId(2)
𓣏 ("𓣏") -> ScopeId(2)
𓣐 ("𓣐") -> ScopeId(2)
𓣑 ("𓣑") -> ScopeId(2)
𓣒 ("𓣒") -> ScopeId(2)
𓣓 ("𓣓") -> ScopeId(2)
𓣔 ("𓣔") -> ScopeId(2)
𓣕 ("𓣕") -> ScopeId(2)
𓣖 ("𓣖") -> ScopeId(2)
𓣗 ("𓣗") -> ScopeId(2)
𓣘 ("𓣘") -> ScopeId(2)
𓣙 ("𓣙") -> ScopeId(2)
𓣚 ("𓣚") -> ScopeId(2)
𓣛 ("𓣛") -> ScopeId(2)
𓣜 ("𓣜") -> ScopeId(2)
𓣝 ("𓣝") -> ScopeId(2)
𓣞 ("𓣞") -> ScopeId(2)
𓣟 ("𓣟") -> ScopeId(2)
𓣠 ("𓣠") -> ScopeId(2)
𓣡 ("𓣡") -> ScopeId(2)
𓣢 ("𓣢") -> ScopeId(2)
𓣣 ("𓣣") -> ScopeId(2)
𓣤 ("𓣤") -> ScopeId(2)
𓣥 ("𓣥") -> ScopeId(2)
𓣦 ("𓣦") -> ScopeId(2)
𓣧 ("𓣧") -> ScopeId(2)
𓣨 ("𓣨") -> ScopeId(2)
𓣩 ("𓣩") -> ScopeId(2)
𓣪 ("𓣪") -> ScopeId(2)
𓣫 ("𓣫") -> ScopeId(2)
𓣬 ("𓣬") -> ScopeId(2)
𓣭 ("𓣭") -> ScopeId(2)
𓣮 ("𓣮") -> ScopeId(2)
𓣯 ("𓣯") -> ScopeId(2)
𓣰 ("𓣰") -> ScopeId(2)
𓣱 ("𓣱") -> ScopeId(2)
𓣲 ("𓣲") -> ScopeId(2)
𓣳 ("𓣳") -> ScopeId(2)
𓣴 ("𓣴") -> ScopeId(2)
𓣵 ("𓣵") -> ScopeId(2)
𓣶 ("𓣶") -> ScopeId(2)
𓣷 ("𓣷") -> ScopeId(2)
𓣸 ("𓣸") -> ScopeId(2)
𓣹 ("𓣹") -> ScopeId(2)
𓣺 ("𓣺") -> ScopeId(2)
𓣻 ("𓣻") -> ScopeId(2)
𓣼 ("𓣼") -> ScopeId(2)
𓣽 ("𓣽") -> ScopeId(2)
𓣾 ("𓣾") -> ScopeId(2)
𓣿 ("𓣿") -> ScopeId(2)
𓤀 ("𓤀") -> ScopeId(2)
𓤁 ("𓤁") -> ScopeId(2)
𓤂 ("𓤂") -> ScopeId(2)
𓤃 ("𓤃") -> ScopeId(2)
𓤄 ("𓤄") -> ScopeId(2)
𓤅 ("𓤅") -> ScopeId(2)
𓤆 ("𓤆") -> ScopeId(2)
𓤇 ("𓤇") -> ScopeId(2)
𓤈 ("𓤈") -> ScopeId(2)
𓤉 ("𓤉") -> ScopeId(2)
𓤊 ("𓤊") -> ScopeId(2)
𓤋 ("𓤋") -> ScopeId(2)
𓤌 ("𓤌") -> ScopeId(2)
𓤍 ("𓤍") -> ScopeId(2)
𓤎 ("𓤎") -> ScopeId(2)
𓤏 ("𓤏") -> ScopeId(2)
𓤐 ("𓤐") -> ScopeId(2)
𓤑 ("𓤑") -> ScopeId(2)
𓤒 ("𓤒") -> ScopeId(2)
𓤓 ("𓤓") -> ScopeId(2)
𓤔 ("𓤔") -> ScopeId(2)
𓤕 ("𓤕") -> ScopeId(2)
𓤖 ("𓤖") -> ScopeId(2)
𓤗 ("𓤗") -> ScopeId(2)
𓤘 ("𓤘") -> ScopeId(2)
𓤙 ("𓤙") -> ScopeId(2)
𓤚 ("𓤚") -> ScopeId(2)
𓤛 ("𓤛") -> ScopeId(2)
𓤜 ("𓤜") -> ScopeId(2)
𓤝 ("𓤝") -> ScopeId(2)
𓤞 ("𓤞") -> ScopeId(2)
𓤟 ("𓤟") -> ScopeId(2)
𓤠 ("𓤠") -> ScopeId(2)
𓤡 ("𓤡") -> ScopeId(2)
𓤢 ("𓤢") -> ScopeId(2)
𓤣 ("𓤣") -> ScopeId(2)
𓤤 ("𓤤") -> ScopeId(2)
𓤥 ("𓤥") -> ScopeId(2)
𓤦 ("𓤦") -> ScopeId(2)
𓤧 ("𓤧") -> ScopeId(2)
𓤨 ("𓤨") -> ScopeId(2)
𓤩 ("𓤩") -> ScopeId(2)
𓤪 ("𓤪") -> ScopeId(2)
𓤫 ("𓤫") -> ScopeId(2)
𓤬 ("𓤬") -> ScopeId(2)
𓤭 ("𓤭") -> ScopeId(2)
𓤮 ("𓤮") -> ScopeId(2)
𓤯 ("𓤯") -> ScopeId(2)
𓤰 ("𓤰") -> ScopeId(2)
𓤱 ("𓤱") -> ScopeId(2)
𓤲 ("𓤲") -> ScopeId(2)
𓤳 ("𓤳") -> ScopeId(2)
𓤴 ("𓤴") -> ScopeId(2)
𓤵 ("𓤵") -> ScopeId(2)
𓤶 ("𓤶") -> ScopeId(2)
𓤷 ("𓤷") -> ScopeId(2)
𓤸 ("𓤸") -> ScopeId(2)
𓤹 ("𓤹") -> ScopeId(2)
𓤺 ("𓤺") -> ScopeId(2)
𓤻 ("𓤻") -> ScopeId(2)
𓤼 ("𓤼") -> ScopeId(2)
𓤽 ("𓤽") -> ScopeId(2)
𓤾 ("𓤾") -> ScopeId(2)
𓤿 ("𓤿") -> ScopeId(2)
𓥀 ("𓥀") -> ScopeId(2)
𓥁 ("𓥁") -> ScopeId(2)
𓥂 ("𓥂") -> ScopeId(2)
𓥃 ("𓥃") -> ScopeId(2)
𓥄 ("𓥄") -> ScopeId(2)
𓥅 ("𓥅") -> ScopeId(2)
𓥆 ("𓥆") -> ScopeId(2)
𓥇 ("𓥇") -> ScopeId(2)
𓥈 ("𓥈") -> ScopeId(2)
𓥉 ("𓥉") -> ScopeId(2)
𓥊 ("𓥊") -> ScopeId(2)
𓥋 ("𓥋") -> ScopeId(2)
𓥌 ("𓥌") -> ScopeId(2)
𓥍 ("𓥍") -> ScopeId(2)
𓥎 ("𓥎") -> ScopeId(2)
𓥏 ("𓥏") -> ScopeId(2)
𓥐 ("𓥐") -> ScopeId(2)
𓥑 ("𓥑") -> ScopeId(2)
𓥒 ("𓥒") -> ScopeId(2)
𓥓 ("𓥓") -> ScopeId(2)
𓥔 ("𓥔") -> ScopeId(2)
𓥕 ("𓥕") -> ScopeId(2)
𓥖 ("𓥖") -> ScopeId(2)
𓥗 ("𓥗") -> ScopeId(2)
𓥘 ("𓥘") -> ScopeId(2)
𓥙 ("𓥙") -> ScopeId(2)
𓥚 ("𓥚") -> ScopeId(2)
𓥛 ("𓥛") -> ScopeId(2)
𓥜 ("𓥜") -> ScopeId(2)
𓥝 ("𓥝") -> ScopeId(2)
𓥞 ("𓥞") -> ScopeId(2)
𓥟 ("𓥟") -> ScopeId(2)
𓥠 ("𓥠") -> ScopeId(2)
𓥡 ("𓥡") -> ScopeId(2)
𓥢 ("𓥢") -> ScopeId(2)
𓥣 ("𓥣") -> ScopeId(2)
𓥤 ("𓥤") -> ScopeId(2)
𓥥 ("𓥥") -> ScopeId(2)
𓥦 ("𓥦") -> ScopeId(2)
𓥧 ("𓥧") -> ScopeId(2)
𓥨 ("𓥨") -> ScopeId(2)
𓥩 ("𓥩") -> ScopeId(2)
𓥪 ("𓥪") -> ScopeId(2)
𓥫 ("𓥫") -> ScopeId(2)
𓥬 ("𓥬") -> ScopeId(2)
𓥭 ("𓥭") -> ScopeId(2)
𓥮 ("𓥮") -> ScopeId(2)
𓥯 ("𓥯") -> ScopeId(2)
𓥰 ("𓥰") -> ScopeId(2)
𓥱 ("𓥱") -> ScopeId(2)
𓥲 ("𓥲") -> ScopeId(2)
𓥳 ("𓥳") -> ScopeId(2)
𓥴 ("𓥴") -> ScopeId(2)
𓥵 ("𓥵") -> ScopeId(2)
𓥶 ("𓥶") -> ScopeId(2)
𓥷 ("𓥷") -> ScopeId(2)
𓥸 ("𓥸") -> ScopeId(2)
𓥹 ("𓥹") -> ScopeId(2)
𓥺 ("𓥺") -> ScopeId(2)
𓥻 ("𓥻") -> ScopeId(2)
𓥼 ("𓥼") -> ScopeId(2)
𓥽 ("𓥽") -> ScopeId(2)
𓥾 ("𓥾") -> ScopeId(2)
𓥿 ("𓥿") -> ScopeId(2)
𓦀 ("𓦀") -> ScopeId(2)
𓦁 ("𓦁") -> ScopeId(2)
𓦂 ("𓦂") -> ScopeId(2)
𓦃 ("𓦃") -> ScopeId(2)
𓦄 ("𓦄") -> ScopeId(2)
𓦅 ("𓦅") -> ScopeId(2)
𓦆 ("𓦆") -> ScopeId(2)
𓦇 ("𓦇") -> ScopeId(2)
𓦈 ("𓦈") -> ScopeId(2)
𓦉 ("𓦉") -> ScopeId(2)
𓦊 ("𓦊") -> ScopeId(2)
𓦋 ("𓦋") -> ScopeId(2)
𓦌 ("𓦌") -> ScopeId(2)
𓦍 ("𓦍") -> ScopeId(2)
𓦎 ("𓦎") -> ScopeId(2)
𓦏 ("𓦏") -> ScopeId(2)
𓦐 ("𓦐") -> ScopeId(2)
𓦑 ("𓦑") -> ScopeId(2)
𓦒 ("𓦒") -> ScopeId(2)
𓦓 ("𓦓") -> ScopeId(2)
𓦔 ("𓦔") -> ScopeId(2)
𓦕 ("𓦕") -> ScopeId(2)
𓦖 ("𓦖") -> ScopeId(2)
𓦗 ("𓦗") -> ScopeId(2)
𓦘 ("𓦘") -> ScopeId(2)
𓦙 ("𓦙") -> ScopeId(2)
𓦚 ("𓦚") -> ScopeId(2)
𓦛 ("𓦛") -> ScopeId(2)
𓦜 ("𓦜") -> ScopeId(2)
𓦝 ("𓦝") -> ScopeId(2)
𓦞 ("𓦞") -> ScopeId(2)
𓦟 ("𓦟") -> ScopeId(2)
𓦠 ("𓦠") -> ScopeId(2)
𓦡 ("𓦡") -> ScopeId(2)
𓦢 ("𓦢") -> ScopeId(2)
𓦣 ("𓦣") -> ScopeId(2)
𓦤 ("𓦤") -> ScopeId(2)
𓦥 ("𓦥") -> ScopeId(2)
𓦦 ("𓦦") -> ScopeId(2)
𓦧 ("𓦧") -> ScopeId(2)
𓦨 ("𓦨") -> ScopeId(2)
𓦩 ("𓦩") -> ScopeId(2)
𓦪 ("𓦪") -> ScopeId(2)
𓦫 ("𓦫") -> ScopeId(2)
𓦬 ("𓦬") -> ScopeId(2)
𓦭 ("𓦭") -> ScopeId(2)
𓦮 ("𓦮") -> ScopeId(2)
𓦯 ("𓦯") -> ScopeId(2)
𓦰 ("𓦰") -> ScopeId(2)
𓦱 ("𓦱") -> ScopeId(2)
𓦲 ("𓦲") -> ScopeId(2)
𓦳 ("𓦳") -> ScopeId(2)
𓦴 ("𓦴") -> ScopeId(2)
𓦵 ("𓦵") -> ScopeId(2)
𓦶 ("𓦶") -> ScopeId(2)
𓦷 ("𓦷") -> ScopeId(2)
𓦸 ("𓦸") -> ScopeId(2)
𓦹 ("𓦹") -> ScopeId(2)
𓦺 ("𓦺") -> ScopeId(2)
𓦻 ("𓦻") -> ScopeId(2)
𓦼 ("𓦼") -> ScopeId(2)
𓦽 ("𓦽") -> ScopeId(2)
𓦾 ("𓦾") -> ScopeId(2)
𓦿 ("𓦿") -> ScopeId(2)
𓧀 ("𓧀") -> ScopeId(2)
𓧁 ("𓧁") -> ScopeId(2)
𓧂 ("𓧂") -> ScopeId(2)
𓧃 ("𓧃") -> ScopeId(2)
𓧄 ("𓧄") -> ScopeId(2)
𓧅 ("𓧅") -> ScopeId(2)
𓧆 ("𓧆") -> ScopeId(2)
𓧇 ("𓧇") -> ScopeId(2)
𓧈 ("𓧈") -> ScopeId(2)
𓧉 ("𓧉") -> ScopeId(2)
𓧊 ("𓧊") -> ScopeId(2)
𓧋 ("𓧋") -> ScopeId(2)
𓧌 ("𓧌") -> ScopeId(2)
𓧍 ("𓧍") -> ScopeId(2)
𓧎 ("𓧎") -> ScopeId(2)
𓧏 ("𓧏") -> ScopeId(2)
𓧐 ("𓧐") -> ScopeId(2)
𓧑 ("𓧑") -> ScopeId(2)
𓧒 ("𓧒") -> ScopeId(2)
𓧓 ("𓧓") -> ScopeId(2)
𓧔 ("𓧔") -> ScopeId(2)
𓧕 ("𓧕") -> ScopeId(2)
𓧖 ("𓧖") -> ScopeId(2)
𓧗 ("𓧗") -> ScopeId(2)
𓧘 ("𓧘") -> ScopeId(2)
𓧙 ("𓧙") -> ScopeId(2)
𓧚 ("𓧚") -> ScopeId(2)
𓧛 ("𓧛") -> ScopeId(2)
𓧜 ("𓧜") -> ScopeId(2)
𓧝 ("𓧝") -> ScopeId(2)
𓧞 ("𓧞") -> ScopeId(2)
𓧟 ("𓧟") -> ScopeId(2)
𓧠 ("𓧠") -> ScopeId(2)
𓧡 ("𓧡") -> ScopeId(2)
𓧢 ("𓧢") -> ScopeId(2)
𓧣 ("𓧣") -> ScopeId(2)
𓧤 ("𓧤") -> ScopeId(2)
𓧥 ("𓧥") -> ScopeId(2)
𓧦 ("𓧦") -> ScopeId(2)
𓧧 ("𓧧") -> ScopeId(2)
𓧨 ("𓧨") -> ScopeId(2)
𓧩 ("𓧩") -> ScopeId(2)
𓧪 ("𓧪") -> ScopeId(2)
𓧫 ("𓧫") -> ScopeId(2)
𓧬 ("𓧬") -> ScopeId(2)
𓧭 ("𓧭") -> ScopeId(2)
𓧮 ("𓧮") -> ScopeId(2)
𓧯 ("𓧯") -> ScopeId(2)
𓧰 ("𓧰") -> ScopeId(2)
𓧱 ("𓧱") -> ScopeId(2)
𓧲 ("𓧲") -> ScopeId(2)
𓧳 ("𓧳") -> ScopeId(2)
𓧴 ("𓧴") -> ScopeId(2)
𓧵 ("𓧵") -> ScopeId(2)
𓧶 ("𓧶") -> ScopeId(2)
𓧷 ("𓧷") -> ScopeId(2)
𓧸 ("𓧸") -> ScopeId(2)
𓧹 ("𓧹") -> ScopeId(2)
𓧺 ("𓧺") -> ScopeId(2)
𓧻 ("𓧻") -> ScopeId(2)
𓧼 ("𓧼") -> ScopeId(2)
𓧽 ("𓧽") -> ScopeId(2)
𓧾 ("𓧾") -> ScopeId(2)
𓧿 ("𓧿") -> ScopeId(2)
𓨀 ("𓨀") -> ScopeId(2)
𓨁 ("𓨁") -> ScopeId(2)
𓨂 ("𓨂") -> ScopeId(2)
𓨃 ("𓨃") -> ScopeId(2)
𓨄 ("𓨄") -> ScopeId(2)
𓨅 ("𓨅") -> ScopeId(2)
𓨆 ("𓨆") -> ScopeId(2)
𓨇 ("𓨇") -> ScopeId(2)
𓨈 ("𓨈") -> ScopeId(2)
𓨉 ("𓨉") -> ScopeId(2)
𓨊 ("𓨊") -> ScopeId(2)
𓨋 ("𓨋") -> ScopeId(2)
𓨌 ("𓨌") -> ScopeId(2)
𓨍 ("𓨍") -> ScopeId(2)
𓨎 ("𓨎") -> ScopeId(2)
𓨏 ("𓨏") -> ScopeId(2)
𓨐 ("𓨐") -> ScopeId(2)
𓨑 ("𓨑") -> ScopeId(2)
𓨒 ("𓨒") -> ScopeId(2)
𓨓 ("𓨓") -> ScopeId(2)
𓨔 ("𓨔") -> ScopeId(2)
𓨕 ("𓨕") -> ScopeId(2)
𓨖 ("𓨖") -> ScopeId(2)
𓨗 ("𓨗") -> ScopeId(2)
𓨘 ("𓨘") -> ScopeId(2)
𓨙 ("𓨙") -> ScopeId(2)
𓨚 ("𓨚") -> ScopeId(2)
𓨛 ("𓨛") -> ScopeId(2)
𓨜 ("𓨜") -> ScopeId(2)
𓨝 ("𓨝") -> ScopeId(2)
𓨞 ("𓨞") -> ScopeId(2)
𓨟 ("𓨟") -> ScopeId(2)
𓨠 ("𓨠") -> ScopeId(2)
𓨡 ("𓨡") -> ScopeId(2)
𓨢 ("𓨢") -> ScopeId(2)
𓨣 ("𓨣") -> ScopeId(2)
𓨤 ("𓨤") -> ScopeId(2)
𓨥 ("𓨥") -> ScopeId(2)
𓨦 ("𓨦") -> ScopeId(2)
𓨧 ("𓨧") -> ScopeId(2)
𓨨 ("𓨨") -> ScopeId(2)
𓨩 ("𓨩") -> ScopeId(2)
𓨪 ("𓨪") -> ScopeId(2)
𓨫 ("𓨫") -> ScopeId(2)
𓨬 ("𓨬") -> ScopeId(2)
𓨭 ("𓨭") -> ScopeId(2)
𓨮 ("𓨮") -> ScopeId(2)
𓨯 ("𓨯") -> ScopeId(2)
𓨰 ("𓨰") -> ScopeId(2)
𓨱 ("𓨱") -> ScopeId(2)
𓨲 ("𓨲") -> ScopeId(2)
𓨳 ("𓨳") -> ScopeId(2)
𓨴 ("𓨴") -> ScopeId(2)
𓨵 ("𓨵") -> ScopeId(2)
𓨶 ("𓨶") -> ScopeId(2)
𓨷 ("𓨷") -> ScopeId(2)
𓨸 ("𓨸") -> ScopeId(2)
𓨹 ("𓨹") -> ScopeId(2)
𓨺 ("𓨺") -> ScopeId(2)
𓨻 ("𓨻") -> ScopeId(2)
𓨼 ("𓨼") -> ScopeId(2)
𓨽 ("𓨽") -> ScopeId(2)
𓨾 ("𓨾") -> ScopeId(2)
𓨿 ("𓨿") -> ScopeId(2)
𓩀 ("𓩀") -> ScopeId(2)
𓩁 ("𓩁") -> ScopeId(2)
𓩂 ("𓩂") -> ScopeId(2)
𓩃 ("𓩃") -> ScopeId(2)
𓩄 ("𓩄") -> ScopeId(2)
𓩅 ("𓩅") -> ScopeId(2)
𓩆 ("𓩆") -> ScopeId(2)
𓩇 ("𓩇") -> ScopeId(2)
𓩈 ("𓩈") -> ScopeId(2)
𓩉 ("𓩉") -> ScopeId(2)
𓩊 ("𓩊") -> ScopeId(2)
𓩋 ("𓩋") -> ScopeId(2)
𓩌 ("𓩌") -> ScopeId(2)
𓩍 ("𓩍") -> ScopeId(2)
𓩎 ("𓩎") -> ScopeId(2)
𓩏 ("𓩏") -> ScopeId(2)
𓩐 ("𓩐") -> ScopeId(2)
𓩑 ("𓩑") -> ScopeId(2)
𓩒 ("𓩒") -> ScopeId(2)
𓩓 ("𓩓") -> ScopeId(2)
𓩔 ("𓩔") -> ScopeId(2)
𓩕 ("𓩕") -> ScopeId(2)
𓩖 ("𓩖") -> ScopeId(2)
𓩗 ("𓩗") -> ScopeId(2)
𓩘 ("𓩘") -> ScopeId(2)
𓩙 ("𓩙") -> ScopeId(2)
𓩚 ("𓩚") -> ScopeId(2)
𓩛 ("𓩛") -> ScopeId(2)
𓩜 ("𓩜") -> ScopeId(2)
𓩝 ("𓩝") -> ScopeId(2)
𓩞 ("𓩞") -> ScopeId(2)
𓩟 ("𓩟") -> ScopeId(2)
𓩠 ("𓩠") -> ScopeId(2)
𓩡 ("𓩡") -> ScopeId(2)
𓩢 ("𓩢") -> ScopeId(2)
𓩣 ("𓩣") -> ScopeId(2)
𓩤 ("𓩤") -> ScopeId(2)
𓩥 ("𓩥") -> ScopeId(2)
𓩦 ("𓩦") -> ScopeId(2)
𓩧 ("𓩧") -> ScopeId(2)
𓩨 ("𓩨") -> ScopeId(2)
𓩩 ("𓩩") -> ScopeId(2)
𓩪 ("𓩪") -> ScopeId(2)
𓩫 ("𓩫") -> ScopeId(2)
𓩬 ("𓩬") -> ScopeId(2)
𓩭 ("𓩭") -> ScopeId(2)
𓩮 ("𓩮") -> ScopeId(2)
𓩯 ("𓩯") -> ScopeId(2)
𓩰 ("𓩰") -> ScopeId(2)
𓩱 ("𓩱") -> ScopeId(2)
𓩲 ("𓩲") -> ScopeId(2)
𓩳 ("𓩳") -> ScopeId(2)
𓩴 ("𓩴") -> ScopeId(2)
𓩵 ("𓩵") -> ScopeId(2)
𓩶 ("𓩶") -> ScopeId(2)
𓩷 ("𓩷") -> ScopeId(2)
𓩸 ("𓩸") -> ScopeId(2)
𓩹 ("𓩹") -> ScopeId(2)
𓩺 ("𓩺") -> ScopeId(2)
𓩻 ("𓩻") -> ScopeId(2)
𓩼 ("𓩼") -> ScopeId(2)
𓩽 ("𓩽") -> ScopeId(2)
𓩾 ("𓩾") -> ScopeId(2)
𓩿 ("𓩿") -> ScopeId(2)
𓪀 ("𓪀") -> ScopeId(2)
𓪁 ("𓪁") -> ScopeId(2)
𓪂 ("𓪂") -> ScopeId(2)
𓪃 ("𓪃") -> ScopeId(2)
𓪄 ("𓪄") -> ScopeId(2)
𓪅 ("𓪅") -> ScopeId(2)
𓪆 ("𓪆") -> ScopeId(2)
𓪇 ("𓪇") -> ScopeId(2)
𓪈 ("𓪈") -> ScopeId(2)
𓪉 ("𓪉") -> ScopeId(2)
𓪊 ("𓪊") -> ScopeId(2)
𓪋 ("𓪋") -> ScopeId(2)
𓪌 ("𓪌") -> ScopeId(2)
𓪍 ("𓪍") -> ScopeId(2)
𓪎 ("𓪎") -> ScopeId(2)
𓪏 ("𓪏") -> ScopeId(2)
𓪐 ("𓪐") -> ScopeId(2)
𓪑 ("𓪑") -> ScopeId(2)
𓪒 ("𓪒") -> ScopeId(2)
𓪓 ("𓪓") -> ScopeId(2)
𓪔 ("𓪔") -> ScopeId(2)
𓪕 ("𓪕") -> ScopeId(2)
𓪖 ("𓪖") -> ScopeId(2)
𓪗 ("𓪗") -> ScopeId(2)
𓪘 ("𓪘") -> ScopeId(2)
𓪙 ("𓪙") -> ScopeId(2)
𓪚 ("𓪚") -> ScopeId(2)
𓪛 ("𓪛") -> ScopeId(2)
𓪜 ("𓪜") -> ScopeId(2)
𓪝 ("𓪝") -> ScopeId(2)
𓪞 ("𓪞") -> ScopeId(2)
𓪟 ("𓪟") -> ScopeId(2)
𓪠 ("𓪠") -> ScopeId(2)
𓪡 ("𓪡") -> ScopeId(2)
𓪢 ("𓪢") -> ScopeId(2)
𓪣 ("𓪣") -> ScopeId(2)
𓪤 ("𓪤") -> ScopeId(2)
𓪥 ("𓪥") -> ScopeId(2)
𓪦 ("𓪦") -> ScopeId(2)
𓪧 ("𓪧") -> ScopeId(2)
𓪨 ("𓪨") -> ScopeId(2)
𓪩 ("𓪩") -> ScopeId(2)
𓪪 ("𓪪") -> ScopeId(2)
𓪫 ("𓪫") -> ScopeId(2)
𓪬 ("𓪬") -> ScopeId(2)
𓪭 ("𓪭") -> ScopeId(2)
𓪮 ("𓪮") -> ScopeId(2)
𓪯 ("𓪯") -> ScopeId(2)
𓪰 ("𓪰") -> ScopeId(2)
𓪱 ("𓪱") -> ScopeId(2)
𓪲 ("𓪲") -> ScopeId(2)
𓪳 ("𓪳") -> ScopeId(2)
𓪴 ("𓪴") -> ScopeId(2)
𓪵 ("𓪵") -> ScopeId(2)
𓪶 ("𓪶") -> ScopeId(2)
𓪷 ("𓪷") -> ScopeId(2)
𓪸 ("𓪸") -> ScopeId(2)
𓪹 ("𓪹") -> ScopeId(2)
𓪺 ("𓪺") -> ScopeId(2)
𓪻 ("𓪻") -> ScopeId(2)
𓪼 ("𓪼") -> ScopeId(2)
𓪽 ("𓪽") -> ScopeId(2)
𓪾 ("𓪾") -> ScopeId(2)
𓪿 ("𓪿") -> ScopeId(2)
𓫀 ("𓫀") -> ScopeId(2)
𓫁 ("𓫁") -> ScopeId(2)
𓫂 ("𓫂") -> ScopeId(2)
𓫃 ("𓫃") -> ScopeId(2)
𓫄 ("𓫄") -> ScopeId(2)
𓫅 ("𓫅") -> ScopeId(2)
𓫆 ("𓫆") -> ScopeId(2)
𓫇 ("𓫇") -> ScopeId(2)
𓫈 ("𓫈") -> ScopeId(2)
𓫉 ("𓫉") -> ScopeId(2)
𓫊 ("𓫊") -> ScopeId(2)
𓫋 ("𓫋") -> ScopeId(2)
𓫌 ("𓫌") -> ScopeId(2)
𓫍 ("𓫍") -> ScopeId(2)
𓫎 ("𓫎") -> ScopeId(2)
𓫏 ("𓫏") -> ScopeId(2)
𓫐 ("𓫐") -> ScopeId(2)
𓫑 ("𓫑") -> ScopeId(2)
𓫒 ("𓫒") -> ScopeId(2)
𓫓 ("𓫓") -> ScopeId(2)
𓫔 ("𓫔") -> ScopeId(2)
𓫕 ("𓫕") -> ScopeId(2)
𓫖 ("𓫖") -> ScopeId(2)
𓫗 ("𓫗") -> ScopeId(2)
𓫘 ("𓫘") -> ScopeId(2)
𓫙 ("𓫙") -> ScopeId(2)
𓫚 ("𓫚") -> ScopeId(2)
𓫛 ("𓫛") -> ScopeId(2)
𓫜 ("𓫜") -> ScopeId(2)
𓫝 ("𓫝") -> ScopeId(2)
𓫞 ("𓫞") -> ScopeId(2)
𓫟 ("𓫟") -> ScopeId(2)
𓫠 ("𓫠") -> ScopeId(2)
𓫡 ("𓫡") -> ScopeId(2)
𓫢 ("𓫢") -> ScopeId(2)
𓫣 ("𓫣") -> ScopeId(2)
𓫤 ("𓫤") -> ScopeId(2)
𓫥 ("𓫥") -> ScopeId(2)
𓫦 ("𓫦") -> ScopeId(2)
𓫧 ("𓫧") -> ScopeId(2)
𓫨 ("𓫨") -> ScopeId(2)
𓫩 ("𓫩") -> ScopeId(2)
𓫪 ("𓫪") -> ScopeId(2)
𓫫 ("𓫫") -> ScopeId(2)
𓫬 ("𓫬") -> ScopeId(2)
𓫭 ("𓫭") -> ScopeId(2)
𓫮 ("𓫮") -> ScopeId(2)
𓫯 ("𓫯") -> ScopeId(2)
𓫰 ("𓫰") -> ScopeId(2)
𓫱 ("𓫱") -> ScopeId(2)
𓫲 ("𓫲") -> ScopeId(2)
𓫳 ("𓫳") -> ScopeId(2)
𓫴 ("𓫴") -> ScopeId(2)
𓫵 ("𓫵") -> ScopeId(2)
𓫶 ("𓫶") -> ScopeId(2)
𓫷 ("𓫷") -> ScopeId(2)
𓫸 ("𓫸") -> ScopeId(2)
𓫹 ("𓫹") -> ScopeId(2)
𓫺 ("𓫺") -> ScopeId(2)
𓫻 ("𓫻") -> ScopeId(2)
𓫼 ("𓫼") -> ScopeId(2)
𓫽 ("𓫽") -> ScopeId(2)
𓫾 ("𓫾") -> ScopeId(2)
𓫿 ("𓫿") -> ScopeId(2)
𓬀 ("𓬀") -> ScopeId(2)
𓬁 ("𓬁") -> ScopeId(2)
𓬂 ("𓬂") -> ScopeId(2)
𓬃 ("𓬃") -> ScopeId(2)
𓬄 ("𓬄") -> ScopeId(2)
𓬅 ("𓬅") -> ScopeId(2)
𓬆 ("𓬆") -> ScopeId(2)
𓬇 ("𓬇") -> ScopeId(2)
𓬈 ("𓬈") -> ScopeId(2)
𓬉 ("𓬉") -> ScopeId(2)
𓬊 ("𓬊") -> ScopeId(2)
𓬋 ("𓬋") -> ScopeId(2)
𓬌 ("𓬌") -> ScopeId(2)
𓬍 ("𓬍") -> ScopeId(2)
𓬎 ("𓬎") -> ScopeId(2)
𓬏 ("𓬏") -> ScopeId(2)
𓬐 ("𓬐") -> ScopeId(2)
𓬑 ("𓬑") -> ScopeId(2)
𓬒 ("𓬒") -> ScopeId(2)
𓬓 ("𓬓") -> ScopeId(2)
𓬔 ("𓬔") -> ScopeId(2)
𓬕 ("𓬕") -> ScopeId(2)
𓬖 ("𓬖") -> ScopeId(2)
𓬗 ("𓬗") -> ScopeId(2)
𓬘 ("𓬘") -> ScopeId(2)
𓬙 ("𓬙") -> ScopeId(2)
𓬚 ("𓬚") -> ScopeId(2)
𓬛 ("𓬛") -> ScopeId(2)
𓬜 ("𓬜") -> ScopeId(2)
𓬝 ("𓬝") -> ScopeId(2)
𓬞 ("𓬞") -> ScopeId(2)
𓬟 ("𓬟") -> ScopeId(2)
𓬠 ("𓬠") -> ScopeId(2)
𓬡 ("𓬡") -> ScopeId(2)
𓬢 ("𓬢") -> ScopeId(2)
𓬣 ("𓬣") -> ScopeId(2)
𓬤 ("𓬤") -> ScopeId(2)
𓬥 ("𓬥") -> ScopeId(2)
𓬦 ("𓬦") -> ScopeId(2)
𓬧 ("𓬧") -> ScopeId(2)
𓬨 ("𓬨") -> ScopeId(2)
𓬩 ("𓬩") -> ScopeId(2)
𓬪 ("𓬪") -> ScopeId(2)
𓬫 ("𓬫") -> ScopeId(2)
𓬬 ("𓬬") -> ScopeId(2)
𓬭 ("𓬭") -> ScopeId(2)
𓬮 ("𓬮") -> ScopeId(2)
𓬯 ("𓬯") -> ScopeId(2)
𓬰 ("𓬰") -> ScopeId(2)
𓬱 ("𓬱") -> ScopeId(2)
𓬲 ("𓬲") -> ScopeId(2)
𓬳 ("𓬳") -> ScopeId(2)
𓬴 ("𓬴") -> ScopeId(2)
𓬵 ("𓬵") -> ScopeId(2)
𓬶 ("𓬶") -> ScopeId(2)
𓬷 ("𓬷") -> ScopeId(2)
𓬸 ("𓬸") -> ScopeId(2)
𓬹 ("𓬹") -> ScopeId(2)
𓬺 ("𓬺") -> ScopeId(2)
𓬻 ("𓬻") -> ScopeId(2)
𓬼 ("𓬼") -> ScopeId(2)
𓬽 ("𓬽") -> ScopeId(2)
𓬾 ("𓬾") -> ScopeId(2)
𓬿 ("𓬿") -> ScopeId(2)
𓭀 ("𓭀") -> ScopeId(2)
𓭁 ("𓭁") -> ScopeId(2)
𓭂 ("𓭂") -> ScopeId(2)
𓭃 ("𓭃") -> ScopeId(2)
𓭄 ("𓭄") -> ScopeId(2)
𓭅 ("𓭅") -> ScopeId(2)
𓭆 ("𓭆") -> ScopeId(2)
𓭇 ("𓭇") -> ScopeId(2)
𓭈 ("𓭈") -> ScopeId(2)
𓭉 ("𓭉") -> ScopeId(2)
𓭊 ("𓭊") -> ScopeId(2)
𓭋 ("𓭋") -> ScopeId(2)
𓭌 ("𓭌") -> ScopeId(2)
𓭍 ("𓭍") -> ScopeId(2)
𓭎 ("𓭎") -> ScopeId(2)
𓭏 ("𓭏") -> ScopeId(2)
𓭐 ("𓭐") -> ScopeId(2)
𓭑 ("𓭑") -> ScopeId(2)
𓭒 ("𓭒") -> ScopeId(2)
𓭓 ("𓭓") -> ScopeId(2)
𓭔 ("𓭔") -> ScopeId(2)
𓭕 ("𓭕") -> ScopeId(2)
𓭖 ("𓭖") -> ScopeId(2)
𓭗 ("𓭗") -> ScopeId(2)
𓭘 ("𓭘") -> ScopeId(2)
𓭙 ("𓭙") -> ScopeId(2)
𓭚 ("𓭚") -> ScopeId(2)
𓭛 ("𓭛") -> ScopeId(2)
𓭜 ("𓭜") -> ScopeId(2)
𓭝 ("𓭝") -> ScopeId(2)
𓭞 ("𓭞") -> ScopeId(2)
𓭟 ("𓭟") -> ScopeId(2)
𓭠 ("𓭠") -> ScopeId(2)
𓭡 ("𓭡") -> ScopeId(2)
𓭢 ("𓭢") -> ScopeId(2)
𓭣 ("𓭣") -> ScopeId(2)
𓭤 ("𓭤") -> ScopeId(2)
𓭥 ("𓭥") -> ScopeId(2)
𓭦 ("𓭦") -> ScopeId(2)
𓭧 ("𓭧") -> ScopeId(2)
𓭨 ("𓭨") -> ScopeId(2)
𓭩 ("𓭩") -> ScopeId(2)
𓭪 ("𓭪") -> ScopeId(2)
𓭫 ("𓭫") -> ScopeId(2)
𓭬 ("𓭬") -> ScopeId(2)
𓭭 ("𓭭") -> ScopeId(2)
𓭮 ("𓭮") -> ScopeId(2)
𓭯 ("𓭯") -> ScopeId(2)
𓭰 ("𓭰") -> ScopeId(2)
𓭱 ("𓭱") -> ScopeId(2)
𓭲 ("𓭲") -> ScopeId(2)
𓭳 ("𓭳") -> ScopeId(2)
𓭴 ("𓭴") -> ScopeId(2)
𓭵 ("𓭵") -> ScopeId(2)
𓭶 ("𓭶") -> ScopeId(2)
𓭷 ("𓭷") -> ScopeId(2)
𓭸 ("𓭸") -> ScopeId(2)
𓭹 ("𓭹") -> ScopeId(2)
𓭺 ("𓭺") -> ScopeId(2)
𓭻 ("𓭻") -> ScopeId(2)
𓭼 ("𓭼") -> ScopeId(2)
𓭽 ("𓭽") -> ScopeId(2)
𓭾 ("𓭾") -> ScopeId(2)
𓭿 ("𓭿") -> ScopeId(2)
𓮀 ("𓮀") -> ScopeId(2)
𓮁 ("𓮁") -> ScopeId(2)
𓮂 ("𓮂") -> ScopeId(2)
𓮃 ("𓮃") -> ScopeId(2)
𓮄 ("𓮄") -> ScopeId(2)
𓮅 ("𓮅") -> ScopeId(2)
𓮆 ("𓮆") -> ScopeId(2)
𓮇 ("𓮇") -> ScopeId(2)
𓮈 ("𓮈") -> ScopeId(2)
𓮉 ("𓮉") -> ScopeId(2)
𓮊 ("𓮊") -> ScopeId(2)
𓮋 ("𓮋") -> ScopeId(2)
𓮌 ("𓮌") -> ScopeId(2)
𓮍 ("𓮍") -> ScopeId(2)
𓮎 ("𓮎") -> ScopeId(2)
𓮏 ("𓮏") -> ScopeId(2)
𓮐 ("𓮐") -> ScopeId(2)
𓮑 ("𓮑") -> ScopeId(2)
𓮒 ("𓮒") -> ScopeId(2)
𓮓 ("𓮓") -> ScopeId(2)
𓮔 ("𓮔") -> ScopeId(2)
𓮕 ("𓮕") -> ScopeId(2)
𓮖 ("𓮖") -> ScopeId(2)
𓮗 ("𓮗") -> ScopeId(2)
𓮘 ("𓮘") -> ScopeId(2)
𓮙 ("𓮙") -> ScopeId(2)
𓮚 ("𓮚") -> ScopeId(2)
𓮛 ("𓮛") -> ScopeId(2)
𓮜 ("𓮜") -> ScopeId(2)
𓮝 ("𓮝") -> ScopeId(2)
𓮞 ("𓮞") -> ScopeId(2)
𓮟 ("𓮟") -> ScopeId(2)
𓮠 ("𓮠") -> ScopeId(2)
𓮡 ("𓮡") -> ScopeId(2)
𓮢 ("𓮢") -> ScopeId(2)
𓮣 ("𓮣") -> ScopeId(2)
𓮤 ("𓮤") -> ScopeId(2)
𓮥 ("𓮥") -> ScopeId(2)
𓮦 ("𓮦") -> ScopeId(2)
𓮧 ("𓮧") -> ScopeId(2)
𓮨 ("𓮨") -> ScopeId(2)
𓮩 ("𓮩") -> ScopeId(2)
𓮪 ("𓮪") -> ScopeId(2)
𓮫 ("𓮫") -> ScopeId(2)
𓮬 ("𓮬") -> ScopeId(2)
𓮭 ("𓮭") -> ScopeId(2)
𓮮 ("𓮮") -> ScopeId(2)
𓮯 ("𓮯") -> ScopeId(2)
𓮰 ("𓮰") -> ScopeId(2)
𓮱 ("𓮱") -> ScopeId(2)
𓮲 ("𓮲") -> ScopeId(2)
𓮳 ("𓮳") -> ScopeId(2)
𓮴 ("𓮴") -> ScopeId(2)
𓮵 ("𓮵") -> ScopeId(2)
𓮶 ("𓮶") -> ScopeId(2)
𓮷 ("𓮷") -> ScopeId(2)
𓮸 ("𓮸") -> ScopeId(2)
𓮹 ("𓮹") -> ScopeId(2)
𓮺 ("𓮺") -> ScopeId(2)
𓮻 ("𓮻") -> ScopeId(2)
𓮼 ("𓮼") -> ScopeId(2)
𓮽 ("𓮽") -> ScopeId(2)
𓮾 ("𓮾") -> ScopeId(2)
𓮿 ("𓮿") -> ScopeId(2)
𓯀 ("𓯀") -> ScopeId(2)
𓯁 ("𓯁") -> ScopeId(2)
𓯂 ("𓯂") -> ScopeId(2)
𓯃 ("𓯃") -> ScopeId(2)
𓯄 ("𓯄") -> ScopeId(2)
𓯅 ("𓯅") -> ScopeId(2)
𓯆 ("𓯆") -> ScopeId(2)
𓯇 ("𓯇") -> ScopeId(2)
𓯈 ("𓯈") -> ScopeId(2)
𓯉 ("𓯉") -> ScopeId(2)
𓯊 ("𓯊") -> ScopeId(2)
𓯋 ("𓯋") -> ScopeId(2)
𓯌 ("𓯌") -> ScopeId(2)
𓯍 ("𓯍") -> ScopeId(2)
𓯎 ("𓯎") -> ScopeId(2)
𓯏 ("𓯏") -> ScopeId(2)
𓯐 ("𓯐") -> ScopeId(2)
𓯑 ("𓯑") -> ScopeId(2)
𓯒 ("𓯒") -> ScopeId(2)
𓯓 ("𓯓") -> ScopeId(2)
𓯔 ("𓯔") -> ScopeId(2)
𓯕 ("𓯕") -> ScopeId(2)
𓯖 ("𓯖") -> ScopeId(2)
𓯗 ("𓯗") -> ScopeId(2)
𓯘 ("𓯘") -> ScopeId(2)
𓯙 ("𓯙") -> ScopeId(2)
𓯚 ("𓯚") -> ScopeId(2)
𓯛 ("𓯛") -> ScopeId(2)
𓯜 ("𓯜") -> ScopeId(2)
𓯝 ("𓯝") -> ScopeId(2)
𓯞 ("𓯞") -> ScopeId(2)
𓯟 ("𓯟") -> ScopeId(2)
𓯠 ("𓯠") -> ScopeId(2)
𓯡 ("𓯡") -> ScopeId(2)
𓯢 ("𓯢") -> ScopeId(2)
𓯣 ("𓯣") -> ScopeId(2)
𓯤 ("𓯤") -> ScopeId(2)
𓯥 ("𓯥") -> ScopeId(2)
𓯦 ("𓯦") -> ScopeId(2)
𓯧 ("𓯧") -> ScopeId(2)
𓯨 ("𓯨") -> ScopeId(2)
𓯩 ("𓯩") -> ScopeId(2)
𓯪 ("𓯪") -> ScopeId(2)
𓯫 ("𓯫") -> ScopeId(2)
𓯬 ("𓯬") -> ScopeId(2)
𓯭 ("𓯭") -> ScopeId(2)
𓯮 ("𓯮") -> ScopeId(2)
𓯯 ("𓯯") -> ScopeId(2)
𓯰 ("𓯰") -> ScopeId(2)
𓯱 ("𓯱") -> ScopeId(2)
𓯲 ("𓯲") -> ScopeId(2)
𓯳 ("𓯳") -> ScopeId(2)
𓯴 ("𓯴") -> ScopeId(2)
𓯵 ("𓯵") -> ScopeId(2)
𓯶 ("𓯶") -> ScopeId(2)
𓯷 ("𓯷") -> ScopeId(2)
𓯸 ("𓯸") -> ScopeId(2)
𓯹 ("𓯹") -> ScopeId(2)
𓯺 ("𓯺") -> ScopeId(2)
𓯻 ("𓯻") -> ScopeId(2)
𓯼 ("𓯼") -> ScopeId(2)
𓯽 ("𓯽") -> ScopeId(2)
𓯾 ("𓯾") -> ScopeId(2)
𓯿 ("𓯿") -> ScopeId(2)
𓰀 ("𓰀") -> ScopeId(2)
𓰁 ("𓰁") -> ScopeId(2)
𓰂 ("𓰂") -> ScopeId(2)
𓰃 ("𓰃") -> ScopeId(2)
𓰄 ("𓰄") -> ScopeId(2)
𓰅 ("𓰅") -> ScopeId(2)
𓰆 ("𓰆") -> ScopeId(2)
𓰇 ("𓰇") -> ScopeId(2)
𓰈 ("𓰈") -> ScopeId(2)
𓰉 ("𓰉") -> ScopeId(2)
𓰊 ("𓰊") -> ScopeId(2)
𓰋 ("𓰋") -> ScopeId(2)
𓰌 ("𓰌") -> ScopeId(2)
𓰍 ("𓰍") -> ScopeId(2)
𓰎 ("𓰎") -> ScopeId(2)
𓰏 ("𓰏") -> ScopeId(2)
𓰐 ("𓰐") -> ScopeId(2)
𓰑 ("𓰑") -> ScopeId(2)
𓰒 ("𓰒") -> ScopeId(2)
𓰓 ("𓰓") -> ScopeId(2)
𓰔 ("𓰔") -> ScopeId(2)
𓰕 ("𓰕") -> ScopeId(2)
𓰖 ("𓰖") -> ScopeId(2)
𓰗 ("𓰗") -> ScopeId(2)
𓰘 ("𓰘") -> ScopeId(2)
𓰙 ("𓰙") -> ScopeId(2)
𓰚 ("𓰚") -> ScopeId(2)
𓰛 ("𓰛") -> ScopeId(2)
𓰜 ("𓰜") -> ScopeId(2)
𓰝 ("𓰝") -> ScopeId(2)
𓰞 ("𓰞") -> ScopeId(2)
𓰟 ("𓰟") -> ScopeId(2)
𓰠 ("𓰠") -> ScopeId(2)
𓰡 ("𓰡") -> ScopeId(2)
𓰢 ("𓰢") -> ScopeId(2)
𓰣 ("𓰣") -> ScopeId(2)
𓰤 ("𓰤") -> ScopeId(2)
𓰥 ("𓰥") -> ScopeId(2)
𓰦 ("𓰦") -> ScopeId(2)
𓰧 ("𓰧") -> ScopeId(2)
𓰨 ("𓰨") -> ScopeId(2)
𓰩 ("𓰩") -> ScopeId(2)
𓰪 ("𓰪") -> ScopeId(2)
𓰫 ("𓰫") -> ScopeId(2)
𓰬 ("𓰬") -> ScopeId(2)
𓰭 ("𓰭") -> ScopeId(2)
𓰮 ("𓰮") -> ScopeId(2)
𓰯 ("𓰯") -> ScopeId(2)
𓰰 ("𓰰") -> ScopeId(2)
𓰱 ("𓰱") -> ScopeId(2)
𓰲 ("𓰲") -> ScopeId(2)
𓰳 ("𓰳") -> ScopeId(2)
𓰴 ("𓰴") -> ScopeId(2)
𓰵 ("𓰵") -> ScopeId(2)
𓰶 ("𓰶") -> ScopeId(2)
𓰷 ("𓰷") -> ScopeId(2)
𓰸 ("𓰸") -> ScopeId(2)
𓰹 ("𓰹") -> ScopeId(2)
𓰺 ("𓰺") -> ScopeId(2)
𓰻 ("𓰻") -> ScopeId(2)
𓰼 ("𓰼") -> ScopeId(2)
𓰽 ("𓰽") -> ScopeId(2)
𓰾 ("𓰾") -> ScopeId(2)
𓰿 ("𓰿") -> ScopeId(2)
𓱀 ("𓱀") -> ScopeId(2)
𓱁 ("𓱁") -> ScopeId(2)
𓱂 ("𓱂") -> ScopeId(2)
𓱃 ("𓱃") -> ScopeId(2)
𓱄 ("𓱄") -> ScopeId(2)
𓱅 ("𓱅") -> ScopeId(2)
𓱆 ("𓱆") -> ScopeId(2)
𓱇 ("𓱇") -> ScopeId(2)
𓱈 ("𓱈") -> ScopeId(2)
𓱉 ("𓱉") -> ScopeId(2)
𓱊 ("𓱊") -> ScopeId(2)
𓱋 ("𓱋") -> ScopeId(2)
𓱌 ("𓱌") -> ScopeId(2)
𓱍 ("𓱍") -> ScopeId(2)
𓱎 ("𓱎") -> ScopeId(2)
𓱏 ("𓱏") -> ScopeId(2)
𓱐 ("𓱐") -> ScopeId(2)
𓱑 ("𓱑") -> ScopeId(2)
𓱒 ("𓱒") -> ScopeId(2)
𓱓 ("𓱓") -> ScopeId(2)
𓱔 ("𓱔") -> ScopeId(2)
𓱕 ("𓱕") -> ScopeId(2)
𓱖 ("𓱖") -> ScopeId(2)
𓱗 ("𓱗") -> ScopeId(2)
𓱘 ("𓱘") -> ScopeId(2)
𓱙 ("𓱙") -> ScopeId(2)
𓱚 ("𓱚") -> ScopeId(2)
𓱛 ("𓱛") -> ScopeId(2)
𓱜 ("𓱜") -> ScopeId(2)
𓱝 ("𓱝") -> ScopeId(2)
𓱞 ("𓱞") -> ScopeId(2)
𓱟 ("𓱟") -> ScopeId(2)
𓱠 ("𓱠") -> ScopeId(2)
𓱡 ("𓱡") -> ScopeId(2)
𓱢 ("𓱢") -> ScopeId(2)
𓱣 ("𓱣") -> ScopeId(2)
𓱤 ("𓱤") -> ScopeId(2)
𓱥 ("𓱥") -> ScopeId(2)
𓱦 ("𓱦") -> ScopeId(2)
𓱧 ("𓱧") -> ScopeId(2)
𓱨 ("𓱨") -> ScopeId(2)
𓱩 ("𓱩") -> ScopeId(2)
𓱪 ("𓱪") -> ScopeId(2)
𓱫 ("𓱫") -> ScopeId(2)
𓱬 ("𓱬") -> ScopeId(2)
𓱭 ("𓱭") -> ScopeId(2)
𓱮 ("𓱮") -> ScopeId(2)
𓱯 ("𓱯") -> ScopeId(2)
𓱰 ("𓱰") -> ScopeId(2)
𓱱 ("𓱱") -> ScopeId(2)
𓱲 ("𓱲") -> ScopeId(2)
𓱳 ("𓱳") -> ScopeId(2)
𓱴 ("𓱴") -> ScopeId(2)
𓱵 ("𓱵") -> ScopeId(2)
𓱶 ("𓱶") -> ScopeId(2)
𓱷 ("𓱷") -> ScopeId(2)
𓱸 ("𓱸") -> ScopeId(2)
𓱹 ("𓱹") -> ScopeId(2)
𓱺 ("𓱺") -> ScopeId(2)
𓱻 ("𓱻") -> ScopeId(2)
𓱼 ("𓱼") -> ScopeId(2)
𓱽 ("𓱽") -> ScopeId(2)
𓱾 ("𓱾") -> ScopeId(2)
𓱿 ("𓱿") -> ScopeId(2)
𓲀 ("𓲀") -> ScopeId(2)
𓲁 ("𓲁") -> ScopeId(2)
𓲂 ("𓲂") -> ScopeId(2)
𓲃 ("𓲃") -> ScopeId(2)
𓲄 ("𓲄") -> ScopeId(2)
𓲅 ("𓲅") -> ScopeId(2)
𓲆 ("𓲆") -> ScopeId(2)
𓲇 ("𓲇") -> ScopeId(2)
𓲈 ("𓲈") -> ScopeId(2)
𓲉 ("𓲉") -> ScopeId(2)
𓲊 ("𓲊") -> ScopeId(2)
𓲋 ("𓲋") -> ScopeId(2)
𓲌 ("𓲌") -> ScopeId(2)
𓲍 ("𓲍") -> ScopeId(2)
𓲎 ("𓲎") -> ScopeId(2)
𓲏 ("𓲏") -> ScopeId(2)
𓲐 ("𓲐") -> ScopeId(2)
𓲑 ("𓲑") -> ScopeId(2)
𓲒 ("𓲒") -> ScopeId(2)
𓲓 ("𓲓") -> ScopeId(2)
𓲔 ("𓲔") -> ScopeId(2)
𓲕 ("𓲕") -> ScopeId(2)
𓲖 ("𓲖") -> ScopeId(2)
𓲗 ("𓲗") -> ScopeId(2)
𓲘 ("𓲘") -> ScopeId(2)
𓲙 ("𓲙") -> ScopeId(2)
𓲚 ("𓲚") -> ScopeId(2)
𓲛 ("𓲛") -> ScopeId(2)
𓲜 ("𓲜") -> ScopeId(2)
𓲝 ("𓲝") -> ScopeId(2)
𓲞 ("𓲞") -> ScopeId(2)
𓲟 ("𓲟") -> ScopeId(2)
𓲠 ("𓲠") -> ScopeId(2)
𓲡 ("𓲡") -> ScopeId(2)
𓲢 ("𓲢") -> ScopeId(2)
𓲣 ("𓲣") -> ScopeId(2)
𓲤 ("𓲤") -> ScopeId(2)
𓲥 ("𓲥") -> ScopeId(2)
𓲦 ("𓲦") -> ScopeId(2)
𓲧 ("𓲧") -> ScopeId(2)
𓲨 ("𓲨") -> ScopeId(2)
𓲩 ("𓲩") -> ScopeId(2)
𓲪 ("𓲪") -> ScopeId(2)
𓲫 ("𓲫") -> ScopeId(2)
𓲬 ("𓲬") -> ScopeId(2)
𓲭 ("𓲭") -> ScopeId(2)
𓲮 ("𓲮") -> ScopeId(2)
𓲯 ("𓲯") -> ScopeId(2)
𓲰 ("𓲰") -> ScopeId(2)
𓲱 ("𓲱") -> ScopeId(2)
𓲲 ("𓲲") -> ScopeId(2)
𓲳 ("𓲳") -> ScopeId(2)
𓲴 ("𓲴") -> ScopeId(2)
𓲵 ("𓲵") -> ScopeId(2)
𓲶 ("𓲶") -> ScopeId(2)
𓲷 ("𓲷") -> ScopeId(2)
𓲸 ("𓲸") -> ScopeId(2)
𓲹 ("𓲹") -> ScopeId(2)
𓲺 ("𓲺") -> ScopeId(2)
𓲻 ("𓲻") -> ScopeId(2)
𓲼 ("𓲼") -> ScopeId(2)
𓲽 ("𓲽") -> ScopeId(2)
𓲾 ("𓲾") -> ScopeId(2)
𓲿 ("𓲿") -> ScopeId(2)
𓳀 ("𓳀") -> ScopeId(2)
𓳁 ("𓳁") -> ScopeId(2)
𓳂 ("𓳂") -> ScopeId(2)
𓳃 ("𓳃") -> ScopeId(2)
𓳄 ("𓳄") -> ScopeId(2)
𓳅 ("𓳅") -> ScopeId(2)
𓳆 ("𓳆") -> ScopeId(2)
𓳇 ("𓳇") -> ScopeId(2)
𓳈 ("𓳈") -> ScopeId(2)
𓳉 ("𓳉") -> ScopeId(2)
𓳊 ("𓳊") -> ScopeId(2)
𓳋 ("𓳋") -> ScopeId(2)
𓳌 ("𓳌") -> ScopeId(2)
𓳍 ("𓳍") -> ScopeId(2)
𓳎 ("𓳎") -> ScopeId(2)
𓳏 ("𓳏") -> ScopeId(2)
𓳐 ("𓳐") -> ScopeId(2)
𓳑 ("𓳑") -> ScopeId(2)
𓳒 ("𓳒") -> ScopeId(2)
𓳓 ("𓳓") -> ScopeId(2)
𓳔 ("𓳔") -> ScopeId(2)
𓳕 ("𓳕") -> ScopeId(2)
𓳖 ("𓳖") -> ScopeId(2)
𓳗 ("𓳗") -> ScopeId(2)
𓳘 ("𓳘") -> ScopeId(2)
𓳙 ("𓳙") -> ScopeId(2)
𓳚 ("𓳚") -> ScopeId(2)
𓳛 ("𓳛") -> ScopeId(2)
𓳜 ("𓳜") -> ScopeId(2)
𓳝 ("𓳝") -> ScopeId(2)
𓳞 ("𓳞") -> ScopeId(2)
𓳟 ("𓳟") -> ScopeId(2)
𓳠 ("𓳠") -> ScopeId(2)
𓳡 ("𓳡") -> ScopeId(2)
𓳢 ("𓳢") -> ScopeId(2)
𓳣 ("𓳣") -> ScopeId(2)
𓳤 ("𓳤") -> ScopeId(2)
𓳥 ("𓳥") -> ScopeId(2)
𓳦 ("𓳦") -> ScopeId(2)
𓳧 ("𓳧") -> ScopeId(2)
𓳨 ("𓳨") -> ScopeId(2)
𓳩 ("𓳩") -> ScopeId(2)
𓳪 ("𓳪") -> ScopeId(2)
𓳫 ("𓳫") -> ScopeId(2)
𓳬 ("𓳬") -> ScopeId(2)
𓳭 ("𓳭") -> ScopeId(2)
𓳮 ("𓳮") -> ScopeId(2)
𓳯 ("𓳯") -> ScopeId(2)
𓳰 ("𓳰") -> ScopeId(2)
𓳱 ("𓳱") -> ScopeId(2)
𓳲 ("𓳲") -> ScopeId(2)
𓳳 ("𓳳") -> ScopeId(2)
𓳴 ("𓳴") -> ScopeId(2)
𓳵 ("𓳵") -> ScopeId(2)
𓳶 ("𓳶") -> ScopeId(2)
𓳷 ("𓳷") -> ScopeId(2)
𓳸 ("𓳸") -> ScopeId(2)
𓳹 ("𓳹") -> ScopeId(2)
𓳺 ("𓳺") -> ScopeId(2)
𓳻 ("𓳻") -> ScopeId(2)
𓳼 ("𓳼") -> ScopeId(2)
𓳽 ("𓳽") -> ScopeId(2)
𓳾 ("𓳾") -> ScopeId(2)
𓳿 ("𓳿") -> ScopeId(2)
𓴀 ("𓴀") -> ScopeId(2)
𓴁 ("𓴁") -> ScopeId(2)
𓴂 ("𓴂") -> ScopeId(2)
𓴃 ("𓴃") -> ScopeId(2)
𓴄 ("𓴄") -> ScopeId(2)
𓴅 ("𓴅") -> ScopeId(2)
𓴆 ("𓴆") -> ScopeId(2)
𓴇 ("𓴇") -> ScopeId(2)
𓴈 ("𓴈") -> ScopeId(2)
𓴉 ("𓴉") -> ScopeId(2)
𓴊 ("𓴊") -> ScopeId(2)
𓴋 ("𓴋") -> ScopeId(2)
𓴌 ("𓴌") -> ScopeId(2)
𓴍 ("𓴍") -> ScopeId(2)
𓴎 ("𓴎") -> ScopeId(2)
𓴏 ("𓴏") -> ScopeId(2)
𓴐 ("𓴐") -> ScopeId(2)
𓴑 ("𓴑") -> ScopeId(2)
𓴒 ("𓴒") -> ScopeId(2)
𓴓 ("𓴓") -> ScopeId(2)
𓴔 ("𓴔") -> ScopeId(2)
𓴕 ("𓴕") -> ScopeId(2)
𓴖 ("𓴖") -> ScopeId(2)
𓴗 ("𓴗") -> ScopeId(2)
𓴘 ("𓴘") -> ScopeId(2)
𓴙 ("𓴙") -> ScopeId(2)
𓴚 ("𓴚") -> ScopeId(2)
𓴛 ("𓴛") -> ScopeId(2)
𓴜 ("𓴜") -> ScopeId(2)
𓴝 ("𓴝") -> ScopeId(2)
𓴞 ("𓴞") -> ScopeId(2)
𓴟 ("𓴟") -> ScopeId(2)
𓴠 ("𓴠") -> ScopeId(2)
𓴡 ("𓴡") -> ScopeId(2)
𓴢 ("𓴢") -> ScopeId(2)
𓴣 ("𓴣") -> ScopeId(2)
𓴤 ("𓴤") -> ScopeId(2)
𓴥 ("𓴥") -> ScopeId(2)
𓴦 ("𓴦") -> ScopeId(2)
𓴧 ("𓴧") -> ScopeId(2)
𓴨 ("𓴨") -> ScopeId(2)
𓴩 ("𓴩") -> ScopeId(2)
𓴪 ("𓴪") -> ScopeId(2)
𓴫 ("𓴫") -> ScopeId(2)
𓴬 ("𓴬") -> ScopeId(2)
𓴭 ("𓴭") -> ScopeId(2)
𓴮 ("𓴮") -> ScopeId(2)
𓴯 ("𓴯") -> ScopeId(2)
𓴰 ("𓴰") -> ScopeId(2)
𓴱 ("𓴱") -> ScopeId(2)
𓴲 ("𓴲") -> ScopeId(2)
𓴳 ("𓴳") -> ScopeId(2)
𓴴 ("𓴴") -> ScopeId(2)
𓴵 ("𓴵") -> ScopeId(2)
𓴶 ("𓴶") -> ScopeId(2)
𓴷 ("𓴷") -> ScopeId(2)
𓴸 ("𓴸") -> ScopeId(2)
𓴹 ("𓴹") -> ScopeId(2)
𓴺 ("𓴺") -> ScopeId(2)
𓴻 ("𓴻") -> ScopeId(2)
𓴼 ("𓴼") -> ScopeId(2)
𓴽 ("𓴽") -> ScopeId(2)
𓴾 ("𓴾") -> ScopeId(2)
𓴿 ("𓴿") -> ScopeId(2)
𓵀 ("𓵀") -> ScopeId(2)
𓵁 ("𓵁") -> ScopeId(2)
𓵂 ("𓵂") -> ScopeId(2)
𓵃 ("𓵃") -> ScopeId(2)
𓵄 ("𓵄") -> ScopeId(2)
𓵅 ("𓵅") -> ScopeId(2)
𓵆 ("𓵆") -> ScopeId(2)
𓵇 ("𓵇") -> ScopeId(2)
𓵈 ("𓵈") -> ScopeId(2)
𓵉 ("𓵉") -> ScopeId(2)
𓵊 ("𓵊") -> ScopeId(2)
𓵋 ("𓵋") -> ScopeId(2)
𓵌 ("𓵌") -> ScopeId(2)
𓵍 ("𓵍") -> ScopeId(2)
𓵎 ("𓵎") -> ScopeId(2)
𓵏 ("𓵏") -> ScopeId(2)
𓵐 ("𓵐") -> ScopeId(2)
𓵑 ("𓵑") -> ScopeId(2)
𓵒 ("𓵒") -> ScopeId(2)
𓵓 ("𓵓") -> ScopeId(2)
𓵔 ("𓵔") -> ScopeId(2)
𓵕 ("𓵕") -> ScopeId(2)
𓵖 ("𓵖") -> ScopeId(2)
𓵗 ("𓵗") -> ScopeId(2)
𓵘 ("𓵘") -> ScopeId(2)
𓵙 ("𓵙") -> ScopeId(2)
𓵚 ("𓵚") -> ScopeId(2)
𓵛 ("𓵛") -> ScopeId(2)
𓵜 ("𓵜") -> ScopeId(2)
𓵝 ("𓵝") -> ScopeId(2)
𓵞 ("𓵞") -> ScopeId(2)
𓵟 ("𓵟") -> ScopeId(2)
𓵠 ("𓵠") -> ScopeId(2)
𓵡 ("𓵡") -> ScopeId(2)
𓵢 ("𓵢") -> ScopeId(2)
𓵣 ("𓵣") -> ScopeId(2)
𓵤 ("𓵤") -> ScopeId(2)
𓵥 ("𓵥") -> ScopeId(2)
𓵦 ("𓵦") -> ScopeId(2)
𓵧 ("𓵧") -> ScopeId(2)
𓵨 ("𓵨") -> ScopeId(2)
𓵩 ("𓵩") -> ScopeId(2)
𓵪 ("𓵪") -> ScopeId(2)
𓵫 ("𓵫") -> ScopeId(2)
𓵬 ("𓵬") -> ScopeId(2)
𓵭 ("𓵭") -> ScopeId(2)
𓵮 ("𓵮") -> ScopeId(2)
𓵯 ("𓵯") -> ScopeId(2)
𓵰 ("𓵰") -> ScopeId(2)
𓵱 ("𓵱") -> ScopeId(2)
𓵲 ("𓵲") -> ScopeId(2)
𓵳 ("𓵳") -> ScopeId(2)
𓵴 ("𓵴") -> ScopeId(2)
𓵵 ("𓵵") -> ScopeId(2)
𓵶 ("𓵶") -> ScopeId(2)
𓵷 ("𓵷") -> ScopeId(2)
𓵸 ("𓵸") -> ScopeId(2)
𓵹 ("𓵹") -> ScopeId(2)
𓵺 ("𓵺") -> ScopeId(2)
𓵻 ("𓵻") -> ScopeId(2)
𓵼 ("𓵼") -> ScopeId(2)
𓵽 ("𓵽") -> ScopeId(2)
𓵾 ("𓵾") -> ScopeId(2)
𓵿 ("𓵿") -> ScopeId(2)
𓶀 ("𓶀") -> ScopeId(2)
𓶁 ("𓶁") -> ScopeId(2)
𓶂 ("𓶂") -> ScopeId(2)
𓶃 ("𓶃") -> ScopeId(2)
𓶄 ("𓶄") -> ScopeId(2)
𓶅 ("𓶅") -> ScopeId(2)
𓶆 ("𓶆") -> ScopeId(2)
𓶇 ("𓶇") -> ScopeId(2)
𓶈 ("𓶈") -> ScopeId(2)
𓶉 ("𓶉") -> ScopeId(2)
𓶊 ("𓶊") -> ScopeId(2)
𓶋 ("𓶋") -> ScopeId(2)
𓶌 ("𓶌") -> ScopeId(2)
𓶍 ("𓶍") -> ScopeId(2)
𓶎 ("𓶎") -> ScopeId(2)
𓶏 ("𓶏") -> ScopeId(2)
𓶐 ("𓶐") -> ScopeId(2)
𓶑 ("𓶑") -> ScopeId(2)
𓶒 ("𓶒") -> ScopeId(2)
𓶓 ("𓶓") -> ScopeId(2)
𓶔 ("𓶔") -> ScopeId(2)
𓶕 ("𓶕") -> ScopeId(2)
𓶖 ("𓶖") -> ScopeId(2)
𓶗 ("𓶗") -> ScopeId(2)
𓶘 ("𓶘") -> ScopeId(2)
𓶙 ("𓶙") -> ScopeId(2)
𓶚 ("𓶚") -> ScopeId(2)
𓶛 ("𓶛") -> ScopeId(2)
𓶜 ("𓶜") -> ScopeId(2)
𓶝 ("𓶝") -> ScopeId(2)
𓶞 ("𓶞") -> ScopeId(2)
𓶟 ("𓶟") -> ScopeId(2)
𓶠 ("𓶠") -> ScopeId(2)
𓶡 ("𓶡") -> ScopeId(2)
𓶢 ("𓶢") -> ScopeId(2)
𓶣 ("𓶣") -> ScopeId(2)
𓶤 ("𓶤") -> ScopeId(2)
𓶥 ("𓶥") -> ScopeId(2)
𓶦 ("𓶦") -> ScopeId(2)
𓶧 ("𓶧") -> ScopeId(2)
𓶨 ("𓶨") -> ScopeId(2)
𓶩 ("𓶩") -> ScopeId(2)
𓶪 ("𓶪") -> ScopeId(2)
𓶫 ("𓶫") -> ScopeId(2)
𓶬 ("𓶬") -> ScopeId(2)
𓶭 ("𓶭") -> ScopeId(2)
𓶮 ("𓶮") -> ScopeId(2)
𓶯 ("𓶯") -> ScopeId(2)
𓶰 ("𓶰") -> ScopeId(2)
𓶱 ("𓶱") -> ScopeId(2)
𓶲 ("𓶲") -> ScopeId(2)
𓶳 ("𓶳") -> ScopeId(2)
𓶴 ("𓶴") -> ScopeId(2)
𓶵 ("𓶵") -> ScopeId(2)
𓶶 ("𓶶") -> ScopeId(2)
𓶷 ("𓶷") -> ScopeId(2)
𓶸 ("𓶸") -> ScopeId(2)
𓶹 ("𓶹") -> ScopeId(2)
𓶺 ("𓶺") -> ScopeId(2)
𓶻 ("𓶻") -> ScopeId(2)
𓶼 ("𓶼") -> ScopeId(2)
𓶽 ("𓶽") -> ScopeId(2)
𓶾 ("𓶾") -> ScopeId(2)
𓶿 ("𓶿") -> ScopeId(2)
𓷀 ("𓷀") -> ScopeId(2)
𓷁 ("𓷁") -> ScopeId(2)
𓷂 ("𓷂") -> ScopeId(2)
𓷃 ("𓷃") -> ScopeId(2)
𓷄 ("𓷄") -> ScopeId(2)
𓷅 ("𓷅") -> ScopeId(2)
𓷆 ("𓷆") -> ScopeId(2)
𓷇 ("𓷇") -> ScopeId(2)
𓷈 ("𓷈") -> ScopeId(2)
𓷉 ("𓷉") -> ScopeId(2)
𓷊 ("𓷊") -> ScopeId(2)
𓷋 ("𓷋") -> ScopeId(2)
𓷌 ("𓷌") -> ScopeId(2)
𓷍 ("𓷍") -> ScopeId(2)
𓷎 ("𓷎") -> ScopeId(2)
𓷏 ("𓷏") -> ScopeId(2)
𓷐 ("𓷐") -> ScopeId(2)
𓷑 ("𓷑") -> ScopeId(2)
𓷒 ("𓷒") -> ScopeId(2)
𓷓 ("𓷓") -> ScopeId(2)
𓷔 ("𓷔") -> ScopeId(2)
𓷕 ("𓷕") -> ScopeId(2)
𓷖 ("𓷖") -> ScopeId(2)
𓷗 ("𓷗") -> ScopeId(2)
𓷘 ("𓷘") -> ScopeId(2)
𓷙 ("𓷙") -> ScopeId(2)
𓷚 ("𓷚") -> ScopeId(2)
𓷛 ("𓷛") -> ScopeId(2)
𓷜 ("𓷜") -> ScopeId(2)
𓷝 ("𓷝") -> ScopeId(2)
𓷞 ("𓷞") -> ScopeId(2)
𓷟 ("𓷟") -> ScopeId(2)
𓷠 ("𓷠") -> ScopeId(2)
𓷡 ("𓷡") -> ScopeId(2)
𓷢 ("𓷢") -> ScopeId(2)
𓷣 ("𓷣") -> ScopeId(2)
𓷤 ("𓷤") -> ScopeId(2)
𓷥 ("𓷥") -> ScopeId(2)
𓷦 ("𓷦") -> ScopeId(2)
𓷧 ("𓷧") -> ScopeId(2)
𓷨 ("𓷨") -> ScopeId(2)
𓷩 ("𓷩") -> ScopeId(2)
𓷪 ("𓷪") -> ScopeId(2)
𓷫 ("𓷫") -> ScopeId(2)
𓷬 ("𓷬") -> ScopeId(2)
𓷭 ("𓷭") -> ScopeId(2)
𓷮 ("𓷮") -> ScopeId(2)
𓷯 ("𓷯") -> ScopeId(2)
𓷰 ("𓷰") -> ScopeId(2)
𓷱 ("𓷱") -> ScopeId(2)
𓷲 ("𓷲") -> ScopeId(2)
𓷳 ("𓷳") -> ScopeId(2)
𓷴 ("𓷴") -> ScopeId(2)
𓷵 ("𓷵") -> ScopeId(2)
𓷶 ("𓷶") -> ScopeId(2)
𓷷 ("𓷷") -> ScopeId(2)
𓷸 ("𓷸") -> ScopeId(2)
𓷹 ("𓷹") -> ScopeId(2)
𓷺 ("𓷺") -> ScopeId(2)
𓷻 ("𓷻") -> ScopeId(2)
𓷼 ("𓷼") -> ScopeId(2)
𓷽 ("𓷽") -> ScopeId(2)
𓷾 ("𓷾") -> ScopeId(2)
𓷿 ("𓷿") -> ScopeId(2)
𓸀 ("𓸀") -> ScopeId(2)
𓸁 ("𓸁") -> ScopeId(2)
𓸂 ("𓸂") -> ScopeId(2)
𓸃 ("𓸃") -> ScopeId(2)
𓸄 ("𓸄") -> ScopeId(2)
𓸅 ("𓸅") -> ScopeId(2)
𓸆 ("𓸆") -> ScopeId(2)
𓸇 ("𓸇") -> ScopeId(2)
𓸈 ("𓸈") -> ScopeId(2)
𓸉 ("𓸉") -> ScopeId(2)
𓸊 ("𓸊") -> ScopeId(2)
𓸋 ("𓸋") -> ScopeId(2)
𓸌 ("𓸌") -> ScopeId(2)
𓸍 ("𓸍") -> ScopeId(2)
𓸎 ("𓸎") -> ScopeId(2)
𓸏 ("𓸏") -> ScopeId(2)
𓸐 ("𓸐") -> ScopeId(2)
𓸑 ("𓸑") -> ScopeId(2)
𓸒 ("𓸒") -> ScopeId(2)
𓸓 ("𓸓") -> ScopeId(2)
𓸔 ("𓸔") -> ScopeId(2)
𓸕 ("𓸕") -> ScopeId(2)
𓸖 ("𓸖") -> ScopeId(2)
𓸗 ("𓸗") -> ScopeId(2)
𓸘 ("𓸘") -> ScopeId(2)
𓸙 ("𓸙") -> ScopeId(2)
𓸚 ("𓸚") -> ScopeId(2)
𓸛 ("𓸛") -> ScopeId(2)
𓸜 ("𓸜") -> ScopeId(2)
𓸝 ("𓸝") -> ScopeId(2)
𓸞 ("𓸞") -> ScopeId(2)
𓸟 ("𓸟") -> ScopeId(2)
𓸠 ("𓸠") -> ScopeId(2)
𓸡 ("𓸡") -> ScopeId(2)
𓸢 ("𓸢") -> ScopeId(2)
𓸣 ("𓸣") -> ScopeId(2)
𓸤 ("𓸤") -> ScopeId(2)
𓸥 ("𓸥") -> ScopeId(2)
𓸦 ("𓸦") -> ScopeId(2)
𓸧 ("𓸧") -> ScopeId(2)
𓸨 ("𓸨") -> ScopeId(2)
𓸩 ("𓸩") -> ScopeId(2)
𓸪 ("𓸪") -> ScopeId(2)
𓸫 ("𓸫") -> ScopeId(2)
𓸬 ("𓸬") -> ScopeId(2)
𓸭 ("𓸭") -> ScopeId(2)
𓸮 ("𓸮") -> ScopeId(2)
𓸯 ("𓸯") -> ScopeId(2)
𓸰 ("𓸰") -> ScopeId(2)
𓸱 ("𓸱") -> ScopeId(2)
𓸲 ("𓸲") -> ScopeId(2)
𓸳 ("𓸳") -> ScopeId(2)
𓸴 ("𓸴") -> ScopeId(2)
𓸵 ("𓸵") -> ScopeId(2)
𓸶 ("𓸶") -> ScopeId(2)
𓸷 ("𓸷") -> ScopeId(2)
𓸸 ("𓸸") -> ScopeId(2)
𓸹 ("𓸹") -> ScopeId(2)
𓸺 ("𓸺") -> ScopeId(2)
𓸻 ("𓸻") -> ScopeId(2)
𓸼 ("𓸼") -> ScopeId(2)
𓸽 ("𓸽") -> ScopeId(2)
𓸾 ("𓸾") -> ScopeId(2)
𓸿 ("𓸿") -> ScopeId(2)
𓹀 ("𓹀") -> ScopeId(2)
𓹁 ("𓹁") -> ScopeId(2)
𓹂 ("𓹂") -> ScopeId(2)
𓹃 ("𓹃") -> ScopeId(2)
𓹄 ("𓹄") -> ScopeId(2)
𓹅 ("𓹅") -> ScopeId(2)
𓹆 ("𓹆") -> ScopeId(2)
𓹇 ("𓹇") -> ScopeId(2)
𓹈 ("𓹈") -> ScopeId(2)
𓹉 ("𓹉") -> ScopeId(2)
𓹊 ("𓹊") -> ScopeId(2)
𓹋 ("𓹋") -> ScopeId(2)
𓹌 ("𓹌") -> ScopeId(2)
𓹍 ("𓹍") -> ScopeId(2)
𓹎 ("𓹎") -> ScopeId(2)
𓹏 ("𓹏") -> ScopeId(2)
𓹐 ("𓹐") -> ScopeId(2)
𓹑 ("𓹑") -> ScopeId(2)
𓹒 ("𓹒") -> ScopeId(2)
𓹓 ("𓹓") -> ScopeId(2)
𓹔 ("𓹔") -> ScopeId(2)
𓹕 ("𓹕") -> ScopeId(2)
𓹖 ("𓹖") -> ScopeId(2)
𓹗 ("𓹗") -> ScopeId(2)
𓹘 ("𓹘") -> ScopeId(2)
𓹙 ("𓹙") -> ScopeId(2)
𓹚 ("𓹚") -> ScopeId(2)
𓹛 ("𓹛") -> ScopeId(2)
𓹜 ("𓹜") -> ScopeId(2)
𓹝 ("𓹝") -> ScopeId(2)
𓹞 ("𓹞") -> ScopeId(2)
𓹟 ("𓹟") -> ScopeId(2)
𓹠 ("𓹠") -> ScopeId(2)
𓹡 ("𓹡") -> ScopeId(2)
𓹢 ("𓹢") -> ScopeId(2)
𓹣 ("𓹣") -> ScopeId(2)
𓹤 ("𓹤") -> ScopeId(2)
𓹥 ("𓹥") -> ScopeId(2)
𓹦 ("𓹦") -> ScopeId(2)
𓹧 ("𓹧") -> ScopeId(2)
𓹨 ("𓹨") -> ScopeId(2)
𓹩 ("𓹩") -> ScopeId(2)
𓹪 ("𓹪") -> ScopeId(2)
𓹫 ("𓹫") -> ScopeId(2)
𓹬 ("𓹬") -> ScopeId(2)
𓹭 ("𓹭") -> ScopeId(2)
𓹮 ("𓹮") -> ScopeId(2)
𓹯 ("𓹯") -> ScopeId(2)
𓹰 ("𓹰") -> ScopeId(2)
𓹱 ("𓹱") -> ScopeId(2)
𓹲 ("𓹲") -> ScopeId(2)
𓹳 ("𓹳") -> ScopeId(2)
𓹴 ("𓹴") -> ScopeId(2)
𓹵 ("𓹵") -> ScopeId(2)
𓹶 ("𓹶") -> ScopeId(2)
𓹷 ("𓹷") -> ScopeId(2)
𓹸 ("𓹸") -> ScopeId(2)
𓹹 ("𓹹") -> ScopeId(2)
𓹺 ("𓹺") -> ScopeId(2)
𓹻 ("𓹻") -> ScopeId(2)
𓹼 ("𓹼") -> ScopeId(2)
𓹽 ("𓹽") -> ScopeId(2)
𓹾 ("𓹾") -> ScopeId(2)
𓹿 ("𓹿") -> ScopeId(2)
𓺀 ("𓺀") -> ScopeId(2)
𓺁 ("𓺁") -> ScopeId(2)
𓺂 ("𓺂") -> ScopeId(2)
𓺃 ("𓺃") -> ScopeId(2)
𓺄 ("𓺄") -> ScopeId(2)
𓺅 ("𓺅") -> ScopeId(2)
𓺆 ("𓺆") -> ScopeId(2)
𓺇 ("𓺇") -> ScopeId(2)
𓺈 ("𓺈") -> ScopeId(2)
𓺉 ("𓺉") -> ScopeId(2)
𓺊 ("𓺊") -> ScopeId(2)
𓺋 ("𓺋") -> ScopeId(2)
𓺌 ("𓺌") -> ScopeId(2)
𓺍 ("𓺍") -> ScopeId(2)
𓺎 ("𓺎") -> ScopeId(2)
𓺏 ("𓺏") -> ScopeId(2)
𓺐 ("𓺐") -> ScopeId(2)
𓺑 ("𓺑") -> ScopeId(2)
𓺒 ("𓺒") -> ScopeId(2)
𓺓 ("𓺓") -> ScopeId(2)
𓺔 ("𓺔") -> ScopeId(2)
𓺕 ("𓺕") -> ScopeId(2)
𓺖 ("𓺖") -> ScopeId(2)
𓺗 ("𓺗") -> ScopeId(2)
𓺘 ("𓺘") -> ScopeId(2)
𓺙 ("𓺙") -> ScopeId(2)
𓺚 ("𓺚") -> ScopeId(2)
𓺛 ("𓺛") -> ScopeId(2)
𓺜 ("𓺜") -> ScopeId(2)
𓺝 ("𓺝") -> ScopeId(2)
𓺞 ("𓺞") -> ScopeId(2)
𓺟 ("𓺟") -> ScopeId(2)
𓺠 ("𓺠") -> ScopeId(2)
𓺡 ("𓺡") -> ScopeId(2)
𓺢 ("𓺢") -> ScopeId(2)
𓺣 ("𓺣") -> ScopeId(2)
𓺤 ("𓺤") -> ScopeId(2)
𓺥 ("𓺥") -> ScopeId(2)
𓺦 ("𓺦") -> ScopeId(2)
𓺧 ("𓺧") -> ScopeId(2)
𓺨 ("𓺨") -> ScopeId(2)
𓺩 ("𓺩") -> ScopeId(2)
𓺪 ("𓺪") -> ScopeId(2)
𓺫 ("𓺫") -> ScopeId(2)
𓺬 ("𓺬") -> ScopeId(2)
𓺭 ("𓺭") -> ScopeId(2)
𓺮 ("𓺮") -> ScopeId(2)
𓺯 ("𓺯") -> ScopeId(2)
𓺰 ("𓺰") -> ScopeId(2)
𓺱 ("𓺱") -> ScopeId(2)
𓺲 ("𓺲") -> ScopeId(2)
𓺳 ("𓺳") -> ScopeId(2)
𓺴 ("𓺴") -> ScopeId(2)
𓺵 ("𓺵") -> ScopeId(2)
𓺶 ("𓺶") -> ScopeId(2)
𓺷 ("𓺷") -> ScopeId(2)
𓺸 ("𓺸") -> ScopeId(2)
𓺹 ("𓺹") -> ScopeId(2)
𓺺 ("𓺺") -> ScopeId(2)
𓺻 ("𓺻") -> ScopeId(2)
𓺼 ("𓺼") -> ScopeId(2)
𓺽 ("𓺽") -> ScopeId(2)
𓺾 ("𓺾") -> ScopeId(2)
𓺿 ("𓺿") -> ScopeId(2)
𓻀 ("𓻀") -> ScopeId(2)
𓻁 ("𓻁") -> ScopeId(2)
𓻂 ("𓻂") -> ScopeId(2)
𓻃 ("𓻃") -> ScopeId(2)
𓻄 ("𓻄") -> ScopeId(2)
𓻅 ("𓻅") -> ScopeId(2)
𓻆 ("𓻆") -> ScopeId(2)
𓻇 ("𓻇") -> ScopeId(2)
𓻈 ("𓻈") -> ScopeId(2)
𓻉 ("𓻉") -> ScopeId(2)
𓻊 ("𓻊") -> ScopeId(2)
𓻋 ("𓻋") -> ScopeId(2)
𓻌 ("𓻌") -> ScopeId(2)
𓻍 ("𓻍") -> ScopeId(2)
𓻎 ("𓻎") -> ScopeId(2)
𓻏 ("𓻏") -> ScopeId(2)
𓻐 ("𓻐") -> ScopeId(2)
𓻑 ("𓻑") -> ScopeId(2)
𓻒 ("𓻒") -> ScopeId(2)
𓻓 ("𓻓") -> ScopeId(2)
𓻔 ("𓻔") -> ScopeId(2)
𓻕 ("𓻕") -> ScopeId(2)
𓻖 ("𓻖") -> ScopeId(2)
𓻗 ("𓻗") -> ScopeId(2)
𓻘 ("𓻘") -> ScopeId(2)
𓻙 ("𓻙") -> ScopeId(2)
𓻚 ("𓻚") -> ScopeId(2)
𓻛 ("𓻛") -> ScopeId(2)
𓻜 ("𓻜") -> ScopeId(2)
𓻝 ("𓻝") -> ScopeId(2)
𓻞 ("𓻞") -> ScopeId(2)
𓻟 ("𓻟") -> ScopeId(2)
𓻠 ("𓻠") -> ScopeId(2)
𓻡 ("𓻡") -> ScopeId(2)
𓻢 ("𓻢") -> ScopeId(2)
𓻣 ("𓻣") -> ScopeId(2)
𓻤 ("𓻤") -> ScopeId(2)
𓻥 ("𓻥") -> ScopeId(2)
𓻦 ("𓻦") -> ScopeId(2)
𓻧 ("𓻧") -> ScopeId(2)
𓻨 ("𓻨") -> ScopeId(2)
𓻩 ("𓻩") -> ScopeId(2)
𓻪 ("𓻪") -> ScopeId(2)
𓻫 ("𓻫") -> ScopeId(2)
𓻬 ("𓻬") -> ScopeId(2)
𓻭 ("𓻭") -> ScopeId(2)
𓻮 ("𓻮") -> ScopeId(2)
𓻯 ("𓻯") -> ScopeId(2)
𓻰 ("𓻰") -> ScopeId(2)
𓻱 ("𓻱") -> ScopeId(2)
𓻲 ("𓻲") -> ScopeId(2)
𓻳 ("𓻳") -> ScopeId(2)
𓻴 ("𓻴") -> ScopeId(2)
𓻵 ("𓻵") -> ScopeId(2)
𓻶 ("𓻶") -> ScopeId(2)
𓻷 ("𓻷") -> ScopeId(2)
𓻸 ("𓻸") -> ScopeId(2)
𓻹 ("𓻹") -> ScopeId(2)
𓻺 ("𓻺") -> ScopeId(2)
𓻻 ("𓻻") -> ScopeId(2)
𓻼 ("𓻼") -> ScopeId(2)
𓻽 ("𓻽") -> ScopeId(2)
𓻾 ("𓻾") -> ScopeId(2)
𓻿 ("𓻿") -> ScopeId(2)
𓼀 ("𓼀") -> ScopeId(2)
𓼁 ("𓼁") -> ScopeId(2)
𓼂 ("𓼂") -> ScopeId(2)
𓼃 ("𓼃") -> ScopeId(2)
𓼄 ("𓼄") -> ScopeId(2)
𓼅 ("𓼅") -> ScopeId(2)
𓼆 ("𓼆") -> ScopeId(2)
𓼇 ("𓼇") -> ScopeId(2)
𓼈 ("𓼈") -> ScopeId(2)
𓼉 ("𓼉") -> ScopeId(2)
𓼊 ("𓼊") -> ScopeId(2)
𓼋 ("𓼋") -> ScopeId(2)
𓼌 ("𓼌") -> ScopeId(2)
𓼍 ("𓼍") -> ScopeId(2)
𓼎 ("𓼎") -> ScopeId(2)
𓼏 ("𓼏") -> ScopeId(2)
𓼐 ("𓼐") -> ScopeId(2)
𓼑 ("𓼑") -> ScopeId(2)
𓼒 ("𓼒") -> ScopeId(2)
𓼓 ("𓼓") -> ScopeId(2)
𓼔 ("𓼔") -> ScopeId(2)
𓼕 ("𓼕") -> ScopeId(2)
𓼖 ("𓼖") -> ScopeId(2)
𓼗 ("𓼗") -> ScopeId(2)
𓼘 ("𓼘") -> ScopeId(2)
𓼙 ("𓼙") -> ScopeId(2)
𓼚 ("𓼚") -> ScopeId(2)
𓼛 ("𓼛") -> ScopeId(2)
𓼜 ("𓼜") -> ScopeId(2)
𓼝 ("𓼝") -> ScopeId(2)
𓼞 ("𓼞") -> ScopeId(2)
𓼟 ("𓼟") -> ScopeId(2)
𓼠 ("𓼠") -> ScopeId(2)
𓼡 ("𓼡") -> ScopeId(2)
𓼢 ("𓼢") -> ScopeId(2)
𓼣 ("𓼣") -> ScopeId(2)
𓼤 ("𓼤") -> ScopeId(2)
𓼥 ("𓼥") -> ScopeId(2)
𓼦 ("𓼦") -> ScopeId(2)
𓼧 ("𓼧") -> ScopeId(2)
𓼨 ("𓼨") -> ScopeId(2)
𓼩 ("𓼩") -> ScopeId(2)
𓼪 ("𓼪") -> ScopeId(2)
𓼫 ("𓼫") -> ScopeId(2)
𓼬 ("𓼬") -> ScopeId(2)
𓼭 ("𓼭") -> ScopeId(2)
𓼮 ("𓼮") -> ScopeId(2)
𓼯 ("𓼯") -> ScopeId(2)
𓼰 ("𓼰") -> ScopeId(2)
𓼱 ("𓼱") -> ScopeId(2)
𓼲 ("𓼲") -> ScopeId(2)
𓼳 ("𓼳") -> ScopeId(2)
𓼴 ("𓼴") -> ScopeId(2)
𓼵 ("𓼵") -> ScopeId(2)
𓼶 ("𓼶") -> ScopeId(2)
𓼷 ("𓼷") -> ScopeId(2)
𓼸 ("𓼸") -> ScopeId(2)
𓼹 ("𓼹") -> ScopeId(2)
𓼺 ("𓼺") -> ScopeId(2)
𓼻 ("𓼻") -> ScopeId(2)
𓼼 ("𓼼") -> ScopeId(2)
𓼽 ("𓼽") -> ScopeId(2)
𓼾 ("𓼾") -> ScopeId(2)
𓼿 ("𓼿") -> ScopeId(2)
𓽀 ("𓽀") -> ScopeId(2)
𓽁 ("𓽁") -> ScopeId(2)
𓽂 ("𓽂") -> ScopeId(2)
𓽃 ("𓽃") -> ScopeId(2)
𓽄 ("𓽄") -> ScopeId(2)
𓽅 ("𓽅") -> ScopeId(2)
𓽆 ("𓽆") -> ScopeId(2)
𓽇 ("𓽇") -> ScopeId(2)
𓽈 ("𓽈") -> ScopeId(2)
𓽉 ("𓽉") -> ScopeId(2)
𓽊 ("𓽊") -> ScopeId(2)
𓽋 ("𓽋") -> ScopeId(2)
𓽌 ("𓽌") -> ScopeId(2)
𓽍 ("𓽍") -> ScopeId(2)
𓽎 ("𓽎") -> ScopeId(2)
𓽏 ("𓽏") -> ScopeId(2)
𓽐 ("𓽐") -> ScopeId(2)
𓽑 ("𓽑") -> ScopeId(2)
𓽒 ("𓽒") -> ScopeId(2)
𓽓 ("𓽓") -> ScopeId(2)
𓽔 ("𓽔") -> ScopeId(2)
𓽕 ("𓽕") -> ScopeId(2)
𓽖 ("𓽖") -> ScopeId(2)
𓽗 ("𓽗") -> ScopeId(2)
𓽘 ("𓽘") -> ScopeId(2)
𓽙 ("𓽙") -> ScopeId(2)
𓽚 ("𓽚") -> ScopeId(2)
𓽛 ("𓽛") -> ScopeId(2)
𓽜 ("𓽜") -> ScopeId(2)
𓽝 ("𓽝") -> ScopeId(2)
𓽞 ("𓽞") -> ScopeId(2)
𓽟 ("𓽟") -> ScopeId(2)
𓽠 ("𓽠") -> ScopeId(2)
𓽡 ("𓽡") -> ScopeId(2)
𓽢 ("𓽢") -> ScopeId(2)
𓽣 ("𓽣") -> ScopeId(2)
𓽤 ("𓽤") -> ScopeId(2)
𓽥 ("𓽥") -> ScopeId(2)
𓽦 ("𓽦") -> ScopeId(2)
𓽧 ("𓽧") -> ScopeId(2)
𓽨 ("𓽨") -> ScopeId(2)
𓽩 ("𓽩") -> ScopeId(2)
𓽪 ("𓽪") -> ScopeId(2)
𓽫 ("𓽫") -> ScopeId(2)
𓽬 ("𓽬") -> ScopeId(2)
𓽭 ("𓽭") -> ScopeId(2)
𓽮 ("𓽮") -> ScopeId(2)
𓽯 ("𓽯") -> ScopeId(2)
𓽰 ("𓽰") -> ScopeId(2)
𓽱 ("𓽱") -> ScopeId(2)
𓽲 ("𓽲") -> ScopeId(2)
𓽳 ("𓽳") -> ScopeId(2)
𓽴 ("𓽴") -> ScopeId(2)
𓽵 ("𓽵") -> ScopeId(2)
𓽶 ("𓽶") -> ScopeId(2)
𓽷 ("𓽷") -> ScopeId(2)
𓽸 ("𓽸") -> ScopeId(2)
𓽹 ("𓽹") -> ScopeId(2)
𓽺 ("𓽺") -> ScopeId(2)
𓽻 ("𓽻") -> ScopeId(2)
𓽼 ("𓽼") -> ScopeId(2)
𓽽 ("𓽽") -> ScopeId(2)
𓽾 ("𓽾") -> ScopeId(2)
𓽿 ("𓽿") -> ScopeId(2)
𓾀 ("𓾀") -> ScopeId(2)
𓾁 ("𓾁") -> ScopeId(2)
𓾂 ("𓾂") -> ScopeId(2)
𓾃 ("𓾃") -> ScopeId(2)
𓾄 ("𓾄") -> ScopeId(2)
𓾅 ("𓾅") -> ScopeId(2)
𓾆 ("𓾆") -> ScopeId(2)
𓾇 ("𓾇") -> ScopeId(2)
𓾈 ("𓾈") -> ScopeId(2)
𓾉 ("𓾉") -> ScopeId(2)
𓾊 ("𓾊") -> ScopeId(2)
𓾋 ("𓾋") -> ScopeId(2)
𓾌 ("𓾌") -> ScopeId(2)
𓾍 ("𓾍") -> ScopeId(2)
𓾎 ("𓾎") -> ScopeId(2)
𓾏 ("𓾏") -> ScopeId(2)
𓾐 ("𓾐") -> ScopeId(2)
𓾑 ("𓾑") -> ScopeId(2)
𓾒 ("𓾒") -> ScopeId(2)
𓾓 ("𓾓") -> ScopeId(2)
𓾔 ("𓾔") -> ScopeId(2)
𓾕 ("𓾕") -> ScopeId(2)
𓾖 ("𓾖") -> ScopeId(2)
𓾗 ("𓾗") -> ScopeId(2)
𓾘 ("𓾘") -> ScopeId(2)
𓾙 ("𓾙") -> ScopeId(2)
𓾚 ("𓾚") -> ScopeId(2)
𓾛 ("𓾛") -> ScopeId(2)
𓾜 ("𓾜") -> ScopeId(2)
𓾝 ("𓾝") -> ScopeId(2)
𓾞 ("𓾞") -> ScopeId(2)
𓾟 ("𓾟") -> ScopeId(2)
𓾠 ("𓾠") -> ScopeId(2)
𓾡 ("𓾡") -> ScopeId(2)
𓾢 ("𓾢") -> ScopeId(2)
𓾣 ("𓾣") -> ScopeId(2)
𓾤 ("𓾤") -> ScopeId(2)
𓾥 ("𓾥") -> ScopeId(2)
𓾦 ("𓾦") -> ScopeId(2)
𓾧 ("𓾧") -> ScopeId(2)
𓾨 ("𓾨") -> ScopeId(2)
𓾩 ("𓾩") -> ScopeId(2)
𓾪 ("𓾪") -> ScopeId(2)
𓾫 ("𓾫") -> ScopeId(2)
𓾬 ("𓾬") -> ScopeId(2)
𓾭 ("𓾭") -> ScopeId(2)
𓾮 ("𓾮") -> ScopeId(2)
𓾯 ("𓾯") -> ScopeId(2)
𓾰 ("𓾰") -> ScopeId(2)
𓾱 ("𓾱") -> ScopeId(2)
𓾲 ("𓾲") -> ScopeId(2)
𓾳 ("𓾳") -> ScopeId(2)
𓾴 ("𓾴") -> ScopeId(2)
𓾵 ("𓾵") -> ScopeId(2)
𓾶 ("𓾶") -> ScopeId(2)
𓾷 ("𓾷") -> ScopeId(2)
𓾸 ("𓾸") -> ScopeId(2)
𓾹 ("𓾹") -> ScopeId(2)
𓾺 ("𓾺") -> ScopeId(2)
𓾻 ("𓾻") -> ScopeId(2)
𓾼 ("𓾼") -> ScopeId(2)
𓾽 ("𓾽") -> ScopeId(2)
𓾾 ("𓾾") -> ScopeId(2)
𓾿 ("𓾿") -> ScopeId(2)
𓿀 ("𓿀") -> ScopeId(2)
𓿁 ("𓿁") -> ScopeId(2)
𓿂 ("𓿂") -> ScopeId(2)
𓿃 ("𓿃") -> ScopeId(2)
𓿄 ("𓿄") -> ScopeId(2)
𓿅 ("𓿅") -> ScopeId(2)
𓿆 ("𓿆") -> ScopeId(2)
𓿇 ("𓿇") -> ScopeId(2)
𓿈 ("𓿈") -> ScopeId(2)
𓿉 ("𓿉") -> ScopeId(2)
𓿊 ("𓿊") -> ScopeId(2)
𓿋 ("𓿋") -> ScopeId(2)
𓿌 ("𓿌") -> ScopeId(2)
𓿍 ("𓿍") -> ScopeId(2)
𓿎 ("𓿎") -> ScopeId(2)
𓿏 ("𓿏") -> ScopeId(2)
𓿐 ("𓿐") -> ScopeId(2)
𓿑 ("𓿑") -> ScopeId(2)
𓿒 ("𓿒") -> ScopeId(2)
𓿓 ("𓿓") -> ScopeId(2)
𓿔 ("𓿔") -> ScopeId(2)
𓿕 ("𓿕") -> ScopeId(2)
𓿖 ("𓿖") -> ScopeId(2)
𓿗 ("𓿗") -> ScopeId(2)
𓿘 ("𓿘") -> ScopeId(2)
𓿙 ("𓿙") -> ScopeId(2)
𓿚 ("𓿚") -> ScopeId(2)
𓿛 ("𓿛") -> ScopeId(2)
𓿜 ("𓿜") -> ScopeId(2)
𓿝 ("𓿝") -> ScopeId(2)
𓿞 ("𓿞") -> ScopeId(2)
𓿟 ("𓿟") -> ScopeId(2)
𓿠 ("𓿠") -> ScopeId(2)
𓿡 ("𓿡") -> ScopeId(2)
𓿢 ("𓿢") -> ScopeId(2)
𓿣 ("𓿣") -> ScopeId(2)
𓿤 ("𓿤") -> ScopeId(2)
𓿥 ("𓿥") -> ScopeId(2)
𓿦 ("𓿦") -> ScopeId(2)
𓿧 ("𓿧") -> ScopeId(2)
𓿨 ("𓿨") -> ScopeId(2)
𓿩 ("𓿩") -> ScopeId(2)
𓿪 ("𓿪") -> ScopeId(2)
𓿫 ("𓿫") -> ScopeId(2)
𓿬 ("𓿬") -> ScopeId(2)
𓿭 ("𓿭") -> ScopeId(2)
𓿮 ("𓿮") -> ScopeId(2)
𓿯 ("𓿯") -> ScopeId(2)
𓿰 ("𓿰") -> ScopeId(2)
𓿱 ("𓿱") -> ScopeId(2)
𓿲 ("𓿲") -> ScopeId(2)
𓿳 ("𓿳") -> ScopeId(2)
𓿴 ("𓿴") -> ScopeId(2)
𓿵 ("𓿵") -> ScopeId(2)
𓿶 ("𓿶") -> ScopeId(2)
𓿷 ("𓿷") -> ScopeId(2)
𓿸 ("𓿸") -> ScopeId(2)
𓿹 ("𓿹") -> ScopeId(2)
𓿺 ("𓿺") -> ScopeId(2)
𓿻 ("𓿻") -> ScopeId(2)
𓿼 ("𓿼") -> ScopeId(2)
𓿽 ("𓿽") -> ScopeId(2)
𓿾 ("𓿾") -> ScopeId(2)
𓿿 ("𓿿") -> ScopeId(2)
𔀀 ("𔀀") -> ScopeId(2)
𔀁 ("𔀁") -> ScopeId(2)
𔀂 ("𔀂") -> ScopeId(2)
𔀃 ("𔀃") -> ScopeId(2)
𔀄 ("𔀄") -> ScopeId(2)
𔀅 ("𔀅") -> ScopeId(2)
𔀆 ("𔀆") -> ScopeId(2)
𔀇 ("𔀇") -> ScopeId(2)
𔀈 ("𔀈") -> ScopeId(2)
𔀉 ("𔀉") -> ScopeId(2)
𔀊 ("𔀊") -> ScopeId(2)
𔀋 ("𔀋") -> ScopeId(2)
𔀌 ("𔀌") -> ScopeId(2)
𔀍 ("𔀍") -> ScopeId(2)
𔀎 ("𔀎") -> ScopeId(2)
𔀏 ("𔀏") -> ScopeId(2)
𔀐 ("𔀐") -> ScopeId(2)
𔀑 ("𔀑") -> ScopeId(2)
𔀒 ("𔀒") -> ScopeId(2)
𔀓 ("𔀓") -> ScopeId(2)
𔀔 ("𔀔") -> ScopeId(2)
𔀕 ("𔀕") -> ScopeId(2)
𔀖 ("𔀖") -> ScopeId(2)
𔀗 ("𔀗") -> ScopeId(2)
𔀘 ("𔀘") -> ScopeId(2)
𔀙 ("𔀙") -> ScopeId(2)
𔀚 ("𔀚") -> ScopeId(2)
𔀛 ("𔀛") -> ScopeId(2)
𔀜 ("𔀜") -> ScopeId(2)
𔀝 ("𔀝") -> ScopeId(2)
𔀞 ("𔀞") -> ScopeId(2)
𔀟 ("𔀟") -> ScopeId(2)
𔀠 ("𔀠") -> ScopeId(2)
𔀡 ("𔀡") -> ScopeId(2)
𔀢 ("𔀢") -> ScopeId(2)
𔀣 ("𔀣") -> ScopeId(2)
𔀤 ("𔀤") -> ScopeId(2)
𔀥 ("𔀥") -> ScopeId(2)
𔀦 ("𔀦") -> ScopeId(2)
𔀧 ("𔀧") -> ScopeId(2)
𔀨 ("𔀨") -> ScopeId(2)
𔀩 ("𔀩") -> ScopeId(2)
𔀪 ("𔀪") -> ScopeId(2)
𔀫 ("𔀫") -> ScopeId(2)
𔀬 ("𔀬") -> ScopeId(2)
𔀭 ("𔀭") -> ScopeId(2)
𔀮 ("𔀮") -> ScopeId(2)
𔀯 ("𔀯") -> ScopeId(2)
𔀰 ("𔀰") -> ScopeId(2)
𔀱 ("𔀱") -> ScopeId(2)
𔀲 ("𔀲") -> ScopeId(2)
𔀳 ("𔀳") -> ScopeId(2)
𔀴 ("𔀴") -> ScopeId(2)
𔀵 ("𔀵") -> ScopeId(2)
𔀶 ("𔀶") -> ScopeId(2)
𔀷 ("𔀷") -> ScopeId(2)
𔀸 ("𔀸") -> ScopeId(2)
𔀹 ("𔀹") -> ScopeId(2)
𔀺 ("𔀺") -> ScopeId(2)
𔀻 ("𔀻") -> ScopeId(2)
𔀼 ("𔀼") -> ScopeId(2)
𔀽 ("𔀽") -> ScopeId(2)
𔀾 ("𔀾") -> ScopeId(2)
𔀿 ("𔀿") -> ScopeId(2)
𔁀 ("𔁀") -> ScopeId(2)
𔁁 ("𔁁") -> ScopeId(2)
𔁂 ("𔁂") -> ScopeId(2)
𔁃 ("𔁃") -> ScopeId(2)
𔁄 ("𔁄") -> ScopeId(2)
𔁅 ("𔁅") -> ScopeId(2)
𔁆 ("𔁆") -> ScopeId(2)
𔁇 ("𔁇") -> ScopeId(2)
𔁈 ("𔁈") -> ScopeId(2)
𔁉 ("𔁉") -> ScopeId(2)
𔁊 ("𔁊") -> ScopeId(2)
𔁋 ("𔁋") -> ScopeId(2)
𔁌 ("𔁌") -> ScopeId(2)
𔁍 ("𔁍") -> ScopeId(2)
𔁎 ("𔁎") -> ScopeId(2)
𔁏 ("𔁏") -> ScopeId(2)
𔁐 ("𔁐") -> ScopeId(2)
𔁑 ("𔁑") -> ScopeId(2)
𔁒 ("𔁒") -> ScopeId(2)
𔁓 ("𔁓") -> ScopeId(2)
𔁔 ("𔁔") -> ScopeId(2)
𔁕 ("𔁕") -> ScopeId(2)
𔁖 ("𔁖") -> ScopeId(2)
𔁗 ("𔁗") -> ScopeId(2)
𔁘 ("𔁘") -> ScopeId(2)
𔁙 ("𔁙") -> ScopeId(2)
𔁚 ("𔁚") -> ScopeId(2)
𔁛 ("𔁛") -> ScopeId(2)
𔁜 ("𔁜") -> ScopeId(2)
𔁝 ("𔁝") -> ScopeId(2)
𔁞 ("𔁞") -> ScopeId(2)
𔁟 ("𔁟") -> ScopeId(2)
𔁠 ("𔁠") -> ScopeId(2)
𔁡 ("𔁡") -> ScopeId(2)
𔁢 ("𔁢") -> ScopeId(2)
𔁣 ("𔁣") -> ScopeId(2)
𔁤 ("𔁤") -> ScopeId(2)
𔁥 ("𔁥") -> ScopeId(2)
𔁦 ("𔁦") -> ScopeId(2)
𔁧 ("𔁧") -> ScopeId(2)
𔁨 ("𔁨") -> ScopeId(2)
𔁩 ("𔁩") -> ScopeId(2)
𔁪 ("𔁪") -> ScopeId(2)
𔁫 ("𔁫") -> ScopeId(2)
𔁬 ("𔁬") -> ScopeId(2)
𔁭 ("𔁭") -> ScopeId(2)
𔁮 ("𔁮") -> ScopeId(2)
𔁯 ("𔁯") -> ScopeId(2)
𔁰 ("𔁰") -> ScopeId(2)
𔁱 ("𔁱") -> ScopeId(2)
𔁲 ("𔁲") -> ScopeId(2)
𔁳 ("𔁳") -> ScopeId(2)
𔁴 ("𔁴") -> ScopeId(2)
𔁵 ("𔁵") -> ScopeId(2)
𔁶 ("𔁶") -> ScopeId(2)
𔁷 ("𔁷") -> ScopeId(2)
𔁸 ("𔁸") -> ScopeId(2)
𔁹 ("𔁹") -> ScopeId(2)
𔁺 ("𔁺") -> ScopeId(2)
𔁻 ("𔁻") -> ScopeId(2)
𔁼 ("𔁼") -> ScopeId(2)
𔁽 ("𔁽") -> ScopeId(2)
𔁾 ("𔁾") -> ScopeId(2)
𔁿 ("𔁿") -> ScopeId(2)
𔂀 ("𔂀") -> ScopeId(2)
𔂁 ("𔂁") -> ScopeId(2)
𔂂 ("𔂂") -> ScopeId(2)
𔂃 ("𔂃") -> ScopeId(2)
𔂄 ("𔂄") -> ScopeId(2)
𔂅 ("𔂅") -> ScopeId(2)
𔂆 ("𔂆") -> ScopeId(2)
𔂇 ("𔂇") -> ScopeId(2)
𔂈 ("𔂈") -> ScopeId(2)
𔂉 ("𔂉") -> ScopeId(2)
𔂊 ("𔂊") -> ScopeId(2)
𔂋 ("𔂋") -> ScopeId(2)
𔂌 ("𔂌") -> ScopeId(2)
𔂍 ("𔂍") -> ScopeId(2)
𔂎 ("𔂎") -> ScopeId(2)
𔂏 ("𔂏") -> ScopeId(2)
𔂐 ("𔂐") -> ScopeId(2)
𔂑 ("𔂑") -> ScopeId(2)
𔂒 ("𔂒") -> ScopeId(2)
𔂓 ("𔂓") -> ScopeId(2)
𔂔 ("𔂔") -> ScopeId(2)
𔂕 ("𔂕") -> ScopeId(2)
𔂖 ("𔂖") -> ScopeId(2)
𔂗 ("𔂗") -> ScopeId(2)
𔂘 ("𔂘") -> ScopeId(2)
𔂙 ("𔂙") -> ScopeId(2)
𔂚 ("𔂚") -> ScopeId(2)
𔂛 ("𔂛") -> ScopeId(2)
𔂜 ("𔂜") -> ScopeId(2)
𔂝 ("𔂝") -> ScopeId(2)
𔂞 ("𔂞") -> ScopeId(2)
𔂟 ("𔂟") -> ScopeId(2)
𔂠 ("𔂠") -> ScopeId(2)
𔂡 ("𔂡") -> ScopeId(2)
𔂢 ("𔂢") -> ScopeId(2)
𔂣 ("𔂣") -> ScopeId(2)
𔂤 ("𔂤") -> ScopeId(2)
𔂥 ("𔂥") -> ScopeId(2)
𔂦 ("𔂦") -> ScopeId(2)
𔂧 ("𔂧") -> ScopeId(2)
𔂨 ("𔂨") -> ScopeId(2)
𔂩 ("𔂩") -> ScopeId(2)
𔂪 ("𔂪") -> ScopeId(2)
𔂫 ("𔂫") -> ScopeId(2)
𔂬 ("𔂬") -> ScopeId(2)
𔂭 ("𔂭") -> ScopeId(2)
𔂮 ("𔂮") -> ScopeId(2)
𔂯 ("𔂯") -> ScopeId(2)
𔂰 ("𔂰") -> ScopeId(2)
𔂱 ("𔂱") -> ScopeId(2)
𔂲 ("𔂲") -> ScopeId(2)
𔂳 ("𔂳") -> ScopeId(2)
𔂴 ("𔂴") -> ScopeId(2)
𔂵 ("𔂵") -> ScopeId(2)
𔂶 ("𔂶") -> ScopeId(2)
𔂷 ("𔂷") -> ScopeId(2)
𔂸 ("𔂸") -> ScopeId(2)
𔂹 ("𔂹") -> ScopeId(2)
𔂺 ("𔂺") -> ScopeId(2)
𔂻 ("𔂻") -> ScopeId(2)
𔂼 ("𔂼") -> ScopeId(2)
𔂽 ("𔂽") -> ScopeId(2)
𔂾 ("𔂾") -> ScopeId(2)
𔂿 ("𔂿") -> ScopeId(2)
𔃀 ("𔃀") -> ScopeId(2)
𔃁 ("𔃁") -> ScopeId(2)
𔃂 ("𔃂") -> ScopeId(2)
𔃃 ("𔃃") -> ScopeId(2)
𔃄 ("𔃄") -> ScopeId(2)
𔃅 ("𔃅") -> ScopeId(2)
𔃆 ("𔃆") -> ScopeId(2)
𔃇 ("𔃇") -> ScopeId(2)
𔃈 ("𔃈") -> ScopeId(2)
𔃉 ("𔃉") -> ScopeId(2)
𔃊 ("𔃊") -> ScopeId(2)
𔃋 ("𔃋") -> ScopeId(2)
𔃌 ("𔃌") -> ScopeId(2)
𔃍 ("𔃍") -> ScopeId(2)
𔃎 ("𔃎") -> ScopeId(2)
𔃏 ("𔃏") -> ScopeId(2)
𔃐 ("𔃐") -> ScopeId(2)
𔃑 ("𔃑") -> ScopeId(2)
𔃒 ("𔃒") -> ScopeId(2)
𔃓 ("𔃓") -> ScopeId(2)
𔃔 ("𔃔") -> ScopeId(2)
𔃕 ("𔃕") -> ScopeId(2)
𔃖 ("𔃖") -> ScopeId(2)
𔃗 ("𔃗") -> ScopeId(2)
𔃘 ("𔃘") -> ScopeId(2)
𔃙 ("𔃙") -> ScopeId(2)
𔃚 ("𔃚") -> ScopeId(2)
𔃛 ("𔃛") -> ScopeId(2)
𔃜 ("𔃜") -> ScopeId(2)
𔃝 ("𔃝") -> ScopeId(2)
𔃞 ("𔃞") -> ScopeId(2)
𔃟 ("𔃟") -> ScopeId(2)
𔃠 ("𔃠") -> ScopeId(2)
𔃡 ("𔃡") -> ScopeId(2)
𔃢 ("𔃢") -> ScopeId(2)
𔃣 ("𔃣") -> ScopeId(2)
𔃤 ("𔃤") -> ScopeId(2)
𔃥 ("𔃥") -> ScopeId(2)
𔃦 ("𔃦") -> ScopeId(2)
𔃧 ("𔃧") -> ScopeId(2)
𔃨 ("𔃨") -> ScopeId(2)
𔃩 ("𔃩") -> ScopeId(2)
𔃪 ("𔃪") -> ScopeId(2)
𔃫 ("𔃫") -> ScopeId(2)
𔃬 ("𔃬") -> ScopeId(2)
𔃭 ("𔃭") -> ScopeId(2)
𔃮 ("𔃮") -> ScopeId(2)
𔃯 ("𔃯") -> ScopeId(2)
𔃰 ("𔃰") -> ScopeId(2)
𔃱 ("𔃱") -> ScopeId(2)
𔃲 ("𔃲") -> ScopeId(2)
𔃳 ("𔃳") -> ScopeId(2)
𔃴 ("𔃴") -> ScopeId(2)
𔃵 ("𔃵") -> ScopeId(2)
𔃶 ("𔃶") -> ScopeId(2)
𔃷 ("𔃷") -> ScopeId(2)
𔃸 ("𔃸") -> ScopeId(2)
𔃹 ("𔃹") -> ScopeId(2)
𔃺 ("𔃺") -> ScopeId(2)
𔃻 ("𔃻") -> ScopeId(2)
𔃼 ("𔃼") -> ScopeId(2)
𔃽 ("𔃽") -> ScopeId(2)
𔃾 ("𔃾") -> ScopeId(2)
𔃿 ("𔃿") -> ScopeId(2)
𔄀 ("𔄀") -> ScopeId(2)
𔄁 ("𔄁") -> ScopeId(2)
𔄂 ("𔄂") -> ScopeId(2)
𔄃 ("𔄃") -> ScopeId(2)
𔄄 ("𔄄") -> ScopeId(2)
𔄅 ("𔄅") -> ScopeId(2)
𔄆 ("𔄆") -> ScopeId(2)
𔄇 ("𔄇") -> ScopeId(2)
𔄈 ("𔄈") -> ScopeId(2)
𔄉 ("𔄉") -> ScopeId(2)
𔄊 ("𔄊") -> ScopeId(2)
𔄋 ("𔄋") -> ScopeId(2)
𔄌 ("𔄌") -> ScopeId(2)
𔄍 ("𔄍") -> ScopeId(2)
𔄎 ("𔄎") -> ScopeId(2)
𔄏 ("𔄏") -> ScopeId(2)
𔄐 ("𔄐") -> ScopeId(2)
𔄑 ("𔄑") -> ScopeId(2)
𔄒 ("𔄒") -> ScopeId(2)
𔄓 ("𔄓") -> ScopeId(2)
𔄔 ("𔄔") -> ScopeId(2)
𔄕 ("𔄕") -> ScopeId(2)
𔄖 ("𔄖") -> ScopeId(2)
𔄗 ("𔄗") -> ScopeId(2)
𔄘 ("𔄘") -> ScopeId(2)
𔄙 ("𔄙") -> ScopeId(2)
𔄚 ("𔄚") -> ScopeId(2)
𔄛 ("𔄛") -> ScopeId(2)
𔄜 ("𔄜") -> ScopeId(2)
𔄝 ("𔄝") -> ScopeId(2)
𔄞 ("𔄞") -> ScopeId(2)
𔄟 ("𔄟") -> ScopeId(2)
𔄠 ("𔄠") -> ScopeId(2)
𔄡 ("𔄡") -> ScopeId(2)
𔄢 ("𔄢") -> ScopeId(2)
𔄣 ("𔄣") -> ScopeId(2)
𔄤 ("𔄤") -> ScopeId(2)
𔄥 ("𔄥") -> ScopeId(2)
𔄦 ("𔄦") -> ScopeId(2)
𔄧 ("𔄧") -> ScopeId(2)
𔄨 ("𔄨") -> ScopeId(2)
𔄩 ("𔄩") -> ScopeId(2)
𔄪 ("𔄪") -> ScopeId(2)
𔄫 ("𔄫") -> ScopeId(2)
𔄬 ("𔄬") -> ScopeId(2)
𔄭 ("𔄭") -> ScopeId(2)
𔄮 ("𔄮") -> ScopeId(2)
𔄯 ("𔄯") -> ScopeId(2)
𔄰 ("𔄰") -> ScopeId(2)
𔄱 ("𔄱") -> ScopeId(2)
𔄲 ("𔄲") -> ScopeId(2)
𔄳 ("𔄳") -> ScopeId(2)
𔄴 ("𔄴") -> ScopeId(2)
𔄵 ("𔄵") -> ScopeId(2)
𔄶 ("𔄶") -> ScopeId(2)
𔄷 ("𔄷") -> ScopeId(2)
𔄸 ("𔄸") -> ScopeId(2)
𔄹 ("𔄹") -> ScopeId(2)
𔄺 ("𔄺") -> ScopeId(2)
𔄻 ("𔄻") -> ScopeId(2)
𔄼 ("𔄼") -> ScopeId(2)
𔄽 ("𔄽") -> ScopeId(2)
𔄾 ("𔄾") -> ScopeId(2)
𔄿 ("𔄿") -> ScopeId(2)
𔅀 ("𔅀") -> ScopeId(2)
𔅁 ("𔅁") -> ScopeId(2)
𔅂 ("𔅂") -> ScopeId(2)
𔅃 ("𔅃") -> ScopeId(2)
𔅄 ("𔅄") -> ScopeId(2)
𔅅 ("𔅅") -> ScopeId(2)
𔅆 ("𔅆") -> ScopeId(2)
𔅇 ("𔅇") -> ScopeId(2)
𔅈 ("𔅈") -> ScopeId(2)
𔅉 ("𔅉") -> ScopeId(2)
𔅊 ("𔅊") -> ScopeId(2)
𔅋 ("𔅋") -> ScopeId(2)
𔅌 ("𔅌") -> ScopeId(2)
𔅍 ("𔅍") -> ScopeId(2)
𔅎 ("𔅎") -> ScopeId(2)
𔅏 ("𔅏") -> ScopeId(2)
𔅐 ("𔅐") -> ScopeId(2)
𔅑 ("𔅑") -> ScopeId(2)
𔅒 ("𔅒") -> ScopeId(2)
𔅓 ("𔅓") -> ScopeId(2)
𔅔 ("𔅔") -> ScopeId(2)
𔅕 ("𔅕") -> ScopeId(2)
𔅖 ("𔅖") -> ScopeId(2)
𔅗 ("𔅗") -> ScopeId(2)
𔅘 ("𔅘") -> ScopeId(2)
𔅙 ("𔅙") -> ScopeId(2)
𔅚 ("𔅚") -> ScopeId(2)
𔅛 ("𔅛") -> ScopeId(2)
𔅜 ("𔅜") -> ScopeId(2)
𔅝 ("𔅝") -> ScopeId(2)
𔅞 ("𔅞") -> ScopeId(2)
𔅟 ("𔅟") -> ScopeId(2)
𔅠 ("𔅠") -> ScopeId(2)
𔅡 ("𔅡") -> ScopeId(2)
𔅢 ("𔅢") -> ScopeId(2)
𔅣 ("𔅣") -> ScopeId(2)
𔅤 ("𔅤") -> ScopeId(2)
𔅥 ("𔅥") -> ScopeId(2)
𔅦 ("𔅦") -> ScopeId(2)
𔅧 ("𔅧") -> ScopeId(2)
𔅨 ("𔅨") -> ScopeId(2)
𔅩 ("𔅩") -> ScopeId(2)
𔅪 ("𔅪") -> ScopeId(2)
𔅫 ("𔅫") -> ScopeId(2)
𔅬 ("𔅬") -> ScopeId(2)
𔅭 ("𔅭") -> ScopeId(2)
𔅮 ("𔅮") -> ScopeId(2)
𔅯 ("𔅯") -> ScopeId(2)
𔅰 ("𔅰") -> ScopeId(2)
𔅱 ("𔅱") -> ScopeId(2)
𔅲 ("𔅲") -> ScopeId(2)
𔅳 ("𔅳") -> ScopeId(2)
𔅴 ("𔅴") -> ScopeId(2)
𔅵 ("𔅵") -> ScopeId(2)
𔅶 ("𔅶") -> ScopeId(2)
𔅷 ("𔅷") -> ScopeId(2)
𔅸 ("𔅸") -> ScopeId(2)
𔅹 ("𔅹") -> ScopeId(2)
𔅺 ("𔅺") -> ScopeId(2)
𔅻 ("𔅻") -> ScopeId(2)
𔅼 ("𔅼") -> ScopeId(2)
𔅽 ("𔅽") -> ScopeId(2)
𔅾 ("𔅾") -> ScopeId(2)
𔅿 ("𔅿") -> ScopeId(2)
𔆀 ("𔆀") -> ScopeId(2)
𔆁 ("𔆁") -> ScopeId(2)
𔆂 ("𔆂") -> ScopeId(2)
𔆃 ("𔆃") -> ScopeId(2)
𔆄 ("𔆄") -> ScopeId(2)
𔆅 ("𔆅") -> ScopeId(2)
𔆆 ("𔆆") -> ScopeId(2)
𔆇 ("𔆇") -> ScopeId(2)
𔆈 ("𔆈") -> ScopeId(2)
𔆉 ("𔆉") -> ScopeId(2)
𔆊 ("𔆊") -> ScopeId(2)
𔆋 ("𔆋") -> ScopeId(2)
𔆌 ("𔆌") -> ScopeId(2)
𔆍 ("𔆍") -> ScopeId(2)
𔆎 ("𔆎") -> ScopeId(2)
𔆏 ("𔆏") -> ScopeId(2)
𔆐 ("𔆐") -> ScopeId(2)
𔆑 ("𔆑") -> ScopeId(2)
𔆒 ("𔆒") -> ScopeId(2)
𔆓 ("𔆓") -> ScopeId(2)
𔆔 ("𔆔") -> ScopeId(2)
𔆕 ("𔆕") -> ScopeId(2)
𔆖 ("𔆖") -> ScopeId(2)
𔆗 ("𔆗") -> ScopeId(2)
𔆘 ("𔆘") -> ScopeId(2)
𔆙 ("𔆙") -> ScopeId(2)
𔆚 ("𔆚") -> ScopeId(2)
𔆛 ("𔆛") -> ScopeId(2)
𔆜 ("𔆜") -> ScopeId(2)
𔆝 ("𔆝") -> ScopeId(2)
𔆞 ("𔆞") -> ScopeId(2)
𔆟 ("𔆟") -> ScopeId(2)
𔆠 ("𔆠") -> ScopeId(2)
𔆡 ("𔆡") -> ScopeId(2)
𔆢 ("𔆢") -> ScopeId(2)
𔆣 ("𔆣") -> ScopeId(2)
𔆤 ("𔆤") -> ScopeId(2)
𔆥 ("𔆥") -> ScopeId(2)
𔆦 ("𔆦") -> ScopeId(2)
𔆧 ("𔆧") -> ScopeId(2)
𔆨 ("𔆨") -> ScopeId(2)
𔆩 ("𔆩") -> ScopeId(2)
𔆪 ("𔆪") -> ScopeId(2)
𔆫 ("𔆫") -> ScopeId(2)
𔆬 ("𔆬") -> ScopeId(2)
𔆭 ("𔆭") -> ScopeId(2)
𔆮 ("𔆮") -> ScopeId(2)
𔆯 ("𔆯") -> ScopeId(2)
𔆰 ("𔆰") -> ScopeId(2)
𔆱 ("𔆱") -> ScopeId(2)
𔆲 ("𔆲") -> ScopeId(2)
𔆳 ("𔆳") -> ScopeId(2)
𔆴 ("𔆴") -> ScopeId(2)
𔆵 ("𔆵") -> ScopeId(2)
𔆶 ("𔆶") -> ScopeId(2)
𔆷 ("𔆷") -> ScopeId(2)
𔆸 ("𔆸") -> ScopeId(2)
𔆹 ("𔆹") -> ScopeId(2)
𔆺 ("𔆺") -> ScopeId(2)
𔆻 ("𔆻") -> ScopeId(2)
𔆼 ("𔆼") -> ScopeId(2)
𔆽 ("𔆽") -> ScopeId(2)
𔆾 ("𔆾") -> ScopeId(2)
𔆿 ("𔆿") -> ScopeId(2)
𔇀 ("𔇀") -> ScopeId(2)
𔇁 ("𔇁") -> ScopeId(2)
𔇂 ("𔇂") -> ScopeId(2)
𔇃 ("𔇃") -> ScopeId(2)
𔇄 ("𔇄") -> ScopeId(2)
𔇅 ("𔇅") -> ScopeId(2)
𔇆 ("𔇆") -> ScopeId(2)
𔇇 ("𔇇") -> ScopeId(2)
𔇈 ("𔇈") -> ScopeId(2)
𔇉 ("𔇉") -> ScopeId(2)
𔇊 ("𔇊") -> ScopeId(2)
𔇋 ("𔇋") -> ScopeId(2)
𔇌 ("𔇌") -> ScopeId(2)
𔇍 ("𔇍") -> ScopeId(2)
𔇎 ("𔇎") -> ScopeId(2)
𔇏 ("𔇏") -> ScopeId(2)
𔇐 ("𔇐") -> ScopeId(2)
𔇑 ("𔇑") -> ScopeId(2)
𔇒 ("𔇒") -> ScopeId(2)
𔇓 ("𔇓") -> ScopeId(2)
𔇔 ("𔇔") -> ScopeId(2)
𔇕 ("𔇕") -> ScopeId(2)
𔇖 ("𔇖") -> ScopeId(2)
𔇗 ("𔇗") -> ScopeId(2)
𔇘 ("𔇘") -> ScopeId(2)
𔇙 ("𔇙") -> ScopeId(2)
𔇚 ("𔇚") -> ScopeId(2)
𔇛 ("𔇛") -> ScopeId(2)
𔇜 ("𔇜") -> ScopeId(2)
𔇝 ("𔇝") -> ScopeId(2)
𔇞 ("𔇞") -> ScopeId(2)
𔇟 ("𔇟") -> ScopeId(2)
𔇠 ("𔇠") -> ScopeId(2)
𔇡 ("𔇡") -> ScopeId(2)
𔇢 ("𔇢") -> ScopeId(2)
𔇣 ("𔇣") -> ScopeId(2)
𔇤 ("𔇤") -> ScopeId(2)
𔇥 ("𔇥") -> ScopeId(2)
𔇦 ("𔇦") -> ScopeId(2)
𔇧 ("𔇧") -> ScopeId(2)
𔇨 ("𔇨") -> ScopeId(2)
𔇩 ("𔇩") -> ScopeId(2)
𔇪 ("𔇪") -> ScopeId(2)
𔇫 ("𔇫") -> ScopeId(2)
𔇬 ("𔇬") -> ScopeId(2)
𔇭 ("𔇭") -> ScopeId(2)
𔇮 ("𔇮") -> ScopeId(2)
𔇯 ("𔇯") -> ScopeId(2)
𔇰 ("𔇰") -> ScopeId(2)
𔇱 ("𔇱") -> ScopeId(2)
𔇲 ("𔇲") -> ScopeId(2)
𔇳 ("𔇳") -> ScopeId(2)
𔇴 ("𔇴") -> ScopeId(2)
𔇵 ("𔇵") -> ScopeId(2)
𔇶 ("𔇶") -> ScopeId(2)
𔇷 ("𔇷") -> ScopeId(2)
𔇸 ("𔇸") -> ScopeId(2)
𔇹 ("𔇹") -> ScopeId(2)
𔇺 ("𔇺") -> ScopeId(2)
𔇻 ("𔇻") -> ScopeId(2)
𔇼 ("𔇼") -> ScopeId(2)
𔇽 ("𔇽") -> ScopeId(2)
𔇾 ("𔇾") -> ScopeId(2)
𔇿 ("𔇿") -> ScopeId(2)
𔈀 ("𔈀") -> ScopeId(2)
𔈁 ("𔈁") -> ScopeId(2)
𔈂 ("𔈂") -> ScopeId(2)
𔈃 ("𔈃") -> ScopeId(2)
𔈄 ("𔈄") -> ScopeId(2)
𔈅 ("𔈅") -> ScopeId(2)
𔈆 ("𔈆") -> ScopeId(2)
𔈇 ("𔈇") -> ScopeId(2)
𔈈 ("𔈈") -> ScopeId(2)
𔈉 ("𔈉") -> ScopeId(2)
𔈊 ("𔈊") -> ScopeId(2)
𔈋 ("𔈋") -> ScopeId(2)
𔈌 ("𔈌") -> ScopeId(2)
𔈍 ("𔈍") -> ScopeId(2)
𔈎 ("𔈎") -> ScopeId(2)
𔈏 ("𔈏") -> ScopeId(2)
𔈐 ("𔈐") -> ScopeId(2)
𔈑 ("𔈑") -> ScopeId(2)
𔈒 ("𔈒") -> ScopeId(2)
𔈓 ("𔈓") -> ScopeId(2)
𔈔 ("𔈔") -> ScopeId(2)
𔈕 ("𔈕") -> ScopeId(2)
𔈖 ("𔈖") -> ScopeId(2)
𔈗 ("𔈗") -> ScopeId(2)
𔈘 ("𔈘") -> ScopeId(2)
𔈙 ("𔈙") -> ScopeId(2)
𔈚 ("𔈚") -> ScopeId(2)
𔈛 ("𔈛") -> ScopeId(2)
𔈜 ("𔈜") -> ScopeId(2)
𔈝 ("𔈝") -> ScopeId(2)
𔈞 ("𔈞") -> ScopeId(2)
𔈟 ("𔈟") -> ScopeId(2)
𔈠 ("𔈠") -> ScopeId(2)
𔈡 ("𔈡") -> ScopeId(2)
𔈢 ("𔈢") -> ScopeId(2)
𔈣 ("𔈣") -> ScopeId(2)
𔈤 ("𔈤") -> ScopeId(2)
𔈥 ("𔈥") -> ScopeId(2)
𔈦 ("𔈦") -> ScopeId(2)
𔈧 ("𔈧") -> ScopeId(2)
𔈨 ("𔈨") -> ScopeId(2)
𔈩 ("𔈩") -> ScopeId(2)
𔈪 ("𔈪") -> ScopeId(2)
𔈫 ("𔈫") -> ScopeId(2)
𔈬 ("𔈬") -> ScopeId(2)
𔈭 ("𔈭") -> ScopeId(2)
𔈮 ("𔈮") -> ScopeId(2)
𔈯 ("𔈯") -> ScopeId(2)
𔈰 ("𔈰") -> ScopeId(2)
𔈱 ("𔈱") -> ScopeId(2)
𔈲 ("𔈲") -> ScopeId(2)
𔈳 ("𔈳") -> ScopeId(2)
𔈴 ("𔈴") -> ScopeId(2)
𔈵 ("𔈵") -> ScopeId(2)
𔈶 ("𔈶") -> ScopeId(2)
𔈷 ("𔈷") -> ScopeId(2)
𔈸 ("𔈸") -> ScopeId(2)
𔈹 ("𔈹") -> ScopeId(2)
𔈺 ("𔈺") -> ScopeId(2)
𔈻 ("𔈻") -> ScopeId(2)
𔈼 ("𔈼") -> ScopeId(2)
𔈽 ("𔈽") -> ScopeId(2)
𔈾 ("𔈾") -> ScopeId(2)
𔈿 ("𔈿") -> ScopeId(2)
𔉀 ("𔉀") -> ScopeId(2)
𔉁 ("𔉁") -> ScopeId(2)
𔉂 ("𔉂") -> ScopeId(2)
𔉃 ("𔉃") -> ScopeId(2)
𔉄 ("𔉄") -> ScopeId(2)
𔉅 ("𔉅") -> ScopeId(2)
𔉆 ("𔉆") -> ScopeId(2)
𔉇 ("𔉇") -> ScopeId(2)
𔉈 ("𔉈") -> ScopeId(2)
𔉉 ("𔉉") -> ScopeId(2)
𔉊 ("𔉊") -> ScopeId(2)
𔉋 ("𔉋") -> ScopeId(2)
𔉌 ("𔉌") -> ScopeId(2)
𔉍 ("𔉍") -> ScopeId(2)
𔉎 ("𔉎") -> ScopeId(2)
𔉏 ("𔉏") -> ScopeId(2)
𔉐 ("𔉐") -> ScopeId(2)
𔉑 ("𔉑") -> ScopeId(2)
𔉒 ("𔉒") -> ScopeId(2)
𔉓 ("𔉓") -> ScopeId(2)
𔉔 ("𔉔") -> ScopeId(2)
𔉕 ("𔉕") -> ScopeId(2)
𔉖 ("𔉖") -> ScopeId(2)
𔉗 ("𔉗") -> ScopeId(2)
𔉘 ("𔉘") -> ScopeId(2)
𔉙 ("𔉙") -> ScopeId(2)
𔉚 ("𔉚") -> ScopeId(2)
𔉛 ("𔉛") -> ScopeId(2)
𔉜 ("𔉜") -> ScopeId(2)
𔉝 ("𔉝") -> ScopeId(2)
𔉞 ("𔉞") -> ScopeId(2)
𔉟 ("𔉟") -> ScopeId(2)
𔉠 ("𔉠") -> ScopeId(2)
𔉡 ("𔉡") -> ScopeId(2)
𔉢 ("𔉢") -> ScopeId(2)
𔉣 ("𔉣") -> ScopeId(2)
𔉤 ("𔉤") -> ScopeId(2)
𔉥 ("𔉥") -> ScopeId(2)
𔉦 ("𔉦") -> ScopeId(2)
𔉧 ("𔉧") -> ScopeId(2)
𔉨 ("𔉨") -> ScopeId(2)
𔉩 ("𔉩") -> ScopeId(2)
𔉪 ("𔉪") -> ScopeId(2)
𔉫 ("𔉫") -> ScopeId(2)
𔉬 ("𔉬") -> ScopeId(2)
𔉭 ("𔉭") -> ScopeId(2)
𔉮 ("𔉮") -> ScopeId(2)
𔉯 ("𔉯") -> ScopeId(2)
𔉰 ("𔉰") -> ScopeId(2)
𔉱 ("𔉱") -> ScopeId(2)
𔉲 ("𔉲") -> ScopeId(2)
𔉳 ("𔉳") -> ScopeId(2)
𔉴 ("𔉴") -> ScopeId(2)
𔉵 ("𔉵") -> ScopeId(2)
𔉶 ("𔉶") -> ScopeId(2)
𔉷 ("𔉷") -> ScopeId(2)
𔉸 ("𔉸") -> ScopeId(2)
𔉹 ("𔉹") -> ScopeId(2)
𔉺 ("𔉺") -> ScopeId(2)
𔉻 ("𔉻") -> ScopeId(2)
𔉼 ("𔉼") -> ScopeId(2)
𔉽 ("𔉽") -> ScopeId(2)
𔉾 ("𔉾") -> ScopeId(2)
𔉿 ("𔉿") -> ScopeId(2)
𔊀 ("𔊀") -> ScopeId(2)
𔊁 ("𔊁") -> ScopeId(2)
𔊂 ("𔊂") -> ScopeId(2)
𔊃 ("𔊃") -> ScopeId(2)
𔊄 ("𔊄") -> ScopeId(2)
𔊅 ("𔊅") -> ScopeId(2)
𔊆 ("𔊆") -> ScopeId(2)
𔊇 ("𔊇") -> ScopeId(2)
𔊈 ("𔊈") -> ScopeId(2)
𔊉 ("𔊉") -> ScopeId(2)
𔊊 ("𔊊") -> ScopeId(2)
𔊋 ("𔊋") -> ScopeId(2)
𔊌 ("𔊌") -> ScopeId(2)
𔊍 ("𔊍") -> ScopeId(2)
𔊎 ("𔊎") -> ScopeId(2)
𔊏 ("𔊏") -> ScopeId(2)
𔊐 ("𔊐") -> ScopeId(2)
𔊑 ("𔊑") -> ScopeId(2)
𔊒 ("𔊒") -> ScopeId(2)
𔊓 ("𔊓") -> ScopeId(2)
𔊔 ("𔊔") -> ScopeId(2)
𔊕 ("𔊕") -> ScopeId(2)
𔊖 ("𔊖") -> ScopeId(2)
𔊗 ("𔊗") -> ScopeId(2)
𔊘 ("𔊘") -> ScopeId(2)
𔊙 ("𔊙") -> ScopeId(2)
𔊚 ("𔊚") -> ScopeId(2)
𔊛 ("𔊛") -> ScopeId(2)
𔊜 ("𔊜") -> ScopeId(2)
𔊝 ("𔊝") -> ScopeId(2)
𔊞 ("𔊞") -> ScopeId(2)
𔊟 ("𔊟") -> ScopeId(2)
𔊠 ("𔊠") -> ScopeId(2)
𔊡 ("𔊡") -> ScopeId(2)
𔊢 ("𔊢") -> ScopeId(2)
𔊣 ("𔊣") -> ScopeId(2)
𔊤 ("𔊤") -> ScopeId(2)
𔊥 ("𔊥") -> ScopeId(2)
𔊦 ("𔊦") -> ScopeId(2)
𔊧 ("𔊧") -> ScopeId(2)
𔊨 ("𔊨") -> ScopeId(2)
𔊩 ("𔊩") -> ScopeId(2)
𔊪 ("𔊪") -> ScopeId(2)
𔊫 ("𔊫") -> ScopeId(2)
𔊬 ("𔊬") -> ScopeId(2)
𔊭 ("𔊭") -> ScopeId(2)
𔊮 ("𔊮") -> ScopeId(2)
𔊯 ("𔊯") -> ScopeId(2)
𔊰 ("𔊰") -> ScopeId(2)
𔊱 ("𔊱") -> ScopeId(2)
𔊲 ("𔊲") -> ScopeId(2)
𔊳 ("𔊳") -> ScopeId(2)
𔊴 ("𔊴") -> ScopeId(2)
𔊵 ("𔊵") -> ScopeId(2)
𔊶 ("𔊶") -> ScopeId(2)
𔊷 ("𔊷") -> ScopeId(2)
𔊸 ("𔊸") -> ScopeId(2)
𔊹 ("𔊹") -> ScopeId(2)
𔊺 ("𔊺") -> ScopeId(2)
𔊻 ("𔊻") -> ScopeId(2)
𔊼 ("𔊼") -> ScopeId(2)
𔊽 ("𔊽") -> ScopeId(2)
𔊾 ("𔊾") -> ScopeId(2)
𔊿 ("𔊿") -> ScopeId(2)
𔋀 ("𔋀") -> ScopeId(2)
𔋁 ("𔋁") -> ScopeId(2)
𔋂 ("𔋂") -> ScopeId(2)
𔋃 ("𔋃") -> ScopeId(2)
𔋄 ("𔋄") -> ScopeId(2)
𔋅 ("𔋅") -> ScopeId(2)
𔋆 ("𔋆") -> ScopeId(2)
𔋇 ("𔋇") -> ScopeId(2)
𔋈 ("𔋈") -> ScopeId(2)
𔋉 ("𔋉") -> ScopeId(2)
𔋊 ("𔋊") -> ScopeId(2)
𔋋 ("𔋋") -> ScopeId(2)
𔋌 ("𔋌") -> ScopeId(2)
𔋍 ("𔋍") -> ScopeId(2)
𔋎 ("𔋎") -> ScopeId(2)
𔋏 ("𔋏") -> ScopeId(2)
𔋐 ("𔋐") -> ScopeId(2)
𔋑 ("𔋑") -> ScopeId(2)
𔋒 ("𔋒") -> ScopeId(2)
𔋓 ("𔋓") -> ScopeId(2)
𔋔 ("𔋔") -> ScopeId(2)
𔋕 ("𔋕") -> ScopeId(2)
𔋖 ("𔋖") -> ScopeId(2)
𔋗 ("𔋗") -> ScopeId(2)
𔋘 ("𔋘") -> ScopeId(2)
𔋙 ("𔋙") -> ScopeId(2)
𔋚 ("𔋚") -> ScopeId(2)
𔋛 ("𔋛") -> ScopeId(2)
𔋜 ("𔋜") -> ScopeId(2)
𔋝 ("𔋝") -> ScopeId(2)
𔋞 ("𔋞") -> ScopeId(2)
𔋟 ("𔋟") -> ScopeId(2)
𔋠 ("𔋠") -> ScopeId(2)
𔋡 ("𔋡") -> ScopeId(2)
𔋢 ("𔋢") -> ScopeId(2)
𔋣 ("𔋣") -> ScopeId(2)
𔋤 ("𔋤") -> ScopeId(2)
𔋥 ("𔋥") -> ScopeId(2)
𔋦 ("𔋦") -> ScopeId(2)
𔋧 ("𔋧") -> ScopeId(2)
𔋨 ("𔋨") -> ScopeId(2)
𔋩 ("𔋩") -> ScopeId(2)
𔋪 ("𔋪") -> ScopeId(2)
𔋫 ("𔋫") -> ScopeId(2)
𔋬 ("𔋬") -> ScopeId(2)
𔋭 ("𔋭") -> ScopeId(2)
𔋮 ("𔋮") -> ScopeId(2)
𔋯 ("𔋯") -> ScopeId(2)
𔋰 ("𔋰") -> ScopeId(2)
𔋱 ("𔋱") -> ScopeId(2)
𔋲 ("𔋲") -> ScopeId(2)
𔋳 ("𔋳") -> ScopeId(2)
𔋴 ("𔋴") -> ScopeId(2)
𔋵 ("𔋵") -> ScopeId(2)
𔋶 ("𔋶") -> ScopeId(2)
𔋷 ("𔋷") -> ScopeId(2)
𔋸 ("𔋸") -> ScopeId(2)
𔋹 ("𔋹") -> ScopeId(2)
𔋺 ("𔋺") -> ScopeId(2)
𔋻 ("𔋻") -> ScopeId(2)
𔋼 ("𔋼") -> ScopeId(2)
𔋽 ("𔋽") -> ScopeId(2)
𔋾 ("𔋾") -> ScopeId(2)
𔋿 ("𔋿") -> ScopeId(2)
𔌀 ("𔌀") -> ScopeId(2)
𔌁 ("𔌁") -> ScopeId(2)
𔌂 ("𔌂") -> ScopeId(2)
𔌃 ("𔌃") -> ScopeId(2)
𔌄 ("𔌄") -> ScopeId(2)
𔌅 ("𔌅") -> ScopeId(2)
𔌆 ("𔌆") -> ScopeId(2)
𔌇 ("𔌇") -> ScopeId(2)
𔌈 ("𔌈") -> ScopeId(2)
𔌉 ("𔌉") -> ScopeId(2)
𔌊 ("𔌊") -> ScopeId(2)
𔌋 ("𔌋") -> ScopeId(2)
𔌌 ("𔌌") -> ScopeId(2)
𔌍 ("𔌍") -> ScopeId(2)
𔌎 ("𔌎") -> ScopeId(2)
𔌏 ("𔌏") -> ScopeId(2)
𔌐 ("𔌐") -> ScopeId(2)
𔌑 ("𔌑") -> ScopeId(2)
𔌒 ("𔌒") -> ScopeId(2)
𔌓 ("𔌓") -> ScopeId(2)
𔌔 ("𔌔") -> ScopeId(2)
𔌕 ("𔌕") -> ScopeId(2)
𔌖 ("𔌖") -> ScopeId(2)
𔌗 ("𔌗") -> ScopeId(2)
𔌘 ("𔌘") -> ScopeId(2)
𔌙 ("𔌙") -> ScopeId(2)
𔌚 ("𔌚") -> ScopeId(2)
𔌛 ("𔌛") -> ScopeId(2)
𔌜 ("𔌜") -> ScopeId(2)
𔌝 ("𔌝") -> ScopeId(2)
𔌞 ("𔌞") -> ScopeId(2)
𔌟 ("𔌟") -> ScopeId(2)
𔌠 ("𔌠") -> ScopeId(2)
𔌡 ("𔌡") -> ScopeId(2)
𔌢 ("𔌢") -> ScopeId(2)
𔌣 ("𔌣") -> ScopeId(2)
𔌤 ("𔌤") -> ScopeId(2)
𔌥 ("𔌥") -> ScopeId(2)
𔌦 ("𔌦") -> ScopeId(2)
𔌧 ("𔌧") -> ScopeId(2)
𔌨 ("𔌨") -> ScopeId(2)
𔌩 ("𔌩") -> ScopeId(2)
𔌪 ("𔌪") -> ScopeId(2)
𔌫 ("𔌫") -> ScopeId(2)
𔌬 ("𔌬") -> ScopeId(2)
𔌭 ("𔌭") -> ScopeId(2)
𔌮 ("𔌮") -> ScopeId(2)
𔌯 ("𔌯") -> ScopeId(2)
𔌰 ("𔌰") -> ScopeId(2)
𔌱 ("𔌱") -> ScopeId(2)
𔌲 ("𔌲") -> ScopeId(2)
𔌳 ("𔌳") -> ScopeId(2)
𔌴 ("𔌴") -> ScopeId(2)
𔌵 ("𔌵") -> ScopeId(2)
𔌶 ("𔌶") -> ScopeId(2)
𔌷 ("𔌷") -> ScopeId(2)
𔌸 ("𔌸") -> ScopeId(2)
𔌹 ("𔌹") -> ScopeId(2)
𔌺 ("𔌺") -> ScopeId(2)
𔌻 ("𔌻") -> ScopeId(2)
𔌼 ("𔌼") -> ScopeId(2)
𔌽 ("𔌽") -> ScopeId(2)
𔌾 ("𔌾") -> ScopeId(2)
𔌿 ("𔌿") -> ScopeId(2)
𔍀 ("𔍀") -> ScopeId(2)
𔍁 ("𔍁") -> ScopeId(2)
𔍂 ("𔍂") -> ScopeId(2)
𔍃 ("𔍃") -> ScopeId(2)
𔍄 ("𔍄") -> ScopeId(2)
𔍅 ("𔍅") -> ScopeId(2)
𔍆 ("𔍆") -> ScopeId(2)
𔍇 ("𔍇") -> ScopeId(2)
𔍈 ("𔍈") -> ScopeId(2)
𔍉 ("𔍉") -> ScopeId(2)
𔍊 ("𔍊") -> ScopeId(2)
𔍋 ("𔍋") -> ScopeId(2)
𔍌 ("𔍌") -> ScopeId(2)
𔍍 ("𔍍") -> ScopeId(2)
𔍎 ("𔍎") -> ScopeId(2)
𔍏 ("𔍏") -> ScopeId(2)
𔍐 ("𔍐") -> ScopeId(2)
𔍑 ("𔍑") -> ScopeId(2)
𔍒 ("𔍒") -> ScopeId(2)
𔍓 ("𔍓") -> ScopeId(2)
𔍔 ("𔍔") -> ScopeId(2)
𔍕 ("𔍕") -> ScopeId(2)
𔍖 ("𔍖") -> ScopeId(2)
𔍗 ("𔍗") -> ScopeId(2)
𔍘 ("𔍘") -> ScopeId(2)
𔍙 ("𔍙") -> ScopeId(2)
𔍚 ("𔍚") -> ScopeId(2)
𔍛 ("𔍛") -> ScopeId(2)
𔍜 ("𔍜") -> ScopeId(2)
𔍝 ("𔍝") -> ScopeId(2)
𔍞 ("𔍞") -> ScopeId(2)
𔍟 ("𔍟") -> ScopeId(2)
𔍠 ("𔍠") -> ScopeId(2)
𔍡 ("𔍡") -> ScopeId(2)
𔍢 ("𔍢") -> ScopeId(2)
𔍣 ("𔍣") -> ScopeId(2)
𔍤 ("𔍤") -> ScopeId(2)
𔍥 ("𔍥") -> ScopeId(2)
𔍦 ("𔍦") -> ScopeId(2)
𔍧 ("𔍧") -> ScopeId(2)
𔍨 ("𔍨") -> ScopeId(2)
𔍩 ("𔍩") -> ScopeId(2)
𔍪 ("𔍪") -> ScopeId(2)
𔍫 ("𔍫") -> ScopeId(2)
𔍬 ("𔍬") -> ScopeId(2)
𔍭 ("𔍭") -> ScopeId(2)
𔍮 ("𔍮") -> ScopeId(2)
𔍯 ("𔍯") -> ScopeId(2)
𔍰 ("𔍰") -> ScopeId(2)
𔍱 ("𔍱") -> ScopeId(2)
𔍲 ("𔍲") -> ScopeId(2)
𔍳 ("𔍳") -> ScopeId(2)
𔍴 ("𔍴") -> ScopeId(2)
𔍵 ("𔍵") -> ScopeId(2)
𔍶 ("𔍶") -> ScopeId(2)
𔍷 ("𔍷") -> ScopeId(2)
𔍸 ("𔍸") -> ScopeId(2)
𔍹 ("𔍹") -> ScopeId(2)
𔍺 ("𔍺") -> ScopeId(2)
𔍻 ("𔍻") -> ScopeId(2)
𔍼 ("𔍼") -> ScopeId(2)
𔍽 ("𔍽") -> ScopeId(2)
𔍾 ("𔍾") -> ScopeId(2)
𔍿 ("𔍿") -> ScopeId(2)
𔎀 ("𔎀") -> ScopeId(2)
𔎁 ("𔎁") -> ScopeId(2)
𔎂 ("𔎂") -> ScopeId(2)
𔎃 ("𔎃") -> ScopeId(2)
𔎄 ("𔎄") -> ScopeId(2)
𔎅 ("𔎅") -> ScopeId(2)
𔎆 ("𔎆") -> ScopeId(2)
𔎇 ("𔎇") -> ScopeId(2)
𔎈 ("𔎈") -> ScopeId(2)
𔎉 ("𔎉") -> ScopeId(2)
𔎊 ("𔎊") -> ScopeId(2)
𔎋 ("𔎋") -> ScopeId(2)
𔎌 ("𔎌") -> ScopeId(2)
𔎍 ("𔎍") -> ScopeId(2)
𔎎 ("𔎎") -> ScopeId(2)
𔎏 ("𔎏") -> ScopeId(2)
𔎐 ("𔎐") -> ScopeId(2)
𔎑 ("𔎑") -> ScopeId(2)
𔎒 ("𔎒") -> ScopeId(2)
𔎓 ("𔎓") -> ScopeId(2)
𔎔 ("𔎔") -> ScopeId(2)
𔎕 ("𔎕") -> ScopeId(2)
𔎖 ("𔎖") -> ScopeId(2)
𔎗 ("𔎗") -> ScopeId(2)
𔎘 ("𔎘") -> ScopeId(2)
𔎙 ("𔎙") -> ScopeId(2)
𔎚 ("𔎚") -> ScopeId(2)
𔎛 ("𔎛") -> ScopeId(2)
𔎜 ("𔎜") -> ScopeId(2)
𔎝 ("𔎝") -> ScopeId(2)
𔎞 ("𔎞") -> ScopeId(2)
𔎟 ("𔎟") -> ScopeId(2)
𔎠 ("𔎠") -> ScopeId(2)
𔎡 ("𔎡") -> ScopeId(2)
𔎢 ("𔎢") -> ScopeId(2)
𔎣 ("𔎣") -> ScopeId(2)
𔎤 ("𔎤") -> ScopeId(2)
𔎥 ("𔎥") -> ScopeId(2)
𔎦 ("𔎦") -> ScopeId(2)
𔎧 ("𔎧") -> ScopeId(2)
𔎨 ("𔎨") -> ScopeId(2)
𔎩 ("𔎩") -> ScopeId(2)
𔎪 ("𔎪") -> ScopeId(2)
𔎫 ("𔎫") -> ScopeId(2)
𔎬 ("𔎬") -> ScopeId(2)
𔎭 ("𔎭") -> ScopeId(2)
𔎮 ("𔎮") -> ScopeId(2)
𔎯 ("𔎯") -> ScopeId(2)
𔎰 ("𔎰") -> ScopeId(2)
𔎱 ("𔎱") -> ScopeId(2)
𔎲 ("𔎲") -> ScopeId(2)
𔎳 ("𔎳") -> ScopeId(2)
𔎴 ("𔎴") -> ScopeId(2)
𔎵 ("𔎵") -> ScopeId(2)
𔎶 ("𔎶") -> ScopeId(2)
𔎷 ("𔎷") -> ScopeId(2)
𔎸 ("𔎸") -> ScopeId(2)
𔎹 ("𔎹") -> ScopeId(2)
𔎺 ("𔎺") -> ScopeId(2)
𔎻 ("𔎻") -> ScopeId(2)
𔎼 ("𔎼") -> ScopeId(2)
𔎽 ("𔎽") -> ScopeId(2)
𔎾 ("𔎾") -> ScopeId(2)
𔎿 ("𔎿") -> ScopeId(2)
𔏀 ("𔏀") -> ScopeId(2)
𔏁 ("𔏁") -> ScopeId(2)
𔏂 ("𔏂") -> ScopeId(2)
𔏃 ("𔏃") -> ScopeId(2)
𔏄 ("𔏄") -> ScopeId(2)
𔏅 ("𔏅") -> ScopeId(2)
𔏆 ("𔏆") -> ScopeId(2)
𔏇 ("𔏇") -> ScopeId(2)
𔏈 ("𔏈") -> ScopeId(2)
𔏉 ("𔏉") -> ScopeId(2)
𔏊 ("𔏊") -> ScopeId(2)
𔏋 ("𔏋") -> ScopeId(2)
𔏌 ("𔏌") -> ScopeId(2)
𔏍 ("𔏍") -> ScopeId(2)
𔏎 ("𔏎") -> ScopeId(2)
𔏏 ("𔏏") -> ScopeId(2)
𔏐 ("𔏐") -> ScopeId(2)
𔏑 ("𔏑") -> ScopeId(2)
𔏒 ("𔏒") -> ScopeId(2)
𔏓 ("𔏓") -> ScopeId(2)
𔏔 ("𔏔") -> ScopeId(2)
𔏕 ("𔏕") -> ScopeId(2)
𔏖 ("𔏖") -> ScopeId(2)
𔏗 ("𔏗") -> ScopeId(2)
𔏘 ("𔏘") -> ScopeId(2)
𔏙 ("𔏙") -> ScopeId(2)
𔏚 ("𔏚") -> ScopeId(2)
𔏛 ("𔏛") -> ScopeId(2)
𔏜 ("𔏜") -> ScopeId(2)
𔏝 ("𔏝") -> ScopeId(2)
𔏞 ("𔏞") -> ScopeId(2)
𔏟 ("𔏟") -> ScopeId(2)
𔏠 ("𔏠") -> ScopeId(2)
𔏡 ("𔏡") -> ScopeId(2)
𔏢 ("𔏢") -> ScopeId(2)
𔏣 ("𔏣") -> ScopeId(2)
𔏤 ("𔏤") -> ScopeId(2)
𔏥 ("𔏥") -> ScopeId(2)
𔏦 ("𔏦") -> ScopeId(2)
𔏧 ("𔏧") -> ScopeId(2)
𔏨 ("𔏨") -> ScopeId(2)
𔏩 ("𔏩") -> ScopeId(2)
𔏪 ("𔏪") -> ScopeId(2)
𔏫 ("𔏫") -> ScopeId(2)
𔏬 ("𔏬") -> ScopeId(2)
𔏭 ("𔏭") -> ScopeId(2)
𔏮 ("𔏮") -> ScopeId(2)
𔏯 ("𔏯") -> ScopeId(2)
𔏰 ("𔏰") -> ScopeId(2)
𔏱 ("𔏱") -> ScopeId(2)
𔏲 ("𔏲") -> ScopeId(2)
𔏳 ("𔏳") -> ScopeId(2)
𔏴 ("𔏴") -> ScopeId(2)
𔏵 ("𔏵") -> ScopeId(2)
𔏶 ("𔏶") -> ScopeId(2)
𔏷 ("𔏷") -> ScopeId(2)
𔏸 ("𔏸") -> ScopeId(2)
𔏹 ("𔏹") -> ScopeId(2)
𔏺 ("𔏺") -> ScopeId(2)
𖄀 ("𖄀") -> ScopeId(2)
𖄁 ("𖄁") -> ScopeId(2)
𖄂 ("𖄂") -> ScopeId(2)
𖄃 ("𖄃") -> ScopeId(2)
𖄄 ("𖄄") -> ScopeId(2)
𖄅 ("𖄅") -> ScopeId(2)
𖄆 ("𖄆") -> ScopeId(2)
𖄇 ("𖄇") -> ScopeId(2)
𖄈 ("𖄈") -> ScopeId(2)
𖄉 ("𖄉") -> ScopeId(2)
𖄊 ("𖄊") -> ScopeId(2)
𖄋 ("𖄋") -> ScopeId(2)
𖄌 ("𖄌") -> ScopeId(2)
𖄍 ("𖄍") -> ScopeId(2)
𖄎 ("𖄎") -> ScopeId(2)
𖄏 ("𖄏") -> ScopeId(2)
𖄐 ("𖄐") -> ScopeId(2)
𖄑 ("𖄑") -> ScopeId(2)
𖄒 ("𖄒") -> ScopeId(2)
𖄓 ("𖄓") -> ScopeId(2)
𖄔 ("𖄔") -> ScopeId(2)
𖄕 ("𖄕") -> ScopeId(2)
𖄖 ("𖄖") -> ScopeId(2)
𖄗 ("𖄗") -> ScopeId(2)
𖄘 ("𖄘") -> ScopeId(2)
𖄙 ("𖄙") -> ScopeId(2)
𖄚 ("𖄚") -> ScopeId(2)
𖄛 ("𖄛") -> ScopeId(2)
𖄜 ("𖄜") -> ScopeId(2)
𖄝 ("𖄝") -> ScopeId(2)
𖵀 ("𖵀") -> ScopeId(2)
𖵁 ("𖵁") -> ScopeId(2)
𖵂 ("𖵂") -> ScopeId(2)
𖵃 ("𖵃") -> ScopeId(2)
𖵄 ("𖵄") -> ScopeId(2)
𖵅 ("𖵅") -> ScopeId(2)
𖵆 ("𖵆") -> ScopeId(2)
𖵇 ("𖵇") -> ScopeId(2)
𖵈 ("𖵈") -> ScopeId(2)
𖵉 ("𖵉") -> ScopeId(2)
𖵊 ("𖵊") -> ScopeId(2)
𖵋 ("𖵋") -> ScopeId(2)
𖵌 ("𖵌") -> ScopeId(2)
𖵍 ("𖵍") -> ScopeId(2)
𖵎 ("𖵎") -> ScopeId(2)
𖵏 ("𖵏") -> ScopeId(2)
𖵐 ("𖵐") -> ScopeId(2)
𖵑 ("𖵑") -> ScopeId(2)
𖵒 ("𖵒") -> ScopeId(2)
𖵓 ("𖵓") -> ScopeId(2)
𖵔 ("𖵔") -> ScopeId(2)
𖵕 ("𖵕") -> ScopeId(2)
𖵖 ("𖵖") -> ScopeId(2)
𖵗 ("𖵗") -> ScopeId(2)
𖵘 ("𖵘") -> ScopeId(2)
𖵙 ("𖵙") -> ScopeId(2)
𖵚 ("𖵚") -> ScopeId(2)
𖵛 ("𖵛") -> ScopeId(2)
𖵜 ("𖵜") -> ScopeId(2)
𖵝 ("𖵝") -> ScopeId(2)
𖵞 ("𖵞") -> ScopeId(2)
𖵟 ("𖵟") -> ScopeId(2)
𖵠 ("𖵠") -> ScopeId(2)
𖵡 ("𖵡") -> ScopeId(2)
𖵢 ("𖵢") -> ScopeId(2)
𖵣 ("𖵣") -> ScopeId(2)
𖵤 ("𖵤") -> ScopeId(2)
𖵥 ("𖵥") -> ScopeId(2)
𖵦 ("𖵦") -> ScopeId(2)
𖵧 ("𖵧") -> ScopeId(2)
𖵨 ("𖵨") -> ScopeId(2)
𖵩 ("𖵩") -> ScopeId(2)
𖵪 ("𖵪") -> ScopeId(2)
𖵫 ("𖵫") -> ScopeId(2)
𖵬 ("𖵬") -> ScopeId(2)
𘳿 ("𘳿") -> ScopeId(2)
𞗐 ("𞗐") -> ScopeId(2)
𞗑 ("𞗑") -> ScopeId(2)
𞗒 ("𞗒") -> ScopeId(2)
𞗓 ("𞗓") -> ScopeId(2)
𞗔 ("𞗔") -> ScopeId(2)
𞗕 ("𞗕") -> ScopeId(2)
𞗖 ("𞗖") -> ScopeId(2)
𞗗 ("𞗗") -> ScopeId(2)
𞗘 ("𞗘") -> ScopeId(2)
𞗙 ("𞗙") -> ScopeId(2)
𞗚 ("𞗚") -> ScopeId(2)
𞗛 ("𞗛") -> ScopeId(2)
𞗜 ("𞗜") -> ScopeId(2)
𞗝 ("𞗝") -> ScopeId(2)
𞗞 ("𞗞") -> ScopeId(2)
𞗟 ("𞗟") -> ScopeId(2)
𞗠 ("𞗠") -> ScopeId(2)
𞗡 ("𞗡") -> ScopeId(2)
𞗢 ("𞗢") -> ScopeId(2)
𞗣 ("𞗣") -> ScopeId(2)
𞗤 ("𞗤") -> ScopeId(2)
𞗥 ("𞗥") -> ScopeId(2)
𞗦 ("𞗦") -> ScopeId(2)
𞗧 ("𞗧") -> ScopeId(2)
𞗨 ("𞗨") -> ScopeId(2)
𞗩 ("𞗩") -> ScopeId(2)
𞗪 ("𞗪") -> ScopeId(2)
𞗫 ("𞗫") -> ScopeId(2)
𞗬 ("𞗬") -> ScopeId(2)
𞗭 ("𞗭") -> ScopeId(2)
𞗰 ("𞗰") -> ScopeId(2)
