Top level: #2
Unresolved: #1
ns ("ns") -> #2
localUninit1 ("localUninit1") -> #2
localUninit2 ("localUninit2") -> #2
localUninit2 ("localUninit2") -> #2
renamedUninit ("renamedUninit") -> #1
localUninit1 ("localUninit1") -> #0
indirectUninit ("indirectUninit") -> #0
assert ("assert") -> #1
ns ("ns") -> #2
assert ("assert") -> #1
ns ("ns") -> #2
assert ("assert") -> #1
ns ("ns") -> #2
assert ("assert") -> #1
ns ("ns") -> #2
