Top level: #2
Unresolved: #1
C ("C") -> #2
I ("I") -> #2
E ("E") -> #2
T ("T") -> #2
v1 ("v1") -> #2
C ("C") -> #2
v2 ("v2") -> #2
I ("I") -> #2
v3 ("v3") -> #2
E ("E") -> #2
v4 ("v4") -> #2
T ("T") -> #2
f ("f") -> #2
C ("C") -> #3
I ("I") -> #3
E ("E") -> #3
T ("T") -> #3
v1 ("v1") -> #3
C ("C") -> #3
v2 ("v2") -> #3
I ("I") -> #3
v3 ("v3") -> #3
E ("E") -> #3
v4 ("v4") -> #3
T ("T") -> #3
v5 ("v5") -> #3
U ("U") -> #3
U ("U") -> #3
