Top level: ScopeId(2)
Unresolved: ScopeId(1)
array ("array") -> ScopeId(2)
array ("array") -> ScopeId(2)
Test262Error ("Test262Error") -> ScopeId(1)
array ("array") -> ScopeId(2)
array ("array") -> ScopeId(2)
Array ("Array") -> ScopeId(1)
Test262Error ("Test262Error") -> ScopeId(1)
array ("array") -> ScopeId(2)
Array ("Array") -> ScopeId(1)
Test262Error ("Test262Error") -> ScopeId(1)
array ("array") -> ScopeId(2)
array ("array") -> ScopeId(2)
Test262Error ("Test262Error") -> ScopeId(1)
array ("array") -> ScopeId(2)
array ("array") -> ScopeId(2)
Test262Error ("Test262Error") -> ScopeId(1)
array ("array") -> ScopeId(2)
array ("array") -> ScopeId(2)
Test262Error ("Test262Error") -> ScopeId(1)
array ("array") -> ScopeId(2)
array ("array") -> ScopeId(2)
Test262Error ("Test262Error") -> ScopeId(1)
array ("array") -> ScopeId(2)
array ("array") -> ScopeId(2)
Test262Error ("Test262Error") -> ScopeId(1)
array ("array") -> ScopeId(2)
array ("array") -> ScopeId(2)
Test262Error ("Test262Error") -> ScopeId(1)
array ("array") -> ScopeId(2)
