Top level: ScopeId(2)
Unresolved: ScopeId(1)
Array ("Array") -> ScopeId(1)
Symbol ("Symbol") -> ScopeId(1)
f ("f") -> ScopeId(2)
f ("f") -> ScopeId(2)
h ("h") -> ScopeId(3)
x ("x") -> ScopeId(4)
y ("y") -> ScopeId(4)
z ("z") -> ScopeId(4)
assert ("assert") -> ScopeId(1)
TypeError ("TypeError") -> ScopeId(1)
f ("f") -> ScopeId(2)
