Top level: #2
Unresolved: #1
callCount ("callCount") -> #2
f ("f") -> #2
f ("f") -> #2
h ("h") -> #3
y ("y") -> #4
assert ("assert") -> #1
y ("y") -> #4
assert ("assert") -> #1
ReferenceError ("ReferenceError") -> #1
x ("x") -> #1
callCount ("callCount") -> #2
callCount ("callCount") -> #2
f ("f") -> #2
assert ("assert") -> #1
callCount ("callCount") -> #2
$DONE ("$DONE") -> #1
$DONE ("$DONE") -> #1
