Top level: #2
Unresolved: #1
obj ("obj") -> #2
Symbol ("Symbol") -> #1
Test262Error ("Test262Error") -> #1
Symbol ("Symbol") -> #1
undefined ("undefined") -> #1
callCount ("callCount") -> #2
C ("C") -> #2
callCount ("callCount") -> #2
obj ("obj") -> #2
Test262Error ("Test262Error") -> #1
assert ("assert") -> #1
Object ("Object") -> #1
C ("C") -> #2
assert ("assert") -> #1
Object ("Object") -> #1
C ("C") -> #2
iter ("iter") -> #2
C ("C") -> #2
iter ("iter") -> #2
Test262Error ("Test262Error") -> #1
v ("v") -> #8
assert ("assert") -> #1
v ("v") -> #8
TypeError ("TypeError") -> #1
iter ("iter") -> #2
done ("done") -> #9
value ("value") -> #9
assert ("assert") -> #1
done ("done") -> #9
assert ("assert") -> #1
value ("value") -> #9
undefined ("undefined") -> #1
$DONE ("$DONE") -> #1
$DONE ("$DONE") -> #1
$DONE ("$DONE") -> #1
assert ("assert") -> #1
callCount ("callCount") -> #2
assert ("assert") -> #1
Object ("Object") -> #1
C ("C") -> #2
assert ("assert") -> #1
Object ("Object") -> #1
C ("C") -> #2
