Top level: #2
Unresolved: #1
cond ("cond") -> #2
len ("len") -> #2
s ("s") -> #3
s ("s") -> #3
f1 ("f1") -> #2
x ("x") -> #4
x ("x") -> #4
cond ("cond") -> #2
x ("x") -> #4
len ("len") -> #2
x ("x") -> #4
x ("x") -> #4
x ("x") -> #4
f2 ("f2") -> #2
x ("x") -> #6
x ("x") -> #6
cond ("cond") -> #2
x ("x") -> #6
x ("x") -> #6
len ("len") -> #2
x ("x") -> #6
x ("x") -> #6
foo ("foo") -> #2
x ("x") -> #8
Promise ("Promise") -> #1
foo ("foo") -> #2
x ("x") -> #9
Promise ("Promise") -> #1
g1 ("g1") -> #2
x ("x") -> #10
x ("x") -> #10
cond ("cond") -> #2
x ("x") -> #10
foo ("foo") -> #2
x ("x") -> #10
x ("x") -> #10
x ("x") -> #10
g2 ("g2") -> #2
x ("x") -> #12
x ("x") -> #12
cond ("cond") -> #2
x ("x") -> #12
x ("x") -> #12
foo ("foo") -> #2
x ("x") -> #12
x ("x") -> #12
asNumber ("asNumber") -> #2
x ("x") -> #14
x ("x") -> #14
Promise ("Promise") -> #1
h1 ("h1") -> #2
x ("x") -> #15
x ("x") -> #15
cond ("cond") -> #2
x ("x") -> #15
x ("x") -> #15
x ("x") -> #15
h2 ("h2") -> #2
x ("x") -> #17
x ("x") -> #17
cond ("cond") -> #2
x ("x") -> #17
asNumber ("asNumber") -> #2
x ("x") -> #17
x ("x") -> #17
h3 ("h3") -> #2
x ("x") -> #19
x ("x") -> #19
cond ("cond") -> #2
y ("y") -> #20
asNumber ("asNumber") -> #2
x ("x") -> #19
x ("x") -> #19
y ("y") -> #20
x ("x") -> #19
h4 ("h4") -> #2
x ("x") -> #21
x ("x") -> #21
cond ("cond") -> #2
x ("x") -> #21
y ("y") -> #22
asNumber ("asNumber") -> #2
x ("x") -> #21
x ("x") -> #21
y ("y") -> #22
x ("x") -> #21
get_things ("get_things") -> #2
_ ("_") -> #23
foobar ("foobar") -> #2
before ("before") -> #24
undefined ("undefined") -> #1
i ("i") -> #25
i ("i") -> #25
i ("i") -> #25
results ("results") -> #26
get_things ("get_things") -> #2
before ("before") -> #24
before ("before") -> #24
results ("results") -> #26
foox ("foox") -> #2
x ("x") -> #27
Promise ("Promise") -> #1
bar ("bar") -> #28
undefined ("undefined") -> #1
bar ("bar") -> #28
baz ("baz") -> #29
foox ("foox") -> #2
bar ("bar") -> #28
bar ("bar") -> #28
baz ("baz") -> #29
myQuery ("myQuery") -> #2
input ("input") -> #30
lastId ("lastId") -> #0
Promise ("Promise") -> #1
entities ("entities") -> #0
myFunc ("myFunc") -> #2
lastId ("lastId") -> #31
undefined ("undefined") -> #1
entities ("entities") -> #32
myQuery ("myQuery") -> #2
lastId ("lastId") -> #31
lastId ("lastId") -> #31
entities ("entities") -> #32
entities ("entities") -> #32
Promise ("Promise") -> #1
