Top level: #2
Unresolved: #1
keywordA ("keywordA") -> #2
keywordB ("keywordB") -> #2
A ("A") -> #2
keywordA ("keywordA") -> #2
B ("B") -> #2
keywordB ("keywordB") -> #2
c ("c") -> #2
A ("A") -> #2
B ("B") -> #2
c ("c") -> #2
c ("c") -> #2
keywordA ("keywordA") -> #2
c ("c") -> #2
c ("c") -> #2
stringB ("stringB") -> #2
stringB ("stringB") -> #2
c ("c") -> #2
c ("c") -> #2
stringB ("stringB") -> #2
c ("c") -> #2
c ("c") -> #2
