Top level: #2
Unresolved: #1
f10 ("f10") -> #2
x ("x") -> #3
isString ("isString") -> #3
x ("x") -> #3
isString ("isString") -> #3
t ("t") -> #4
x ("x") -> #3
t ("t") -> #5
x ("x") -> #3
f11 ("f11") -> #2
x ("x") -> #6
isString ("isString") -> #6
x ("x") -> #6
isString ("isString") -> #6
t ("t") -> #7
x ("x") -> #6
f12 ("f12") -> #2
x ("x") -> #8
isString ("isString") -> #8
x ("x") -> #8
isNumber ("isNumber") -> #8
x ("x") -> #8
isString ("isString") -> #8
isNumber ("isNumber") -> #8
t ("t") -> #9
x ("x") -> #8
t ("t") -> #10
x ("x") -> #8
f13 ("f13") -> #2
x ("x") -> #11
isString ("isString") -> #11
x ("x") -> #11
isNumber ("isNumber") -> #11
x ("x") -> #11
isStringOrNumber ("isStringOrNumber") -> #11
isString ("isString") -> #11
isNumber ("isNumber") -> #11
isStringOrNumber ("isStringOrNumber") -> #11
t ("t") -> #12
x ("x") -> #11
t ("t") -> #13
x ("x") -> #11
f14 ("f14") -> #2
x ("x") -> #14
notUndefined ("notUndefined") -> #14
x ("x") -> #14
undefined ("undefined") -> #1
notUndefined ("notUndefined") -> #14
x ("x") -> #14
f15 ("f15") -> #2
obj ("obj") -> #15
x ("x") -> #0
isString ("isString") -> #15
obj ("obj") -> #15
isString ("isString") -> #15
s ("s") -> #16
obj ("obj") -> #15
f16 ("f16") -> #2
obj ("obj") -> #17
x ("x") -> #0
isString ("isString") -> #17
obj ("obj") -> #17
obj ("obj") -> #17
isString ("isString") -> #17
s ("s") -> #18
obj ("obj") -> #17
f17 ("f17") -> #2
obj ("obj") -> #19
isString ("isString") -> #19
obj ("obj") -> #19
isString ("isString") -> #19
s ("s") -> #20
obj ("obj") -> #19
f18 ("f18") -> #2
obj ("obj") -> #21
isString ("isString") -> #21
obj ("obj") -> #21
obj ("obj") -> #21
isString ("isString") -> #21
s ("s") -> #22
obj ("obj") -> #21
f20 ("f20") -> #2
obj ("obj") -> #23
kind ("kind") -> #0
foo ("foo") -> #0
kind ("kind") -> #0
bar ("bar") -> #0
isFoo ("isFoo") -> #23
obj ("obj") -> #23
isFoo ("isFoo") -> #23
obj ("obj") -> #23
obj ("obj") -> #23
f21 ("f21") -> #2
obj ("obj") -> #26
kind ("kind") -> #0
foo ("foo") -> #0
kind ("kind") -> #0
bar ("bar") -> #0
isFoo ("isFoo") -> #26
obj ("obj") -> #26
isFoo ("isFoo") -> #26
obj ("obj") -> #26
obj ("obj") -> #26
f22 ("f22") -> #2
obj ("obj") -> #29
kind ("kind") -> #0
foo ("foo") -> #0
kind ("kind") -> #0
bar ("bar") -> #0
isFoo ("isFoo") -> #29
obj ("obj") -> #29
isFoo ("isFoo") -> #29
obj ("obj") -> #29
obj ("obj") -> #29
f23 ("f23") -> #2
obj ("obj") -> #32
kind ("kind") -> #0
foo ("foo") -> #0
kind ("kind") -> #0
bar ("bar") -> #0
isFoo ("isFoo") -> #32
obj ("obj") -> #32
obj ("obj") -> #32
obj ("obj") -> #32
isFoo ("isFoo") -> #32
obj ("obj") -> #32
obj ("obj") -> #32
f24 ("f24") -> #2
arg ("arg") -> #35
kind ("kind") -> #0
foo ("foo") -> #0
kind ("kind") -> #0
bar ("bar") -> #0
obj ("obj") -> #35
arg ("arg") -> #35
isFoo ("isFoo") -> #35
obj ("obj") -> #35
isFoo ("isFoo") -> #35
obj ("obj") -> #35
obj ("obj") -> #35
f25 ("f25") -> #2
arg ("arg") -> #38
kind ("kind") -> #0
foo ("foo") -> #0
kind ("kind") -> #0
bar ("bar") -> #0
obj ("obj") -> #38
arg ("arg") -> #38
isFoo ("isFoo") -> #38
obj ("obj") -> #38
isFoo ("isFoo") -> #38
obj ("obj") -> #38
obj ("obj") -> #38
f26 ("f26") -> #2
outer ("outer") -> #41
obj ("obj") -> #0
kind ("kind") -> #0
foo ("foo") -> #0
kind ("kind") -> #0
bar ("bar") -> #0
isFoo ("isFoo") -> #41
outer ("outer") -> #41
isFoo ("isFoo") -> #41
outer ("outer") -> #41
outer ("outer") -> #41
f27 ("f27") -> #2
outer ("outer") -> #44
obj ("obj") -> #0
kind ("kind") -> #0
foo ("foo") -> #0
kind ("kind") -> #0
bar ("bar") -> #0
isFoo ("isFoo") -> #44
outer ("outer") -> #44
isFoo ("isFoo") -> #44
outer ("outer") -> #44
outer ("outer") -> #44
f28 ("f28") -> #2
obj ("obj") -> #47
kind ("kind") -> #0
foo ("foo") -> #0
kind ("kind") -> #0
bar ("bar") -> #0
isFoo ("isFoo") -> #47
obj ("obj") -> #47
obj ("obj") -> #47
isBar ("isBar") -> #47
obj ("obj") -> #47
obj ("obj") -> #47
isFoo ("isFoo") -> #47
obj ("obj") -> #47
isBar ("isBar") -> #47
obj ("obj") -> #47
f30 ("f30") -> #2
obj ("obj") -> #50
kind ("kind") -> #0
foo ("foo") -> #0
kind ("kind") -> #0
bar ("bar") -> #0
kind ("kind") -> #50
obj ("obj") -> #50
kind ("kind") -> #50
obj ("obj") -> #50
obj ("obj") -> #50
f31 ("f31") -> #2
obj ("obj") -> #53
kind ("kind") -> #0
foo ("foo") -> #0
kind ("kind") -> #0
bar ("bar") -> #0
kind ("kind") -> #53
obj ("obj") -> #53
kind ("kind") -> #53
obj ("obj") -> #53
obj ("obj") -> #53
f32 ("f32") -> #2
obj ("obj") -> #56
kind ("kind") -> #0
foo ("foo") -> #0
kind ("kind") -> #0
bar ("bar") -> #0
k ("k") -> #56
obj ("obj") -> #56
k ("k") -> #56
obj ("obj") -> #56
obj ("obj") -> #56
f33 ("f33") -> #2
obj ("obj") -> #59
kind ("kind") -> #0
foo ("foo") -> #0
kind ("kind") -> #0
bar ("bar") -> #0
kind ("kind") -> #59
obj ("obj") -> #59
kind ("kind") -> #59
obj ("obj") -> #59
obj ("obj") -> #59
C10 ("C10") -> #2
x ("x") -> #61
thisX_isString ("thisX_isString") -> #61
xIsString ("xIsString") -> #61
x ("x") -> #61
thisX_isString ("thisX_isString") -> #61
xIsString ("xIsString") -> #61
s ("s") -> #62
s ("s") -> #62
s ("s") -> #62
x ("x") -> #61
C11 ("C11") -> #2
x ("x") -> #63
thisX_isString ("thisX_isString") -> #63
xIsString ("xIsString") -> #63
x ("x") -> #63
thisX_isString ("thisX_isString") -> #63
xIsString ("xIsString") -> #63
s ("s") -> #64
s ("s") -> #64
s ("s") -> #64
x ("x") -> #63
x ("x") -> #63
f40 ("f40") -> #2
obj ("obj") -> #66
kind ("kind") -> #0
foo ("foo") -> #0
kind ("kind") -> #0
bar ("bar") -> #0
kind ("kind") -> #66
obj ("obj") -> #66
isFoo ("isFoo") -> #66
kind ("kind") -> #66
isFoo ("isFoo") -> #66
obj ("obj") -> #66
t ("t") -> #67
obj ("obj") -> #66
Data ("Data") -> #2
kind ("kind") -> #0
payload ("payload") -> #0
kind ("kind") -> #0
payload ("payload") -> #0
gg2 ("gg2") -> #2
obj ("obj") -> #68
Data ("Data") -> #2
obj ("obj") -> #68
t ("t") -> #69
obj ("obj") -> #68
t ("t") -> #70
obj ("obj") -> #68
foo ("foo") -> #2
kind ("kind") -> #71
payload ("payload") -> #71
Data ("Data") -> #2
kind ("kind") -> #71
t ("t") -> #72
payload ("payload") -> #71
t ("t") -> #73
payload ("payload") -> #71
obj ("obj") -> #2
a ("a") -> #2
a ("a") -> #2
obj ("obj") -> #2
Utils ("Utils") -> #2
value ("value") -> #76
T ("T") -> #76
value ("value") -> #76
T ("T") -> #76
value ("value") -> #76
NonNullable ("NonNullable") -> #1
T ("T") -> #76
A53267 ("A53267") -> #2
isNumber ("isNumber") -> #77
Utils ("Utils") -> #2
isNumber ("isNumber") -> #77
x ("x") -> #78
