Top level: #2
Unresolved: #1
mutuallyEnabledPair ("mutuallyEnabledPair") -> #2
discriminator ("discriminator") -> #0
value ("value") -> #0
discriminator ("discriminator") -> #0
value ("value") -> #0
discriminator1 ("discriminator1") -> #2
value1 ("value1") -> #2
mutuallyEnabledPair ("mutuallyEnabledPair") -> #2
discriminator1 ("discriminator1") -> #2
value1 ("value1") -> #2
discriminator2 ("discriminator2") -> #2
value2 ("value2") -> #2
mutuallyEnabledPair ("mutuallyEnabledPair") -> #2
discriminator2 ("discriminator2") -> #2
value2 ("value2") -> #2
