Top level: #2
Unresolved: #1
C ("C") -> #2
f1 ("f1") -> #2
x ("x") -> #3
T ("T") -> #3
x ("x") -> #3
C ("C") -> #2
v1 ("v1") -> #4
T ("T") -> #3
x ("x") -> #3
v2 ("v2") -> #4
C ("C") -> #2
x ("x") -> #3
x ("x") -> #3
T ("T") -> #3
f2 ("f2") -> #2
x ("x") -> #5
T ("T") -> #5
x ("x") -> #5
v1 ("v1") -> #6
T ("T") -> #5
x ("x") -> #5
v2 ("v2") -> #6
x ("x") -> #5
x ("x") -> #5
T ("T") -> #5
fun ("fun") -> #2
item ("item") -> #7
P ("P") -> #7
T ("T") -> #7
T ("T") -> #7
P ("P") -> #7
strings ("strings") -> #7
key ("key") -> #8
item ("item") -> #7
value ("value") -> #9
item ("item") -> #7
key ("key") -> #8
value ("value") -> #9
strings ("strings") -> #7
value ("value") -> #9
T ("T") -> #7
