Top level: ScopeId(2)
Unresolved: ScopeId(1)
thrown ("thrown") -> ScopeId(2)
Test262Error ("Test262Error") -> ScopeId(1)
caught ("caught") -> ScopeId(2)
Parent ("Parent") -> ScopeId(2)
thrown ("thrown") -> ScopeId(2)
Child ("Child") -> ScopeId(2)
err ("err") -> ScopeId(7)
caught ("caught") -> ScopeId(2)
err ("err") -> ScopeId(7)
Parent ("Parent") -> ScopeId(2)
Child ("Child") -> ScopeId(2)
_ ("_") -> ScopeId(9)
assert ("assert") -> ScopeId(1)
caught ("caught") -> ScopeId(2)
thrown ("thrown") -> ScopeId(2)
