Top level: #2
Unresolved: #1
T0 ("T0") -> #2
T1 ("T1") -> #2
T2 ("T2") -> #2
T3 ("T3") -> #2
T ("T") -> #3
T ("T") -> #3
T4 ("T4") -> #2
T ("T") -> #4
Capitalize ("Capitalize") -> #1
T ("T") -> #4
f1 ("f1") -> #2
a ("a") -> #5
x ("x") -> #5
s ("s") -> #5
a ("a") -> #5
x ("x") -> #5
f2 ("f2") -> #2
a ("a") -> #6
x ("x") -> #6
s ("s") -> #6
a ("a") -> #6
x ("x") -> #6
T10 ("T10") -> #2
T11 ("T11") -> #2
T20 ("T20") -> #2
T ("T") -> #7
T ("T") -> #7
T21 ("T21") -> #2
T ("T") -> #8
K ("K") -> #8
T ("T") -> #8
T20 ("T20") -> #2
K ("K") -> #8
Container ("Container") -> #2
T ("T") -> #9
value ("value") -> #0
T ("T") -> #9
UnwrapContainers ("UnwrapContainers") -> #2
T ("T") -> #10
Container ("Container") -> #2
K ("K") -> #10
T ("T") -> #10
T ("T") -> #10
K ("K") -> #10
createContainer ("createContainer") -> #2
value ("value") -> #11
T ("T") -> #11
T ("T") -> #11
Container ("Container") -> #2
T ("T") -> #11
f ("f") -> #2
containers ("containers") -> #12
T ("T") -> #12
callback ("callback") -> #12
values ("values") -> #1
UnwrapContainers ("UnwrapContainers") -> #2
T ("T") -> #12
T ("T") -> #12
Container ("Container") -> #2
container1 ("container1") -> #2
createContainer ("createContainer") -> #2
container2 ("container2") -> #2
createContainer ("createContainer") -> #2
f ("f") -> #2
container1 ("container1") -> #2
container2 ("container2") -> #2
value1 ("value1") -> #13
value2 ("value2") -> #13
value1 ("value1") -> #13
value2 ("value2") -> #13
