Top level: #2
Unresolved: #1
A ("A") -> #2
A ("A") -> #2
default ("default") -> #1
A ("A") -> #2
B ("B") -> #2
default ("default") -> #0
A ("A") -> #2
B ("B") -> #2
types ("types") -> #2
types ("types") -> #2
default ("default") -> #1
types ("types") -> #2
types ("types") -> #2
types ("types") -> #2
a ("a") -> #2
types ("types") -> #2
b ("b") -> #2
types ("types") -> #2
