Top level: #2
Unresolved: #1
A ("A") -> #2
A ("A") -> #2
default ("default") -> #1
B ("B") -> #2
B ("B") -> #2
B ("B") -> #2
default ("default") -> #1
DefaultA ("DefaultA") -> #2
A ("A") -> #2
DefaultB ("DefaultB") -> #2
B ("B") -> #2
DefaultA ("DefaultA") -> #2
A ("A") -> #2
DefaultB ("DefaultB") -> #2
B ("B") -> #2
A ("A") -> #0
AA ("AA") -> #0
B ("B") -> #0
BB ("BB") -> #0
A ("A") -> #0
AA ("AA") -> #0
B ("B") -> #0
BB ("BB") -> #0
AA ("AA") -> #2
BB ("BB") -> #2
AA ("AA") -> #2
BB ("BB") -> #2
A ("A") -> #2
B ("B") -> #2
A ("A") -> #2
B ("B") -> #2
BB ("BB") -> #2
A ("A") -> #2
B ("B") -> #2
A ("A") -> #2
B ("B") -> #2
BB ("BB") -> #2
