Top level: #2
Unresolved: #1
createAndInstantiateClass ("createAndInstantiateClass") -> #2
C ("C") -> #3
C ("C") -> #3
c1 ("c1") -> #2
createAndInstantiateClass ("createAndInstantiateClass") -> #2
c2 ("c2") -> #2
createAndInstantiateClass ("createAndInstantiateClass") -> #2
assert ("assert") -> #1
c1 ("c1") -> #2
c2 ("c2") -> #2
