Top level: #2
Unresolved: #1
classfactory ("classfactory") -> #2
C1 ("C1") -> #2
classfactory ("classfactory") -> #2
C2 ("C2") -> #2
classfactory ("classfactory") -> #2
c1 ("c1") -> #2
C1 ("C1") -> #2
c2 ("c2") -> #2
C2 ("C2") -> #2
assert ("assert") -> #1
TypeError ("TypeError") -> #1
c1 ("c1") -> #2
c2 ("c2") -> #2
