Top level: #2
Unresolved: #1
NonExtensibleBase ("NonExtensibleBase") -> #2
seal ("seal") -> #3
seal ("seal") -> #3
Object ("Object") -> #1
ClassWithPrivateField ("ClassWithPrivateField") -> #2
seal ("seal") -> #4
seal ("seal") -> #4
NonExtensibleBase ("NonExtensibleBase") -> #2
t ("t") -> #2
ClassWithPrivateField ("ClassWithPrivateField") -> #2
assert ("assert") -> #1
t ("t") -> #2
assert ("assert") -> #1
TypeError ("TypeError") -> #1
ClassWithPrivateField ("ClassWithPrivateField") -> #2
ClassWithPrivateMethod ("ClassWithPrivateMethod") -> #2
seal ("seal") -> #7
seal ("seal") -> #7
NonExtensibleBase ("NonExtensibleBase") -> #2
m ("m") -> #2
ClassWithPrivateMethod ("ClassWithPrivateMethod") -> #2
assert ("assert") -> #1
m ("m") -> #2
assert ("assert") -> #1
TypeError ("TypeError") -> #1
ClassWithPrivateMethod ("ClassWithPrivateMethod") -> #2
ClassWithPrivateAccessor ("ClassWithPrivateAccessor") -> #2
seal ("seal") -> #11
seal ("seal") -> #11
NonExtensibleBase ("NonExtensibleBase") -> #2
a ("a") -> #2
ClassWithPrivateAccessor ("ClassWithPrivateAccessor") -> #2
assert ("assert") -> #1
a ("a") -> #2
assert ("assert") -> #1
TypeError ("TypeError") -> #1
ClassWithPrivateAccessor ("ClassWithPrivateAccessor") -> #2
TestNonExtensibleData ("TestNonExtensibleData") -> #2
Object ("Object") -> #1
assert ("assert") -> #1
TypeError ("TypeError") -> #1
TestNonExtensibleData ("TestNonExtensibleData") -> #2
assert ("assert") -> #1
TypeError ("TypeError") -> #1
TestNonExtensibleStaticData ("TestNonExtensibleStaticData") -> #16
Object ("Object") -> #1
TestNonExtensibleStaticData ("TestNonExtensibleStaticData") -> #16
