Top level: #2
Unresolved: #1
Test ("Test") -> #2
copy ("copy") -> #3
this ("this") -> #1
Test1 ("Test1") -> #2
copy ("copy") -> #4
this ("this") -> #1
foo ("foo") -> #4
this ("this") -> #1
self ("self") -> #4
this ("this") -> #1
self ("self") -> #4
str ("str") -> #4
this ("this") -> #1
Test2 ("Test2") -> #2
x ("x") -> #5
this ("this") -> #1
Test3 ("Test3") -> #2
no ("no") -> #0
x ("x") -> #6
this ("this") -> #1
Test4 ("Test4") -> #2
no ("no") -> #0
x ("x") -> #7
this ("this") -> #1
Test5 ("Test5") -> #2
x ("x") -> #8
this ("this") -> #1
Test6 ("Test6") -> #2
f ("f") -> #9
x ("x") -> #10
this ("this") -> #1
Test7 ("Test7") -> #2
f ("f") -> #11
x ("x") -> #12
this ("this") -> #1
Test8 ("Test8") -> #2
x ("x") -> #13
this ("this") -> #1
Test9 ("Test9") -> #2
Test9D1 ("Test9D1") -> #2
d1 ("d1") -> #15
this ("this") -> #1
d1 ("d1") -> #15
Test9D2 ("Test9D2") -> #2
d2 ("d2") -> #16
this ("this") -> #1
d2 ("d2") -> #16
no ("no") -> #18
this ("this") -> #1
no ("no") -> #19
this ("this") -> #1
Test9D1 ("Test9D1") -> #2
Test9D2 ("Test9D2") -> #2
Test10 ("Test10") -> #2
b ("b") -> #0
a ("a") -> #22
this ("this") -> #1
undefined ("undefined") -> #1
a ("a") -> #23
this ("this") -> #1
undefined ("undefined") -> #1
b ("b") -> #23
this ("this") -> #1
undefined ("undefined") -> #1
b ("b") -> #24
this ("this") -> #1
undefined ("undefined") -> #1
Test11 ("Test11") -> #2
x ("x") -> #0
o ("o") -> #25
bar ("bar") -> #25
o ("o") -> #25
o ("o") -> #25
o ("o") -> #25
y ("y") -> #26
o ("o") -> #25
Tests12 ("Tests12") -> #2
Test ("Test") -> #27
this ("this") -> #1
Test ("Test") -> #28
this ("this") -> #1
dummy ("dummy") -> #31
Test ("Test") -> #30
this ("this") -> #1
dummy ("dummy") -> #34
Test ("Test") -> #33
this ("this") -> #1
