Top level: #2
Unresolved: #1
A ("A") -> #2
Point ("Point") -> #3
Point ("Point") -> #3
x ("x") -> #0
y ("y") -> #0
B ("B") -> #2
A ("A") -> #4
Point ("Point") -> #4
A ("A") -> #4
X ("X") -> #2
Y ("Y") -> #5
Point ("Point") -> #6
x ("x") -> #0
y ("y") -> #0
Y ("Y") -> #5
Z ("Z") -> #2
Y ("Y") -> #7
X ("X") -> #2
Y ("Y") -> #7
a ("a") -> #2
A ("A") -> #8
b ("b") -> #2
A ("A") -> #9
a ("a") -> #2
A ("A") -> #9
c ("c") -> #2
any ("any") -> #10
b ("b") -> #2
q ("q") -> #2
Q ("Q") -> #11
r ("r") -> #2
Q ("Q") -> #12
q ("q") -> #2
Q ("Q") -> #12
s ("s") -> #2
Q ("Q") -> #13
r ("r") -> #2
Q ("Q") -> #13
