Top level: #2
Unresolved: #1
invalidCommentedFancy ("invalidCommentedFancy") -> #2
validCommentedFancy ("validCommentedFancy") -> #2
invalidCommentedPlain ("invalidCommentedPlain") -> #2
validCommentedPlain ("validCommentedPlain") -> #2
invalidPlain ("invalidPlain") -> #2
validPlain ("validPlain") -> #2
invalidCommentedFancy ("invalidCommentedFancy") -> #2
validCommentedFancy ("validCommentedFancy") -> #2
