Top level: ScopeId(2)
Unresolved: ScopeId(1)
xCls ("xCls") -> ScopeId(2)
x ("x") -> ScopeId(3)
cls ("cls") -> ScopeId(2)
xCls2 ("xCls2") -> ScopeId(2)
assert ("assert") -> ScopeId(1)
xCls ("xCls") -> ScopeId(2)
assert ("assert") -> ScopeId(1)
xCls2 ("xCls2") -> ScopeId(2)
verifyProperty ("verifyProperty") -> ScopeId(1)
cls ("cls") -> ScopeId(2)
