Top level: #2
Unresolved: #1
itNum ("itNum") -> #2
Iterable ("Iterable") -> #1
rest ("rest") -> #3
itNum ("itNum") -> #2
a ("a") -> #4
rest ("rest") -> #4
itNum ("itNum") -> #2
a ("a") -> #5
rest ("rest") -> #5
itNum ("itNum") -> #2
fn1 ("fn1") -> #2
args ("args") -> #6
T ("T") -> #6
T ("T") -> #6
T ("T") -> #6
res1 ("res1") -> #2
fn1 ("fn1") -> #2
res2 ("res2") -> #2
fn1 ("fn1") -> #2
itNum ("itNum") -> #2
res3 ("res3") -> #2
fn1 ("fn1") -> #2
res4 ("res4") -> #2
fn1 ("fn1") -> #2
itNum ("itNum") -> #2
foo ("foo") -> #2
args ("args") -> #7
T ("T") -> #7
T ("T") -> #7
T ("T") -> #7
p1 ("p1") -> #2
foo ("foo") -> #2
p2 ("p2") -> #2
foo ("foo") -> #2
itNum ("itNum") -> #2
p3 ("p3") -> #2
foo ("foo") -> #2
p4 ("p4") -> #2
foo ("foo") -> #2
itNum ("itNum") -> #2
