Top level: #2
Unresolved: #1
EmptyTypes ("EmptyTypes") -> #2
iface ("iface") -> #3
base ("base") -> #3
iface ("iface") -> #3
base2 ("base2") -> #3
iface ("iface") -> #3
derived ("derived") -> #3
base ("base") -> #3
f ("f") -> #3
x ("x") -> #4
y ("y") -> #4
x ("x") -> #5
y ("y") -> #5
x ("x") -> #6
y ("y") -> #6
x ("x") -> #7
y ("y") -> #7
undefined ("undefined") -> #1
undefined ("undefined") -> #1
undefined ("undefined") -> #1
undefined ("undefined") -> #1
undefined ("undefined") -> #1
undefined ("undefined") -> #1
t1 ("t1") -> #8
x ("x") -> #0
y ("y") -> #0
base ("base") -> #3
derived ("derived") -> #3
base ("base") -> #3
t2 ("t2") -> #8
x ("x") -> #0
y ("y") -> #0
base ("base") -> #3
derived ("derived") -> #3
base ("base") -> #3
t3 ("t3") -> #8
x ("x") -> #0
y ("y") -> #0
base ("base") -> #3
undefined ("undefined") -> #1
base ("base") -> #3
derived ("derived") -> #3
anyObj ("anyObj") -> #8
a1 ("a1") -> #8
anyObj ("anyObj") -> #8
a2 ("a2") -> #8
anyObj ("anyObj") -> #8
a3 ("a3") -> #8
anyObj ("anyObj") -> #8
ifaceObj ("ifaceObj") -> #8
iface ("iface") -> #3
baseObj ("baseObj") -> #8
base ("base") -> #3
base2Obj ("base2Obj") -> #8
base2 ("base2") -> #3
b1 ("b1") -> #8
baseObj ("baseObj") -> #8
base2Obj ("base2Obj") -> #8
ifaceObj ("ifaceObj") -> #8
b2 ("b2") -> #8
base2Obj ("base2Obj") -> #8
baseObj ("baseObj") -> #8
ifaceObj ("ifaceObj") -> #8
b3 ("b3") -> #8
baseObj ("baseObj") -> #8
ifaceObj ("ifaceObj") -> #8
base2Obj ("base2Obj") -> #8
b4 ("b4") -> #8
ifaceObj ("ifaceObj") -> #8
baseObj ("baseObj") -> #8
base2Obj ("base2Obj") -> #8
NonEmptyTypes ("NonEmptyTypes") -> #2
iface ("iface") -> #9
x ("x") -> #0
base ("base") -> #9
iface ("iface") -> #9
base2 ("base2") -> #9
iface ("iface") -> #9
derived ("derived") -> #9
base ("base") -> #9
f ("f") -> #9
x ("x") -> #10
y ("y") -> #10
x ("x") -> #11
y ("y") -> #11
x ("x") -> #12
y ("y") -> #12
x ("x") -> #13
y ("y") -> #13
undefined ("undefined") -> #1
undefined ("undefined") -> #1
undefined ("undefined") -> #1
undefined ("undefined") -> #1
undefined ("undefined") -> #1
undefined ("undefined") -> #1
t1 ("t1") -> #14
x ("x") -> #0
y ("y") -> #0
base ("base") -> #9
derived ("derived") -> #9
base ("base") -> #9
t2 ("t2") -> #14
x ("x") -> #0
y ("y") -> #0
base ("base") -> #9
derived ("derived") -> #9
base ("base") -> #9
t3 ("t3") -> #14
x ("x") -> #0
y ("y") -> #0
base ("base") -> #9
undefined ("undefined") -> #1
base ("base") -> #9
derived ("derived") -> #9
anyObj ("anyObj") -> #14
a1 ("a1") -> #14
anyObj ("anyObj") -> #14
a2 ("a2") -> #14
anyObj ("anyObj") -> #14
a3 ("a3") -> #14
anyObj ("anyObj") -> #14
ifaceObj ("ifaceObj") -> #14
iface ("iface") -> #9
baseObj ("baseObj") -> #14
base ("base") -> #9
base2Obj ("base2Obj") -> #14
base2 ("base2") -> #9
b1 ("b1") -> #14
baseObj ("baseObj") -> #14
base2Obj ("base2Obj") -> #14
ifaceObj ("ifaceObj") -> #14
b2 ("b2") -> #14
base2Obj ("base2Obj") -> #14
baseObj ("baseObj") -> #14
ifaceObj ("ifaceObj") -> #14
b3 ("b3") -> #14
baseObj ("baseObj") -> #14
ifaceObj ("ifaceObj") -> #14
base2Obj ("base2Obj") -> #14
b4 ("b4") -> #14
ifaceObj ("ifaceObj") -> #14
baseObj ("baseObj") -> #14
base2Obj ("base2Obj") -> #14
