Top level: #2
Unresolved: #1
Debug ("Debug") -> #2
Debug ("Debug") -> #2
assert ("assert") -> #2
expression ("expression") -> #3
expression ("expression") -> #3
ts ("ts") -> #2
Debug ("Debug") -> #2
ts ("ts") -> #2
Debug ("Debug") -> #2
ts ("ts") -> #2
Debug ("Debug") -> #2
ts ("ts") -> #2
Debug ("Debug") -> #2
