Top level: #2
Unresolved: #1
m2 ("m2") -> #2
m2 ("m2") -> #2
m2a ("m2a") -> #2
y ("y") -> #4
m2a ("m2a") -> #2
m2b ("m2b") -> #2
y ("y") -> #6
m2b ("m2b") -> #2
m2c ("m2c") -> #2
m2c ("m2c") -> #2
y ("y") -> #9
m2cc ("m2cc") -> #2
y ("y") -> #10
m2cc ("m2cc") -> #2
m2d ("m2d") -> #2
m2d ("m2d") -> #2
m2e ("m2e") -> #2
m2e ("m2e") -> #2
m2f ("m2f") -> #2
m2f ("m2f") -> #2
I ("I") -> #15
foo ("foo") -> #0
m2g ("m2g") -> #2
m2g ("m2g") -> #2
C ("C") -> #17
