Top level: #2
Unresolved: #1
BigIntIndex ("BigIntIndex") -> #2
E ("E") -> #3
index ("index") -> #3
E ("E") -> #3
arr ("arr") -> #2
num ("num") -> #2
arr ("arr") -> #2
num ("num") -> #2
arr ("arr") -> #2
num ("num") -> #2
arr ("arr") -> #2
num ("num") -> #2
key ("key") -> #2
key ("key") -> #2
key ("key") -> #2
key ("key") -> #2
Symbol ("Symbol") -> #1
key ("key") -> #2
bigNum ("bigNum") -> #2
typedArray ("typedArray") -> #2
Uint8Array ("Uint8Array") -> #1
typedArray ("typedArray") -> #2
bigNum ("bigNum") -> #2
typedArray ("typedArray") -> #2
String ("String") -> #1
bigNum ("bigNum") -> #2
typedArray ("typedArray") -> #2
typedArray ("typedArray") -> #2
