Top level: #2
Unresolved: #1
exportedFoo ("exportedFoo") -> #2
v0 ("v0") -> #2
v00 ("v00") -> #2
v1 ("v1") -> #2
v2 ("v2") -> #2
v3 ("v3") -> #2
v4 ("v4") -> #2
v5 ("v5") -> #2
v6 ("v6") -> #2
v7 ("v7") -> #2
v8 ("v8") -> #2
x ("x") -> #4
v0 ("v0") -> #2
x ("x") -> #4
x ("x") -> #4
v0 ("v0") -> #2
x ("x") -> #4
x ("x") -> #8
v00 ("v00") -> #2
x ("x") -> #8
x ("x") -> #8
v00 ("v00") -> #2
x ("x") -> #8
x ("x") -> #12
x ("x") -> #12
x ("x") -> #12
v1 ("v1") -> #2
x ("x") -> #12
x ("x") -> #12
v1 ("v1") -> #2
x ("x") -> #12
x ("x") -> #16
v2 ("v2") -> #2
x ("x") -> #16
x ("x") -> #16
v2 ("v2") -> #2
x ("x") -> #16
x ("x") -> #19
v3 ("v3") -> #2
x ("x") -> #19
x ("x") -> #19
v3 ("v3") -> #2
x ("x") -> #19
y ("y") -> #22
y ("y") -> #22
y ("y") -> #22
x ("x") -> #23
v4 ("v4") -> #2
x ("x") -> #23
x ("x") -> #23
v4 ("v4") -> #2
x ("x") -> #23
x ("x") -> #26
y ("y") -> #26
x ("x") -> #26
x ("x") -> #26
v5 ("v5") -> #2
x ("x") -> #26
x ("x") -> #26
y ("y") -> #26
v5 ("v5") -> #2
x ("x") -> #26
y ("y") -> #26
x ("x") -> #30
y ("y") -> #30
v6 ("v6") -> #2
x ("x") -> #30
x ("x") -> #30
y ("y") -> #30
v6 ("v6") -> #2
x ("x") -> #30
y ("y") -> #30
x ("x") -> #33
y ("y") -> #33
v7 ("v7") -> #2
x ("x") -> #33
x ("x") -> #33
y ("y") -> #33
v7 ("v7") -> #2
x ("x") -> #33
y ("y") -> #33
y ("y") -> #36
y ("y") -> #36
y ("y") -> #36
x ("x") -> #37
v8 ("v8") -> #2
x ("x") -> #37
x ("x") -> #37
y ("y") -> #36
v8 ("v8") -> #2
x ("x") -> #37
y ("y") -> #36
exportedFoo2 ("exportedFoo2") -> #2
v0_c ("v0_c") -> #2
v00_c ("v00_c") -> #2
v1_c ("v1_c") -> #2
v2_c ("v2_c") -> #2
v3_c ("v3_c") -> #2
v4_c ("v4_c") -> #2
v5_c ("v5_c") -> #2
v6_c ("v6_c") -> #2
v7_c ("v7_c") -> #2
v8_c ("v8_c") -> #2
x ("x") -> #41
v0_c ("v0_c") -> #2
x ("x") -> #41
x ("x") -> #41
v0_c ("v0_c") -> #2
x ("x") -> #41
x ("x") -> #45
v00_c ("v00_c") -> #2
x ("x") -> #45
x ("x") -> #45
v00 ("v00") -> #2
x ("x") -> #45
x ("x") -> #49
x ("x") -> #49
v1_c ("v1_c") -> #2
x ("x") -> #49
x ("x") -> #49
v1_c ("v1_c") -> #2
x ("x") -> #49
x ("x") -> #53
v2_c ("v2_c") -> #2
x ("x") -> #53
x ("x") -> #53
v2_c ("v2_c") -> #2
x ("x") -> #53
x ("x") -> #56
v3_c ("v3_c") -> #2
x ("x") -> #56
x ("x") -> #56
v3_c ("v3_c") -> #2
x ("x") -> #56
y ("y") -> #59
y ("y") -> #59
x ("x") -> #60
v4_c ("v4_c") -> #2
x ("x") -> #60
x ("x") -> #60
v4_c ("v4_c") -> #2
x ("x") -> #60
x ("x") -> #63
y ("y") -> #63
x ("x") -> #63
v5_c ("v5_c") -> #2
x ("x") -> #63
x ("x") -> #63
y ("y") -> #63
v5_c ("v5_c") -> #2
x ("x") -> #63
y ("y") -> #63
x ("x") -> #67
y ("y") -> #67
v6_c ("v6_c") -> #2
x ("x") -> #67
x ("x") -> #67
y ("y") -> #67
v6_c ("v6_c") -> #2
x ("x") -> #67
y ("y") -> #67
x ("x") -> #70
y ("y") -> #70
v7_c ("v7_c") -> #2
x ("x") -> #70
x ("x") -> #70
y ("y") -> #70
v7_c ("v7_c") -> #2
x ("x") -> #70
y ("y") -> #70
y ("y") -> #73
y ("y") -> #73
x ("x") -> #74
v8_c ("v8_c") -> #2
x ("x") -> #74
x ("x") -> #74
y ("y") -> #73
v8_c ("v8_c") -> #2
x ("x") -> #74
y ("y") -> #73
