Top level: #2
Unresolved: #1
AB ("AB") -> #2
DEFAULT ("DEFAULT") -> #2
AB ("AB") -> #2
C ("C") -> #2
DEFAULT ("DEFAULT") -> #2
c ("c") -> #2
C ("C") -> #2
expectAB ("expectAB") -> #2
x ("x") -> #5
AB ("AB") -> #2
expectAB ("expectAB") -> #2
c ("c") -> #2
c ("c") -> #2
D ("D") -> #2
DEFAULT ("DEFAULT") -> #2
D ("D") -> #2
