Top level: #2
Unresolved: #1
T1 ("T1") -> #2
m3d ("m3d") -> #3
y ("y") -> #4
m3d ("m3d") -> #3
foo ("foo") -> #5
r ("r") -> #3
m3d ("m3d") -> #3
T2 ("T2") -> #2
m3d ("m3d") -> #8
foo ("foo") -> #9
m3d ("m3d") -> #8
y ("y") -> #12
r ("r") -> #8
m3d ("m3d") -> #8
T3 ("T3") -> #2
m3d ("m3d") -> #13
y ("y") -> #14
m3d ("m3d") -> #13
r ("r") -> #13
m3d ("m3d") -> #13
r ("r") -> #13
r ("r") -> #13
r ("r") -> #13
T4 ("T4") -> #2
m3d ("m3d") -> #17
m3d ("m3d") -> #17
y ("y") -> #20
r ("r") -> #17
m3d ("m3d") -> #17
r ("r") -> #17
r ("r") -> #17
r ("r") -> #17
m3d ("m3d") -> #2
y ("y") -> #21
m3d ("m3d") -> #2
foo ("foo") -> #22
r ("r") -> #2
m3d ("m3d") -> #2
m4d ("m4d") -> #2
m3d ("m3d") -> #2
r2 ("r2") -> #2
m4d ("m4d") -> #2
