Top level: #2
Unresolved: #1
A ("A") -> #2
a ("a") -> #0
B ("B") -> #2
A ("A") -> #2
b ("b") -> #0
C ("C") -> #2
A ("A") -> #2
c ("c") -> #0
cast ("cast") -> #2
x ("x") -> #3
T ("T") -> #3
test ("test") -> #3
x ("x") -> #3
T ("T") -> #3
x ("x") -> #3
U ("U") -> #3
T ("T") -> #3
U ("U") -> #3
T ("T") -> #3
U ("U") -> #3
isC ("isC") -> #2
x ("x") -> #4
A ("A") -> #2
x ("x") -> #4
C ("C") -> #2
f1 ("f1") -> #2
a ("a") -> #5
A ("A") -> #2
b ("b") -> #5
B ("B") -> #2
x1 ("x1") -> #5
cast ("cast") -> #2
a ("a") -> #5
isC ("isC") -> #2
x2 ("x2") -> #5
cast ("cast") -> #2
b ("b") -> #5
isC ("isC") -> #2
useA ("useA") -> #2
a ("a") -> #6
A ("A") -> #2
consume ("consume") -> #2
t ("t") -> #7
T ("T") -> #7
u ("u") -> #7
U ("U") -> #7
f ("f") -> #7
x ("x") -> #2
T ("T") -> #7
T ("T") -> #7
U ("U") -> #7
T ("T") -> #7
f2 ("f2") -> #2
b ("b") -> #8
B ("B") -> #2
c ("c") -> #8
C ("C") -> #2
consume ("consume") -> #2
b ("b") -> #8
c ("c") -> #8
useA ("useA") -> #2
consume ("consume") -> #2
c ("c") -> #8
b ("b") -> #8
useA ("useA") -> #2
consume ("consume") -> #2
b ("b") -> #8
b ("b") -> #8
useA ("useA") -> #2
consume ("consume") -> #2
c ("c") -> #8
c ("c") -> #8
useA ("useA") -> #2
every ("every") -> #2
array ("array") -> #9
T ("T") -> #9
f ("f") -> #9
x ("x") -> #2
T ("T") -> #9
x ("x") -> #2
U ("U") -> #9
T ("T") -> #9
U ("U") -> #9
T ("T") -> #9
array ("array") -> #9
U ("U") -> #9
f3 ("f3") -> #2
arr ("arr") -> #10
B ("B") -> #2
C ("C") -> #2
every ("every") -> #2
arr ("arr") -> #10
isC ("isC") -> #2
arr ("arr") -> #10
arr ("arr") -> #10
SyntaxKind ("SyntaxKind") -> #2
Block ("Block") -> #0
Identifier ("Identifier") -> #0
CaseClause ("CaseClause") -> #0
FunctionExpression ("FunctionExpression") -> #0
FunctionDeclaration ("FunctionDeclaration") -> #0
Node ("Node") -> #2
kind ("kind") -> #0
SyntaxKind ("SyntaxKind") -> #2
Expression ("Expression") -> #2
Node ("Node") -> #2
_expressionBrand ("_expressionBrand") -> #0
Declaration ("Declaration") -> #2
Node ("Node") -> #2
_declarationBrand ("_declarationBrand") -> #0
Block ("Block") -> #2
Node ("Node") -> #2
kind ("kind") -> #0
SyntaxKind ("SyntaxKind") -> #2
Identifier ("Identifier") -> #2
Expression ("Expression") -> #2
Declaration ("Declaration") -> #2
kind ("kind") -> #0
SyntaxKind ("SyntaxKind") -> #2
CaseClause ("CaseClause") -> #2
Node ("Node") -> #2
kind ("kind") -> #0
SyntaxKind ("SyntaxKind") -> #2
FunctionDeclaration ("FunctionDeclaration") -> #2
Declaration ("Declaration") -> #2
kind ("kind") -> #0
SyntaxKind ("SyntaxKind") -> #2
HasLocals ("HasLocals") -> #2
Block ("Block") -> #2
FunctionDeclaration ("FunctionDeclaration") -> #2
canHaveLocals ("canHaveLocals") -> #2
node ("node") -> #13
Node ("Node") -> #2
node ("node") -> #13
HasLocals ("HasLocals") -> #2
assertNode ("assertNode") -> #2
node ("node") -> #14
T ("T") -> #14
test ("test") -> #14
node ("node") -> #14
T ("T") -> #14
node ("node") -> #14
U ("U") -> #14
T ("T") -> #14
Node ("Node") -> #2
U ("U") -> #14
T ("T") -> #14
node ("node") -> #14
U ("U") -> #14
assertNode ("assertNode") -> #2
node ("node") -> #15
Node ("Node") -> #2
test ("test") -> #15
node ("node") -> #15
Node ("Node") -> #2
foo ("foo") -> #2
node ("node") -> #16
FunctionDeclaration ("FunctionDeclaration") -> #2
CaseClause ("CaseClause") -> #2
assertNode ("assertNode") -> #2
node ("node") -> #16
canHaveLocals ("canHaveLocals") -> #2
node ("node") -> #16
isExpression ("isExpression") -> #2
node ("node") -> #17
Node ("Node") -> #2
node ("node") -> #17
Expression ("Expression") -> #2
tryCast ("tryCast") -> #2
value ("value") -> #18
TIn ("TIn") -> #18
test ("test") -> #18
value ("value") -> #18
TIn ("TIn") -> #18
value ("value") -> #18
TOut ("TOut") -> #18
TOut ("TOut") -> #18
TIn ("TIn") -> #18
TIn ("TIn") -> #18
TOut ("TOut") -> #18
bar ("bar") -> #2
node ("node") -> #19
Identifier ("Identifier") -> #2
FunctionDeclaration ("FunctionDeclaration") -> #2
a ("a") -> #19
tryCast ("tryCast") -> #2
node ("node") -> #19
isExpression ("isExpression") -> #2
SyntaxKind1 ("SyntaxKind1") -> #2
ClassExpression ("ClassExpression") -> #0
ClassStatement ("ClassStatement") -> #0
Node1 ("Node1") -> #2
kind ("kind") -> #0
SyntaxKind1 ("SyntaxKind1") -> #2
Statement1 ("Statement1") -> #2
Node1 ("Node1") -> #2
_statementBrand ("_statementBrand") -> #0
ClassExpression1 ("ClassExpression1") -> #2
Node1 ("Node1") -> #2
kind ("kind") -> #0
SyntaxKind1 ("SyntaxKind1") -> #2
ClassStatement1 ("ClassStatement1") -> #2
Statement1 ("Statement1") -> #2
kind ("kind") -> #0
SyntaxKind1 ("SyntaxKind1") -> #2
ClassLike1 ("ClassLike1") -> #2
ClassExpression1 ("ClassExpression1") -> #2
ClassStatement1 ("ClassStatement1") -> #2
isClassLike ("isClassLike") -> #2
node ("node") -> #20
Node1 ("Node1") -> #2
node ("node") -> #20
ClassLike1 ("ClassLike1") -> #2
statement ("statement") -> #2
Statement1 ("Statement1") -> #2
maybeClassStatement ("maybeClassStatement") -> #2
tryCast ("tryCast") -> #2
statement ("statement") -> #2
isClassLike ("isClassLike") -> #2
TypeNode ("TypeNode") -> #2
Node ("Node") -> #2
typeInfo ("typeInfo") -> #0
NodeArray ("NodeArray") -> #2
T ("T") -> #21
Node ("Node") -> #2
Array ("Array") -> #1
T ("T") -> #21
someProp ("someProp") -> #0
isNodeArray ("isNodeArray") -> #2
array ("array") -> #22
T ("T") -> #22
T ("T") -> #22
Node ("Node") -> #2
array ("array") -> #22
NodeArray ("NodeArray") -> #2
T ("T") -> #22
types ("types") -> #2
TypeNode ("TypeNode") -> #2
x ("x") -> #2
tryCast ("tryCast") -> #2
types ("types") -> #2
isNodeArray ("isNodeArray") -> #2
