Top level: #2
Unresolved: #1
A ("A") -> #2
kind ("kind") -> #0
B ("B") -> #2
kind ("kind") -> #0
a ("a") -> #2
A ("A") -> #2
b ("b") -> #2
B ("B") -> #2
fab ("fab") -> #2
arg ("arg") -> #3
A ("A") -> #2
B ("B") -> #2
foo ("foo") -> #2
x ("x") -> #4
kind ("kind") -> #0
T ("T") -> #4
f ("f") -> #4
arg ("arg") -> #1
kind ("kind") -> #0
T ("T") -> #4
T ("T") -> #4
foo ("foo") -> #2
a ("a") -> #2
fab ("fab") -> #2
foo ("foo") -> #2
b ("b") -> #2
fab ("fab") -> #2
Action ("Action") -> #2
TName ("TName") -> #5
TPayload ("TPayload") -> #5
name ("name") -> #0
TName ("TName") -> #5
payload ("payload") -> #0
TPayload ("TPayload") -> #5
actionA ("actionA") -> #2
Action ("Action") -> #2
actionB ("actionB") -> #2
Action ("Action") -> #2
call ("call") -> #2
action ("action") -> #6
Action ("Action") -> #2
TName ("TName") -> #6
TPayload ("TPayload") -> #6
fn ("fn") -> #6
action ("action") -> #6
Action ("Action") -> #2
TName ("TName") -> #6
TPayload ("TPayload") -> #6
fn ("fn") -> #6
action ("action") -> #6
TName ("TName") -> #6
TPayload ("TPayload") -> #6
printFn ("printFn") -> #2
action ("action") -> #7
actionA ("actionA") -> #2
actionB ("actionB") -> #2
console ("console") -> #1
action ("action") -> #7
call ("call") -> #2
actionA ("actionA") -> #2
printFn ("printFn") -> #2
call ("call") -> #2
actionB ("actionB") -> #2
printFn ("printFn") -> #2
