Top level: #2
Unresolved: #1
v1 ("v1") -> #2
i ("i") -> #1
arguments ("arguments") -> #1
v12 ("v12") -> #2
arguments ("arguments") -> #1
restParameters ("restParameters") -> #1
v2 ("v2") -> #2
arguments ("arguments") -> #1
restParameters ("restParameters") -> #1
arguments ("arguments") -> #1
restParameters ("restParameters") -> #1
foo ("foo") -> #0
arguments ("arguments") -> #1
restParameters ("restParameters") -> #1
prop ("prop") -> #0
arguments ("arguments") -> #1
restParameters ("restParameters") -> #1
v21 ("v21") -> #2
i ("i") -> #1
arguments ("arguments") -> #1
i ("i") -> #1
arguments ("arguments") -> #1
foo ("foo") -> #0
i ("i") -> #1
arguments ("arguments") -> #1
prop ("prop") -> #0
i ("i") -> #1
arguments ("arguments") -> #1
