Top level: #2
Unresolved: #1
En ("En") -> #2
A ("A") -> #0
B ("B") -> #0
C ("C") -> #0
D ("D") -> #0
assert ("assert") -> #2
x ("x") -> #3
T ("T") -> #3
x ("x") -> #3
T ("T") -> #3
verify ("verify") -> #2
a ("a") -> #4
En ("En") -> #2
a ("a") -> #4
En ("En") -> #2
assert ("assert") -> #2
a ("a") -> #4
En ("En") -> #2
assert ("assert") -> #2
a ("a") -> #4
En ("En") -> #2
assert ("assert") -> #2
a ("a") -> #4
En ("En") -> #2
assert ("assert") -> #2
a ("a") -> #4
