Top level: #2
Unresolved: #1
f1 ("f1") -> #2
data ("data") -> #3
T ("T") -> #3
handlers ("handlers") -> #3
P ("P") -> #3
T ("T") -> #3
P ("P") -> #3
value ("value") -> #1
T ("T") -> #3
P ("P") -> #3
prop ("prop") -> #1
P ("P") -> #3
T ("T") -> #3
f1 ("f1") -> #2
value ("value") -> #4
key ("key") -> #4
value ("value") -> #5
key ("key") -> #5
f2 ("f2") -> #2
data ("data") -> #6
T ("T") -> #6
handlers ("handlers") -> #6
P ("P") -> #6
T ("T") -> #6
T ("T") -> #6
P ("P") -> #6
P ("P") -> #6
value ("value") -> #1
T ("T") -> #6
P ("P") -> #6
prop ("prop") -> #1
P ("P") -> #6
T ("T") -> #6
f2 ("f2") -> #2
value ("value") -> #7
key ("key") -> #7
f2 ("f2") -> #2
value ("value") -> #8
key ("key") -> #8
