Top level: #2
Unresolved: #1
ADT ("ADT") -> #2
kind ("kind") -> #0
method ("method") -> #0
x ("x") -> #1
kind ("kind") -> #0
method ("method") -> #0
x ("x") -> #1
invoke ("invoke") -> #2
item ("item") -> #3
ADT ("ADT") -> #2
item ("item") -> #3
item ("item") -> #3
item ("item") -> #3
invoke ("invoke") -> #2
a ("a") -> #6
a ("a") -> #6
kind ("kind") -> #2
invoke ("invoke") -> #2
kind ("kind") -> #2
a ("a") -> #7
a ("a") -> #7
