Top level: #2
Unresolved: #1
test1 ("test1") -> #2
Promise ("Promise") -> #1
one ("one") -> #0
two ("two") -> #0
test2 ("test2") -> #2
Promise ("Promise") -> #1
one ("one") -> #0
two ("two") -> #0
Promise ("Promise") -> #1
resolve ("resolve") -> #4
resolve ("resolve") -> #4
obj ("obj") -> #2
foo ("foo") -> #0
one ("one") -> #0
two ("two") -> #0
