Top level: #2
Unresolved: #1
UseQueryResult ("UseQueryResult") -> #2
T ("T") -> #3
isSuccess ("isSuccess") -> #0
data ("data") -> #0
isSuccess ("isSuccess") -> #0
data ("data") -> #0
T ("T") -> #3
useQuery ("useQuery") -> #2
undefined ("undefined") -> #1
UseQueryResult ("UseQueryResult") -> #2
data1 ("data1") -> #2
isSuccess1 ("isSuccess1") -> #2
useQuery ("useQuery") -> #2
data2 ("data2") -> #2
isSuccess2 ("isSuccess2") -> #2
useQuery ("useQuery") -> #2
data3 ("data3") -> #2
isSuccess3 ("isSuccess3") -> #2
useQuery ("useQuery") -> #2
isSuccess1 ("isSuccess1") -> #2
isSuccess2 ("isSuccess2") -> #2
isSuccess3 ("isSuccess3") -> #2
data1 ("data1") -> #2
data2 ("data2") -> #2
data3 ("data3") -> #2
areSuccess ("areSuccess") -> #2
isSuccess1 ("isSuccess1") -> #2
isSuccess2 ("isSuccess2") -> #2
isSuccess3 ("isSuccess3") -> #2
areSuccess ("areSuccess") -> #2
data1 ("data1") -> #2
data2 ("data2") -> #2
data3 ("data3") -> #2
data1 ("data1") -> #7
isSuccess1 ("isSuccess1") -> #7
useQuery ("useQuery") -> #2
data2 ("data2") -> #7
isSuccess2 ("isSuccess2") -> #7
useQuery ("useQuery") -> #2
data3 ("data3") -> #7
isSuccess3 ("isSuccess3") -> #7
useQuery ("useQuery") -> #2
areSuccess ("areSuccess") -> #7
isSuccess1 ("isSuccess1") -> #7
isSuccess2 ("isSuccess2") -> #7
isSuccess3 ("isSuccess3") -> #7
areSuccess ("areSuccess") -> #7
data1 ("data1") -> #7
data2 ("data2") -> #7
data3 ("data3") -> #7
getArrayResult ("getArrayResult") -> #2
foo1 ("foo1") -> #10
bar1 ("bar1") -> #10
getArrayResult ("getArrayResult") -> #2
foo2 ("foo2") -> #10
bar2 ("bar2") -> #10
getArrayResult ("getArrayResult") -> #2
foo3 ("foo3") -> #10
bar3 ("bar3") -> #10
getArrayResult ("getArrayResult") -> #2
arrayAllSuccess ("arrayAllSuccess") -> #10
foo1 ("foo1") -> #10
foo2 ("foo2") -> #10
foo3 ("foo3") -> #10
arrayAllSuccess ("arrayAllSuccess") -> #10
bar1 ("bar1") -> #10
bar2 ("bar2") -> #10
bar3 ("bar3") -> #10
foo1 ("foo1") -> #12
bar1 ("bar1") -> #12
getArrayResult ("getArrayResult") -> #2
foo2 ("foo2") -> #12
bar2 ("bar2") -> #12
getArrayResult ("getArrayResult") -> #2
foo3 ("foo3") -> #12
bar3 ("bar3") -> #12
getArrayResult ("getArrayResult") -> #2
arrayAllSuccess ("arrayAllSuccess") -> #12
foo1 ("foo1") -> #12
foo2 ("foo2") -> #12
foo3 ("foo3") -> #12
arrayAllSuccess ("arrayAllSuccess") -> #12
bar1 ("bar1") -> #12
bar2 ("bar2") -> #12
bar3 ("bar3") -> #12
Nested ("Nested") -> #2
type ("type") -> #0
resp ("resp") -> #0
data ("data") -> #0
type ("type") -> #0
resp ("resp") -> #0
data ("data") -> #0
resp ("resp") -> #14
Nested ("Nested") -> #2
data ("data") -> #14
type ("type") -> #14
resp ("resp") -> #14
type ("type") -> #14
data ("data") -> #14
resp ("resp") -> #14
resp ("resp") -> #14
resp ("resp") -> #17
Nested ("Nested") -> #2
dataAlias ("dataAlias") -> #17
type ("type") -> #17
resp ("resp") -> #17
type ("type") -> #17
dataAlias ("dataAlias") -> #17
resp ("resp") -> #17
resp ("resp") -> #17
bindingPatternInParameter ("bindingPatternInParameter") -> #2
data1 ("data1") -> #20
isSuccess1 ("isSuccess1") -> #20
UseQueryResult ("UseQueryResult") -> #2
data2 ("data2") -> #20
isSuccess2 ("isSuccess2") -> #20
useQuery ("useQuery") -> #2
areSuccess ("areSuccess") -> #20
isSuccess1 ("isSuccess1") -> #20
isSuccess2 ("isSuccess2") -> #20
areSuccess ("areSuccess") -> #20
data1 ("data1") -> #20
data2 ("data2") -> #20
