Top level: #2
Unresolved: #1
IFoo ("IFoo") -> #2
n ("n") -> #0
s ("s") -> #0
f ("f") -> #0
i ("i") -> #2
s ("s") -> #1
a ("a") -> #0
IBar ("IBar") -> #2
foo ("foo") -> #0
IFoo ("IFoo") -> #2
C1T5 ("C1T5") -> #2
i ("i") -> #3
i ("i") -> #3
i ("i") -> #2
s ("s") -> #1
C2T5 ("C2T5") -> #2
foo ("foo") -> #4
i ("i") -> #2
s ("s") -> #1
i ("i") -> #5
i ("i") -> #5
c3t1 ("c3t1") -> #2
s ("s") -> #1
s ("s") -> #6
s ("s") -> #6
c3t2 ("c3t2") -> #2
IFoo ("IFoo") -> #2
c3t3 ("c3t3") -> #2
c3t4 ("c3t4") -> #2
IFoo ("IFoo") -> #2
IFoo ("IFoo") -> #2
c3t5 ("c3t5") -> #2
n ("n") -> #1
IFoo ("IFoo") -> #2
n ("n") -> #8
IFoo ("IFoo") -> #2
c3t6 ("c3t6") -> #2
n ("n") -> #1
s ("s") -> #1
IFoo ("IFoo") -> #2
n ("n") -> #9
s ("s") -> #9
IFoo ("IFoo") -> #2
c3t7 ("c3t7") -> #2
n ("n") -> #1
s1 ("s1") -> #1
n ("n") -> #10
n ("n") -> #10
c3t8 ("c3t8") -> #2
n ("n") -> #1
s ("s") -> #1
n ("n") -> #11
n ("n") -> #11
c3t9 ("c3t9") -> #2
c3t10 ("c3t10") -> #2
IFoo ("IFoo") -> #2
IFoo ("IFoo") -> #2
IFoo ("IFoo") -> #2
c3t11 ("c3t11") -> #2
n ("n") -> #1
s ("s") -> #1
n ("n") -> #12
s ("s") -> #12
s ("s") -> #12
c3t12 ("c3t12") -> #2
IBar ("IBar") -> #2
IFoo ("IFoo") -> #2
c3t13 ("c3t13") -> #2
i ("i") -> #13
s ("s") -> #13
s ("s") -> #13
IFoo ("IFoo") -> #2
c3t14 ("c3t14") -> #2
IFoo ("IFoo") -> #2
C4T5 ("C4T5") -> #2
i ("i") -> #2
s ("s") -> #1
i ("i") -> #15
s ("s") -> #15
s ("s") -> #15
C5T5 ("C5T5") -> #2
foo ("foo") -> #16
i ("i") -> #2
s ("s") -> #1
foo ("foo") -> #16
i ("i") -> #17
s ("s") -> #17
s ("s") -> #17
c6t5 ("c6t5") -> #2
n ("n") -> #1
IFoo ("IFoo") -> #2
c6t5 ("c6t5") -> #2
n ("n") -> #18
IFoo ("IFoo") -> #2
n ("n") -> #1
IFoo ("IFoo") -> #2
c7t2 ("c7t2") -> #2
IFoo ("IFoo") -> #2
c7t2 ("c7t2") -> #2
IFoo ("IFoo") -> #2
IPlaceHolder ("IPlaceHolder") -> #2
t1 ("t1") -> #0
s ("s") -> #1
t2 ("t2") -> #0
IFoo ("IFoo") -> #2
t3 ("t3") -> #0
t4 ("t4") -> #0
IFoo ("IFoo") -> #2
t5 ("t5") -> #0
n ("n") -> #1
IFoo ("IFoo") -> #2
t6 ("t6") -> #0
n ("n") -> #1
s ("s") -> #1
IFoo ("IFoo") -> #2
t7 ("t7") -> #0
n ("n") -> #1
s ("s") -> #1
t8 ("t8") -> #0
n ("n") -> #1
s ("s") -> #1
t9 ("t9") -> #0
t10 ("t10") -> #0
IFoo ("IFoo") -> #2
t11 ("t11") -> #0
n ("n") -> #1
s ("s") -> #1
t12 ("t12") -> #0
IBar ("IBar") -> #2
t13 ("t13") -> #0
IFoo ("IFoo") -> #2
t14 ("t14") -> #0
IFoo ("IFoo") -> #2
objc8 ("objc8") -> #2
t1 ("t1") -> #0
s ("s") -> #1
t2 ("t2") -> #0
IFoo ("IFoo") -> #2
t3 ("t3") -> #0
t4 ("t4") -> #0
IFoo ("IFoo") -> #2
t5 ("t5") -> #0
n ("n") -> #1
IFoo ("IFoo") -> #2
t6 ("t6") -> #0
n ("n") -> #1
s ("s") -> #1
IFoo ("IFoo") -> #2
t7 ("t7") -> #0
n ("n") -> #1
s ("s") -> #1
t8 ("t8") -> #0
n ("n") -> #1
s ("s") -> #1
t9 ("t9") -> #0
t10 ("t10") -> #0
IFoo ("IFoo") -> #2
t11 ("t11") -> #0
n ("n") -> #1
s ("s") -> #1
t12 ("t12") -> #0
IBar ("IBar") -> #2
t13 ("t13") -> #0
IFoo ("IFoo") -> #2
t14 ("t14") -> #0
IFoo ("IFoo") -> #2
IPlaceHolder ("IPlaceHolder") -> #2
objc8 ("objc8") -> #2
s ("s") -> #19
s ("s") -> #19
objc8 ("objc8") -> #2
IFoo ("IFoo") -> #2
objc8 ("objc8") -> #2
objc8 ("objc8") -> #2
IFoo ("IFoo") -> #2
objc8 ("objc8") -> #2
n ("n") -> #21
IFoo ("IFoo") -> #2
objc8 ("objc8") -> #2
n ("n") -> #22
s ("s") -> #22
IFoo ("IFoo") -> #2
objc8 ("objc8") -> #2
n ("n") -> #23
n ("n") -> #23
objc8 ("objc8") -> #2
n ("n") -> #24
n ("n") -> #24
objc8 ("objc8") -> #2
objc8 ("objc8") -> #2
IFoo ("IFoo") -> #2
IFoo ("IFoo") -> #2
objc8 ("objc8") -> #2
n ("n") -> #25
s ("s") -> #25
s ("s") -> #25
objc8 ("objc8") -> #2
IFoo ("IFoo") -> #2
objc8 ("objc8") -> #2
i ("i") -> #26
s ("s") -> #26
s ("s") -> #26
IFoo ("IFoo") -> #2
objc8 ("objc8") -> #2
IFoo ("IFoo") -> #2
c9t5 ("c9t5") -> #2
f ("f") -> #27
n ("n") -> #1
IFoo ("IFoo") -> #2
c9t5 ("c9t5") -> #2
n ("n") -> #28
IFoo ("IFoo") -> #2
c10t5 ("c10t5") -> #2
n ("n") -> #1
IFoo ("IFoo") -> #2
n ("n") -> #30
IFoo ("IFoo") -> #2
C11t5 ("C11t5") -> #2
f ("f") -> #31
n ("n") -> #1
IFoo ("IFoo") -> #2
i ("i") -> #2
C11t5 ("C11t5") -> #2
n ("n") -> #32
IFoo ("IFoo") -> #2
c12t1 ("c12t1") -> #2
s ("s") -> #33
s ("s") -> #33
s ("s") -> #1
c12t2 ("c12t2") -> #2
IFoo ("IFoo") -> #2
c12t3 ("c12t3") -> #2
c12t4 ("c12t4") -> #2
IFoo ("IFoo") -> #2
IFoo ("IFoo") -> #2
c12t5 ("c12t5") -> #2
n ("n") -> #35
IFoo ("IFoo") -> #2
n ("n") -> #1
IFoo ("IFoo") -> #2
c12t6 ("c12t6") -> #2
n ("n") -> #36
s ("s") -> #36
IFoo ("IFoo") -> #2
n ("n") -> #1
s ("s") -> #1
IFoo ("IFoo") -> #2
c12t7 ("c12t7") -> #2
n ("n") -> #37
n ("n") -> #37
n ("n") -> #1
s ("s") -> #1
c12t8 ("c12t8") -> #2
n ("n") -> #38
n ("n") -> #38
n ("n") -> #1
s ("s") -> #1
c12t9 ("c12t9") -> #2
c12t10 ("c12t10") -> #2
IFoo ("IFoo") -> #2
IFoo ("IFoo") -> #2
IFoo ("IFoo") -> #2
c12t11 ("c12t11") -> #2
n ("n") -> #39
s ("s") -> #39
s ("s") -> #39
n ("n") -> #1
s ("s") -> #1
c12t12 ("c12t12") -> #2
IFoo ("IFoo") -> #2
IBar ("IBar") -> #2
c12t13 ("c12t13") -> #2
i ("i") -> #40
s ("s") -> #40
s ("s") -> #40
IFoo ("IFoo") -> #2
c12t14 ("c12t14") -> #2
IFoo ("IFoo") -> #2
EF1 ("EF1") -> #2
a ("a") -> #41
b ("b") -> #41
EF1 ("EF1") -> #2
a ("a") -> #42
b ("b") -> #42
a ("a") -> #42
b ("b") -> #42
efv ("efv") -> #2
EF1 ("EF1") -> #2
Point ("Point") -> #2
x ("x") -> #43
y ("y") -> #43
dx ("dx") -> #44
dy ("dy") -> #44
Point ("Point") -> #2
Point ("Point") -> #2
Point ("Point") -> #2
Point ("Point") -> #2
Point ("Point") -> #2
dx ("dx") -> #45
dy ("dy") -> #45
Point ("Point") -> #2
dx ("dx") -> #45
dy ("dy") -> #45
Point ("Point") -> #2
dx ("dx") -> #46
dy ("dy") -> #46
Point ("Point") -> #2
dx ("dx") -> #46
dy ("dy") -> #46
A ("A") -> #2
x ("x") -> #0
B ("B") -> #2
A ("A") -> #2
x ("x") -> #2
B ("B") -> #2
