Top level: #2
Unresolved: #1
CanvasDirection ("CanvasDirection") -> #2
GraphActions ("GraphActions") -> #2
setDirection ("setDirection") -> #0
direction ("direction") -> #1
CanvasDirection ("CanvasDirection") -> #2
create ("create") -> #2
config ("config") -> #3
T ("T") -> #3
T ("T") -> #3
takesDirection ("takesDirection") -> #2
direction ("direction") -> #4
CanvasDirection ("CanvasDirection") -> #2
create ("create") -> #2
direction ("direction") -> #5
takesDirection ("takesDirection") -> #2
direction ("direction") -> #5
GraphActions ("GraphActions") -> #2
