Top level: #2
Unresolved: #1
NumVal ("NumVal") -> #2
val ("val") -> #0
StrVal ("StrVal") -> #2
val ("val") -> #0
Val ("Val") -> #2
NumVal ("NumVal") -> #2
StrVal ("StrVal") -> #2
isNumVal ("isNumVal") -> #2
x ("x") -> #3
Val ("Val") -> #2
x ("x") -> #3
x ("x") -> #3
NumVal ("NumVal") -> #2
foo ("foo") -> #2
things ("things") -> #4
Val ("Val") -> #2
thing ("thing") -> #5
things ("things") -> #4
isNumVal ("isNumVal") -> #2
thing ("thing") -> #5
val ("val") -> #7
thing ("thing") -> #5
val ("val") -> #7
val ("val") -> #8
thing ("thing") -> #5
val ("val") -> #8
