Top level: #2
Unresolved: #1
f ("f") -> #2
fun ("fun") -> #3
t ("t") -> #4
T ("T") -> #4
T ("T") -> #4
f ("f") -> #2
t ("t") -> #5
isArray ("isArray") -> #5
t ("t") -> #5
IsObject ("IsObject") -> #5
x ("x") -> #0
t ("t") -> #5
x ("x") -> #0
fn1 ("fn1") -> #2
x ("x") -> #6
T ("T") -> #6
T ("T") -> #6
t ("t") -> #7
isArray ("isArray") -> #7
t ("t") -> #7
IsObject ("IsObject") -> #7
x ("x") -> #0
t ("t") -> #7
x ("x") -> #0
fn2 ("fn2") -> #2
x ("x") -> #8
T ("T") -> #8
T ("T") -> #8
test ("test") -> #9
t ("t") -> #10
isArray ("isArray") -> #10
t ("t") -> #10
IsObject ("IsObject") -> #10
x ("x") -> #0
t ("t") -> #10
x ("x") -> #0
obj ("obj") -> #2
f ("f") -> #0
x ("x") -> #11
T ("T") -> #11
T ("T") -> #11
t ("t") -> #12
isArray ("isArray") -> #12
t ("t") -> #12
IsObject ("IsObject") -> #12
x ("x") -> #0
t ("t") -> #12
x ("x") -> #0
