Top level: #2
Unresolved: #1
WorkItemToolbar ("WorkItemToolbar") -> #2
WITDialogs ("WITDialogs") -> #2
CreateCopyOfWorkItemDialog ("CreateCopyOfWorkItemDialog") -> #2
createWorkItemDialog ("createWorkItemDialog") -> #2
dialogType ("dialogType") -> #5
P0 ("P0") -> #5
P0 ("P0") -> #5
WITDialogs ("WITDialogs") -> #2
createWorkItemDialog ("createWorkItemDialog") -> #2
CreateCopyOfWorkItemDialog ("CreateCopyOfWorkItemDialog") -> #2
