Top level: #2
Unresolved: #1
c1 ("c1") -> #2
value ("value") -> #4
value ("value") -> #6
value ("value") -> #8
value ("value") -> #10
value ("value") -> #12
value ("value") -> #14
value ("value") -> #16
c2 ("c2") -> #2
value ("value") -> #18
value ("value") -> #20
value ("value") -> #22
value ("value") -> #24
value ("value") -> #26
value ("value") -> #28
value ("value") -> #30
