Top level: #2
Unresolved: #1
LocaleData ("LocaleData") -> #2
Record ("Record") -> #1
ConvertLocaleConfig ("ConvertLocaleConfig") -> #2
T ("T") -> #3
LocaleData ("LocaleData") -> #2
LocaleData ("LocaleData") -> #2
Record ("Record") -> #1
T ("T") -> #3
LocaleConfig ("LocaleConfig") -> #2
T ("T") -> #4
LocaleData ("LocaleData") -> #2
LocaleData ("LocaleData") -> #2
Record ("Record") -> #1
Partial ("Partial") -> #1
T ("T") -> #4
GetLocalesOptions ("GetLocalesOptions") -> #2
T ("T") -> #5
LocaleData ("LocaleData") -> #2
app ("app") -> #0
default ("default") -> #0
ConvertLocaleConfig ("ConvertLocaleConfig") -> #2
T ("T") -> #5
config ("config") -> #0
LocaleConfig ("LocaleConfig") -> #2
T ("T") -> #5
name ("name") -> #0
getLocales ("getLocales") -> #2
app ("app") -> #6
name ("name") -> #6
defaultLocalesConfig ("defaultLocalesConfig") -> #6
userLocalesConfig ("userLocalesConfig") -> #6
GetLocalesOptions ("GetLocalesOptions") -> #2
T ("T") -> #6
defaultLocalesConfig ("defaultLocalesConfig") -> #6
T ("T") -> #6
LocaleData ("LocaleData") -> #2
ConvertLocaleConfig ("ConvertLocaleConfig") -> #2
T ("T") -> #6
