Top level: #2
Unresolved: #1
Foo ("Foo") -> #2
Foo ("Foo") -> #2
Example ("Example") -> #2
Example ("Example") -> #2
Foo ("Foo") -> #2
Foo ("Foo") -> #2
Foo ("Foo") -> #2
Example ("Example") -> #2
Example ("Example") -> #2
Foo ("Foo") -> #2
Bar ("Bar") -> #2
Example ("Example") -> #2
Example ("Example") -> #2
Bar ("Bar") -> #2
A ("A") -> #2
B ("B") -> #2
C ("C") -> #2
C ("C") -> #2
A ("A") -> #2
C ("C") -> #2
B ("B") -> #2
