Top level: #2
Unresolved: #1
something ("something") -> #2
vLet ("vLet") -> #2
something ("something") -> #2
vConst ("vConst") -> #2
something ("something") -> #2
fn ("fn") -> #2
p ("p") -> #3
something ("something") -> #2
fnWithRequiredDefaultParam ("fnWithRequiredDefaultParam") -> #2
p ("p") -> #4
something ("something") -> #2
req ("req") -> #4
C ("C") -> #2
something ("something") -> #2
something ("something") -> #2
something ("something") -> #2
p ("p") -> #5
something ("something") -> #2
p ("p") -> #6
something ("something") -> #2
req ("req") -> #6
ctorField ("ctorField") -> #7
something ("something") -> #2
something ("something") -> #2
v ("v") -> #9
something ("something") -> #2
fnWithPartialAnnotationOnDefaultparam ("fnWithPartialAnnotationOnDefaultparam") -> #2
x ("x") -> #10
something ("something") -> #2
b ("b") -> #10
