Top level: #2
Unresolved: #1
f ("f") -> #2
addUndefined1 ("addUndefined1") -> #3
addUndefined2 ("addUndefined2") -> #3
addUndefined1 ("addUndefined1") -> #3
addUndefined2 ("addUndefined2") -> #3
g ("g") -> #2
addUndefined ("addUndefined") -> #4
addDefined ("addDefined") -> #4
addUndefined ("addUndefined") -> #4
addDefined ("addDefined") -> #4
total ("total") -> #2
f ("f") -> #2
f ("f") -> #2
f ("f") -> #2
f ("f") -> #2
undefined ("undefined") -> #1
total ("total") -> #2
g ("g") -> #2
g ("g") -> #2
undefined ("undefined") -> #1
foo1 ("foo1") -> #2
x ("x") -> #5
b ("b") -> #5
x ("x") -> #5
foo2 ("foo2") -> #2
x ("x") -> #6
b ("b") -> #6
x ("x") -> #6
foo3 ("foo3") -> #2
x ("x") -> #7
b ("b") -> #7
x ("x") -> #7
x ("x") -> #7
undefined ("undefined") -> #1
foo4 ("foo4") -> #2
x ("x") -> #8
undefined ("undefined") -> #1
b ("b") -> #8
x ("x") -> #8
x ("x") -> #8
undefined ("undefined") -> #1
OptionalNullableString ("OptionalNullableString") -> #2
allowsNull ("allowsNull") -> #2
val ("val") -> #9
OptionalNullableString ("OptionalNullableString") -> #2
val ("val") -> #9
val ("val") -> #9
allowsNull ("allowsNull") -> #2
foo1 ("foo1") -> #2
undefined ("undefined") -> #1
foo2 ("foo2") -> #2
undefined ("undefined") -> #1
foo3 ("foo3") -> #2
undefined ("undefined") -> #1
foo4 ("foo4") -> #2
undefined ("undefined") -> #1
removeUndefinedButNotFalse ("removeUndefinedButNotFalse") -> #2
x ("x") -> #10
x ("x") -> #10
x ("x") -> #10
cond ("cond") -> #2
removeNothing ("removeNothing") -> #2
y ("y") -> #12
cond ("cond") -> #2
undefined ("undefined") -> #1
y ("y") -> #12
undefined ("undefined") -> #1
y ("y") -> #12
y ("y") -> #12
