Top level: #2
Unresolved: #1
StringContains ("StringContains") -> #2
S ("S") -> #3
L ("L") -> #3
K ("K") -> #3
S ("S") -> #3
key ("key") -> #1
L ("L") -> #3
ObjectHasKey ("ObjectHasKey") -> #2
O ("O") -> #4
L ("L") -> #4
StringContains ("StringContains") -> #2
Extract ("Extract") -> #1
O ("O") -> #4
L ("L") -> #4
First ("First") -> #2
T ("T") -> #5
ObjectHasKey ("ObjectHasKey") -> #2
T ("T") -> #5
T1 ("T1") -> #2
ObjectHasKey ("ObjectHasKey") -> #2
a ("a") -> #0
T2 ("T2") -> #2
ObjectHasKey ("ObjectHasKey") -> #2
a ("a") -> #0
f1 ("f1") -> #2
a ("a") -> #6
A ("A") -> #6
b ("b") -> #6
B ("B") -> #6
A ("A") -> #6
B ("B") -> #6
P ("P") -> #6
A ("A") -> #6
B ("B") -> #6
f2 ("f2") -> #2
a ("a") -> #7
A ("A") -> #7
f1 ("f1") -> #2
a ("a") -> #7
A ("A") -> #7
f3 ("f3") -> #2
x ("x") -> #8
f2 ("f2") -> #2
x ("x") -> #8
