Top level: #2
Unresolved: #1
tuple ("tuple") -> #2
a ("a") -> #2
b ("b") -> #2
c ("c") -> #2
rest ("rest") -> #2
tuple ("tuple") -> #2
receiver ("receiver") -> #2
tuple ("tuple") -> #2
receiver ("receiver") -> #2
tuple ("tuple") -> #2
oops1 ("oops1") -> #2
accu ("accu") -> #3
el ("el") -> #3
accu ("accu") -> #3
el ("el") -> #3
oops2 ("oops2") -> #2
acc ("acc") -> #4
e ("e") -> #4
acc ("acc") -> #4
e ("e") -> #4
