Top level: #2
Unresolved: #1
Thing ("Thing") -> #2
k ("k") -> #2
Thing ("Thing") -> #2
Thing2 ("Thing2") -> #2
toFixed ("toFixed") -> #0
q ("q") -> #2
Thing2 ("Thing2") -> #2
h ("h") -> #2
Thing2 ("Thing2") -> #2
Thing3 ("Thing3") -> #2
toFixed ("toFixed") -> #0
toString ("toString") -> #0
l ("l") -> #2
Thing3 ("Thing3") -> #2
undefined ("undefined") -> #1
