Top level: #2
Unresolved: #1
First ("First") -> #2
E ("E") -> #3
a ("a") -> #0
b ("b") -> #0
c ("c") -> #0
Abc ("Abc") -> #2
E ("E") -> #4
a ("a") -> #0
b ("b") -> #0
c ("c") -> #0
Nope ("Nope") -> #4
a ("a") -> #0
b ("b") -> #0
c ("c") -> #0
Abcd ("Abcd") -> #2
E ("E") -> #5
a ("a") -> #0
b ("b") -> #0
c ("c") -> #0
d ("d") -> #0
Ab ("Ab") -> #2
E ("E") -> #6
a ("a") -> #0
b ("b") -> #0
Cd ("Cd") -> #2
E ("E") -> #7
c ("c") -> #0
d ("d") -> #0
Const ("Const") -> #2
E ("E") -> #8
a ("a") -> #0
b ("b") -> #0
c ("c") -> #0
Decl ("Decl") -> #2
E ("E") -> #9
a ("a") -> #0
b ("b") -> #0
c ("c") -> #0
Merged ("Merged") -> #2
E ("E") -> #10
a ("a") -> #0
b ("b") -> #0
E ("E") -> #10
c ("c") -> #0
d ("d") -> #0
Merged2 ("Merged2") -> #2
E ("E") -> #11
a ("a") -> #0
b ("b") -> #0
c ("c") -> #0
E ("E") -> #11
d ("d") -> #12
abc ("abc") -> #2
First ("First") -> #2
secondAbc ("secondAbc") -> #2
Abc ("Abc") -> #2
secondAbcd ("secondAbcd") -> #2
Abcd ("Abcd") -> #2
secondAb ("secondAb") -> #2
Ab ("Ab") -> #2
secondCd ("secondCd") -> #2
Cd ("Cd") -> #2
nope ("nope") -> #2
Abc ("Abc") -> #2
k ("k") -> #2
Const ("Const") -> #2
decl ("decl") -> #2
Decl ("Decl") -> #2
merged ("merged") -> #2
Merged ("Merged") -> #2
merged2 ("merged2") -> #2
Merged2 ("Merged2") -> #2
abc ("abc") -> #2
secondAbc ("secondAbc") -> #2
abc ("abc") -> #2
secondAbcd ("secondAbcd") -> #2
abc ("abc") -> #2
secondAb ("secondAb") -> #2
abc ("abc") -> #2
secondCd ("secondCd") -> #2
abc ("abc") -> #2
nope ("nope") -> #2
abc ("abc") -> #2
decl ("decl") -> #2
secondAbc ("secondAbc") -> #2
abc ("abc") -> #2
secondAbcd ("secondAbcd") -> #2
abc ("abc") -> #2
secondAb ("secondAb") -> #2
abc ("abc") -> #2
secondCd ("secondCd") -> #2
abc ("abc") -> #2
nope ("nope") -> #2
abc ("abc") -> #2
decl ("decl") -> #2
abc ("abc") -> #2
k ("k") -> #2
k ("k") -> #2
abc ("abc") -> #2
k ("k") -> #2
k ("k") -> #2
abc ("abc") -> #2
abc ("abc") -> #2
merged ("merged") -> #2
merged ("merged") -> #2
abc ("abc") -> #2
abc ("abc") -> #2
merged2 ("merged2") -> #2
merged2 ("merged2") -> #2
abc ("abc") -> #2
