Top level: #2
Unresolved: #1
MyEnumType ("MyEnumType") -> #2
foo ("foo") -> #0
bar ("bar") -> #0
_arr ("_arr") -> #2
enumValue ("enumValue") -> #2
MyEnumType ("MyEnumType") -> #2
x ("x") -> #2
_arr ("_arr") -> #2
o ("o") -> #3
MyEnumType ("MyEnumType") -> #2
o ("o") -> #3
enumValue ("enumValue") -> #2
