Top level: #2
Unresolved: #1
MyClassErr ("MyClassErr") -> #2
foo ("foo") -> #3
IllegalBecauseInstantiated ("IllegalBecauseInstantiated") -> #2
m ("m") -> #4
AlsoIllegalBecauseInstantiated ("AlsoIllegalBecauseInstantiated") -> #2
PrivateClass ("PrivateClass") -> #5
IllegalBecauseNestedInstantiated ("IllegalBecauseNestedInstantiated") -> #2
Nested ("Nested") -> #6
m ("m") -> #7
NotLegalEnum ("NotLegalEnum") -> #2
B ("B") -> #0
NoGoodAlias ("NoGoodAlias") -> #2
NotLegalEnum ("NotLegalEnum") -> #2
NotLegalConstEnum ("NotLegalConstEnum") -> #2
C ("C") -> #0
MyClassOk ("MyClassOk") -> #2
foo ("foo") -> #8
NotInstantiated ("NotInstantiated") -> #2
JustAType ("JustAType") -> #9
ATypeInANamespace ("ATypeInANamespace") -> #9
Nested ("Nested") -> #9
ATypeInANamespace ("ATypeInANamespace") -> #10
AmbientIsNotInstantiated ("AmbientIsNotInstantiated") -> #2
stillOk ("stillOk") -> #11
LegalEnum ("LegalEnum") -> #2
A ("A") -> #0
AmbientStuff ("AmbientStuff") -> #2
Nested ("Nested") -> #12
stillOk ("stillOk") -> #13
EnumInAmbientContext ("EnumInAmbientContext") -> #12
B ("B") -> #0
FineAlias ("FineAlias") -> #12
EnumInAmbientContext ("EnumInAmbientContext") -> #12
gen ("gen") -> #2
foo ("foo") -> #2
foo ("foo") -> #2
foo ("foo") -> #2
foo ("foo") -> #2
foo ("foo") -> #2
foo ("foo") -> #2
