Top level: #2
Unresolved: #1
x ("x") -> #2
y ("y") -> #2
z ("z") -> #2
a ("a") -> #2
b ("b") -> #2
c ("c") -> #2
conditional0 ("conditional0") -> #2
a ("a") -> #2
x ("x") -> #2
y ("y") -> #2
z ("z") -> #2
conditional1 ("conditional1") -> #2
a ("a") -> #2
x ("x") -> #2
y ("y") -> #2
z ("z") -> #2
conditional2 ("conditional2") -> #2
a ("a") -> #2
x ("x") -> #2
y ("y") -> #2
z ("z") -> #2
