Top level: #2
Unresolved: #1
x ("x") -> #2
y ("y") -> #2
z ("z") -> #2
a ("a") -> #2
b ("b") -> #2
c ("c") -> #2
ifStatement1 ("ifStatement1") -> #2
x ("x") -> #2
y ("y") -> #2
z ("z") -> #2
ifStatement2 ("ifStatement2") -> #2
x ("x") -> #2
y ("y") -> #2
z ("z") -> #2
ifStatement3 ("ifStatement3") -> #2
x ("x") -> #2
y ("y") -> #2
z ("z") -> #2
