Top level: #2
Unresolved: #1
x ("x") -> #2
y ("y") -> #2
z ("z") -> #2
a ("a") -> #2
b ("b") -> #2
c ("c") -> #2
forStatement0 ("forStatement0") -> #2
x ("x") -> #2
y ("y") -> #2
z ("z") -> #2
a ("a") -> #2
forStatement1 ("forStatement1") -> #2
x ("x") -> #2
y ("y") -> #2
z ("z") -> #2
a ("a") -> #2
forStatement2 ("forStatement2") -> #2
x ("x") -> #2
y ("y") -> #2
z ("z") -> #2
a ("a") -> #2
forStatement3 ("forStatement3") -> #2
x ("x") -> #2
y ("y") -> #2
z ("z") -> #2
a ("a") -> #2
forStatement4 ("forStatement4") -> #2
x ("x") -> #2
y ("y") -> #2
z ("z") -> #2
a ("a") -> #2
forStatement5 ("forStatement5") -> #2
b ("b") -> #13
y ("y") -> #2
z ("z") -> #2
a ("a") -> #2
forStatement6 ("forStatement6") -> #2
c ("c") -> #15
x ("x") -> #2
y ("y") -> #2
z ("z") -> #2
a ("a") -> #2
