Top level: #2
Unresolved: #1
x ("x") -> #2
y ("y") -> #2
z ("z") -> #2
a ("a") -> #2
b ("b") -> #2
c ("c") -> #2
doStatement0 ("doStatement0") -> #2
y ("y") -> #2
x ("x") -> #2
doStatement1 ("doStatement1") -> #2
y ("y") -> #2
x ("x") -> #2
doStatement2 ("doStatement2") -> #2
y ("y") -> #2
x ("x") -> #2
doStatement3 ("doStatement3") -> #2
y ("y") -> #2
doStatement4 ("doStatement4") -> #2
y ("y") -> #2
x ("x") -> #2
doStatement5 ("doStatement5") -> #2
y ("y") -> #2
x ("x") -> #2
doStatement6 ("doStatement6") -> #2
y ("y") -> #2
doStatement7 ("doStatement7") -> #2
A ("A") -> #0
y ("y") -> #2
A ("A") -> #0
doStatement8 ("doStatement8") -> #2
B ("B") -> #0
y ("y") -> #2
x ("x") -> #2
B ("B") -> #0
doStatement9 ("doStatement9") -> #2
C ("C") -> #0
y ("y") -> #2
C ("C") -> #0
x ("x") -> #2
doStatement10 ("doStatement10") -> #2
D ("D") -> #0
y ("y") -> #2
D ("D") -> #0
doStatement11 ("doStatement11") -> #2
y ("y") -> #2
doStatement12 ("doStatement12") -> #2
y ("y") -> #2
x ("x") -> #2
doStatement13 ("doStatement13") -> #2
y ("y") -> #2
x ("x") -> #2
doStatement14 ("doStatement14") -> #2
y ("y") -> #2
doStatement15 ("doStatement15") -> #2
E ("E") -> #0
y ("y") -> #2
E ("E") -> #0
doStatement16 ("doStatement16") -> #2
F ("F") -> #0
y ("y") -> #2
x ("x") -> #2
F ("F") -> #0
doStatement17 ("doStatement17") -> #2
G ("G") -> #0
y ("y") -> #2
G ("G") -> #0
x ("x") -> #2
doStatement18 ("doStatement18") -> #2
H ("H") -> #0
y ("y") -> #2
H ("H") -> #0
