Top level: #2
Unresolved: #1
Base ("Base") -> #2
T ("T") -> #3
value ("value") -> #0
T ("T") -> #3
Int ("Int") -> #2
Base ("Base") -> #2
type ("type") -> #0
multipleOf ("multipleOf") -> #0
Float ("Float") -> #2
Base ("Base") -> #2
type ("type") -> #0
Str ("Str") -> #2
Base ("Base") -> #2
type ("type") -> #0
format ("format") -> #0
Bool ("Bool") -> #2
Base ("Base") -> #2
type ("type") -> #0
Primitive ("Primitive") -> #2
Int ("Int") -> #2
Float ("Float") -> #2
Str ("Str") -> #2
Bool ("Bool") -> #2
foo ("foo") -> #2
Primitive ("Primitive") -> #2
DisjointDiscriminants ("DisjointDiscriminants") -> #2
p1 ("p1") -> #0
p2 ("p2") -> #0
p3 ("p3") -> #0
p1 ("p1") -> #0
p2 ("p2") -> #0
p4 ("p4") -> #0
p1 ("p1") -> #0
p2 ("p2") -> #0
a ("a") -> #2
DisjointDiscriminants ("DisjointDiscriminants") -> #2
b ("b") -> #2
DisjointDiscriminants ("DisjointDiscriminants") -> #2
c ("c") -> #2
DisjointDiscriminants ("DisjointDiscriminants") -> #2
Common ("Common") -> #2
type ("type") -> #0
n ("n") -> #0
A ("A") -> #2
type ("type") -> #0
a ("a") -> #0
B ("B") -> #2
type ("type") -> #0
b ("b") -> #0
CommonWithOverlappingOptionals ("CommonWithOverlappingOptionals") -> #2
Common ("Common") -> #2
Common ("Common") -> #2
A ("A") -> #2
Common ("Common") -> #2
B ("B") -> #2
c1 ("c1") -> #2
CommonWithOverlappingOptionals ("CommonWithOverlappingOptionals") -> #2
CommonWithDisjointOverlappingOptionals ("CommonWithDisjointOverlappingOptionals") -> #2
Common ("Common") -> #2
A ("A") -> #2
B ("B") -> #2
c2 ("c2") -> #2
CommonWithDisjointOverlappingOptionals ("CommonWithDisjointOverlappingOptionals") -> #2
BaseAttribute ("BaseAttribute") -> #2
T ("T") -> #4
type ("type") -> #0
required ("required") -> #0
defaultsTo ("defaultsTo") -> #0
T ("T") -> #4
Attribute ("Attribute") -> #2
StringAttribute ("StringAttribute") -> #2
NumberAttribute ("NumberAttribute") -> #2
OneToOneAttribute ("OneToOneAttribute") -> #2
Attribute2 ("Attribute2") -> #2
StringAttribute ("StringAttribute") -> #2
NumberAttribute ("NumberAttribute") -> #2
StringAttribute ("StringAttribute") -> #2
BaseAttribute ("BaseAttribute") -> #2
type ("type") -> #0
NumberAttribute ("NumberAttribute") -> #2
BaseAttribute ("BaseAttribute") -> #2
type ("type") -> #0
autoIncrement ("autoIncrement") -> #0
OneToOneAttribute ("OneToOneAttribute") -> #2
BaseAttribute ("BaseAttribute") -> #2
model ("model") -> #0
attributes ("attributes") -> #2
Attribute ("Attribute") -> #2
attributes2 ("attributes2") -> #2
Attribute2 ("Attribute2") -> #2
