Top level: #2
Unresolved: #1
server ("server") -> #2
connectModule ("connectModule") -> #3
res ("res") -> #1
req ("req") -> #1
next ("next") -> #1
connectExport ("connectExport") -> #3
use ("use") -> #0
mod ("mod") -> #1
connectModule ("connectModule") -> #3
connectExport ("connectExport") -> #3
server ("server") -> #2
server ("server") -> #2
foo ("foo") -> #0
Date ("Date") -> #1
server ("server") -> #2
connect ("connect") -> #2
connect ("connect") -> #2
connect ("connect") -> #2
