Top level: #2
Unresolved: #1
PositiveInfinity ("PositiveInfinity") -> #2
NegativeInfinity ("NegativeInfinity") -> #2
TypeOfInfinity ("TypeOfInfinity") -> #2
Infinity ("Infinity") -> #1
TypeOfNaN ("TypeOfNaN") -> #2
NaN ("NaN") -> #1
A ("A") -> #2
B ("B") -> #2
a ("a") -> #2
A ("A") -> #2
b ("b") -> #2
B ("B") -> #2
a ("a") -> #2
b ("b") -> #2
b ("b") -> #2
a ("a") -> #2
a ("a") -> #2
Infinity ("Infinity") -> #1
a ("a") -> #2
a ("a") -> #2
Oops ("Oops") -> #2
oops ("oops") -> #2
