Top level: #2
Unresolved: #1
Events ("Events") -> #2
ListenerCallback ("ListenerCallback") -> #3
value ("value") -> #1
EventEmitter ("EventEmitter") -> #3
type ("type") -> #4
listener ("listener") -> #4
ListenerCallback ("ListenerCallback") -> #3
Consumer ("Consumer") -> #2
EventEmitterConsummer ("EventEmitterConsummer") -> #5
emitter ("emitter") -> #6
Events ("Events") -> #2
e ("e") -> #8
