Top level: #2
Unresolved: #1
Thenable ("Thenable") -> #2
Value ("Value") -> #3
then ("then") -> #0
onFulfilled ("onFulfilled") -> #4
value ("value") -> #1
Value ("Value") -> #3
V ("V") -> #4
Thenable ("Thenable") -> #2
V ("V") -> #4
Thenable ("Thenable") -> #2
V ("V") -> #4
V ("V") -> #4
toThenable ("toThenable") -> #2
fn ("fn") -> #5
input ("input") -> #1
Input ("Input") -> #5
Result ("Result") -> #5
Thenable ("Thenable") -> #2
Result ("Result") -> #5
input ("input") -> #6
Input ("Input") -> #5
result ("result") -> #6
fn ("fn") -> #5
input ("input") -> #6
onFulfilled ("onFulfilled") -> #7
value ("value") -> #1
Result ("Result") -> #5
V ("V") -> #7
Thenable ("Thenable") -> #2
V ("V") -> #7
toThenable ("toThenable") -> #2
onFulfilled ("onFulfilled") -> #7
V ("V") -> #7
Result ("Result") -> #5
result ("result") -> #6
Result ("Result") -> #5
V ("V") -> #7
Thenable ("Thenable") -> #2
Result ("Result") -> #5
Result ("Result") -> #5
Input ("Input") -> #5
toThenableInferred ("toThenableInferred") -> #2
fn ("fn") -> #8
input ("input") -> #1
Input ("Input") -> #8
Result ("Result") -> #8
Thenable ("Thenable") -> #2
Result ("Result") -> #8
input ("input") -> #9
Input ("Input") -> #8
result ("result") -> #9
fn ("fn") -> #8
input ("input") -> #9
onFulfilled ("onFulfilled") -> #10
toThenableInferred ("toThenableInferred") -> #2
onFulfilled ("onFulfilled") -> #10
result ("result") -> #9
Result ("Result") -> #8
Thenable ("Thenable") -> #2
Result ("Result") -> #8
Result ("Result") -> #8
Input ("Input") -> #8
