Top level: #2
Unresolved: #1
Boxified ("Boxified") -> #2
T ("T") -> #3
P ("P") -> #3
T ("T") -> #3
value ("value") -> #0
T ("T") -> #3
P ("P") -> #3
unboxify ("unboxify") -> #2
obj ("obj") -> #4
Boxified ("Boxified") -> #2
T ("T") -> #4
T ("T") -> #4
T ("T") -> #4
foo ("foo") -> #2
obj ("obj") -> #5
u ("u") -> #0
value ("value") -> #0
U ("U") -> #5
v ("v") -> #0
value ("value") -> #0
V ("V") -> #5
unboxify ("unboxify") -> #2
obj ("obj") -> #5
U ("U") -> #5
V ("V") -> #5
qq ("qq") -> #2
foo ("foo") -> #2
Targets ("Targets") -> #2
A ("A") -> #6
left ("left") -> #0
A ("A") -> #6
right ("right") -> #0
A ("A") -> #6
Target ("Target") -> #2
Targets ("Targets") -> #2
Result ("Result") -> #2
F ("F") -> #7
Target ("Target") -> #2
A ("A") -> #7
Targets ("Targets") -> #2
A ("A") -> #7
F ("F") -> #7
LR ("LR") -> #2
F ("F") -> #8
Target ("Target") -> #2
L ("L") -> #8
R ("R") -> #8
F ("F") -> #8
L ("L") -> #8
R ("R") -> #8
Ops ("Ops") -> #2
F ("F") -> #9
Target ("Target") -> #2
_f ("_f") -> #0
F ("F") -> #9
str ("str") -> #0
Result ("Result") -> #2
F ("F") -> #9
num ("num") -> #0
Result ("Result") -> #2
F ("F") -> #9
lr ("lr") -> #0
a ("a") -> #10
Result ("Result") -> #2
F ("F") -> #9
I ("I") -> #10
o ("o") -> #10
Result ("Result") -> #2
F ("F") -> #9
O ("O") -> #10
Result ("Result") -> #2
F ("F") -> #9
LR ("LR") -> #2
F ("F") -> #9
I ("I") -> #10
O ("O") -> #10
I ("I") -> #10
O ("O") -> #10
dict ("dict") -> #0
p ("p") -> #11
k ("k") -> #11
P ("P") -> #11
Result ("Result") -> #2
F ("F") -> #9
P ("P") -> #11
k ("k") -> #11
P ("P") -> #11
Result ("Result") -> #2
F ("F") -> #9
P ("P") -> #11
left ("left") -> #2
Ops ("Ops") -> #2
right ("right") -> #2
Ops ("Ops") -> #2
ok ("ok") -> #2
at ("at") -> #12
Ops ("Ops") -> #2
F ("F") -> #12
at ("at") -> #12
at ("at") -> #12
at ("at") -> #12
F ("F") -> #12
Target ("Target") -> #2
orphaned ("orphaned") -> #2
at ("at") -> #13
Ops ("Ops") -> #2
F ("F") -> #13
at ("at") -> #13
ok ("ok") -> #2
at ("at") -> #13
F ("F") -> #13
Target ("Target") -> #2
leftOk ("leftOk") -> #2
ok ("ok") -> #2
left ("left") -> #2
leftOrphaned ("leftOrphaned") -> #2
orphaned ("orphaned") -> #2
left ("left") -> #2
rightOk ("rightOk") -> #2
ok ("ok") -> #2
right ("right") -> #2
rightOrphaned ("rightOrphaned") -> #2
orphaned ("orphaned") -> #2
right ("right") -> #2
