Top level: #2
Unresolved: #1
Collection ("Collection") -> #2
x ("x") -> #4
T ("T") -> #3
T ("T") -> #3
Utils ("Utils") -> #2
fold ("fold") -> #0
c ("c") -> #5
Collection ("Collection") -> #2
T ("T") -> #5
folder ("folder") -> #5
s ("s") -> #1
S ("S") -> #5
t ("t") -> #1
T ("T") -> #5
T ("T") -> #5
init ("init") -> #5
S ("S") -> #5
T ("T") -> #5
T ("T") -> #5
S ("S") -> #5
mapReduce ("mapReduce") -> #0
c ("c") -> #6
Collection ("Collection") -> #2
T ("T") -> #6
mapper ("mapper") -> #6
x ("x") -> #1
T ("T") -> #6
U ("U") -> #6
reducer ("reducer") -> #6
y ("y") -> #1
U ("U") -> #6
V ("V") -> #6
Collection ("Collection") -> #2
V ("V") -> #6
T ("T") -> #6
U ("U") -> #6
V ("V") -> #6
utils ("utils") -> #2
Utils ("Utils") -> #2
c ("c") -> #2
Collection ("Collection") -> #2
r3 ("r3") -> #2
utils ("utils") -> #2
c ("c") -> #2
x ("x") -> #7
y ("y") -> #8
Date ("Date") -> #1
r4 ("r4") -> #2
utils ("utils") -> #2
c ("c") -> #2
x ("x") -> #9
y ("y") -> #10
Date ("Date") -> #1
f1 ("f1") -> #2
x ("x") -> #11
f2 ("f2") -> #2
y ("y") -> #12
Date ("Date") -> #1
r5 ("r5") -> #2
utils ("utils") -> #2
c ("c") -> #2
f1 ("f1") -> #2
f2 ("f2") -> #2
