Top level: #2
Unresolved: #1
BaseEvent ("BaseEvent") -> #2
MyEvent ("MyEvent") -> #2
T ("T") -> #3
BaseEvent ("BaseEvent") -> #2
T ("T") -> #3
BaseEventWrapper ("BaseEventWrapper") -> #2
BaseEvent ("BaseEvent") -> #2
MyEventWrapper ("MyEventWrapper") -> #2
MyEvent ("MyEvent") -> #2
BaseEventWrapper ("BaseEventWrapper") -> #2
