Top level: #2
Unresolved: #1
NumberOrUndefined ("NumberOrUndefined") -> #2
value ("value") -> #4
value ("value") -> #4
numberOrUndefined ("numberOrUndefined") -> #2
NumberOrUndefined ("NumberOrUndefined") -> #2
numberOrUndefined ("numberOrUndefined") -> #2
numberOrUndefined ("numberOrUndefined") -> #2
numberOrUndefined ("numberOrUndefined") -> #2
numberOrUndefined ("numberOrUndefined") -> #2
NumberOrString ("NumberOrString") -> #2
Number ("Number") -> #1
value ("value") -> #10
value ("value") -> #10
numberOrString ("numberOrString") -> #2
NumberOrString ("NumberOrString") -> #2
numberOrString ("numberOrString") -> #2
numberOrString ("numberOrString") -> #2
numberOrString ("numberOrString") -> #2
numberOrString ("numberOrString") -> #2
numberOrString ("numberOrString") -> #2
Foo ("Foo") -> #2
bar ("bar") -> #0
NumberOrObject ("NumberOrObject") -> #2
Foo ("Foo") -> #2
value ("value") -> #17
Foo ("Foo") -> #2
value ("value") -> #17
numberOrObject ("numberOrObject") -> #2
NumberOrObject ("NumberOrObject") -> #2
numberOrObject ("numberOrObject") -> #2
numberOrObject ("numberOrObject") -> #2
numberOrObject ("numberOrObject") -> #2
numberOrObject ("numberOrObject") -> #2
