Top level: #2
Unresolved: #1
lambda ("lambda") -> #2
l1 ("l1") -> #3
lambd2 ("lambd2") -> #2
ll1 ("ll1") -> #4
ll2 ("ll2") -> #4
lamda3 ("lamda3") -> #2
myLambda3 ("myLambda3") -> #5
myParam ("myParam") -> #6
lamda4 ("lamda4") -> #2
lambda5 ("lambda5") -> #2
temp ("temp") -> #8
lambda6 ("lambda6") -> #2
lambda7 ("lambda7") -> #2
temp ("temp") -> #11
undefined ("undefined") -> #1
lambda8 ("lambda8") -> #2
undefined ("undefined") -> #1
lambda9 ("lambda9") -> #2
lambda10 ("lambda10") -> #2
temp1 ("temp1") -> #15
