Top level: #2
Unresolved: #1
A ("A") -> #2
B ("B") -> #2
A ("A") -> #2
dec ("dec") -> #2
C ("C") -> #2
dec ("dec") -> #2
dec ("dec") -> #2
x ("x") -> #3
o ("o") -> #2
y ("y") -> #2
o ("o") -> #2
x ("x") -> #2
y ("y") -> #2
x ("x") -> #2
A ("A") -> #2
B ("B") -> #2
A ("A") -> #2
dec ("dec") -> #2
C ("C") -> #2
dec ("dec") -> #2
dec ("dec") -> #2
x ("x") -> #4
