Top level: #2
Unresolved: #1
Query ("Query") -> #2
T ("T") -> #3
groupBy ("groupBy") -> #0
keySelector ("keySelector") -> #4
item ("item") -> #1
T ("T") -> #3
K ("K") -> #4
Query ("Query") -> #2
Grouping ("Grouping") -> #2
K ("K") -> #4
T ("T") -> #3
K ("K") -> #4
QueryEnumerator ("QueryEnumerator") -> #2
T ("T") -> #5
groupBy ("groupBy") -> #0
keySelector ("keySelector") -> #6
item ("item") -> #1
T ("T") -> #5
K ("K") -> #6
QueryEnumerator ("QueryEnumerator") -> #2
Grouping ("Grouping") -> #2
K ("K") -> #6
T ("T") -> #5
K ("K") -> #6
Grouping ("Grouping") -> #2
K ("K") -> #7
T ("T") -> #7
Query ("Query") -> #2
T ("T") -> #7
key ("key") -> #0
K ("K") -> #7
q1 ("q1") -> #2
Query ("Query") -> #2
q2 ("q2") -> #2
QueryEnumerator ("QueryEnumerator") -> #2
q3 ("q3") -> #2
Query ("Query") -> #2
q1 ("q1") -> #2
q2 ("q2") -> #2
q1 ("q1") -> #2
q3 ("q3") -> #2
