Top level: #2
Unresolved: #1
_provider ("_provider") -> #2
UsefulClass ("UsefulClass") -> #3
consumer ("consumer") -> #2
provider ("provider") -> #5
_provider ("_provider") -> #2
g ("g") -> #5
provider ("provider") -> #5
use ("use") -> #5
p2 ("p2") -> #6
provider ("provider") -> #5
provider ("provider") -> #5
p2 ("p2") -> #6
provider ("provider") -> #5
