Top level: #2
Unresolved: #1
Instantiated ("Instantiated") -> #2
x ("x") -> #3
Uninstantiated ("Uninstantiated") -> #2
T ("T") -> #4
Ambient ("Ambient") -> #2
x ("x") -> #5
Instantiated ("Instantiated") -> #2
x ("x") -> #6
Enum ("Enum") -> #2
A ("A") -> #0
B ("B") -> #0
C ("C") -> #0
Enum ("Enum") -> #2
X ("X") -> #0
d ("d") -> #2
Enum ("Enum") -> #2
D ("D") -> #0
d ("d") -> #2
E ("E") -> #0
A ("A") -> #1
Y ("Y") -> #0
X ("X") -> #1
Z ("Z") -> #0
Enum ("Enum") -> #2
Enum ("Enum") -> #2
F ("F") -> #0
A ("A") -> #1
