Top level: #2
Unresolved: #1
sayHello ("sayHello") -> #2
somebody ("somebody") -> #3
somebody ("somebody") -> #3
sayHello2 ("sayHello2") -> #2
somebody ("somebody") -> #4
somebody ("somebody") -> #4
sayHello3 ("sayHello3") -> #2
somebody ("somebody") -> #5
somebody ("somebody") -> #5
sayHello4 ("sayHello4") -> #2
somebody ("somebody") -> #6
somebody ("somebody") -> #6
sayHello5 ("sayHello5") -> #2
somebody ("somebody") -> #7
somebody ("somebody") -> #7
sayHello6 ("sayHello6") -> #2
somebody ("somebody") -> #8
somebody ("somebody") -> #8
sayHello7 ("sayHello7") -> #2
somebody ("somebody") -> #9
somebody ("somebody") -> #9
fn ("fn") -> #2
sayHello8 ("sayHello8") -> #2
somebody ("somebody") -> #11
