Top level: #2
Unresolved: #1
usePrivateType ("usePrivateType") -> #2
args ("args") -> #3
T ("T") -> #3
T ("T") -> #3
PrivateMapped ("PrivateMapped") -> #2
T ("T") -> #3
PrivateMapped ("PrivateMapped") -> #2
Obj ("Obj") -> #4
K ("K") -> #4
Obj ("Obj") -> #4
Obj ("Obj") -> #4
K ("K") -> #4
usePrivateType ("usePrivateType") -> #2
mappedUnionWithPrivateType ("mappedUnionWithPrivateType") -> #2
args ("args") -> #5
T ("T") -> #5
usePrivateType ("usePrivateType") -> #2
args ("args") -> #5
T ("T") -> #5
