Top level: #2
Unresolved: #1
v ("v") -> #2
Field ("Field") -> #2
A ("A") -> #3
R ("R") -> #3
K ("K") -> #3
A ("A") -> #3
R ("R") -> #3
f ("f") -> #2
x ("x") -> #4
K ("K") -> #4
A ("A") -> #4
Field ("Field") -> #2
B ("B") -> #4
R ("R") -> #4
A ("A") -> #4
B ("B") -> #4
R ("R") -> #4
R ("R") -> #4
r1 ("r1") -> #2
f ("f") -> #2
v ("v") -> #2
g ("g") -> #2
x ("x") -> #5
Field ("Field") -> #2
A ("A") -> #5
Field ("Field") -> #2
B ("B") -> #5
R ("R") -> #5
A ("A") -> #5
B ("B") -> #5
R ("R") -> #5
R ("R") -> #5
r2 ("r2") -> #2
g ("g") -> #2
v ("v") -> #2
