Top level: #2
Unresolved: #1
Style ("Style") -> #2
flashy ("flashy") -> #0
mergeStyleSets ("mergeStyleSets") -> #2
cssSets ("cssSets") -> #3
P ("P") -> #3
K ("K") -> #3
Style ("Style") -> #2
K ("K") -> #3
P ("P") -> #3
K ("K") -> #3
Style ("Style") -> #2
x ("x") -> #2
mergeStyleSets ("mergeStyleSets") -> #2
