Top level: #2
Unresolved: #1
Constructor ("Constructor") -> #2
T ("T") -> #3
args ("args") -> #1
T ("T") -> #3
Tagged ("Tagged") -> #2
Base ("Base") -> #4
T ("T") -> #4
args ("args") -> #5
args ("args") -> #5
Base ("Base") -> #4
T ("T") -> #4
Constructor ("Constructor") -> #2
A ("A") -> #2
B ("B") -> #2
Tagged ("Tagged") -> #2
A ("A") -> #2
C ("C") -> #2
A ("A") -> #2
