Top level: #2
Unresolved: #1
ng ("ng") -> #2
x ("x") -> #2
ng ("ng") -> #2
ng ("ng") -> #2
IAngularStatic ("IAngularStatic") -> #3
getNumber ("getNumber") -> #0
ng ("ng") -> #2
ng ("ng") -> #2
ng ("ng") -> #2
IModule ("IModule") -> #4
name ("name") -> #0
IAngularStatic ("IAngularStatic") -> #4
module ("module") -> #0
s ("s") -> #1
IModule ("IModule") -> #4
ng ("ng") -> #2
