Top level: #2
Unresolved: #1
T ("T") -> #2
x ("x") -> #3
x ("x") -> #3
Bar ("Bar") -> #4
z ("z") -> #3
t ("t") -> #5
z ("z") -> #3
y ("y") -> #3
b ("b") -> #6
y ("y") -> #3
w ("w") -> #3
w ("w") -> #3
f ("f") -> #3
f ("f") -> #3
f2 ("f2") -> #3
f2 ("f2") -> #3
i ("i") -> #3
i ("i") -> #3
C ("C") -> #3
C ("C") -> #3
C2 ("C2") -> #3
C2 ("C2") -> #3
fi ("fi") -> #3
fi ("fi") -> #3
cli ("cli") -> #3
cli ("cli") -> #3
cli2 ("cli2") -> #3
cli2 ("cli2") -> #3
