Top level: #2
Unresolved: #1
Foo ("Foo") -> #2
Yep ("Yep") -> #3
type ("type") -> #0
Bar ("Bar") -> #2
Yep ("Yep") -> #4
type ("type") -> #0
x ("x") -> #2
val1 ("val1") -> #2
Foo ("Foo") -> #2
Bar ("Bar") -> #2
x ("x") -> #2
y ("y") -> #2
val2 ("val2") -> #2
Foo ("Foo") -> #2
Bar ("Bar") -> #2
y ("y") -> #2
