Top level: #2
Unresolved: #1
assertNever ("assertNever") -> #2
x ("x") -> #3
x ("x") -> #3
assertNumber ("assertNumber") -> #2
x ("x") -> #4
x ("x") -> #4
assertBoolean ("assertBoolean") -> #2
x ("x") -> #5
x ("x") -> #5
assertString ("assertString") -> #2
x ("x") -> #6
x ("x") -> #6
assertSymbol ("assertSymbol") -> #2
x ("x") -> #7
x ("x") -> #7
assertFunction ("assertFunction") -> #2
x ("x") -> #8
Function ("Function") -> #1
x ("x") -> #8
assertObject ("assertObject") -> #2
x ("x") -> #9
x ("x") -> #9
assertObjectOrNull ("assertObjectOrNull") -> #2
x ("x") -> #10
x ("x") -> #10
assertUndefined ("assertUndefined") -> #2
x ("x") -> #11
x ("x") -> #11
assertAll ("assertAll") -> #2
x ("x") -> #12
Basic ("Basic") -> #2
x ("x") -> #12
assertStringOrNumber ("assertStringOrNumber") -> #2
x ("x") -> #13
x ("x") -> #13
assertBooleanOrObject ("assertBooleanOrObject") -> #2
x ("x") -> #14
x ("x") -> #14
Basic ("Basic") -> #2
Function ("Function") -> #1
testUnion ("testUnion") -> #2
x ("x") -> #15
Basic ("Basic") -> #2
x ("x") -> #15
assertNumber ("assertNumber") -> #2
x ("x") -> #15
assertBoolean ("assertBoolean") -> #2
x ("x") -> #15
assertFunction ("assertFunction") -> #2
x ("x") -> #15
assertSymbol ("assertSymbol") -> #2
x ("x") -> #15
assertObject ("assertObject") -> #2
x ("x") -> #15
assertString ("assertString") -> #2
x ("x") -> #15
assertUndefined ("assertUndefined") -> #2
x ("x") -> #15
assertNever ("assertNever") -> #2
x ("x") -> #15
testExtendsUnion ("testExtendsUnion") -> #2
x ("x") -> #17
T ("T") -> #17
x ("x") -> #17
assertNumber ("assertNumber") -> #2
x ("x") -> #17
assertBoolean ("assertBoolean") -> #2
x ("x") -> #17
assertAll ("assertAll") -> #2
x ("x") -> #17
assertSymbol ("assertSymbol") -> #2
x ("x") -> #17
assertAll ("assertAll") -> #2
x ("x") -> #17
assertString ("assertString") -> #2
x ("x") -> #17
assertUndefined ("assertUndefined") -> #2
x ("x") -> #17
assertAll ("assertAll") -> #2
x ("x") -> #17
T ("T") -> #17
Basic ("Basic") -> #2
testAny ("testAny") -> #2
x ("x") -> #19
x ("x") -> #19
assertNumber ("assertNumber") -> #2
x ("x") -> #19
assertBoolean ("assertBoolean") -> #2
x ("x") -> #19
assertFunction ("assertFunction") -> #2
x ("x") -> #19
assertSymbol ("assertSymbol") -> #2
x ("x") -> #19
assertObject ("assertObject") -> #2
x ("x") -> #19
assertString ("assertString") -> #2
x ("x") -> #19
assertUndefined ("assertUndefined") -> #2
x ("x") -> #19
assertAll ("assertAll") -> #2
x ("x") -> #19
a1 ("a1") -> #2
x ("x") -> #21
x ("x") -> #21
testUnionExplicitDefault ("testUnionExplicitDefault") -> #2
x ("x") -> #22
Basic ("Basic") -> #2
x ("x") -> #22
assertNumber ("assertNumber") -> #2
x ("x") -> #22
assertBoolean ("assertBoolean") -> #2
x ("x") -> #22
assertFunction ("assertFunction") -> #2
x ("x") -> #22
assertSymbol ("assertSymbol") -> #2
x ("x") -> #22
a1 ("a1") -> #2
x ("x") -> #22
testUnionImplicitDefault ("testUnionImplicitDefault") -> #2
x ("x") -> #24
Basic ("Basic") -> #2
x ("x") -> #24
assertNumber ("assertNumber") -> #2
x ("x") -> #24
assertBoolean ("assertBoolean") -> #2
x ("x") -> #24
assertFunction ("assertFunction") -> #2
x ("x") -> #24
assertSymbol ("assertSymbol") -> #2
x ("x") -> #24
a1 ("a1") -> #2
x ("x") -> #24
testExtendsExplicitDefault ("testExtendsExplicitDefault") -> #2
x ("x") -> #26
T ("T") -> #26
x ("x") -> #26
assertNumber ("assertNumber") -> #2
x ("x") -> #26
assertBoolean ("assertBoolean") -> #2
x ("x") -> #26
assertAll ("assertAll") -> #2
x ("x") -> #26
assertSymbol ("assertSymbol") -> #2
x ("x") -> #26
assertAll ("assertAll") -> #2
x ("x") -> #26
T ("T") -> #26
Basic ("Basic") -> #2
testExtendsImplicitDefault ("testExtendsImplicitDefault") -> #2
x ("x") -> #28
T ("T") -> #28
x ("x") -> #28
assertNumber ("assertNumber") -> #2
x ("x") -> #28
assertBoolean ("assertBoolean") -> #2
x ("x") -> #28
assertAll ("assertAll") -> #2
x ("x") -> #28
assertSymbol ("assertSymbol") -> #2
x ("x") -> #28
assertAll ("assertAll") -> #2
x ("x") -> #28
T ("T") -> #28
Basic ("Basic") -> #2
L ("L") -> #2
x ("x") -> #1
R ("R") -> #2
x ("x") -> #0
y ("y") -> #0
exhaustiveChecks ("exhaustiveChecks") -> #2
x ("x") -> #30
L ("L") -> #2
R ("R") -> #2
x ("x") -> #30
x ("x") -> #30
x ("x") -> #30
x ("x") -> #30
x ("x") -> #30
exhaustiveChecksGenerics ("exhaustiveChecksGenerics") -> #2
x ("x") -> #32
T ("T") -> #32
x ("x") -> #32
x ("x") -> #32
x ("x") -> #32
x ("x") -> #32
L ("L") -> #2
x ("x") -> #32
R ("R") -> #2
T ("T") -> #32
L ("L") -> #2
R ("R") -> #2
multipleGeneric ("multipleGeneric") -> #2
xy ("xy") -> #34
X ("X") -> #34
Y ("Y") -> #34
xy ("xy") -> #34
xy ("xy") -> #34
xy ("xy") -> #34
xy ("xy") -> #34
xy ("xy") -> #34
assertNever ("assertNever") -> #2
xy ("xy") -> #34
X ("X") -> #34
L ("L") -> #2
Y ("Y") -> #34
R ("R") -> #2
X ("X") -> #34
Y ("Y") -> #34
multipleGenericFuse ("multipleGenericFuse") -> #2
xy ("xy") -> #36
X ("X") -> #36
Y ("Y") -> #36
xy ("xy") -> #36
xy ("xy") -> #36
xy ("xy") -> #36
xy ("xy") -> #36
X ("X") -> #36
L ("L") -> #2
Y ("Y") -> #36
R ("R") -> #2
X ("X") -> #36
Y ("Y") -> #36
X ("X") -> #36
Y ("Y") -> #36
multipleGenericExhaustive ("multipleGenericExhaustive") -> #2
xy ("xy") -> #38
X ("X") -> #38
Y ("Y") -> #38
xy ("xy") -> #38
xy ("xy") -> #38
xy ("xy") -> #38
xy ("xy") -> #38
xy ("xy") -> #38
X ("X") -> #38
L ("L") -> #2
Y ("Y") -> #38
R ("R") -> #2
X ("X") -> #38
Y ("Y") -> #38
switchOrdering ("switchOrdering") -> #2
x ("x") -> #40
x ("x") -> #40
assertString ("assertString") -> #2
x ("x") -> #40
assertNumber ("assertNumber") -> #2
x ("x") -> #40
assertBoolean ("assertBoolean") -> #2
x ("x") -> #40
assertNever ("assertNever") -> #2
x ("x") -> #40
switchOrderingWithDefault ("switchOrderingWithDefault") -> #2
x ("x") -> #42
local ("local") -> #42
y ("y") -> #43
x ("x") -> #42
x ("x") -> #42
local ("local") -> #42
x ("x") -> #42
assertNever ("assertNever") -> #2
x ("x") -> #42
assertNever ("assertNever") -> #2
x ("x") -> #42
fallThroughTest ("fallThroughTest") -> #2
x ("x") -> #45
x ("x") -> #45
assertNumber ("assertNumber") -> #2
x ("x") -> #45
assertStringOrNumber ("assertStringOrNumber") -> #2
x ("x") -> #45
assertObject ("assertObject") -> #2
x ("x") -> #45
assertBooleanOrObject ("assertBooleanOrObject") -> #2
x ("x") -> #45
unknownNarrowing ("unknownNarrowing") -> #2
x ("x") -> #47
x ("x") -> #47
assertNumber ("assertNumber") -> #2
x ("x") -> #47
assertBoolean ("assertBoolean") -> #2
x ("x") -> #47
assertFunction ("assertFunction") -> #2
x ("x") -> #47
assertSymbol ("assertSymbol") -> #2
x ("x") -> #47
assertObjectOrNull ("assertObjectOrNull") -> #2
x ("x") -> #47
assertString ("assertString") -> #2
x ("x") -> #47
assertUndefined ("assertUndefined") -> #2
x ("x") -> #47
keyofNarrowing ("keyofNarrowing") -> #2
k ("k") -> #49
S ("S") -> #49
assertKeyofS ("assertKeyofS") -> #49
k1 ("k1") -> #50
S ("S") -> #49
k ("k") -> #49
assertNumber ("assertNumber") -> #2
k ("k") -> #49
assertKeyofS ("assertKeyofS") -> #49
k ("k") -> #49
assertSymbol ("assertSymbol") -> #2
k ("k") -> #49
assertKeyofS ("assertKeyofS") -> #49
k ("k") -> #49
assertString ("assertString") -> #2
k ("k") -> #49
assertKeyofS ("assertKeyofS") -> #49
k ("k") -> #49
S ("S") -> #49
K ("K") -> #49
S ("S") -> #49
narrowingNarrows ("narrowingNarrows") -> #2
x ("x") -> #52
x ("x") -> #52
assertNumber ("assertNumber") -> #2
x ("x") -> #52
assertBoolean ("assertBoolean") -> #2
x ("x") -> #52
assertFunction ("assertFunction") -> #2
x ("x") -> #52
assertSymbol ("assertSymbol") -> #2
x ("x") -> #52
_ ("_") -> #53
x ("x") -> #52
assertString ("assertString") -> #2
x ("x") -> #52
assertUndefined ("assertUndefined") -> #2
x ("x") -> #52
assertNever ("assertNever") -> #2
x ("x") -> #52
_y ("_y") -> #53
x ("x") -> #52
narrowingNarrows2 ("narrowingNarrows2") -> #2
x ("x") -> #54
x ("x") -> #54
assertNumber ("assertNumber") -> #2
x ("x") -> #54
assertBoolean ("assertBoolean") -> #2
x ("x") -> #54
assertNever ("assertNever") -> #2
x ("x") -> #54
assertNever ("assertNever") -> #2
x ("x") -> #54
_ ("_") -> #55
assertNever ("assertNever") -> #2
x ("x") -> #54
assertString ("assertString") -> #2
x ("x") -> #54
assertUndefined ("assertUndefined") -> #2
x ("x") -> #54
assertNever ("assertNever") -> #2
x ("x") -> #54
_y ("_y") -> #55
assertNever ("assertNever") -> #2
x ("x") -> #54
testUnionWithTempalte ("testUnionWithTempalte") -> #2
x ("x") -> #56
Basic ("Basic") -> #2
x ("x") -> #56
assertNumber ("assertNumber") -> #2
x ("x") -> #56
assertBoolean ("assertBoolean") -> #2
x ("x") -> #56
assertFunction ("assertFunction") -> #2
x ("x") -> #56
assertSymbol ("assertSymbol") -> #2
x ("x") -> #56
assertObject ("assertObject") -> #2
x ("x") -> #56
assertString ("assertString") -> #2
x ("x") -> #56
assertUndefined ("assertUndefined") -> #2
x ("x") -> #56
assertNever ("assertNever") -> #2
x ("x") -> #56
fallThroughTestWithTempalte ("fallThroughTestWithTempalte") -> #2
x ("x") -> #58
x ("x") -> #58
assertNumber ("assertNumber") -> #2
x ("x") -> #58
assertStringOrNumber ("assertStringOrNumber") -> #2
x ("x") -> #58
assertObject ("assertObject") -> #2
x ("x") -> #58
assertBooleanOrObject ("assertBooleanOrObject") -> #2
x ("x") -> #58
keyofNarrowingWithTemplate ("keyofNarrowingWithTemplate") -> #2
k ("k") -> #60
S ("S") -> #60
assertKeyofS ("assertKeyofS") -> #60
k1 ("k1") -> #61
S ("S") -> #60
k ("k") -> #60
assertNumber ("assertNumber") -> #2
k ("k") -> #60
assertKeyofS ("assertKeyofS") -> #60
k ("k") -> #60
assertSymbol ("assertSymbol") -> #2
k ("k") -> #60
assertKeyofS ("assertKeyofS") -> #60
k ("k") -> #60
assertString ("assertString") -> #2
k ("k") -> #60
assertKeyofS ("assertKeyofS") -> #60
k ("k") -> #60
S ("S") -> #60
K ("K") -> #60
S ("S") -> #60
multipleGenericFuseWithBoth ("multipleGenericFuseWithBoth") -> #2
xy ("xy") -> #63
X ("X") -> #63
Y ("Y") -> #63
xy ("xy") -> #63
xy ("xy") -> #63
xy ("xy") -> #63
xy ("xy") -> #63
X ("X") -> #63
L ("L") -> #2
Y ("Y") -> #63
R ("R") -> #2
X ("X") -> #63
Y ("Y") -> #63
X ("X") -> #63
Y ("Y") -> #63
