Top level: #2
Unresolved: #1
direct ("direct") -> #2
a ("a") -> #3
A ("A") -> #3
A ("A") -> #3
A ("A") -> #3
Record ("Record") -> #1
A ("A") -> #3
nested ("nested") -> #2
a ("a") -> #4
fields ("fields") -> #0
A ("A") -> #4
A ("A") -> #4
Record ("Record") -> #1
A ("A") -> #4
nestedUnion ("nestedUnion") -> #2
a ("a") -> #5
fields ("fields") -> #0
A ("A") -> #5
A ("A") -> #5
A ("A") -> #5
Record ("Record") -> #1
A ("A") -> #5
directUnionSingle ("directUnionSingle") -> #2
direct ("direct") -> #2
directUnionArray ("directUnionArray") -> #2
direct ("direct") -> #2
nestedSingle ("nestedSingle") -> #2
nested ("nested") -> #2
nestedUnionSingle ("nestedUnionSingle") -> #2
nestedUnion ("nestedUnion") -> #2
nestedUnionArray ("nestedUnionArray") -> #2
nestedUnion ("nestedUnion") -> #2
hasZField ("hasZField") -> #2
arg ("arg") -> #6
z ("z") -> #0
hasZField ("hasZField") -> #2
directUnionSingle ("directUnionSingle") -> #2
hasZField ("hasZField") -> #2
directUnionArray ("directUnionArray") -> #2
hasZField ("hasZField") -> #2
nestedSingle ("nestedSingle") -> #2
hasZField ("hasZField") -> #2
nestedUnionSingle ("nestedUnionSingle") -> #2
hasZField ("hasZField") -> #2
nestedUnionArray ("nestedUnionArray") -> #2
