Top level: #2
Unresolved: #1
F ("F") -> #2
T ("T") -> #3
t ("t") -> #0
G ("G") -> #2
F ("F") -> #2
T ("T") -> #3
G ("G") -> #2
U ("U") -> #4
t ("t") -> #0
G ("G") -> #2
G ("G") -> #2
U ("U") -> #4
f ("f") -> #2
F ("F") -> #2
g ("g") -> #2
G ("G") -> #2
f ("f") -> #2
g ("g") -> #2
g ("g") -> #2
f ("f") -> #2
