Top level: #2
Unresolved: #1
Foo1 ("Foo1") -> #2
kind ("kind") -> #0
a ("a") -> #0
kind ("kind") -> #0
kind ("kind") -> #0
f1 ("f1") -> #2
foo ("foo") -> #3
Foo1 ("Foo1") -> #2
foo ("foo") -> #3
foo ("foo") -> #3
Foo2 ("Foo2") -> #2
kind ("kind") -> #0
a ("a") -> #0
kind ("kind") -> #0
kind ("kind") -> #0
f2 ("f2") -> #2
foo ("foo") -> #5
Foo2 ("Foo2") -> #2
foo ("foo") -> #5
foo ("foo") -> #5
GatewayPayloadStructure ("GatewayPayloadStructure") -> #2
O ("O") -> #7
GatewayOpcode ("GatewayOpcode") -> #2
T ("T") -> #7
GatewayEvents ("GatewayEvents") -> #2
D ("D") -> #7
op ("op") -> #0
O ("O") -> #7
d ("d") -> #0
D ("D") -> #7
t ("t") -> #0
T ("T") -> #7
s ("s") -> #0
GatewayPayload ("GatewayPayload") -> #2
O ("O") -> #8
GatewayOpcode ("GatewayOpcode") -> #2
O ("O") -> #8
GatewayOpcode ("GatewayOpcode") -> #2
T ("T") -> #8
GatewayEvents ("GatewayEvents") -> #2
GatewayPayloadStructure ("GatewayPayloadStructure") -> #2
GatewayOpcode ("GatewayOpcode") -> #2
T ("T") -> #8
GatewayEvents ("GatewayEvents") -> #2
T ("T") -> #8
GatewayEvents ("GatewayEvents") -> #2
GatewayPayloadStructure ("GatewayPayloadStructure") -> #2
O ("O") -> #8
O ("O") -> #8
GatewayParams ("GatewayParams") -> #2
GatewayParams ("GatewayParams") -> #2
O ("O") -> #8
GatewayOpcode ("GatewayOpcode") -> #2
GatewayParams ("GatewayParams") -> #2
GatewayOpcode ("GatewayOpcode") -> #2
b ("b") -> #0
GatewayOpcode ("GatewayOpcode") -> #2
DISPATCH ("DISPATCH") -> #0
HEARTBEAT ("HEARTBEAT") -> #0
IDENTIFY ("IDENTIFY") -> #0
PRESENCE_UPDATE ("PRESENCE_UPDATE") -> #0
VOICE_STATE_UPDATE ("VOICE_STATE_UPDATE") -> #0
RESUME ("RESUME") -> #0
RECONNECT ("RECONNECT") -> #0
REQUEST_GUILD_MEMBERS ("REQUEST_GUILD_MEMBERS") -> #0
INVALID_SESSION ("INVALID_SESSION") -> #0
HELLO ("HELLO") -> #0
HEARTBEAT_ACK ("HEARTBEAT_ACK") -> #0
GatewayEvents ("GatewayEvents") -> #2
MESSAGE_CREATE ("MESSAGE_CREATE") -> #0
a ("a") -> #0
MESSAGE_UPDATE ("MESSAGE_UPDATE") -> #0
a ("a") -> #0
MESSAGE_DELETE ("MESSAGE_DELETE") -> #0
a ("a") -> #0
assertMessage ("assertMessage") -> #2
event ("event") -> #9
a ("a") -> #0
adaptSession ("adaptSession") -> #2
input ("input") -> #10
GatewayPayload ("GatewayPayload") -> #2
input ("input") -> #10
assertMessage ("assertMessage") -> #2
input ("input") -> #10
