Top level: #2
Unresolved: #1
O ("O") -> #2
A ("A") -> #3
B ("B") -> #3
A ("A") -> #3
C ("C") -> #3
B ("B") -> #3
I ("I") -> #3
f ("f") -> #0
s ("s") -> #1
f ("f") -> #0
n ("n") -> #1
g ("g") -> #0
n1 ("n1") -> #1
n2 ("n2") -> #1
g ("g") -> #0
n ("n") -> #1
g ("g") -> #0
a ("a") -> #1
A ("A") -> #3
C ("C") -> #3
g ("g") -> #0
c ("c") -> #1
C ("C") -> #3
h ("h") -> #0
s1 ("s1") -> #1
s2 ("s2") -> #1
h ("h") -> #0
s1 ("s1") -> #1
s2 ("s2") -> #1
x ("x") -> #2
O ("O") -> #2
e ("e") -> #2
x ("x") -> #2
O ("O") -> #2
y ("y") -> #2
x ("x") -> #2
y ("y") -> #2
x ("x") -> #2
z ("z") -> #2
x ("x") -> #2
x ("x") -> #2
z ("z") -> #2
x ("x") -> #2
z ("z") -> #2
x ("x") -> #2
z ("z") -> #2
x ("x") -> #2
O ("O") -> #2
z ("z") -> #2
x ("x") -> #2
z ("z") -> #2
x ("x") -> #2
v ("v") -> #2
x ("x") -> #2
