Top level: #2
Unresolved: #1
func ("func") -> #2
s ("s") -> #1
s ("s") -> #1
func ("func") -> #2
func ("func") -> #2
x ("x") -> #2
func ("func") -> #2
x ("x") -> #2
func2 ("func2") -> #2
s ("s") -> #1
t ("t") -> #1
s ("s") -> #1
t ("t") -> #1
s ("s") -> #1
t ("t") -> #1
RegExp ("RegExp") -> #1
s ("s") -> #1
t ("t") -> #1
func2 ("func2") -> #2
x ("x") -> #2
x ("x") -> #2
func2 ("func2") -> #2
func2 ("func2") -> #2
x ("x") -> #2
func2 ("func2") -> #2
x ("x") -> #2
