Top level: #2
Unresolved: #1
C ("C") -> #2
D ("D") -> #2
C ("C") -> #2
E ("E") -> #2
foo ("foo") -> #2
x ("x") -> #3
items ("items") -> #3
D ("D") -> #2
foo ("foo") -> #2
x ("x") -> #4
items ("items") -> #4
E ("E") -> #2
foo ("foo") -> #2
x ("x") -> #5
items ("items") -> #5
C ("C") -> #2
a ("a") -> #2
D ("D") -> #2
foo ("foo") -> #2
b ("b") -> #2
E ("E") -> #2
foo ("foo") -> #2
c ("c") -> #2
foo ("foo") -> #2
bar ("bar") -> #2
x ("x") -> #6
items ("items") -> #6
E ("E") -> #2
bar ("bar") -> #2
x ("x") -> #7
items ("items") -> #7
C ("C") -> #2
bar ("bar") -> #2
x ("x") -> #8
items ("items") -> #8
C ("C") -> #2
d ("d") -> #2
D ("D") -> #2
bar ("bar") -> #2
e ("e") -> #2
E ("E") -> #2
bar ("bar") -> #2
f ("f") -> #2
C ("C") -> #2
bar ("bar") -> #2
