Top level: #2
Unresolved: #1
Bugs ("Bugs") -> #2
IToken ("IToken") -> #3
startIndex ("startIndex") -> #0
type ("type") -> #0
bracket ("bracket") -> #0
IState ("IState") -> #3
IStateToken ("IStateToken") -> #3
IToken ("IToken") -> #3
state ("state") -> #0
IState ("IState") -> #3
length ("length") -> #0
bug3 ("bug3") -> #3
tokens ("tokens") -> #4
IToken ("IToken") -> #3
tokens ("tokens") -> #4
tokens ("tokens") -> #4
IToken ("IToken") -> #3
