Top level: #2
Unresolved: #1
C ("C") -> #2
Foo1 ("Foo1") -> #2
A ("A") -> #3
Foo2 ("Foo2") -> #2
A ("A") -> #4
B ("B") -> #4
Foo3 ("Foo3") -> #2
A ("A") -> #5
B ("B") -> #5
C ("C") -> #5
Foo4 ("Foo4") -> #2
A ("A") -> #6
console ("console") -> #1
Foo5 ("Foo5") -> #2
A ("A") -> #7
B ("B") -> #7
console ("console") -> #1
Foo6 ("Foo6") -> #2
A ("A") -> #8
B ("B") -> #8
C ("C") -> #8
console ("console") -> #1
Foo7 ("Foo7") -> #2
member ("member") -> #9
console ("console") -> #1
C ("C") -> #2
Foo8 ("Foo8") -> #2
member ("member") -> #10
console ("console") -> #1
C ("C") -> #2
Foo9 ("Foo9") -> #2
console ("console") -> #1
C ("C") -> #2
