Top level: #2
Unresolved: #1
ThenArg ("ThenArg") -> #2
T ("T") -> #3
T ("T") -> #3
T ("T") -> #3
PromiseLike ("PromiseLike") -> #1
U ("U") -> #1
U ("U") -> #1
T ("T") -> #3
InterfaceA ("InterfaceA") -> #2
T ("T") -> #4
filter ("filter") -> #0
callback ("callback") -> #1
newValue ("newValue") -> #1
T ("T") -> #4
oldValue ("oldValue") -> #1
T ("T") -> #4
InterfaceA ("InterfaceA") -> #2
T ("T") -> #4
map ("map") -> #0
callback ("callback") -> #5
value ("value") -> #1
T ("T") -> #4
D ("D") -> #5
InterfaceA ("InterfaceA") -> #2
D ("D") -> #5
D ("D") -> #5
await ("await") -> #0
InterfaceA ("InterfaceA") -> #2
R ("R") -> #6
R ("R") -> #6
ThenArg ("ThenArg") -> #2
T ("T") -> #4
awaitLatest ("awaitLatest") -> #0
InterfaceA ("InterfaceA") -> #2
R ("R") -> #7
R ("R") -> #7
ThenArg ("ThenArg") -> #2
T ("T") -> #4
awaitOrdered ("awaitOrdered") -> #0
InterfaceA ("InterfaceA") -> #2
R ("R") -> #8
R ("R") -> #8
ThenArg ("ThenArg") -> #2
T ("T") -> #4
awaitOrdered2 ("awaitOrdered2") -> #0
InterfaceA ("InterfaceA") -> #2
R ("R") -> #9
R ("R") -> #9
ThenArg ("ThenArg") -> #2
T ("T") -> #4
awaitOrdered3 ("awaitOrdered3") -> #0
InterfaceA ("InterfaceA") -> #2
R ("R") -> #10
R ("R") -> #10
ThenArg ("ThenArg") -> #2
T ("T") -> #4
awaitOrdered4 ("awaitOrdered4") -> #0
InterfaceA ("InterfaceA") -> #2
R ("R") -> #11
R ("R") -> #11
ThenArg ("ThenArg") -> #2
T ("T") -> #4
awaitOrdered5 ("awaitOrdered5") -> #0
InterfaceA ("InterfaceA") -> #2
R ("R") -> #12
R ("R") -> #12
ThenArg ("ThenArg") -> #2
T ("T") -> #4
awaitOrdered6 ("awaitOrdered6") -> #0
InterfaceA ("InterfaceA") -> #2
R ("R") -> #13
R ("R") -> #13
ThenArg ("ThenArg") -> #2
T ("T") -> #4
awaitOrdered7 ("awaitOrdered7") -> #0
InterfaceA ("InterfaceA") -> #2
R ("R") -> #14
R ("R") -> #14
ThenArg ("ThenArg") -> #2
T ("T") -> #4
awaitOrdered8 ("awaitOrdered8") -> #0
InterfaceA ("InterfaceA") -> #2
R ("R") -> #15
R ("R") -> #15
ThenArg ("ThenArg") -> #2
T ("T") -> #4
awaitOrdered9 ("awaitOrdered9") -> #0
InterfaceA ("InterfaceA") -> #2
R ("R") -> #16
R ("R") -> #16
ThenArg ("ThenArg") -> #2
T ("T") -> #4
InterfaceB ("InterfaceB") -> #2
T ("T") -> #17
InterfaceA ("InterfaceA") -> #2
T ("T") -> #17
map ("map") -> #0
callback ("callback") -> #18
value ("value") -> #1
T ("T") -> #17
D ("D") -> #18
InterfaceB ("InterfaceB") -> #2
D ("D") -> #18
D ("D") -> #18
await ("await") -> #0
InterfaceB ("InterfaceB") -> #2
R ("R") -> #19
R ("R") -> #19
ThenArg ("ThenArg") -> #2
T ("T") -> #17
awaitLatest ("awaitLatest") -> #0
InterfaceB ("InterfaceB") -> #2
R ("R") -> #20
R ("R") -> #20
ThenArg ("ThenArg") -> #2
T ("T") -> #17
awaitOrdered ("awaitOrdered") -> #0
InterfaceB ("InterfaceB") -> #2
R ("R") -> #21
R ("R") -> #21
ThenArg ("ThenArg") -> #2
T ("T") -> #17
awaitOrdered2 ("awaitOrdered2") -> #0
InterfaceB ("InterfaceB") -> #2
R ("R") -> #22
R ("R") -> #22
ThenArg ("ThenArg") -> #2
T ("T") -> #17
awaitOrdered3 ("awaitOrdered3") -> #0
InterfaceB ("InterfaceB") -> #2
R ("R") -> #23
R ("R") -> #23
ThenArg ("ThenArg") -> #2
T ("T") -> #17
awaitOrdered4 ("awaitOrdered4") -> #0
InterfaceB ("InterfaceB") -> #2
R ("R") -> #24
R ("R") -> #24
ThenArg ("ThenArg") -> #2
T ("T") -> #17
awaitOrdered5 ("awaitOrdered5") -> #0
InterfaceB ("InterfaceB") -> #2
R ("R") -> #25
R ("R") -> #25
ThenArg ("ThenArg") -> #2
T ("T") -> #17
awaitOrdered6 ("awaitOrdered6") -> #0
InterfaceB ("InterfaceB") -> #2
R ("R") -> #26
R ("R") -> #26
ThenArg ("ThenArg") -> #2
T ("T") -> #17
awaitOrdered7 ("awaitOrdered7") -> #0
InterfaceB ("InterfaceB") -> #2
R ("R") -> #27
R ("R") -> #27
ThenArg ("ThenArg") -> #2
T ("T") -> #17
awaitOrdered8 ("awaitOrdered8") -> #0
InterfaceB ("InterfaceB") -> #2
R ("R") -> #28
R ("R") -> #28
ThenArg ("ThenArg") -> #2
T ("T") -> #17
awaitOrdered9 ("awaitOrdered9") -> #0
InterfaceB ("InterfaceB") -> #2
R ("R") -> #29
R ("R") -> #29
ThenArg ("ThenArg") -> #2
T ("T") -> #17
A ("A") -> #2
callback ("callback") -> #31
newValue ("newValue") -> #1
T ("T") -> #30
oldValue ("oldValue") -> #1
T ("T") -> #30
undefined ("undefined") -> #1
B ("B") -> #2
T ("T") -> #30
callback ("callback") -> #32
value ("value") -> #1
T ("T") -> #30
D ("D") -> #32
undefined ("undefined") -> #1
D ("D") -> #32
B ("B") -> #2
D ("D") -> #32
undefined ("undefined") -> #1
R ("R") -> #33
ThenArg ("ThenArg") -> #2
T ("T") -> #30
B ("B") -> #2
R ("R") -> #33
undefined ("undefined") -> #1
R ("R") -> #34
ThenArg ("ThenArg") -> #2
T ("T") -> #30
B ("B") -> #2
R ("R") -> #34
undefined ("undefined") -> #1
R ("R") -> #35
ThenArg ("ThenArg") -> #2
T ("T") -> #30
B ("B") -> #2
R ("R") -> #35
undefined ("undefined") -> #1
R ("R") -> #36
ThenArg ("ThenArg") -> #2
T ("T") -> #30
B ("B") -> #2
R ("R") -> #36
undefined ("undefined") -> #1
R ("R") -> #37
ThenArg ("ThenArg") -> #2
T ("T") -> #30
B ("B") -> #2
R ("R") -> #37
undefined ("undefined") -> #1
R ("R") -> #38
ThenArg ("ThenArg") -> #2
T ("T") -> #30
B ("B") -> #2
R ("R") -> #38
undefined ("undefined") -> #1
R ("R") -> #39
ThenArg ("ThenArg") -> #2
T ("T") -> #30
B ("B") -> #2
R ("R") -> #39
undefined ("undefined") -> #1
R ("R") -> #40
ThenArg ("ThenArg") -> #2
T ("T") -> #30
B ("B") -> #2
R ("R") -> #40
undefined ("undefined") -> #1
R ("R") -> #41
ThenArg ("ThenArg") -> #2
T ("T") -> #30
B ("B") -> #2
R ("R") -> #41
undefined ("undefined") -> #1
R ("R") -> #42
ThenArg ("ThenArg") -> #2
T ("T") -> #30
B ("B") -> #2
R ("R") -> #42
undefined ("undefined") -> #1
R ("R") -> #43
ThenArg ("ThenArg") -> #2
T ("T") -> #30
B ("B") -> #2
R ("R") -> #43
T ("T") -> #30
InterfaceB ("InterfaceB") -> #2
T ("T") -> #30
B ("B") -> #2
A ("A") -> #2
T ("T") -> #44
T ("T") -> #44
