Top level: #2
Unresolved: #1
Input ("Input") -> #2
bindingPropertyName ("bindingPropertyName") -> #3
FooComponent ("FooComponent") -> #2
Input ("Input") -> #2
tracked ("tracked") -> #2
PropertyDecorator ("PropertyDecorator") -> #1
watchedProperties ("watchedProperties") -> #1
Person ("Person") -> #2
tracked ("tracked") -> #2
MultiplyByTwo ("MultiplyByTwo") -> #2
tracked ("tracked") -> #2
OmniDecorator ("OmniDecorator") -> #2
MethodDecorator ("MethodDecorator") -> #1
ClassDecorator ("ClassDecorator") -> #1
PropertyDecorator ("PropertyDecorator") -> #1
noArgs ("noArgs") -> #2
OmniDecorator ("OmniDecorator") -> #2
allRest ("allRest") -> #2
args ("args") -> #6
OmniDecorator ("OmniDecorator") -> #2
oneOptional ("oneOptional") -> #2
x ("x") -> #7
OmniDecorator ("OmniDecorator") -> #2
twoOptional ("twoOptional") -> #2
x ("x") -> #8
y ("y") -> #8
OmniDecorator ("OmniDecorator") -> #2
threeOptional ("threeOptional") -> #2
x ("x") -> #9
y ("y") -> #9
z ("z") -> #9
OmniDecorator ("OmniDecorator") -> #2
oneOptionalWithRest ("oneOptionalWithRest") -> #2
x ("x") -> #10
args ("args") -> #10
OmniDecorator ("OmniDecorator") -> #2
anyDec ("anyDec") -> #2
A ("A") -> #2
noArgs ("noArgs") -> #2
noArgs ("noArgs") -> #2
noArgs ("noArgs") -> #2
B ("B") -> #2
allRest ("allRest") -> #2
allRest ("allRest") -> #2
allRest ("allRest") -> #2
C ("C") -> #2
oneOptional ("oneOptional") -> #2
oneOptional ("oneOptional") -> #2
oneOptional ("oneOptional") -> #2
D ("D") -> #2
twoOptional ("twoOptional") -> #2
twoOptional ("twoOptional") -> #2
twoOptional ("twoOptional") -> #2
E ("E") -> #2
threeOptional ("threeOptional") -> #2
threeOptional ("threeOptional") -> #2
threeOptional ("threeOptional") -> #2
F ("F") -> #2
oneOptionalWithRest ("oneOptionalWithRest") -> #2
oneOptionalWithRest ("oneOptionalWithRest") -> #2
oneOptionalWithRest ("oneOptionalWithRest") -> #2
G ("G") -> #2
anyDec ("anyDec") -> #2
anyDec ("anyDec") -> #2
anyDec ("anyDec") -> #2
