Top level: #2
Unresolved: #1
opt ("opt") -> #2
test1 ("test1") -> #2
opt ("opt") -> #2
undefined ("undefined") -> #1
test2 ("test2") -> #2
opt ("opt") -> #2
undefined ("undefined") -> #1
test3 ("test3") -> #2
opt ("opt") -> #2
test4 ("test4") -> #2
opt ("opt") -> #2
undefined ("undefined") -> #1
p01 ("p01") -> #2
p02 ("p02") -> #2
p03 ("p03") -> #2
p04 ("p04") -> #2
p05 ("p05") -> #2
foo ("foo") -> #8
p06 ("p06") -> #2
foo ("foo") -> #9
p07 ("p07") -> #2
p08 ("p08") -> #2
opt ("opt") -> #2
p09 ("p09") -> #2
opt ("opt") -> #2
undefined ("undefined") -> #1
p10 ("p10") -> #2
opt ("opt") -> #2
p11 ("p11") -> #2
opt ("opt") -> #2
p12 ("p12") -> #2
opt ("opt") -> #2
p13 ("p13") -> #2
opt ("opt") -> #2
p14 ("p14") -> #2
opt ("opt") -> #2
p15 ("p15") -> #2
opt ("opt") -> #2
opt ("opt") -> #2
undefined ("undefined") -> #1
p16 ("p16") -> #2
opt ("opt") -> #2
p17 ("p17") -> #2
opt ("opt") -> #2
opt ("opt") -> #2
p21 ("p21") -> #2
p22 ("p22") -> #2
p23 ("p23") -> #2
opt ("opt") -> #2
cond ("cond") -> #2
console ("console") -> #1
cond ("cond") -> #2
undefined ("undefined") -> #1
cond ("cond") -> #2
foo ("foo") -> #2
Object ("Object") -> #1
maybe ("maybe") -> #15
i ("i") -> #15
d ("d") -> #15
i ("i") -> #15
maybe ("maybe") -> #15
e ("e") -> #15
i ("i") -> #15
i ("i") -> #15
f ("f") -> #15
maybe ("maybe") -> #15
i ("i") -> #15
X ("X") -> #2
p ("p") -> #16
tag ("tag") -> #2
strings ("strings") -> #17
TemplateStringsArray ("TemplateStringsArray") -> #1
values ("values") -> #17
T ("T") -> #17
T ("T") -> #17
tag ("tag") -> #2
