Top level: #2
Unresolved: #1
M ("M") -> #2
P ("P") -> #3
x ("x") -> #0
y ("y") -> #0
a ("a") -> #3
p ("p") -> #2
M ("M") -> #2
m ("m") -> #2
M ("M") -> #2
M ("M") -> #2
m2 ("m2") -> #2
M ("M") -> #2
M ("M") -> #2
x1 ("x1") -> #2
M ("M") -> #2
x2 ("x2") -> #2
m ("m") -> #2
q ("q") -> #2
m ("m") -> #2
