Top level: #2
Unresolved: #1
publicModule ("publicModule") -> #2
publicInterfaceInPublicModule ("publicInterfaceInPublicModule") -> #3
privateInterfaceInPublicModule ("privateInterfaceInPublicModule") -> #3
privateClassImplementingPublicInterfaceInModule ("privateClassImplementingPublicInterfaceInModule") -> #3
publicInterfaceInPublicModule ("publicInterfaceInPublicModule") -> #3
privateClassImplementingPrivateInterfaceInModule ("privateClassImplementingPrivateInterfaceInModule") -> #3
privateInterfaceInPublicModule ("privateInterfaceInPublicModule") -> #3
publicClassImplementingPublicInterfaceInModule ("publicClassImplementingPublicInterfaceInModule") -> #3
publicInterfaceInPublicModule ("publicInterfaceInPublicModule") -> #3
publicClassImplementingPrivateInterfaceInModule ("publicClassImplementingPrivateInterfaceInModule") -> #3
privateInterfaceInPublicModule ("privateInterfaceInPublicModule") -> #3
privateClassImplementingFromPrivateModuleInterface ("privateClassImplementingFromPrivateModuleInterface") -> #3
privateModule ("privateModule") -> #2
publicClassImplementingFromPrivateModuleInterface ("publicClassImplementingFromPrivateModuleInterface") -> #3
privateModule ("privateModule") -> #2
publicClassImplementingPrivateAndPublicInterface ("publicClassImplementingPrivateAndPublicInterface") -> #3
privateInterfaceInPublicModule ("privateInterfaceInPublicModule") -> #3
publicInterfaceInPublicModule ("publicInterfaceInPublicModule") -> #3
privateModule ("privateModule") -> #2
publicInterfaceInPrivateModule ("publicInterfaceInPrivateModule") -> #4
privateInterfaceInPrivateModule ("privateInterfaceInPrivateModule") -> #4
privateClassImplementingPublicInterfaceInModule ("privateClassImplementingPublicInterfaceInModule") -> #4
publicInterfaceInPrivateModule ("publicInterfaceInPrivateModule") -> #4
privateClassImplementingPrivateInterfaceInModule ("privateClassImplementingPrivateInterfaceInModule") -> #4
privateInterfaceInPrivateModule ("privateInterfaceInPrivateModule") -> #4
publicClassImplementingPublicInterfaceInModule ("publicClassImplementingPublicInterfaceInModule") -> #4
publicInterfaceInPrivateModule ("publicInterfaceInPrivateModule") -> #4
publicClassImplementingPrivateInterfaceInModule ("publicClassImplementingPrivateInterfaceInModule") -> #4
privateInterfaceInPrivateModule ("privateInterfaceInPrivateModule") -> #4
privateClassImplementingFromPrivateModuleInterface ("privateClassImplementingFromPrivateModuleInterface") -> #4
privateModule ("privateModule") -> #2
publicClassImplementingFromPrivateModuleInterface ("publicClassImplementingFromPrivateModuleInterface") -> #4
privateModule ("privateModule") -> #2
publicInterface ("publicInterface") -> #2
privateInterface ("privateInterface") -> #2
privateClassImplementingPublicInterface ("privateClassImplementingPublicInterface") -> #2
publicInterface ("publicInterface") -> #2
privateClassImplementingPrivateInterfaceInModule ("privateClassImplementingPrivateInterfaceInModule") -> #2
privateInterface ("privateInterface") -> #2
publicClassImplementingPublicInterface ("publicClassImplementingPublicInterface") -> #2
publicInterface ("publicInterface") -> #2
publicClassImplementingPrivateInterface ("publicClassImplementingPrivateInterface") -> #2
privateInterface ("privateInterface") -> #2
privateClassImplementingFromPrivateModuleInterface ("privateClassImplementingFromPrivateModuleInterface") -> #2
privateModule ("privateModule") -> #2
publicClassImplementingFromPrivateModuleInterface ("publicClassImplementingFromPrivateModuleInterface") -> #2
privateModule ("privateModule") -> #2
publicModuleInGlobal ("publicModuleInGlobal") -> #2
publicInterfaceInPublicModule ("publicInterfaceInPublicModule") -> #5
privateInterfaceInPublicModule ("privateInterfaceInPublicModule") -> #5
privateClassImplementingPublicInterfaceInModule ("privateClassImplementingPublicInterfaceInModule") -> #5
publicInterfaceInPublicModule ("publicInterfaceInPublicModule") -> #5
privateClassImplementingPrivateInterfaceInModule ("privateClassImplementingPrivateInterfaceInModule") -> #5
privateInterfaceInPublicModule ("privateInterfaceInPublicModule") -> #5
publicClassImplementingPublicInterfaceInModule ("publicClassImplementingPublicInterfaceInModule") -> #5
publicInterfaceInPublicModule ("publicInterfaceInPublicModule") -> #5
publicClassImplementingPrivateInterfaceInModule ("publicClassImplementingPrivateInterfaceInModule") -> #5
privateInterfaceInPublicModule ("privateInterfaceInPublicModule") -> #5
publicInterfaceInGlobal ("publicInterfaceInGlobal") -> #2
publicClassImplementingPublicInterfaceInGlobal ("publicClassImplementingPublicInterfaceInGlobal") -> #2
publicInterfaceInGlobal ("publicInterfaceInGlobal") -> #2
