Top level: #2
Unresolved: #1
IPromise ("IPromise") -> #2
T ("T") -> #3
then ("then") -> #0
callback ("callback") -> #4
x ("x") -> #2
T ("T") -> #3
IPromise ("IPromise") -> #2
U ("U") -> #4
IPromise ("IPromise") -> #2
U ("U") -> #4
U ("U") -> #4
Promise ("Promise") -> #2
T ("T") -> #5
then ("then") -> #0
callback ("callback") -> #6
x ("x") -> #2
T ("T") -> #5
Promise ("Promise") -> #2
U ("U") -> #6
Promise ("Promise") -> #2
U ("U") -> #6
U ("U") -> #6
x ("x") -> #2
IPromise ("IPromise") -> #2
x ("x") -> #2
Promise ("Promise") -> #2
IPromise2 ("IPromise2") -> #2
T ("T") -> #7
V ("V") -> #7
then ("then") -> #0
callback ("callback") -> #8
x ("x") -> #2
T ("T") -> #7
IPromise2 ("IPromise2") -> #2
U ("U") -> #8
W ("W") -> #8
IPromise2 ("IPromise2") -> #2
W ("W") -> #8
U ("U") -> #8
U ("U") -> #8
W ("W") -> #8
Promise2 ("Promise2") -> #2
T ("T") -> #9
V ("V") -> #9
then ("then") -> #0
callback ("callback") -> #10
x ("x") -> #2
V ("V") -> #9
Promise2 ("Promise2") -> #2
U ("U") -> #10
T ("T") -> #9
Promise2 ("Promise2") -> #2
T ("T") -> #9
W ("W") -> #10
U ("U") -> #10
W ("W") -> #10
y ("y") -> #2
IPromise2 ("IPromise2") -> #2
y ("y") -> #2
Promise2 ("Promise2") -> #2
