Top level: #2
Unresolved: #1
IPromise ("IPromise") -> #2
T ("T") -> #3
then ("then") -> #0
successCallback ("successCallback") -> #4
promiseValue ("promiseValue") -> #1
T ("T") -> #3
TResult ("TResult") -> #4
errorCallback ("errorCallback") -> #4
reason ("reason") -> #1
TResult ("TResult") -> #4
IPromise ("IPromise") -> #2
TResult ("TResult") -> #4
TResult ("TResult") -> #4
foo ("foo") -> #2
IPromise ("IPromise") -> #2
foo ("foo") -> #2
x ("x") -> #5
x ("x") -> #6
x ("x") -> #6
