Top level: #2
Unresolved: #1
myReactLib ("myReactLib") -> #2
foo ("foo") -> #2
Bar ("Bar") -> #2
_Bar ("_Bar") -> #2
x ("x") -> #2
foo ("foo") -> #1
Bar ("Bar") -> #2
x ("x") -> #2
x-component ("x-component") -> #1
Bar ("Bar") -> #2
x ("x") -> #2
Bar ("Bar") -> #2
x ("x") -> #2
_Bar ("_Bar") -> #2
x ("x") -> #2
