Top level: #2
Unresolved: #1
Foo ("Foo") -> #2
x ("x") -> #0
x ("x") -> #1
Object ("Object") -> #1
C ("C") -> #2
x ("x") -> #1
Object ("Object") -> #1
value ("value") -> #7
value ("value") -> #9
value ("value") -> #11
value ("value") -> #16
value ("value") -> #18
value ("value") -> #20
z ("z") -> #2
a ("a") -> #0
x ("x") -> #1
Object ("Object") -> #1
f ("f") -> #2
value ("value") -> #24
g ("g") -> #2
x ("x") -> #25
a ("a") -> #0
x ("x") -> #25
Object ("Object") -> #1
x ("x") -> #25
