Top level: #2
Unresolved: #1
Attributes ("Attributes") -> #2
Keys ("Keys") -> #3
Key ("Key") -> #3
Keys ("Keys") -> #3
Query ("Query") -> #2
x ("x") -> #5
B ("B") -> #5
B ("B") -> #5
Attributes ("Attributes") -> #2
B ("B") -> #5
Query ("Query") -> #2
A ("A") -> #4
B ("B") -> #5
A ("A") -> #4
Attributes ("Attributes") -> #2
A ("A") -> #4
ClassName ("ClassName") -> #2
S ("S") -> #6
S ("S") -> #6
ClassNameMap ("ClassNameMap") -> #2
S ("S") -> #7
K ("K") -> #7
S ("S") -> #7
ClassNameObjectMap ("ClassNameObjectMap") -> #2
S ("S") -> #8
ClassNameMap ("ClassNameMap") -> #2
S ("S") -> #8
ClassNameArg ("ClassNameArg") -> #2
S ("S") -> #9
ClassName ("ClassName") -> #2
S ("S") -> #9
ClassNameObjectMap ("ClassNameObjectMap") -> #2
S ("S") -> #9
css ("css") -> #2
styles ("styles") -> #10
S ("S") -> #10
classNames ("classNames") -> #10
ClassNameArg ("ClassNameArg") -> #2
S ("S") -> #10
args ("args") -> #10
classNames ("classNames") -> #10
arg ("arg") -> #11
arg ("arg") -> #11
arg ("arg") -> #11
styles ("styles") -> #10
arg ("arg") -> #11
arg ("arg") -> #11
Object ("Object") -> #1
arg ("arg") -> #11
obj ("obj") -> #15
ClassNameObject ("ClassNameObject") -> #1
key ("key") -> #15
S ("S") -> #10
exportedClassName ("exportedClassName") -> #15
styles ("styles") -> #10
key ("key") -> #15
obj ("obj") -> #15
exportedClassName ("exportedClassName") -> #15
arg ("arg") -> #11
ClassNameMap ("ClassNameMap") -> #2
S ("S") -> #10
key ("key") -> #15
obj ("obj") -> #15
ClassNameObject ("ClassNameObject") -> #1
S ("S") -> #10
K ("K") -> #10
S ("S") -> #10
