Top level: #2
Unresolved: #1
ITreeItem ("ITreeItem") -> #2
Parent ("Parent") -> #0
NodeWithId ("NodeWithId") -> #2
ITreeItem ("ITreeItem") -> #2
Id ("Id") -> #0
getMaxId ("getMaxId") -> #2
items ("items") -> #3
NodeWithId ("NodeWithId") -> #2
nodes ("nodes") -> #2
ITreeItem ("ITreeItem") -> #2
getMaxId ("getMaxId") -> #2
nodes ("nodes") -> #2
