Top level: #2
Unresolved: #1
Effect ("Effect") -> #2
A ("A") -> #3
_A ("_A") -> #0
A ("A") -> #3
gen ("gen") -> #2
f ("f") -> #4
Generator ("Generator") -> #1
Eff ("Eff") -> #4
AEff ("AEff") -> #4
Eff ("Eff") -> #4
Effect ("Effect") -> #2
AEff ("AEff") -> #4
Effect ("Effect") -> #2
AEff ("AEff") -> #4
Rpc ("Rpc") -> #2
Tag ("Tag") -> #5
Payload ("Payload") -> #5
Success ("Success") -> #5
_tag ("_tag") -> #0
Tag ("Tag") -> #5
payloadSchema ("payloadSchema") -> #0
Payload ("Payload") -> #5
successSchema ("successSchema") -> #0
Success ("Success") -> #5
RpcAny ("RpcAny") -> #2
_tag ("_tag") -> #0
Payload ("Payload") -> #2
R ("R") -> #6
R ("R") -> #6
Rpc ("Rpc") -> #2
_Tag ("_Tag") -> #1
_Payload ("_Payload") -> #1
_Success ("_Success") -> #1
_Payload ("_Payload") -> #1
ResultFrom ("ResultFrom") -> #2
R ("R") -> #7
RpcAny ("RpcAny") -> #2
R ("R") -> #7
Rpc ("Rpc") -> #2
_Tag ("_Tag") -> #1
_Payload ("_Payload") -> #1
_Success ("_Success") -> #1
_Success ("_Success") -> #1
ToHandlerFn ("ToHandlerFn") -> #2
Current ("Current") -> #8
RpcAny ("RpcAny") -> #2
payload ("payload") -> #1
Payload ("Payload") -> #2
Current ("Current") -> #8
ResultFrom ("ResultFrom") -> #2
Current ("Current") -> #8
HandlersFrom ("HandlersFrom") -> #2
Rpc ("Rpc") -> #9
RpcAny ("RpcAny") -> #2
Current ("Current") -> #9
Rpc ("Rpc") -> #9
Current ("Current") -> #9
ToHandlerFn ("ToHandlerFn") -> #2
Current ("Current") -> #9
RpcGroup ("RpcGroup") -> #2
R ("R") -> #10
RpcAny ("RpcAny") -> #2
toLayer ("toLayer") -> #0
build ("build") -> #11
Effect ("Effect") -> #2
Handlers ("Handlers") -> #11
Handlers ("Handlers") -> #11
HandlersFrom ("HandlersFrom") -> #2
R ("R") -> #10
Rpcs ("Rpcs") -> #2
RpcGroup ("RpcGroup") -> #2
Rpc ("Rpc") -> #2
layerServerHandlers ("layerServerHandlers") -> #2
Rpcs ("Rpcs") -> #2
gen ("gen") -> #2
id ("id") -> #13
String ("String") -> #1
id ("id") -> #13
