Top level: #2
Unresolved: #1
Spy ("Spy") -> #2
params ("params") -> #1
identity ("identity") -> #0
and ("and") -> #0
Function ("Function") -> #1
mostRecentCall ("mostRecentCall") -> #0
args ("args") -> #0
argsForCall ("argsForCall") -> #0
SpyObj ("SpyObj") -> #2
T ("T") -> #3
T ("T") -> #3
k ("k") -> #3
T ("T") -> #3
Spy ("Spy") -> #2
createSpyObj ("createSpyObj") -> #2
name ("name") -> #4
names ("names") -> #4
Array ("Array") -> #1
T ("T") -> #4
T ("T") -> #4
SpyObj ("SpyObj") -> #2
T ("T") -> #4
mock ("mock") -> #2
spyName ("spyName") -> #5
methodNames ("methodNames") -> #5
Array ("Array") -> #1
T ("T") -> #5
spyObj ("spyObj") -> #5
createSpyObj ("createSpyObj") -> #2
spyName ("spyName") -> #5
methodNames ("methodNames") -> #5
T ("T") -> #5
methodName ("methodName") -> #6
methodNames ("methodNames") -> #5
spyObj ("spyObj") -> #5
methodName ("methodName") -> #6
spyObj ("spyObj") -> #5
T ("T") -> #5
SpyObj ("SpyObj") -> #2
T ("T") -> #5
