Top level: #2
Unresolved: #1
Lifecycle ("Lifecycle") -> #2
Attrs ("Attrs") -> #3
State ("State") -> #3
Lifecycle ("Lifecycle") -> #2
Attrs ("Attrs") -> #3
State ("State") -> #3
oninit ("oninit") -> #0
vnode ("vnode") -> #1
Vnode ("Vnode") -> #2
Attrs ("Attrs") -> #3
State ("State") -> #3
_ ("_") -> #3
Vnode ("Vnode") -> #2
Attrs ("Attrs") -> #4
State ("State") -> #4
Lifecycle ("Lifecycle") -> #2
Attrs ("Attrs") -> #4
State ("State") -> #4
tag ("tag") -> #0
Component ("Component") -> #2
Attrs ("Attrs") -> #4
State ("State") -> #4
Component ("Component") -> #2
Attrs ("Attrs") -> #5
State ("State") -> #5
Lifecycle ("Lifecycle") -> #2
Attrs ("Attrs") -> #5
State ("State") -> #5
view ("view") -> #0
this ("this") -> #1
State ("State") -> #5
vnode ("vnode") -> #1
Vnode ("Vnode") -> #2
Attrs ("Attrs") -> #5
State ("State") -> #5
ClassComponent ("ClassComponent") -> #2
A ("A") -> #6
Lifecycle ("Lifecycle") -> #2
A ("A") -> #6
ClassComponent ("ClassComponent") -> #2
A ("A") -> #6
oninit ("oninit") -> #0
vnode ("vnode") -> #1
Vnode ("Vnode") -> #2
A ("A") -> #6
view ("view") -> #0
vnode ("vnode") -> #1
Vnode ("Vnode") -> #2
A ("A") -> #6
MyAttrs ("MyAttrs") -> #2
id ("id") -> #0
C ("C") -> #2
v ("v") -> #7
Vnode ("Vnode") -> #2
MyAttrs ("MyAttrs") -> #2
C ("C") -> #2
_ ("_") -> #1
ClassComponent ("ClassComponent") -> #2
MyAttrs ("MyAttrs") -> #2
test8 ("test8") -> #2
ClassComponent ("ClassComponent") -> #2
C ("C") -> #2
test9 ("test9") -> #2
C ("C") -> #2
