Top level: #2
Unresolved: #1
Editor ("Editor") -> #2
Plugin ("Plugin") -> #2
ParentConfig ("ParentConfig") -> #2
T ("T") -> #3
Partial ("Partial") -> #1
P ("P") -> #3
T ("T") -> #3
Required ("Required") -> #1
T ("T") -> #3
P ("P") -> #3
args ("args") -> #1
args ("args") -> #1
Parameters ("Parameters") -> #1
Required ("Required") -> #1
T ("T") -> #3
P ("P") -> #3
ReturnType ("ReturnType") -> #1
Required ("Required") -> #1
T ("T") -> #3
P ("P") -> #3
T ("T") -> #3
P ("P") -> #3
ExtendableConfig ("ExtendableConfig") -> #2
Options ("Options") -> #4
Config ("Config") -> #4
ExtensionConfig ("ExtensionConfig") -> #2
Options ("Options") -> #4
ExtendableConfig ("ExtendableConfig") -> #2
Options ("Options") -> #4
ExtendableConfig ("ExtendableConfig") -> #2
Options ("Options") -> #4
name ("name") -> #0
addOptions ("addOptions") -> #0
this ("this") -> #1
name ("name") -> #0
parent ("parent") -> #0
ParentConfig ("ParentConfig") -> #2
Config ("Config") -> #4
Options ("Options") -> #4
addProseMirrorPlugins ("addProseMirrorPlugins") -> #0
this ("this") -> #1
options ("options") -> #0
Options ("Options") -> #4
editor ("editor") -> #0
Editor ("Editor") -> #2
Plugin ("Plugin") -> #2
ExtensionConfig ("ExtensionConfig") -> #2
Options ("Options") -> #5
ExtendableConfig ("ExtendableConfig") -> #2
Options ("Options") -> #5
ExtensionConfig ("ExtensionConfig") -> #2
Options ("Options") -> #5
Extension ("Extension") -> #2
Options ("Options") -> #6
config ("config") -> #7
Partial ("Partial") -> #1
ExtensionConfig ("ExtensionConfig") -> #2
O ("O") -> #7
O ("O") -> #7
Extension ("Extension") -> #2
O ("O") -> #7
options ("options") -> #8
Partial ("Partial") -> #1
Options ("Options") -> #6
Extension ("Extension") -> #2
Options ("Options") -> #6
Options ("Options") -> #6
SuggestionOptions ("SuggestionOptions") -> #2
editor ("editor") -> #0
Editor ("Editor") -> #2
char ("char") -> #0
Suggestion ("Suggestion") -> #2
options ("options") -> #9
SuggestionOptions ("SuggestionOptions") -> #2
Plugin ("Plugin") -> #2
Extension ("Extension") -> #2
SuggestionOptions ("SuggestionOptions") -> #2
Suggestion ("Suggestion") -> #2
Extension ("Extension") -> #2
SuggestionOptions ("SuggestionOptions") -> #2
Suggestion ("Suggestion") -> #2
parentExtension ("parentExtension") -> #2
Extension ("Extension") -> #2
childExtension ("childExtension") -> #2
parentExtension ("parentExtension") -> #2
parentExtension2 ("parentExtension2") -> #2
Extension ("Extension") -> #2
childExtension2 ("childExtension2") -> #2
parentExtension2 ("parentExtension2") -> #2
