Top level: #2
Unresolved: #1
React ("React") -> #2
test ("test") -> #2
wrappedProps ("wrappedProps") -> #3
P ("P") -> #3
MySFC ("MySFC") -> #3
props ("props") -> #4
P ("P") -> #3
MyComponent ("MyComponent") -> #3
React ("React") -> #2
P ("P") -> #3
x ("x") -> #3
MySFC ("MySFC") -> #3
y ("y") -> #3
MyComponent ("MyComponent") -> #3
z ("z") -> #3
MySFC ("MySFC") -> #3
wrappedProps ("wrappedProps") -> #3
q ("q") -> #3
MyComponent ("MyComponent") -> #3
wrappedProps ("wrappedProps") -> #3
P ("P") -> #3
