Top level: #2
Unresolved: #1
HelloInterface ("HelloInterface") -> #2
world ("world") -> #0
HelloInterface ("HelloInterface") -> #2
HelloNamespace ("HelloNamespace") -> #2
world ("world") -> #3
HelloNamespace ("HelloNamespace") -> #2
HelloInterface ("HelloInterface") -> #2
HelloNamespace ("HelloNamespace") -> #2
HelloInterface ("HelloInterface") -> #2
HelloNamespace ("HelloNamespace") -> #2
