Top level: #2
Unresolved: #1
getPermissions ("getPermissions") -> #2
user ("user") -> #3
user ("user") -> #3
undefined ("undefined") -> #1
admins ("admins") -> #2
e ("e") -> #4
getPermissions ("getPermissions") -> #2
e ("e") -> #4
isDefined ("isDefined") -> #2
a ("a") -> #5
T ("T") -> #5
a ("a") -> #5
undefined ("undefined") -> #1
T ("T") -> #5
a ("a") -> #5
T ("T") -> #5
foundAdmins ("foundAdmins") -> #2
admins ("admins") -> #2
isDefined ("isDefined") -> #2
