Top level: #2
Unresolved: #1
a ("a") -> #2
y ("y") -> #3
T ("T") -> #3
T ("T") -> #3
T ("T") -> #3
a2 ("a2") -> #2
y ("y") -> #4
I ("I") -> #2
x ("x") -> #0
y ("y") -> #5
T ("T") -> #5
T ("T") -> #5
T ("T") -> #5
I2 ("I2") -> #2
x ("x") -> #0
y ("y") -> #1
i ("i") -> #2
I ("I") -> #2
i2 ("i2") -> #2
I2 ("I2") -> #2
a ("a") -> #2
i ("i") -> #2
i ("i") -> #2
a ("a") -> #2
a2 ("a2") -> #2
i2 ("i2") -> #2
i2 ("i2") -> #2
a2 ("a2") -> #2
