Top level: #2
Unresolved: #1
ns ("ns") -> #2
undefined ("undefined") -> #3
s ("s") -> #4
Symbol ("Symbol") -> #1
undefined ("undefined") -> #4
s ("s") -> #4
x ("x") -> #3
p ("p") -> #5
p ("p") -> #5
x ("x") -> #2
p ("p") -> #6
ns ("ns") -> #2
p ("p") -> #6
undefined ("undefined") -> #2
s ("s") -> #7
Symbol ("Symbol") -> #1
undefined ("undefined") -> #7
s ("s") -> #7
