Top level: #2
Unresolved: #1
greeter ("greeter") -> #2
person ("person") -> #3
unused ("unused") -> #3
Dummy ("Dummy") -> #2
usedtypeparameter ("usedtypeparameter") -> #4
message ("message") -> #5
unused2 ("unused2") -> #5
person ("person") -> #6
unused ("unused") -> #6
usedtypeparameter ("usedtypeparameter") -> #4
unusedtypeparameter ("unusedtypeparameter") -> #4
user ("user") -> #2
user2 ("user2") -> #2
Validation ("Validation") -> #2
StringValidator ("StringValidator") -> #9
isAcceptable ("isAcceptable") -> #0
s ("s") -> #1
lettersRegexp ("lettersRegexp") -> #9
numberRegexp ("numberRegexp") -> #9
LettersOnlyValidator ("LettersOnlyValidator") -> #9
s2 ("s2") -> #10
lettersRegexp ("lettersRegexp") -> #9
s2 ("s2") -> #10
StringValidator ("StringValidator") -> #9
ZipCodeValidator ("ZipCodeValidator") -> #9
s3 ("s3") -> #12
s3 ("s3") -> #12
StringValidator ("StringValidator") -> #9
usedLocallyInterface ("usedLocallyInterface") -> #9
usedLocallyInterface2 ("usedLocallyInterface2") -> #9
someFunction ("someFunction") -> #0
s1 ("s1") -> #1
exportedInterface ("exportedInterface") -> #9
dummy ("dummy") -> #9
usedLocallyInterface ("usedLocallyInterface") -> #9
unusedInterface ("unusedInterface") -> #9
Greeter ("Greeter") -> #2
class1 ("class1") -> #13
class2 ("class2") -> #13
class1 ("class1") -> #13
class3 ("class3") -> #13
class4 ("class4") -> #13
interface1 ("interface1") -> #13
interface2 ("interface2") -> #13
interface1 ("interface1") -> #13
interface3 ("interface3") -> #13
interface4 ("interface4") -> #13
a ("a") -> #13
interface3 ("interface3") -> #13
interface5 ("interface5") -> #13
