Top level: #2
Unresolved: #1
A ("A") -> #2
x ("x") -> #3
Point ("Point") -> #3
x ("x") -> #4
y ("y") -> #4
B ("B") -> #3
Id ("Id") -> #5
name ("name") -> #0
C ("C") -> #2
a ("a") -> #6
A ("A") -> #2
a ("a") -> #2
C ("C") -> #2
b ("b") -> #2
x ("x") -> #0
y ("y") -> #0
C ("C") -> #2
c ("c") -> #2
name ("name") -> #0
c ("c") -> #2
C ("C") -> #2
