Top level: #2
Unresolved: #1
Controller ("Controller") -> #2
T ("T") -> #3
createAnimal ("createAnimal") -> #0
T ("T") -> #3
run ("run") -> #0
animal ("animal") -> #1
T ("T") -> #3
Animal ("Animal") -> #2
run ("run") -> #0
Dog ("Dog") -> #2
Animal ("Animal") -> #2
AnimalContainer ("AnimalContainer") -> #2
T ("T") -> #6
controller ("controller") -> #0
Controller ("Controller") -> #2
T ("T") -> #6
ca ("ca") -> #2
AnimalContainer ("AnimalContainer") -> #2
Animal ("Animal") -> #2
cd ("cd") -> #2
AnimalContainer ("AnimalContainer") -> #2
Dog ("Dog") -> #2
ca ("ca") -> #2
cd ("cd") -> #2
cd ("cd") -> #2
ca ("ca") -> #2
