Top level: #2
Unresolved: #1
safeInvoke ("safeInvoke") -> #2
func ("func") -> #3
arg1 ("arg1") -> #3
A1 ("A1") -> #3
R ("R") -> #3
arg1 ("arg1") -> #3
A1 ("A1") -> #3
func ("func") -> #3
func ("func") -> #3
arg1 ("arg1") -> #3
undefined ("undefined") -> #1
A1 ("A1") -> #3
R ("R") -> #3
R ("R") -> #3
Props ("Props") -> #2
onFoo ("onFoo") -> #0
value ("value") -> #1
onBar ("onBar") -> #0
value ("value") -> #1
bad ("bad") -> #2
props ("props") -> #6
Readonly ("Readonly") -> #1
P ("P") -> #6
safeInvoke ("safeInvoke") -> #2
props ("props") -> #6
safeInvoke ("safeInvoke") -> #2
props ("props") -> #6
P ("P") -> #6
Props ("Props") -> #2
