Top level: #2
Unresolved: #1
TV0 ("TV0") -> #2
T ("T") -> #3
T ("T") -> #3
TV1 ("TV1") -> #2
T ("T") -> #4
T ("T") -> #4
TV2 ("TV2") -> #2
T ("T") -> #5
T ("T") -> #5
T ("T") -> #5
TV3 ("TV3") -> #2
T ("T") -> #6
T ("T") -> #6
T ("T") -> #6
TN1 ("TN1") -> #2
TV1 ("TV1") -> #2
TN2 ("TN2") -> #2
TV1 ("TV1") -> #2
TN3 ("TN3") -> #2
TV1 ("TV1") -> #2
TN4 ("TN4") -> #2
TV1 ("TV1") -> #2
TN5 ("TN5") -> #2
TV1 ("TV1") -> #2
TN6 ("TN6") -> #2
TV1 ("TV1") -> #2
TN7 ("TN7") -> #2
TV1 ("TV1") -> #2
tup2 ("tup2") -> #2
t ("t") -> #7
T ("T") -> #7
u ("u") -> #7
U ("U") -> #7
t ("t") -> #7
u ("u") -> #7
T ("T") -> #7
U ("U") -> #7
t2 ("t2") -> #2
tup2 ("tup2") -> #2
concat ("concat") -> #2
t ("t") -> #8
T ("T") -> #8
u ("u") -> #8
U ("U") -> #8
t ("t") -> #8
u ("u") -> #8
T ("T") -> #8
U ("U") -> #8
T ("T") -> #8
U ("U") -> #8
sa ("sa") -> #2
tc1 ("tc1") -> #2
concat ("concat") -> #2
tc2 ("tc2") -> #2
concat ("concat") -> #2
tc3 ("tc3") -> #2
concat ("concat") -> #2
sa ("sa") -> #2
tc4 ("tc4") -> #2
concat ("concat") -> #2
sa ("sa") -> #2
concat2 ("concat2") -> #2
t ("t") -> #9
T ("T") -> #9
u ("u") -> #9
U ("U") -> #9
t ("t") -> #9
u ("u") -> #9
T ("T") -> #9
U ("U") -> #9
tc5 ("tc5") -> #2
concat2 ("concat2") -> #2
foo1 ("foo1") -> #2
a ("a") -> #10
b ("b") -> #10
c ("c") -> #10
d ("d") -> #10
foo2 ("foo2") -> #2
t1 ("t1") -> #11
t2 ("t2") -> #11
a1 ("a1") -> #11
foo1 ("foo1") -> #2
foo1 ("foo1") -> #2
t1 ("t1") -> #11
foo1 ("foo1") -> #2
t1 ("t1") -> #11
t2 ("t2") -> #11
foo1 ("foo1") -> #2
t1 ("t1") -> #11
t2 ("t2") -> #11
a1 ("a1") -> #11
foo1 ("foo1") -> #2
t1 ("t1") -> #11
foo1 ("foo1") -> #2
t1 ("t1") -> #11
foo3 ("foo3") -> #2
x ("x") -> #12
args ("args") -> #12
T ("T") -> #12
T ("T") -> #12
T ("T") -> #12
foo4 ("foo4") -> #2
u ("u") -> #13
U ("U") -> #13
foo3 ("foo3") -> #2
foo3 ("foo3") -> #2
foo3 ("foo3") -> #2
u ("u") -> #13
foo3 ("foo3") -> #2
U ("U") -> #13
ft1 ("ft1") -> #2
t ("t") -> #14
T ("T") -> #14
T ("T") -> #14
T ("T") -> #14
ft2 ("ft2") -> #2
t ("t") -> #15
T ("T") -> #15
T ("T") -> #15
T ("T") -> #15
ft3 ("ft3") -> #2
t ("t") -> #16
T ("T") -> #16
T ("T") -> #16
T ("T") -> #16
ft4 ("ft4") -> #2
t ("t") -> #17
T ("T") -> #17
T ("T") -> #17
T ("T") -> #17
ft1 ("ft1") -> #2
ft2 ("ft2") -> #2
ft3 ("ft3") -> #2
ft4 ("ft4") -> #2
f0 ("f0") -> #2
t ("t") -> #18
T ("T") -> #18
n ("n") -> #18
a ("a") -> #18
t ("t") -> #18
b ("b") -> #18
t ("t") -> #18
c ("c") -> #18
t ("t") -> #18
d ("d") -> #18
t ("t") -> #18
n ("n") -> #18
T ("T") -> #18
f1 ("f1") -> #2
t ("t") -> #19
T ("T") -> #19
n ("n") -> #19
a ("a") -> #19
t ("t") -> #19
b ("b") -> #19
t ("t") -> #19
c ("c") -> #19
t ("t") -> #19
d ("d") -> #19
t ("t") -> #19
n ("n") -> #19
T ("T") -> #19
f2 ("f2") -> #2
t ("t") -> #20
T ("T") -> #20
ax ("ax") -> #20
t ("t") -> #20
b1 ("b1") -> #20
bx ("bx") -> #20
t ("t") -> #20
c1 ("c1") -> #20
c2 ("c2") -> #20
cx ("cx") -> #20
t ("t") -> #20
T ("T") -> #20
f3 ("f3") -> #2
t ("t") -> #21
T ("T") -> #21
ax ("ax") -> #21
t ("t") -> #21
b1 ("b1") -> #21
bx ("bx") -> #21
t ("t") -> #21
c1 ("c1") -> #21
c2 ("c2") -> #21
cx ("cx") -> #21
t ("t") -> #21
T ("T") -> #21
Arrayify ("Arrayify") -> #2
T ("T") -> #22
P ("P") -> #22
T ("T") -> #22
T ("T") -> #22
P ("P") -> #22
TM1 ("TM1") -> #2
U ("U") -> #23
Arrayify ("Arrayify") -> #2
U ("U") -> #23
TP1 ("TP1") -> #2
T ("T") -> #24
Partial ("Partial") -> #1
T ("T") -> #24
TP2 ("TP2") -> #2
T ("T") -> #25
Partial ("Partial") -> #1
T ("T") -> #25
fm1 ("fm1") -> #2
t ("t") -> #26
Arrayify ("Arrayify") -> #2
T ("T") -> #26
T ("T") -> #26
T ("T") -> #26
tm1 ("tm1") -> #2
fm1 ("fm1") -> #2
fx1 ("fx1") -> #2
a ("a") -> #27
args ("args") -> #27
T ("T") -> #27
T ("T") -> #27
T ("T") -> #27
gx1 ("gx1") -> #2
u ("u") -> #28
U ("U") -> #28
v ("v") -> #28
V ("V") -> #28
fx1 ("fx1") -> #2
fx1 ("fx1") -> #2
u ("u") -> #28
fx1 ("fx1") -> #2
v ("v") -> #28
fx1 ("fx1") -> #2
u ("u") -> #28
U ("U") -> #28
fx1 ("fx1") -> #2
v ("v") -> #28
V ("V") -> #28
U ("U") -> #28
V ("V") -> #28
fx2 ("fx2") -> #2
a ("a") -> #29
args ("args") -> #29
T ("T") -> #29
T ("T") -> #29
T ("T") -> #29
gx2 ("gx2") -> #2
u ("u") -> #30
U ("U") -> #30
v ("v") -> #30
V ("V") -> #30
fx2 ("fx2") -> #2
fx2 ("fx2") -> #2
u ("u") -> #30
fx2 ("fx2") -> #2
v ("v") -> #30
fx2 ("fx2") -> #2
u ("u") -> #30
U ("U") -> #30
fx2 ("fx2") -> #2
v ("v") -> #30
V ("V") -> #30
U ("U") -> #30
V ("V") -> #30
f10 ("f10") -> #2
x ("x") -> #31
y ("y") -> #31
T ("T") -> #31
z ("z") -> #31
U ("U") -> #31
x ("x") -> #31
y ("y") -> #31
x ("x") -> #31
z ("z") -> #31
y ("y") -> #31
x ("x") -> #31
y ("y") -> #31
z ("z") -> #31
z ("z") -> #31
x ("x") -> #31
z ("z") -> #31
y ("y") -> #31
T ("T") -> #31
U ("U") -> #31
T ("T") -> #31
f11 ("f11") -> #2
t ("t") -> #32
T ("T") -> #32
m ("m") -> #32
T ("T") -> #32
r ("r") -> #32
T ("T") -> #32
t ("t") -> #32
m ("m") -> #32
t ("t") -> #32
r ("r") -> #32
m ("m") -> #32
t ("t") -> #32
m ("m") -> #32
r ("r") -> #32
r ("r") -> #32
t ("t") -> #32
r ("r") -> #32
m ("m") -> #32
T ("T") -> #32
f12 ("f12") -> #2
t ("t") -> #33
T ("T") -> #33
m ("m") -> #33
T ("T") -> #33
r ("r") -> #33
T ("T") -> #33
t ("t") -> #33
m ("m") -> #33
t ("t") -> #33
r ("r") -> #33
m ("m") -> #33
t ("t") -> #33
m ("m") -> #33
r ("r") -> #33
r ("r") -> #33
t ("t") -> #33
r ("r") -> #33
m ("m") -> #33
T ("T") -> #33
f13 ("f13") -> #2
t0 ("t0") -> #34
T ("T") -> #34
t1 ("t1") -> #34
T ("T") -> #34
t2 ("t2") -> #34
U ("U") -> #34
t0 ("t0") -> #34
t1 ("t1") -> #34
t0 ("t0") -> #34
t2 ("t2") -> #34
t1 ("t1") -> #34
t0 ("t0") -> #34
t1 ("t1") -> #34
t2 ("t2") -> #34
t2 ("t2") -> #34
t0 ("t0") -> #34
t2 ("t2") -> #34
t1 ("t1") -> #34
T ("T") -> #34
U ("U") -> #34
T ("T") -> #34
f14 ("f14") -> #2
t0 ("t0") -> #35
T ("T") -> #35
t1 ("t1") -> #35
T ("T") -> #35
t2 ("t2") -> #35
U ("U") -> #35
t0 ("t0") -> #35
t1 ("t1") -> #35
t0 ("t0") -> #35
t2 ("t2") -> #35
t1 ("t1") -> #35
t0 ("t0") -> #35
t1 ("t1") -> #35
t2 ("t2") -> #35
t2 ("t2") -> #35
t0 ("t0") -> #35
t2 ("t2") -> #35
t1 ("t1") -> #35
T ("T") -> #35
U ("U") -> #35
T ("T") -> #35
f15 ("f15") -> #2
k0 ("k0") -> #36
T ("T") -> #36
k1 ("k1") -> #36
T ("T") -> #36
k2 ("k2") -> #36
U ("U") -> #36
k3 ("k3") -> #36
T ("T") -> #36
k0 ("k0") -> #36
k1 ("k1") -> #36
k2 ("k2") -> #36
k0 ("k0") -> #36
k1 ("k1") -> #36
k2 ("k2") -> #36
k3 ("k3") -> #36
k3 ("k3") -> #36
k3 ("k3") -> #36
T ("T") -> #36
U ("U") -> #36
T ("T") -> #36
ft16 ("ft16") -> #2
x ("x") -> #37
y ("y") -> #37
T ("T") -> #37
T ("T") -> #37
x ("x") -> #37
y ("y") -> #37
T ("T") -> #37
ft17 ("ft17") -> #2
x ("x") -> #38
y ("y") -> #38
T ("T") -> #38
T ("T") -> #38
x ("x") -> #38
y ("y") -> #38
T ("T") -> #38
ft18 ("ft18") -> #2
x ("x") -> #39
y ("y") -> #39
T ("T") -> #39
T ("T") -> #39
x ("x") -> #39
y ("y") -> #39
T ("T") -> #39
First ("First") -> #2
T ("T") -> #40
T ("T") -> #40
T ("T") -> #40
T ("T") -> #40
DropFirst ("DropFirst") -> #2
T ("T") -> #41
T ("T") -> #41
U ("U") -> #1
U ("U") -> #1
T ("T") -> #41
Last ("Last") -> #2
T ("T") -> #42
T ("T") -> #42
U ("U") -> #1
U ("U") -> #1
T ("T") -> #42
T ("T") -> #42
T ("T") -> #42
DropLast ("DropLast") -> #2
T ("T") -> #43
T ("T") -> #43
U ("U") -> #1
U ("U") -> #1
T ("T") -> #43
T00 ("T00") -> #2
First ("First") -> #2
T01 ("T01") -> #2
First ("First") -> #2
T02 ("T02") -> #2
First ("First") -> #2
T03 ("T03") -> #2
First ("First") -> #2
T04 ("T04") -> #2
First ("First") -> #2
T05 ("T05") -> #2
First ("First") -> #2
T06 ("T06") -> #2
First ("First") -> #2
T07 ("T07") -> #2
First ("First") -> #2
T08 ("T08") -> #2
First ("First") -> #2
T09 ("T09") -> #2
First ("First") -> #2
T10 ("T10") -> #2
DropFirst ("DropFirst") -> #2
T11 ("T11") -> #2
DropFirst ("DropFirst") -> #2
T12 ("T12") -> #2
DropFirst ("DropFirst") -> #2
T13 ("T13") -> #2
DropFirst ("DropFirst") -> #2
T14 ("T14") -> #2
DropFirst ("DropFirst") -> #2
T15 ("T15") -> #2
DropFirst ("DropFirst") -> #2
T16 ("T16") -> #2
DropFirst ("DropFirst") -> #2
T17 ("T17") -> #2
DropFirst ("DropFirst") -> #2
T18 ("T18") -> #2
DropFirst ("DropFirst") -> #2
T19 ("T19") -> #2
DropFirst ("DropFirst") -> #2
T20 ("T20") -> #2
Last ("Last") -> #2
T21 ("T21") -> #2
Last ("Last") -> #2
T22 ("T22") -> #2
Last ("Last") -> #2
T23 ("T23") -> #2
Last ("Last") -> #2
T24 ("T24") -> #2
Last ("Last") -> #2
T25 ("T25") -> #2
Last ("Last") -> #2
T26 ("T26") -> #2
Last ("Last") -> #2
T27 ("T27") -> #2
Last ("Last") -> #2
T28 ("T28") -> #2
Last ("Last") -> #2
T29 ("T29") -> #2
Last ("Last") -> #2
T30 ("T30") -> #2
DropLast ("DropLast") -> #2
T31 ("T31") -> #2
DropLast ("DropLast") -> #2
T32 ("T32") -> #2
DropLast ("DropLast") -> #2
T33 ("T33") -> #2
DropLast ("DropLast") -> #2
T34 ("T34") -> #2
DropLast ("DropLast") -> #2
T35 ("T35") -> #2
DropLast ("DropLast") -> #2
T36 ("T36") -> #2
DropLast ("DropLast") -> #2
T37 ("T37") -> #2
DropLast ("DropLast") -> #2
T38 ("T38") -> #2
DropLast ("DropLast") -> #2
T39 ("T39") -> #2
DropLast ("DropLast") -> #2
R00 ("R00") -> #2
First ("First") -> #2
R01 ("R01") -> #2
First ("First") -> #2
R02 ("R02") -> #2
First ("First") -> #2
R03 ("R03") -> #2
First ("First") -> #2
R04 ("R04") -> #2
First ("First") -> #2
R05 ("R05") -> #2
First ("First") -> #2
R06 ("R06") -> #2
First ("First") -> #2
R10 ("R10") -> #2
DropFirst ("DropFirst") -> #2
R11 ("R11") -> #2
DropFirst ("DropFirst") -> #2
R12 ("R12") -> #2
DropFirst ("DropFirst") -> #2
R13 ("R13") -> #2
DropFirst ("DropFirst") -> #2
R14 ("R14") -> #2
DropFirst ("DropFirst") -> #2
R15 ("R15") -> #2
DropFirst ("DropFirst") -> #2
R16 ("R16") -> #2
DropFirst ("DropFirst") -> #2
R20 ("R20") -> #2
Last ("Last") -> #2
R21 ("R21") -> #2
Last ("Last") -> #2
R22 ("R22") -> #2
Last ("Last") -> #2
R23 ("R23") -> #2
Last ("Last") -> #2
R24 ("R24") -> #2
Last ("Last") -> #2
R25 ("R25") -> #2
Last ("Last") -> #2
R26 ("R26") -> #2
Last ("Last") -> #2
R30 ("R30") -> #2
DropLast ("DropLast") -> #2
R31 ("R31") -> #2
DropLast ("DropLast") -> #2
R32 ("R32") -> #2
DropLast ("DropLast") -> #2
R33 ("R33") -> #2
DropLast ("DropLast") -> #2
R34 ("R34") -> #2
DropLast ("DropLast") -> #2
R35 ("R35") -> #2
DropLast ("DropLast") -> #2
R36 ("R36") -> #2
DropLast ("DropLast") -> #2
curry ("curry") -> #2
f ("f") -> #44
args ("args") -> #1
T ("T") -> #44
U ("U") -> #44
R ("R") -> #44
a ("a") -> #44
T ("T") -> #44
b ("b") -> #45
U ("U") -> #44
f ("f") -> #44
a ("a") -> #44
b ("b") -> #45
T ("T") -> #44
U ("U") -> #44
R ("R") -> #44
fn1 ("fn1") -> #2
a ("a") -> #46
b ("b") -> #46
c ("c") -> #46
d ("d") -> #46
c0 ("c0") -> #2
curry ("curry") -> #2
fn1 ("fn1") -> #2
c1 ("c1") -> #2
curry ("curry") -> #2
fn1 ("fn1") -> #2
c2 ("c2") -> #2
curry ("curry") -> #2
fn1 ("fn1") -> #2
c3 ("c3") -> #2
curry ("curry") -> #2
fn1 ("fn1") -> #2
c4 ("c4") -> #2
curry ("curry") -> #2
fn1 ("fn1") -> #2
fn2 ("fn2") -> #2
x ("x") -> #47
b ("b") -> #47
args ("args") -> #47
c10 ("c10") -> #2
curry ("curry") -> #2
fn2 ("fn2") -> #2
c11 ("c11") -> #2
curry ("curry") -> #2
fn2 ("fn2") -> #2
c12 ("c12") -> #2
curry ("curry") -> #2
fn2 ("fn2") -> #2
c13 ("c13") -> #2
curry ("curry") -> #2
fn2 ("fn2") -> #2
fn3 ("fn3") -> #2
args ("args") -> #48
c20 ("c20") -> #2
curry ("curry") -> #2
fn3 ("fn3") -> #2
c21 ("c21") -> #2
curry ("curry") -> #2
fn3 ("fn3") -> #2
c22 ("c22") -> #2
curry ("curry") -> #2
fn3 ("fn3") -> #2
sa ("sa") -> #2
curry2 ("curry2") -> #2
f ("f") -> #49
args ("args") -> #1
T ("T") -> #49
U ("U") -> #49
R ("R") -> #49
t ("t") -> #49
T ("T") -> #49
u ("u") -> #49
U ("U") -> #49
f ("f") -> #49
t ("t") -> #49
u ("u") -> #49
T ("T") -> #49
U ("U") -> #49
R ("R") -> #49
fn10 ("fn10") -> #2
a ("a") -> #50
b ("b") -> #50
c ("c") -> #50
curry2 ("curry2") -> #2
fn10 ("fn10") -> #2
curry2 ("curry2") -> #2
fn10 ("fn10") -> #2
ft ("ft") -> #2
t1 ("t1") -> #51
T ("T") -> #51
t2 ("t2") -> #51
T ("T") -> #51
T ("T") -> #51
T ("T") -> #51
ft ("ft") -> #2
ft ("ft") -> #2
ft ("ft") -> #2
ft ("ft") -> #2
call ("call") -> #2
args ("args") -> #52
T ("T") -> #52
args ("args") -> #52
T ("T") -> #52
R ("R") -> #52
T ("T") -> #52
R ("R") -> #52
T ("T") -> #52
R ("R") -> #52
call ("call") -> #2
a ("a") -> #53
b ("b") -> #53
call ("call") -> #2
sa ("sa") -> #2
x ("x") -> #54
f20 ("f20") -> #2
args ("args") -> #55
T ("T") -> #55
T ("T") -> #55
T ("T") -> #55
f21 ("f21") -> #2
args ("args") -> #56
U ("U") -> #56
v1 ("v1") -> #56
f20 ("f20") -> #2
args ("args") -> #56
v2 ("v2") -> #56
f20 ("f20") -> #2
v3 ("v3") -> #56
f20 ("f20") -> #2
U ("U") -> #56
f22 ("f22") -> #2
args ("args") -> #57
T ("T") -> #57
T ("T") -> #57
T ("T") -> #57
f22 ("f22") -> #2
args ("args") -> #58
T ("T") -> #58
T ("T") -> #58
T ("T") -> #58
f23 ("f23") -> #2
args ("args") -> #59
U ("U") -> #59
v1 ("v1") -> #59
f22 ("f22") -> #2
args ("args") -> #59
v2 ("v2") -> #59
f22 ("f22") -> #2
v3 ("v3") -> #59
f22 ("f22") -> #2
U ("U") -> #59
Desc ("Desc") -> #2
A ("A") -> #60
T ("T") -> #60
f ("f") -> #0
args ("args") -> #1
A ("A") -> #60
T ("T") -> #60
bind ("bind") -> #0
this ("this") -> #61
Desc ("Desc") -> #2
T ("T") -> #61
U ("U") -> #61
R ("R") -> #61
args ("args") -> #61
T ("T") -> #61
Desc ("Desc") -> #2
U ("U") -> #61
R ("R") -> #61
T ("T") -> #61
U ("U") -> #61
R ("R") -> #61
a ("a") -> #2
Desc ("Desc") -> #2
b ("b") -> #2
a ("a") -> #2
getUser ("getUser") -> #2
id ("id") -> #62
options ("options") -> #62
x ("x") -> #0
getOrgUser ("getOrgUser") -> #2
id ("id") -> #63
orgId ("orgId") -> #63
options ("options") -> #63
y ("y") -> #0
z ("z") -> #0
callApi ("callApi") -> #2
method ("method") -> #64
args ("args") -> #1
T ("T") -> #64
U ("U") -> #64
args ("args") -> #65
T ("T") -> #64
method ("method") -> #64
args ("args") -> #65
T ("T") -> #64
U ("U") -> #64
callApi ("callApi") -> #2
getUser ("getUser") -> #2
callApi ("callApi") -> #2
getOrgUser ("getOrgUser") -> #2
Numbers ("Numbers") -> #2
Unbounded ("Unbounded") -> #2
Numbers ("Numbers") -> #2
data ("data") -> #2
Unbounded ("Unbounded") -> #2
U1 ("U1") -> #2
Numbers ("Numbers") -> #2
U2 ("U2") -> #2
Numbers ("Numbers") -> #2
U3 ("U3") -> #2
ToStringLength1 ("ToStringLength1") -> #2
T ("T") -> #66
T ("T") -> #66
ToStringLength2 ("ToStringLength2") -> #2
T ("T") -> #67
T ("T") -> #67
AnyArr ("AnyArr") -> #2
