Top level: ScopeId(2)
Unresolved: ScopeId(1)
global ("global") -> ScopeId(3)
factory ("factory") -> ScopeId(3)
exports ("exports") -> ScopeId(1)
module ("module") -> ScopeId(1)
factory ("factory") -> ScopeId(3)
exports ("exports") -> ScopeId(1)
define ("define") -> ScopeId(1)
define ("define") -> ScopeId(1)
define ("define") -> ScopeId(1)
factory ("factory") -> ScopeId(3)
global ("global") -> ScopeId(3)
globalThis ("globalThis") -> ScopeId(1)
globalThis ("globalThis") -> ScopeId(1)
global ("global") -> ScopeId(3)
self ("self") -> ScopeId(1)
factory ("factory") -> ScopeId(3)
global ("global") -> ScopeId(3)
exports ("exports") -> ScopeId(5)
isGlobalObj ("isGlobalObj") -> ScopeId(5)
obj ("obj") -> ScopeId(6)
obj ("obj") -> ScopeId(6)
obj ("obj") -> ScopeId(6)
Math ("Math") -> ScopeId(1)
obj ("obj") -> ScopeId(6)
undefined ("undefined") -> ScopeId(1)
GLOBAL_OBJ ("GLOBAL_OBJ") -> ScopeId(5)
globalThis ("globalThis") -> ScopeId(1)
isGlobalObj ("isGlobalObj") -> ScopeId(5)
globalThis ("globalThis") -> ScopeId(1)
isGlobalObj ("isGlobalObj") -> ScopeId(5)
globalThis ("globalThis") -> ScopeId(1)
self ("self") -> ScopeId(1)
isGlobalObj ("isGlobalObj") -> ScopeId(5)
self ("self") -> ScopeId(1)
global ("global") -> ScopeId(1)
isGlobalObj ("isGlobalObj") -> ScopeId(5)
global ("global") -> ScopeId(1)
getGlobalObject ("getGlobalObject") -> ScopeId(5)
GLOBAL_OBJ ("GLOBAL_OBJ") -> ScopeId(5)
WINDOW$6 ("WINDOW$6") -> ScopeId(5)
getGlobalObject ("getGlobalObject") -> ScopeId(5)
supportsFetch ("supportsFetch") -> ScopeId(5)
WINDOW$6 ("WINDOW$6") -> ScopeId(5)
console ("console") -> ScopeId(1)
supportsFetch ("supportsFetch") -> ScopeId(5)
