Top level: #2
Unresolved: #1
Argument ("Argument") -> #3
idlType ("idlType") -> #0
default ("default") -> #0
Base ("Base") -> #2
json ("json") -> #5
undefined ("undefined") -> #1
undefined ("undefined") -> #1
undefined ("undefined") -> #1
json ("json") -> #5
Base ("Base") -> #2
Argument ("Argument") -> #2
tokeniser ("tokeniser") -> #6
defs ("defs") -> #8
Base ("Base") -> #2
