Top level: ScopeId(2)
Unresolved: ScopeId(1)
$DONOTEVALUATE ("$DONOTEVALUATE") -> ScopeId(1)
__str ("__str") -> ScopeId(1)
outer ("outer") -> ScopeId(4294967295)
index ("index") -> ScopeId(2)
index ("index") -> ScopeId(2)
index ("index") -> ScopeId(2)
nested ("nested") -> ScopeId(4294967295)
index_n ("index_n") -> ScopeId(2)
index_n ("index_n") -> ScopeId(2)
index ("index") -> ScopeId(2)
index_n ("index_n") -> ScopeId(2)
index ("index") -> ScopeId(2)
index_n ("index_n") -> ScopeId(2)
nonexist ("nonexist") -> ScopeId(4294967295)
__str ("__str") -> ScopeId(1)
index ("index") -> ScopeId(2)
index_n ("index_n") -> ScopeId(2)
