Top level: #2
Unresolved: #1
E ("E") -> #2
a ("a") -> #0
b ("b") -> #0
c ("c") -> #0
a ("a") -> #2
b ("b") -> #2
c ("c") -> #2
d ("d") -> #2
e ("e") -> #2
a ("a") -> #0
f ("f") -> #2
Number ("Number") -> #1
r1a1 ("r1a1") -> #2
a ("a") -> #2
a ("a") -> #2
r1a2 ("r1a2") -> #2
a ("a") -> #2
b ("b") -> #2
r1a3 ("r1a3") -> #2
a ("a") -> #2
c ("c") -> #2
r1a4 ("r1a4") -> #2
a ("a") -> #2
d ("d") -> #2
r1a5 ("r1a5") -> #2
a ("a") -> #2
e ("e") -> #2
r1a6 ("r1a6") -> #2
a ("a") -> #2
f ("f") -> #2
r1b1 ("r1b1") -> #2
b ("b") -> #2
a ("a") -> #2
r1b2 ("r1b2") -> #2
b ("b") -> #2
b ("b") -> #2
r1b3 ("r1b3") -> #2
b ("b") -> #2
c ("c") -> #2
r1b4 ("r1b4") -> #2
b ("b") -> #2
d ("d") -> #2
r1b5 ("r1b5") -> #2
b ("b") -> #2
e ("e") -> #2
r1b6 ("r1b6") -> #2
b ("b") -> #2
f ("f") -> #2
r1c1 ("r1c1") -> #2
c ("c") -> #2
a ("a") -> #2
r1c2 ("r1c2") -> #2
c ("c") -> #2
b ("b") -> #2
r1c3 ("r1c3") -> #2
c ("c") -> #2
c ("c") -> #2
r1c4 ("r1c4") -> #2
c ("c") -> #2
d ("d") -> #2
r1c5 ("r1c5") -> #2
c ("c") -> #2
e ("e") -> #2
r1c6 ("r1c6") -> #2
c ("c") -> #2
f ("f") -> #2
r1d1 ("r1d1") -> #2
d ("d") -> #2
a ("a") -> #2
r1d2 ("r1d2") -> #2
d ("d") -> #2
b ("b") -> #2
r1d3 ("r1d3") -> #2
d ("d") -> #2
c ("c") -> #2
r1d4 ("r1d4") -> #2
d ("d") -> #2
d ("d") -> #2
r1d5 ("r1d5") -> #2
d ("d") -> #2
e ("e") -> #2
r1d6 ("r1d6") -> #2
d ("d") -> #2
f ("f") -> #2
r1e1 ("r1e1") -> #2
e ("e") -> #2
a ("a") -> #2
r1e2 ("r1e2") -> #2
e ("e") -> #2
b ("b") -> #2
r1e3 ("r1e3") -> #2
e ("e") -> #2
c ("c") -> #2
r1e4 ("r1e4") -> #2
e ("e") -> #2
d ("d") -> #2
r1e5 ("r1e5") -> #2
e ("e") -> #2
e ("e") -> #2
r1e6 ("r1e6") -> #2
e ("e") -> #2
f ("f") -> #2
r1f1 ("r1f1") -> #2
f ("f") -> #2
a ("a") -> #2
r1f2 ("r1f2") -> #2
f ("f") -> #2
b ("b") -> #2
r1f3 ("r1f3") -> #2
f ("f") -> #2
c ("c") -> #2
r1f4 ("r1f4") -> #2
f ("f") -> #2
d ("d") -> #2
r1f5 ("r1f5") -> #2
f ("f") -> #2
e ("e") -> #2
r1f6 ("r1f6") -> #2
f ("f") -> #2
f ("f") -> #2
r1g1 ("r1g1") -> #2
E ("E") -> #2
a ("a") -> #2
r1g2 ("r1g2") -> #2
E ("E") -> #2
b ("b") -> #2
r1g3 ("r1g3") -> #2
E ("E") -> #2
c ("c") -> #2
r1g4 ("r1g4") -> #2
E ("E") -> #2
d ("d") -> #2
r1g5 ("r1g5") -> #2
E ("E") -> #2
e ("e") -> #2
r1g6 ("r1g6") -> #2
E ("E") -> #2
f ("f") -> #2
r1h1 ("r1h1") -> #2
a ("a") -> #2
E ("E") -> #2
r1h2 ("r1h2") -> #2
b ("b") -> #2
E ("E") -> #2
r1h3 ("r1h3") -> #2
c ("c") -> #2
E ("E") -> #2
r1h4 ("r1h4") -> #2
d ("d") -> #2
E ("E") -> #2
r1h5 ("r1h5") -> #2
e ("e") -> #2
E ("E") -> #2
r1h6 ("r1h6") -> #2
f ("f") -> #2
E ("E") -> #2
r2a1 ("r2a1") -> #2
a ("a") -> #2
a ("a") -> #2
r2a2 ("r2a2") -> #2
a ("a") -> #2
b ("b") -> #2
r2a3 ("r2a3") -> #2
a ("a") -> #2
c ("c") -> #2
r2a4 ("r2a4") -> #2
a ("a") -> #2
d ("d") -> #2
r2a5 ("r2a5") -> #2
a ("a") -> #2
e ("e") -> #2
r2a6 ("r2a6") -> #2
a ("a") -> #2
f ("f") -> #2
r2b1 ("r2b1") -> #2
b ("b") -> #2
a ("a") -> #2
r2b2 ("r2b2") -> #2
b ("b") -> #2
b ("b") -> #2
r2b3 ("r2b3") -> #2
b ("b") -> #2
c ("c") -> #2
r2b4 ("r2b4") -> #2
b ("b") -> #2
d ("d") -> #2
r2b5 ("r2b5") -> #2
b ("b") -> #2
e ("e") -> #2
r2b6 ("r2b6") -> #2
b ("b") -> #2
f ("f") -> #2
r2c1 ("r2c1") -> #2
c ("c") -> #2
a ("a") -> #2
r2c2 ("r2c2") -> #2
c ("c") -> #2
b ("b") -> #2
r2c3 ("r2c3") -> #2
c ("c") -> #2
c ("c") -> #2
r2c4 ("r2c4") -> #2
c ("c") -> #2
d ("d") -> #2
r2c5 ("r2c5") -> #2
c ("c") -> #2
e ("e") -> #2
r2c6 ("r2c6") -> #2
c ("c") -> #2
f ("f") -> #2
r2d1 ("r2d1") -> #2
d ("d") -> #2
a ("a") -> #2
r2d2 ("r2d2") -> #2
d ("d") -> #2
b ("b") -> #2
r2d3 ("r2d3") -> #2
d ("d") -> #2
c ("c") -> #2
r2d4 ("r2d4") -> #2
d ("d") -> #2
d ("d") -> #2
r2d5 ("r2d5") -> #2
d ("d") -> #2
e ("e") -> #2
r2d6 ("r2d6") -> #2
d ("d") -> #2
f ("f") -> #2
r2e1 ("r2e1") -> #2
e ("e") -> #2
a ("a") -> #2
r2e2 ("r2e2") -> #2
e ("e") -> #2
b ("b") -> #2
r2e3 ("r2e3") -> #2
e ("e") -> #2
c ("c") -> #2
r2e4 ("r2e4") -> #2
e ("e") -> #2
d ("d") -> #2
r2e5 ("r2e5") -> #2
e ("e") -> #2
e ("e") -> #2
r2e6 ("r2e6") -> #2
e ("e") -> #2
f ("f") -> #2
r2f1 ("r2f1") -> #2
f ("f") -> #2
a ("a") -> #2
r2f2 ("r2f2") -> #2
f ("f") -> #2
b ("b") -> #2
r2f3 ("r2f3") -> #2
f ("f") -> #2
c ("c") -> #2
r2f4 ("r2f4") -> #2
f ("f") -> #2
d ("d") -> #2
r2f5 ("r2f5") -> #2
f ("f") -> #2
e ("e") -> #2
r2f6 ("r2f6") -> #2
f ("f") -> #2
f ("f") -> #2
r2g1 ("r2g1") -> #2
E ("E") -> #2
a ("a") -> #2
r2g2 ("r2g2") -> #2
E ("E") -> #2
b ("b") -> #2
r2g3 ("r2g3") -> #2
E ("E") -> #2
c ("c") -> #2
r2g4 ("r2g4") -> #2
E ("E") -> #2
d ("d") -> #2
r2g5 ("r2g5") -> #2
E ("E") -> #2
e ("e") -> #2
r2g6 ("r2g6") -> #2
E ("E") -> #2
f ("f") -> #2
r2h1 ("r2h1") -> #2
a ("a") -> #2
E ("E") -> #2
r2h2 ("r2h2") -> #2
b ("b") -> #2
E ("E") -> #2
r2h3 ("r2h3") -> #2
c ("c") -> #2
E ("E") -> #2
r2h4 ("r2h4") -> #2
d ("d") -> #2
E ("E") -> #2
r2h5 ("r2h5") -> #2
e ("e") -> #2
E ("E") -> #2
r2h6 ("r2h6") -> #2
f ("f") -> #2
E ("E") -> #2
r3a1 ("r3a1") -> #2
a ("a") -> #2
a ("a") -> #2
r3a2 ("r3a2") -> #2
a ("a") -> #2
b ("b") -> #2
r3a3 ("r3a3") -> #2
a ("a") -> #2
c ("c") -> #2
r3a4 ("r3a4") -> #2
a ("a") -> #2
d ("d") -> #2
r3a5 ("r3a5") -> #2
a ("a") -> #2
e ("e") -> #2
r3a6 ("r3a6") -> #2
a ("a") -> #2
f ("f") -> #2
r3b1 ("r3b1") -> #2
b ("b") -> #2
a ("a") -> #2
r3b2 ("r3b2") -> #2
b ("b") -> #2
b ("b") -> #2
r3b3 ("r3b3") -> #2
b ("b") -> #2
c ("c") -> #2
r3b4 ("r3b4") -> #2
b ("b") -> #2
d ("d") -> #2
r3b5 ("r3b5") -> #2
b ("b") -> #2
e ("e") -> #2
r3b6 ("r3b6") -> #2
b ("b") -> #2
f ("f") -> #2
r3c1 ("r3c1") -> #2
c ("c") -> #2
a ("a") -> #2
r3c2 ("r3c2") -> #2
c ("c") -> #2
b ("b") -> #2
r3c3 ("r3c3") -> #2
c ("c") -> #2
c ("c") -> #2
r3c4 ("r3c4") -> #2
c ("c") -> #2
d ("d") -> #2
r3c5 ("r3c5") -> #2
c ("c") -> #2
e ("e") -> #2
r3c6 ("r3c6") -> #2
c ("c") -> #2
f ("f") -> #2
r3d1 ("r3d1") -> #2
d ("d") -> #2
a ("a") -> #2
r3d2 ("r3d2") -> #2
d ("d") -> #2
b ("b") -> #2
r3d3 ("r3d3") -> #2
d ("d") -> #2
c ("c") -> #2
r3d4 ("r3d4") -> #2
d ("d") -> #2
d ("d") -> #2
r3d5 ("r3d5") -> #2
d ("d") -> #2
e ("e") -> #2
r3d6 ("r3d6") -> #2
d ("d") -> #2
f ("f") -> #2
r3e1 ("r3e1") -> #2
e ("e") -> #2
a ("a") -> #2
r3e2 ("r3e2") -> #2
e ("e") -> #2
b ("b") -> #2
r3e3 ("r3e3") -> #2
e ("e") -> #2
c ("c") -> #2
r3e4 ("r3e4") -> #2
e ("e") -> #2
d ("d") -> #2
r3e5 ("r3e5") -> #2
e ("e") -> #2
e ("e") -> #2
r3e6 ("r3e6") -> #2
e ("e") -> #2
f ("f") -> #2
r3f1 ("r3f1") -> #2
f ("f") -> #2
a ("a") -> #2
r3f2 ("r3f2") -> #2
f ("f") -> #2
b ("b") -> #2
r3f3 ("r3f3") -> #2
f ("f") -> #2
c ("c") -> #2
r3f4 ("r3f4") -> #2
f ("f") -> #2
d ("d") -> #2
r3f5 ("r3f5") -> #2
f ("f") -> #2
e ("e") -> #2
r3f6 ("r3f6") -> #2
f ("f") -> #2
f ("f") -> #2
r3g1 ("r3g1") -> #2
E ("E") -> #2
a ("a") -> #2
r3g2 ("r3g2") -> #2
E ("E") -> #2
b ("b") -> #2
r3g3 ("r3g3") -> #2
E ("E") -> #2
c ("c") -> #2
r3g4 ("r3g4") -> #2
E ("E") -> #2
d ("d") -> #2
r3g5 ("r3g5") -> #2
E ("E") -> #2
e ("e") -> #2
r3g6 ("r3g6") -> #2
E ("E") -> #2
f ("f") -> #2
r3h1 ("r3h1") -> #2
a ("a") -> #2
E ("E") -> #2
r3h2 ("r3h2") -> #2
b ("b") -> #2
E ("E") -> #2
r3h3 ("r3h3") -> #2
c ("c") -> #2
E ("E") -> #2
r3h4 ("r3h4") -> #2
d ("d") -> #2
E ("E") -> #2
r3h5 ("r3h5") -> #2
e ("e") -> #2
E ("E") -> #2
r3h6 ("r3h6") -> #2
f ("f") -> #2
E ("E") -> #2
r4a1 ("r4a1") -> #2
a ("a") -> #2
a ("a") -> #2
r4a2 ("r4a2") -> #2
a ("a") -> #2
b ("b") -> #2
r4a3 ("r4a3") -> #2
a ("a") -> #2
c ("c") -> #2
r4a4 ("r4a4") -> #2
a ("a") -> #2
d ("d") -> #2
r4a5 ("r4a5") -> #2
a ("a") -> #2
e ("e") -> #2
r4a6 ("r4a6") -> #2
a ("a") -> #2
f ("f") -> #2
r4b1 ("r4b1") -> #2
b ("b") -> #2
a ("a") -> #2
r4b2 ("r4b2") -> #2
b ("b") -> #2
b ("b") -> #2
r4b3 ("r4b3") -> #2
b ("b") -> #2
c ("c") -> #2
r4b4 ("r4b4") -> #2
b ("b") -> #2
d ("d") -> #2
r4b5 ("r4b5") -> #2
b ("b") -> #2
e ("e") -> #2
r4b6 ("r4b6") -> #2
b ("b") -> #2
f ("f") -> #2
r4c1 ("r4c1") -> #2
c ("c") -> #2
a ("a") -> #2
r4c2 ("r4c2") -> #2
c ("c") -> #2
b ("b") -> #2
r4c3 ("r4c3") -> #2
c ("c") -> #2
c ("c") -> #2
r4c4 ("r4c4") -> #2
c ("c") -> #2
d ("d") -> #2
r4c5 ("r4c5") -> #2
c ("c") -> #2
e ("e") -> #2
r4c6 ("r4c6") -> #2
c ("c") -> #2
f ("f") -> #2
r4d1 ("r4d1") -> #2
d ("d") -> #2
a ("a") -> #2
r4d2 ("r4d2") -> #2
d ("d") -> #2
b ("b") -> #2
r4d3 ("r4d3") -> #2
d ("d") -> #2
c ("c") -> #2
r4d4 ("r4d4") -> #2
d ("d") -> #2
d ("d") -> #2
r4d5 ("r4d5") -> #2
d ("d") -> #2
e ("e") -> #2
r4d6 ("r4d6") -> #2
d ("d") -> #2
f ("f") -> #2
r4e1 ("r4e1") -> #2
e ("e") -> #2
a ("a") -> #2
r4e2 ("r4e2") -> #2
e ("e") -> #2
b ("b") -> #2
r4e3 ("r4e3") -> #2
e ("e") -> #2
c ("c") -> #2
r4e4 ("r4e4") -> #2
e ("e") -> #2
d ("d") -> #2
r4e5 ("r4e5") -> #2
e ("e") -> #2
e ("e") -> #2
r4e6 ("r4e6") -> #2
e ("e") -> #2
f ("f") -> #2
r4f1 ("r4f1") -> #2
f ("f") -> #2
a ("a") -> #2
r4f2 ("r4f2") -> #2
f ("f") -> #2
b ("b") -> #2
r4f3 ("r4f3") -> #2
f ("f") -> #2
c ("c") -> #2
r4f4 ("r4f4") -> #2
f ("f") -> #2
d ("d") -> #2
r4f5 ("r4f5") -> #2
f ("f") -> #2
e ("e") -> #2
r4f6 ("r4f6") -> #2
f ("f") -> #2
f ("f") -> #2
r4g1 ("r4g1") -> #2
E ("E") -> #2
a ("a") -> #2
r4g2 ("r4g2") -> #2
E ("E") -> #2
b ("b") -> #2
r4g3 ("r4g3") -> #2
E ("E") -> #2
c ("c") -> #2
r4g4 ("r4g4") -> #2
E ("E") -> #2
d ("d") -> #2
r4g5 ("r4g5") -> #2
E ("E") -> #2
e ("e") -> #2
r4g6 ("r4g6") -> #2
E ("E") -> #2
f ("f") -> #2
r4h1 ("r4h1") -> #2
a ("a") -> #2
E ("E") -> #2
r4h2 ("r4h2") -> #2
b ("b") -> #2
E ("E") -> #2
r4h3 ("r4h3") -> #2
c ("c") -> #2
E ("E") -> #2
r4h4 ("r4h4") -> #2
d ("d") -> #2
E ("E") -> #2
r4h5 ("r4h5") -> #2
e ("e") -> #2
E ("E") -> #2
r4h6 ("r4h6") -> #2
f ("f") -> #2
E ("E") -> #2
r5a1 ("r5a1") -> #2
a ("a") -> #2
a ("a") -> #2
r5a2 ("r5a2") -> #2
a ("a") -> #2
b ("b") -> #2
r5a3 ("r5a3") -> #2
a ("a") -> #2
c ("c") -> #2
r5a4 ("r5a4") -> #2
a ("a") -> #2
d ("d") -> #2
r5a5 ("r5a5") -> #2
a ("a") -> #2
e ("e") -> #2
r5a6 ("r5a6") -> #2
a ("a") -> #2
f ("f") -> #2
r5b1 ("r5b1") -> #2
b ("b") -> #2
a ("a") -> #2
r5b2 ("r5b2") -> #2
b ("b") -> #2
b ("b") -> #2
r5b3 ("r5b3") -> #2
b ("b") -> #2
c ("c") -> #2
r5b4 ("r5b4") -> #2
b ("b") -> #2
d ("d") -> #2
r5b5 ("r5b5") -> #2
b ("b") -> #2
e ("e") -> #2
r5b6 ("r5b6") -> #2
b ("b") -> #2
f ("f") -> #2
r5c1 ("r5c1") -> #2
c ("c") -> #2
a ("a") -> #2
r5c2 ("r5c2") -> #2
c ("c") -> #2
b ("b") -> #2
r5c3 ("r5c3") -> #2
c ("c") -> #2
c ("c") -> #2
r5c4 ("r5c4") -> #2
c ("c") -> #2
d ("d") -> #2
r5c5 ("r5c5") -> #2
c ("c") -> #2
e ("e") -> #2
r5c6 ("r5c6") -> #2
c ("c") -> #2
f ("f") -> #2
r5d1 ("r5d1") -> #2
d ("d") -> #2
a ("a") -> #2
r5d2 ("r5d2") -> #2
d ("d") -> #2
b ("b") -> #2
r5d3 ("r5d3") -> #2
d ("d") -> #2
c ("c") -> #2
r5d4 ("r5d4") -> #2
d ("d") -> #2
d ("d") -> #2
r5d5 ("r5d5") -> #2
d ("d") -> #2
e ("e") -> #2
r5d6 ("r5d6") -> #2
d ("d") -> #2
f ("f") -> #2
r5e1 ("r5e1") -> #2
e ("e") -> #2
a ("a") -> #2
r5e2 ("r5e2") -> #2
e ("e") -> #2
b ("b") -> #2
r5e3 ("r5e3") -> #2
e ("e") -> #2
c ("c") -> #2
r5e4 ("r5e4") -> #2
e ("e") -> #2
d ("d") -> #2
r5e5 ("r5e5") -> #2
e ("e") -> #2
e ("e") -> #2
r5e6 ("r5e6") -> #2
e ("e") -> #2
f ("f") -> #2
r5f1 ("r5f1") -> #2
f ("f") -> #2
a ("a") -> #2
r5f2 ("r5f2") -> #2
f ("f") -> #2
b ("b") -> #2
r5f3 ("r5f3") -> #2
f ("f") -> #2
c ("c") -> #2
r5f4 ("r5f4") -> #2
f ("f") -> #2
d ("d") -> #2
r5f5 ("r5f5") -> #2
f ("f") -> #2
e ("e") -> #2
r5f6 ("r5f6") -> #2
f ("f") -> #2
f ("f") -> #2
r5g1 ("r5g1") -> #2
E ("E") -> #2
a ("a") -> #2
r5g2 ("r5g2") -> #2
E ("E") -> #2
b ("b") -> #2
r5g3 ("r5g3") -> #2
E ("E") -> #2
c ("c") -> #2
r5g4 ("r5g4") -> #2
E ("E") -> #2
d ("d") -> #2
r5g5 ("r5g5") -> #2
E ("E") -> #2
e ("e") -> #2
r5g6 ("r5g6") -> #2
E ("E") -> #2
f ("f") -> #2
r5h1 ("r5h1") -> #2
a ("a") -> #2
E ("E") -> #2
r5h2 ("r5h2") -> #2
b ("b") -> #2
E ("E") -> #2
r5h3 ("r5h3") -> #2
c ("c") -> #2
E ("E") -> #2
r5h4 ("r5h4") -> #2
d ("d") -> #2
E ("E") -> #2
r5h5 ("r5h5") -> #2
e ("e") -> #2
E ("E") -> #2
r5h6 ("r5h6") -> #2
f ("f") -> #2
E ("E") -> #2
r6a1 ("r6a1") -> #2
a ("a") -> #2
a ("a") -> #2
r6a2 ("r6a2") -> #2
a ("a") -> #2
b ("b") -> #2
r6a3 ("r6a3") -> #2
a ("a") -> #2
c ("c") -> #2
r6a4 ("r6a4") -> #2
a ("a") -> #2
d ("d") -> #2
r6a5 ("r6a5") -> #2
a ("a") -> #2
e ("e") -> #2
r6a6 ("r6a6") -> #2
a ("a") -> #2
f ("f") -> #2
r6b1 ("r6b1") -> #2
b ("b") -> #2
a ("a") -> #2
r6b2 ("r6b2") -> #2
b ("b") -> #2
b ("b") -> #2
r6b3 ("r6b3") -> #2
b ("b") -> #2
c ("c") -> #2
r6b4 ("r6b4") -> #2
b ("b") -> #2
d ("d") -> #2
r6b5 ("r6b5") -> #2
b ("b") -> #2
e ("e") -> #2
r6b6 ("r6b6") -> #2
b ("b") -> #2
f ("f") -> #2
r6c1 ("r6c1") -> #2
c ("c") -> #2
a ("a") -> #2
r6c2 ("r6c2") -> #2
c ("c") -> #2
b ("b") -> #2
r6c3 ("r6c3") -> #2
c ("c") -> #2
c ("c") -> #2
r6c4 ("r6c4") -> #2
c ("c") -> #2
d ("d") -> #2
r6c5 ("r6c5") -> #2
c ("c") -> #2
e ("e") -> #2
r6c6 ("r6c6") -> #2
c ("c") -> #2
f ("f") -> #2
r6d1 ("r6d1") -> #2
d ("d") -> #2
a ("a") -> #2
r6d2 ("r6d2") -> #2
d ("d") -> #2
b ("b") -> #2
r6d3 ("r6d3") -> #2
d ("d") -> #2
c ("c") -> #2
r6d4 ("r6d4") -> #2
d ("d") -> #2
d ("d") -> #2
r6d5 ("r6d5") -> #2
d ("d") -> #2
e ("e") -> #2
r6d6 ("r6d6") -> #2
d ("d") -> #2
f ("f") -> #2
r6e1 ("r6e1") -> #2
e ("e") -> #2
a ("a") -> #2
r6e2 ("r6e2") -> #2
e ("e") -> #2
b ("b") -> #2
r6e3 ("r6e3") -> #2
e ("e") -> #2
c ("c") -> #2
r6e4 ("r6e4") -> #2
e ("e") -> #2
d ("d") -> #2
r6e5 ("r6e5") -> #2
e ("e") -> #2
e ("e") -> #2
r6e6 ("r6e6") -> #2
e ("e") -> #2
f ("f") -> #2
r6f1 ("r6f1") -> #2
f ("f") -> #2
a ("a") -> #2
r6f2 ("r6f2") -> #2
f ("f") -> #2
b ("b") -> #2
r6f3 ("r6f3") -> #2
f ("f") -> #2
c ("c") -> #2
r6f4 ("r6f4") -> #2
f ("f") -> #2
d ("d") -> #2
r6f5 ("r6f5") -> #2
f ("f") -> #2
e ("e") -> #2
r6f6 ("r6f6") -> #2
f ("f") -> #2
f ("f") -> #2
r6g1 ("r6g1") -> #2
E ("E") -> #2
a ("a") -> #2
r6g2 ("r6g2") -> #2
E ("E") -> #2
b ("b") -> #2
r6g3 ("r6g3") -> #2
E ("E") -> #2
c ("c") -> #2
r6g4 ("r6g4") -> #2
E ("E") -> #2
d ("d") -> #2
r6g5 ("r6g5") -> #2
E ("E") -> #2
e ("e") -> #2
r6g6 ("r6g6") -> #2
E ("E") -> #2
f ("f") -> #2
r6h1 ("r6h1") -> #2
a ("a") -> #2
E ("E") -> #2
r6h2 ("r6h2") -> #2
b ("b") -> #2
E ("E") -> #2
r6h3 ("r6h3") -> #2
c ("c") -> #2
E ("E") -> #2
r6h4 ("r6h4") -> #2
d ("d") -> #2
E ("E") -> #2
r6h5 ("r6h5") -> #2
e ("e") -> #2
E ("E") -> #2
r6h6 ("r6h6") -> #2
f ("f") -> #2
E ("E") -> #2
r7a1 ("r7a1") -> #2
a ("a") -> #2
a ("a") -> #2
r7a2 ("r7a2") -> #2
a ("a") -> #2
b ("b") -> #2
r7a3 ("r7a3") -> #2
a ("a") -> #2
c ("c") -> #2
r7a4 ("r7a4") -> #2
a ("a") -> #2
d ("d") -> #2
r7a5 ("r7a5") -> #2
a ("a") -> #2
e ("e") -> #2
r7a6 ("r7a6") -> #2
a ("a") -> #2
f ("f") -> #2
r7b1 ("r7b1") -> #2
b ("b") -> #2
a ("a") -> #2
r7b2 ("r7b2") -> #2
b ("b") -> #2
b ("b") -> #2
r7b3 ("r7b3") -> #2
b ("b") -> #2
c ("c") -> #2
r7b4 ("r7b4") -> #2
b ("b") -> #2
d ("d") -> #2
r7b5 ("r7b5") -> #2
b ("b") -> #2
e ("e") -> #2
r7b6 ("r7b6") -> #2
b ("b") -> #2
f ("f") -> #2
r7c1 ("r7c1") -> #2
c ("c") -> #2
a ("a") -> #2
r7c2 ("r7c2") -> #2
c ("c") -> #2
b ("b") -> #2
r7c3 ("r7c3") -> #2
c ("c") -> #2
c ("c") -> #2
r7c4 ("r7c4") -> #2
c ("c") -> #2
d ("d") -> #2
r7c5 ("r7c5") -> #2
c ("c") -> #2
e ("e") -> #2
r7c6 ("r7c6") -> #2
c ("c") -> #2
f ("f") -> #2
r7d1 ("r7d1") -> #2
d ("d") -> #2
a ("a") -> #2
r7d2 ("r7d2") -> #2
d ("d") -> #2
b ("b") -> #2
r7d3 ("r7d3") -> #2
d ("d") -> #2
c ("c") -> #2
r7d4 ("r7d4") -> #2
d ("d") -> #2
d ("d") -> #2
r7d5 ("r7d5") -> #2
d ("d") -> #2
e ("e") -> #2
r7d6 ("r7d6") -> #2
d ("d") -> #2
f ("f") -> #2
r7e1 ("r7e1") -> #2
e ("e") -> #2
a ("a") -> #2
r7e2 ("r7e2") -> #2
e ("e") -> #2
b ("b") -> #2
r7e3 ("r7e3") -> #2
e ("e") -> #2
c ("c") -> #2
r7e4 ("r7e4") -> #2
e ("e") -> #2
d ("d") -> #2
r7e5 ("r7e5") -> #2
e ("e") -> #2
e ("e") -> #2
r7e6 ("r7e6") -> #2
e ("e") -> #2
f ("f") -> #2
r7f1 ("r7f1") -> #2
f ("f") -> #2
a ("a") -> #2
r7f2 ("r7f2") -> #2
f ("f") -> #2
b ("b") -> #2
r7f3 ("r7f3") -> #2
f ("f") -> #2
c ("c") -> #2
r7f4 ("r7f4") -> #2
f ("f") -> #2
d ("d") -> #2
r7f5 ("r7f5") -> #2
f ("f") -> #2
e ("e") -> #2
r7f6 ("r7f6") -> #2
f ("f") -> #2
f ("f") -> #2
r7g1 ("r7g1") -> #2
E ("E") -> #2
a ("a") -> #2
r7g2 ("r7g2") -> #2
E ("E") -> #2
b ("b") -> #2
r7g3 ("r7g3") -> #2
E ("E") -> #2
c ("c") -> #2
r7g4 ("r7g4") -> #2
E ("E") -> #2
d ("d") -> #2
r7g5 ("r7g5") -> #2
E ("E") -> #2
e ("e") -> #2
r7g6 ("r7g6") -> #2
E ("E") -> #2
f ("f") -> #2
r7h1 ("r7h1") -> #2
a ("a") -> #2
E ("E") -> #2
r7h2 ("r7h2") -> #2
b ("b") -> #2
E ("E") -> #2
r7h3 ("r7h3") -> #2
c ("c") -> #2
E ("E") -> #2
r7h4 ("r7h4") -> #2
d ("d") -> #2
E ("E") -> #2
r7h5 ("r7h5") -> #2
e ("e") -> #2
E ("E") -> #2
r7h6 ("r7h6") -> #2
f ("f") -> #2
E ("E") -> #2
r8a1 ("r8a1") -> #2
a ("a") -> #2
a ("a") -> #2
r8a2 ("r8a2") -> #2
a ("a") -> #2
b ("b") -> #2
r8a3 ("r8a3") -> #2
a ("a") -> #2
c ("c") -> #2
r8a4 ("r8a4") -> #2
a ("a") -> #2
d ("d") -> #2
r8a5 ("r8a5") -> #2
a ("a") -> #2
e ("e") -> #2
r8a6 ("r8a6") -> #2
a ("a") -> #2
f ("f") -> #2
r8b1 ("r8b1") -> #2
b ("b") -> #2
a ("a") -> #2
r8b2 ("r8b2") -> #2
b ("b") -> #2
b ("b") -> #2
r8b3 ("r8b3") -> #2
b ("b") -> #2
c ("c") -> #2
r8b4 ("r8b4") -> #2
b ("b") -> #2
d ("d") -> #2
r8b5 ("r8b5") -> #2
b ("b") -> #2
e ("e") -> #2
r8b6 ("r8b6") -> #2
b ("b") -> #2
f ("f") -> #2
r8c1 ("r8c1") -> #2
c ("c") -> #2
a ("a") -> #2
r8c2 ("r8c2") -> #2
c ("c") -> #2
b ("b") -> #2
r8c3 ("r8c3") -> #2
c ("c") -> #2
c ("c") -> #2
r8c4 ("r8c4") -> #2
c ("c") -> #2
d ("d") -> #2
r8c5 ("r8c5") -> #2
c ("c") -> #2
e ("e") -> #2
r8c6 ("r8c6") -> #2
c ("c") -> #2
f ("f") -> #2
r8d1 ("r8d1") -> #2
d ("d") -> #2
a ("a") -> #2
r8d2 ("r8d2") -> #2
d ("d") -> #2
b ("b") -> #2
r8d3 ("r8d3") -> #2
d ("d") -> #2
c ("c") -> #2
r8d4 ("r8d4") -> #2
d ("d") -> #2
d ("d") -> #2
r8d5 ("r8d5") -> #2
d ("d") -> #2
e ("e") -> #2
r8d6 ("r8d6") -> #2
d ("d") -> #2
f ("f") -> #2
r8e1 ("r8e1") -> #2
e ("e") -> #2
a ("a") -> #2
r8e2 ("r8e2") -> #2
e ("e") -> #2
b ("b") -> #2
r8e3 ("r8e3") -> #2
e ("e") -> #2
c ("c") -> #2
r8e4 ("r8e4") -> #2
e ("e") -> #2
d ("d") -> #2
r8e5 ("r8e5") -> #2
e ("e") -> #2
e ("e") -> #2
r8e6 ("r8e6") -> #2
e ("e") -> #2
f ("f") -> #2
r8f1 ("r8f1") -> #2
f ("f") -> #2
a ("a") -> #2
r8f2 ("r8f2") -> #2
f ("f") -> #2
b ("b") -> #2
r8f3 ("r8f3") -> #2
f ("f") -> #2
c ("c") -> #2
r8f4 ("r8f4") -> #2
f ("f") -> #2
d ("d") -> #2
r8f5 ("r8f5") -> #2
f ("f") -> #2
e ("e") -> #2
r8f6 ("r8f6") -> #2
f ("f") -> #2
f ("f") -> #2
r8g1 ("r8g1") -> #2
E ("E") -> #2
a ("a") -> #2
r8g2 ("r8g2") -> #2
E ("E") -> #2
b ("b") -> #2
r8g3 ("r8g3") -> #2
E ("E") -> #2
c ("c") -> #2
r8g4 ("r8g4") -> #2
E ("E") -> #2
d ("d") -> #2
r8g5 ("r8g5") -> #2
E ("E") -> #2
e ("e") -> #2
r8g6 ("r8g6") -> #2
E ("E") -> #2
f ("f") -> #2
r8h1 ("r8h1") -> #2
a ("a") -> #2
E ("E") -> #2
r8h2 ("r8h2") -> #2
b ("b") -> #2
E ("E") -> #2
r8h3 ("r8h3") -> #2
c ("c") -> #2
E ("E") -> #2
r8h4 ("r8h4") -> #2
d ("d") -> #2
E ("E") -> #2
r8h5 ("r8h5") -> #2
e ("e") -> #2
E ("E") -> #2
r8h6 ("r8h6") -> #2
f ("f") -> #2
E ("E") -> #2
r9a1 ("r9a1") -> #2
a ("a") -> #2
a ("a") -> #2
r9a2 ("r9a2") -> #2
a ("a") -> #2
b ("b") -> #2
r9a3 ("r9a3") -> #2
a ("a") -> #2
c ("c") -> #2
r9a4 ("r9a4") -> #2
a ("a") -> #2
d ("d") -> #2
r9a5 ("r9a5") -> #2
a ("a") -> #2
e ("e") -> #2
r9a6 ("r9a6") -> #2
a ("a") -> #2
f ("f") -> #2
r9b1 ("r9b1") -> #2
b ("b") -> #2
a ("a") -> #2
r9b2 ("r9b2") -> #2
b ("b") -> #2
b ("b") -> #2
r9b3 ("r9b3") -> #2
b ("b") -> #2
c ("c") -> #2
r9b4 ("r9b4") -> #2
b ("b") -> #2
d ("d") -> #2
r9b5 ("r9b5") -> #2
b ("b") -> #2
e ("e") -> #2
r9b6 ("r9b6") -> #2
b ("b") -> #2
f ("f") -> #2
r9c1 ("r9c1") -> #2
c ("c") -> #2
a ("a") -> #2
r9c2 ("r9c2") -> #2
c ("c") -> #2
b ("b") -> #2
r9c3 ("r9c3") -> #2
c ("c") -> #2
c ("c") -> #2
r9c4 ("r9c4") -> #2
c ("c") -> #2
d ("d") -> #2
r9c5 ("r9c5") -> #2
c ("c") -> #2
e ("e") -> #2
r9c6 ("r9c6") -> #2
c ("c") -> #2
f ("f") -> #2
r9d1 ("r9d1") -> #2
d ("d") -> #2
a ("a") -> #2
r9d2 ("r9d2") -> #2
d ("d") -> #2
b ("b") -> #2
r9d3 ("r9d3") -> #2
d ("d") -> #2
c ("c") -> #2
r9d4 ("r9d4") -> #2
d ("d") -> #2
d ("d") -> #2
r9d5 ("r9d5") -> #2
d ("d") -> #2
e ("e") -> #2
r9d6 ("r9d6") -> #2
d ("d") -> #2
f ("f") -> #2
r9e1 ("r9e1") -> #2
e ("e") -> #2
a ("a") -> #2
r9e2 ("r9e2") -> #2
e ("e") -> #2
b ("b") -> #2
r9e3 ("r9e3") -> #2
e ("e") -> #2
c ("c") -> #2
r9e4 ("r9e4") -> #2
e ("e") -> #2
d ("d") -> #2
r9e5 ("r9e5") -> #2
e ("e") -> #2
e ("e") -> #2
r9e6 ("r9e6") -> #2
e ("e") -> #2
f ("f") -> #2
r9f1 ("r9f1") -> #2
f ("f") -> #2
a ("a") -> #2
r9f2 ("r9f2") -> #2
f ("f") -> #2
b ("b") -> #2
r9f3 ("r9f3") -> #2
f ("f") -> #2
c ("c") -> #2
r9f4 ("r9f4") -> #2
f ("f") -> #2
d ("d") -> #2
r9f5 ("r9f5") -> #2
f ("f") -> #2
e ("e") -> #2
r9f6 ("r9f6") -> #2
f ("f") -> #2
f ("f") -> #2
r9g1 ("r9g1") -> #2
E ("E") -> #2
a ("a") -> #2
r9g2 ("r9g2") -> #2
E ("E") -> #2
b ("b") -> #2
r9g3 ("r9g3") -> #2
E ("E") -> #2
c ("c") -> #2
r9g4 ("r9g4") -> #2
E ("E") -> #2
d ("d") -> #2
r9g5 ("r9g5") -> #2
E ("E") -> #2
e ("e") -> #2
r9g6 ("r9g6") -> #2
E ("E") -> #2
f ("f") -> #2
r9h1 ("r9h1") -> #2
a ("a") -> #2
E ("E") -> #2
r9h2 ("r9h2") -> #2
b ("b") -> #2
E ("E") -> #2
r9h3 ("r9h3") -> #2
c ("c") -> #2
E ("E") -> #2
r9h4 ("r9h4") -> #2
d ("d") -> #2
E ("E") -> #2
r9h5 ("r9h5") -> #2
e ("e") -> #2
E ("E") -> #2
r9h6 ("r9h6") -> #2
f ("f") -> #2
E ("E") -> #2
r10a1 ("r10a1") -> #2
a ("a") -> #2
a ("a") -> #2
r10a2 ("r10a2") -> #2
a ("a") -> #2
b ("b") -> #2
r10a3 ("r10a3") -> #2
a ("a") -> #2
c ("c") -> #2
r10a4 ("r10a4") -> #2
a ("a") -> #2
d ("d") -> #2
r10a5 ("r10a5") -> #2
a ("a") -> #2
e ("e") -> #2
r10a6 ("r10a6") -> #2
a ("a") -> #2
f ("f") -> #2
r10b1 ("r10b1") -> #2
b ("b") -> #2
a ("a") -> #2
r10b2 ("r10b2") -> #2
b ("b") -> #2
b ("b") -> #2
r10b3 ("r10b3") -> #2
b ("b") -> #2
c ("c") -> #2
r10b4 ("r10b4") -> #2
b ("b") -> #2
d ("d") -> #2
r10b5 ("r10b5") -> #2
b ("b") -> #2
e ("e") -> #2
r10b6 ("r10b6") -> #2
b ("b") -> #2
f ("f") -> #2
r10c1 ("r10c1") -> #2
c ("c") -> #2
a ("a") -> #2
r10c2 ("r10c2") -> #2
c ("c") -> #2
b ("b") -> #2
r10c3 ("r10c3") -> #2
c ("c") -> #2
c ("c") -> #2
r10c4 ("r10c4") -> #2
c ("c") -> #2
d ("d") -> #2
r10c5 ("r10c5") -> #2
c ("c") -> #2
e ("e") -> #2
r10c6 ("r10c6") -> #2
c ("c") -> #2
f ("f") -> #2
r10d1 ("r10d1") -> #2
d ("d") -> #2
a ("a") -> #2
r10d2 ("r10d2") -> #2
d ("d") -> #2
b ("b") -> #2
r10d3 ("r10d3") -> #2
d ("d") -> #2
c ("c") -> #2
r10d4 ("r10d4") -> #2
d ("d") -> #2
d ("d") -> #2
r10d5 ("r10d5") -> #2
d ("d") -> #2
e ("e") -> #2
r10d6 ("r10d6") -> #2
d ("d") -> #2
f ("f") -> #2
r10e1 ("r10e1") -> #2
e ("e") -> #2
a ("a") -> #2
r10e2 ("r10e2") -> #2
e ("e") -> #2
b ("b") -> #2
r10e3 ("r10e3") -> #2
e ("e") -> #2
c ("c") -> #2
r10e4 ("r10e4") -> #2
e ("e") -> #2
d ("d") -> #2
r10e5 ("r10e5") -> #2
e ("e") -> #2
e ("e") -> #2
r10e6 ("r10e6") -> #2
e ("e") -> #2
f ("f") -> #2
r10f1 ("r10f1") -> #2
f ("f") -> #2
a ("a") -> #2
r10f2 ("r10f2") -> #2
f ("f") -> #2
b ("b") -> #2
r10f3 ("r10f3") -> #2
f ("f") -> #2
c ("c") -> #2
r10f4 ("r10f4") -> #2
f ("f") -> #2
d ("d") -> #2
r10f5 ("r10f5") -> #2
f ("f") -> #2
e ("e") -> #2
r10f6 ("r10f6") -> #2
f ("f") -> #2
f ("f") -> #2
r10g1 ("r10g1") -> #2
E ("E") -> #2
a ("a") -> #2
r10g2 ("r10g2") -> #2
E ("E") -> #2
b ("b") -> #2
r10g3 ("r10g3") -> #2
E ("E") -> #2
c ("c") -> #2
r10g4 ("r10g4") -> #2
E ("E") -> #2
d ("d") -> #2
r10g5 ("r10g5") -> #2
E ("E") -> #2
e ("e") -> #2
r10g6 ("r10g6") -> #2
E ("E") -> #2
f ("f") -> #2
r10h1 ("r10h1") -> #2
a ("a") -> #2
E ("E") -> #2
r10h2 ("r10h2") -> #2
b ("b") -> #2
E ("E") -> #2
r10h3 ("r10h3") -> #2
c ("c") -> #2
E ("E") -> #2
r10h4 ("r10h4") -> #2
d ("d") -> #2
E ("E") -> #2
r10h5 ("r10h5") -> #2
e ("e") -> #2
E ("E") -> #2
r10h6 ("r10h6") -> #2
f ("f") -> #2
E ("E") -> #2
