Top level: #2
Unresolved: #1
cloneAgain ("cloneAgain") -> #2
a ("a") -> #3
clone ("clone") -> #3
a ("a") -> #0
b ("b") -> #0
suddenly ("suddenly") -> #2
f ("f") -> #4
a ("a") -> #1
x ("x") -> #0
z ("z") -> #0
ka ("ka") -> #0
y ("y") -> #0
suddenly ("suddenly") -> #2
a ("a") -> #5
rest ("rest") -> #5
rest ("rest") -> #5
suddenly ("suddenly") -> #2
z ("z") -> #6
nested ("nested") -> #6
rest ("rest") -> #6
rest ("rest") -> #6
nested ("nested") -> #6
C ("C") -> #2
a ("a") -> #7
clone ("clone") -> #7
a ("a") -> #0
b ("b") -> #0
a ("a") -> #8
clone ("clone") -> #8
a ("a") -> #0
b ("b") -> #0
foobar ("foobar") -> #2
bar ("bar") -> #9
opts ("opts") -> #9
foobar ("foobar") -> #2
foobar ("foobar") -> #2
foobar ("foobar") -> #2
