Top level: #2
Unresolved: #1
ka ("ka") -> #2
nested ("nested") -> #2
ki ("ki") -> #0
other ("other") -> #2
rest ("rest") -> #2
complex ("complex") -> #2
x ("x") -> #0
ka ("ka") -> #0
ki ("ki") -> #0
y ("y") -> #0
ka ("ka") -> #2
nested ("nested") -> #2
other ("other") -> #2
rest ("rest") -> #2
complex ("complex") -> #2
overEmit ("overEmit") -> #2
a ("a") -> #0
ka ("ka") -> #0
x ("x") -> #0
b ("b") -> #0
z ("z") -> #0
ki ("ki") -> #0
ku ("ku") -> #0
ke ("ke") -> #0
ko ("ko") -> #0
nested2 ("nested2") -> #2
y ("y") -> #2
z ("z") -> #2
c ("c") -> #2
rest2 ("rest2") -> #2
overEmit ("overEmit") -> #2
nested2 ("nested2") -> #2
y ("y") -> #2
z ("z") -> #2
c ("c") -> #2
rest2 ("rest2") -> #2
overEmit ("overEmit") -> #2
