Top level: #2
Unresolved: #1
array ("array") -> #2
x ("x") -> #0
y ("y") -> #0
x ("x") -> #3
restOf ("restOf") -> #3
array ("array") -> #2
x ("x") -> #3
restOf ("restOf") -> #3
xx ("xx") -> #2
rrestOff ("rrestOff") -> #2
y ("y") -> #0
xx ("xx") -> #2
rrestOff ("rrestOff") -> #2
array ("array") -> #2
xx ("xx") -> #2
rrestOff ("rrestOff") -> #2
norest ("norest") -> #6
array ("array") -> #2
a ("a") -> #7
a ("a") -> #7
norest ("norest") -> #6
norest ("norest") -> #6
