Top level: #2
Unresolved: #1
A ("A") -> #2
B ("B") -> #2
C ("C") -> #2
A ("A") -> #2
isA ("isA") -> #2
p1 ("p1") -> #3
p1 ("p1") -> #3
A ("A") -> #2
isB ("isB") -> #2
p1 ("p1") -> #4
p1 ("p1") -> #4
B ("B") -> #2
isC ("isC") -> #2
p1 ("p1") -> #5
p1 ("p1") -> #5
C ("C") -> #2
retC ("retC") -> #2
C ("C") -> #2
a ("a") -> #2
A ("A") -> #2
b ("b") -> #2
B ("B") -> #2
isC ("isC") -> #2
a ("a") -> #2
a ("a") -> #2
subType ("subType") -> #2
C ("C") -> #2
isA ("isA") -> #2
subType ("subType") -> #2
subType ("subType") -> #2
union ("union") -> #2
A ("A") -> #2
B ("B") -> #2
isA ("isA") -> #2
union ("union") -> #2
union ("union") -> #2
I1 ("I1") -> #2
p1 ("p1") -> #1
A ("A") -> #2
p1 ("p1") -> #1
C ("C") -> #2
isC_multipleParams ("isC_multipleParams") -> #2
p1 ("p1") -> #10
p2 ("p2") -> #10
p1 ("p1") -> #10
C ("C") -> #2
isC_multipleParams ("isC_multipleParams") -> #2
a ("a") -> #2
a ("a") -> #2
obj ("obj") -> #2
func1 ("func1") -> #0
p1 ("p1") -> #1
A ("A") -> #2
p1 ("p1") -> #1
C ("C") -> #2
D ("D") -> #2
p1 ("p1") -> #12
A ("A") -> #2
p1 ("p1") -> #12
C ("C") -> #2
f1 ("f1") -> #2
p1 ("p1") -> #13
A ("A") -> #2
p1 ("p1") -> #13
C ("C") -> #2
f2 ("f2") -> #2
p1 ("p1") -> #14
p1 ("p1") -> #14
A ("A") -> #2
p1 ("p1") -> #14
C ("C") -> #2
f2 ("f2") -> #2
p1 ("p1") -> #15
A ("A") -> #2
p1 ("p1") -> #15
C ("C") -> #2
acceptingBoolean ("acceptingBoolean") -> #2
a ("a") -> #16
acceptingBoolean ("acceptingBoolean") -> #2
isA ("isA") -> #2
a ("a") -> #2
acceptingTypeGuardFunction ("acceptingTypeGuardFunction") -> #2
p1 ("p1") -> #17
item ("item") -> #1
item ("item") -> #1
A ("A") -> #2
acceptingTypeGuardFunction ("acceptingTypeGuardFunction") -> #2
isA ("isA") -> #2
union2 ("union2") -> #2
C ("C") -> #2
B ("B") -> #2
union3 ("union3") -> #2
B ("B") -> #2
isA ("isA") -> #2
union2 ("union2") -> #2
union2 ("union2") -> #2
