Top level: #2
Unresolved: #1
a ("a") -> #2
b ("b") -> #2
toString ("toString") -> #0
a ("a") -> #2
c ("c") -> #3
a ("a") -> #2
a ("a") -> #2
c ("c") -> #4
a ("a") -> #2
a ("a") -> #2
c ("c") -> #5
a ("a") -> #2
b ("b") -> #2
c ("c") -> #6
b ("b") -> #2
b ("b") -> #2
c ("c") -> #7
b ("b") -> #2
b ("b") -> #2
c ("c") -> #8
b ("b") -> #2
