Top level: #2
Unresolved: #1
num ("num") -> #2
strOrNum ("strOrNum") -> #2
var1 ("var1") -> #2
ClassWithAccessors ("ClassWithAccessors") -> #2
num ("num") -> #2
var1 ("var1") -> #2
var1 ("var1") -> #2
var2 ("var2") -> #3
num ("num") -> #2
var2 ("var2") -> #3
var2 ("var2") -> #3
strOrNum ("strOrNum") -> #2
param ("param") -> #4
num ("num") -> #2
var1 ("var1") -> #2
var1 ("var1") -> #2
num ("num") -> #2
param ("param") -> #4
param ("param") -> #4
var2 ("var2") -> #4
num ("num") -> #2
var2 ("var2") -> #4
var2 ("var2") -> #4
num ("num") -> #2
var1 ("var1") -> #2
var1 ("var1") -> #2
var2 ("var2") -> #5
num ("num") -> #2
var2 ("var2") -> #5
var2 ("var2") -> #5
strOrNum ("strOrNum") -> #2
param ("param") -> #6
num ("num") -> #2
var1 ("var1") -> #2
var1 ("var1") -> #2
num ("num") -> #2
param ("param") -> #6
param ("param") -> #6
var2 ("var2") -> #6
num ("num") -> #2
var2 ("var2") -> #6
var2 ("var2") -> #6
num ("num") -> #2
var1 ("var1") -> #2
var1 ("var1") -> #2
var2 ("var2") -> #7
num ("num") -> #2
var2 ("var2") -> #7
var2 ("var2") -> #7
strOrNum ("strOrNum") -> #2
param ("param") -> #8
num ("num") -> #2
var1 ("var1") -> #2
var1 ("var1") -> #2
num ("num") -> #2
param ("param") -> #8
param ("param") -> #8
var2 ("var2") -> #8
num ("num") -> #2
var2 ("var2") -> #8
var2 ("var2") -> #8
num ("num") -> #2
var1 ("var1") -> #2
var1 ("var1") -> #2
var2 ("var2") -> #9
num ("num") -> #2
var2 ("var2") -> #9
var2 ("var2") -> #9
strOrNum ("strOrNum") -> #2
param ("param") -> #10
num ("num") -> #2
var1 ("var1") -> #2
var1 ("var1") -> #2
num ("num") -> #2
param ("param") -> #10
param ("param") -> #10
var2 ("var2") -> #10
num ("num") -> #2
var2 ("var2") -> #10
var2 ("var2") -> #10
