Top level: #2
Unresolved: #1
argumentsAndSetByIndex ("argumentsAndSetByIndex") -> #2
a ("a") -> #3
Object ("Object") -> #1
arguments ("arguments") -> #1
arguments ("arguments") -> #1
assert ("assert") -> #1
a ("a") -> #3
verifyProperty ("verifyProperty") -> #1
arguments ("arguments") -> #1
argumentsAndSetByIndex ("argumentsAndSetByIndex") -> #2
