Top level: #2
Unresolved: #1
$eb2fd35624c84372$var$A ("$eb2fd35624c84372$var$A") -> #2
_classDecorators ("_classDecorators") -> #3
$eb2fd35624c84372$var$CustomElement ("$eb2fd35624c84372$var$CustomElement") -> #1
_classDescriptor ("_classDescriptor") -> #3
_classExtraInitializers ("_classExtraInitializers") -> #3
_classThis ("_classThis") -> #3
_classSuper ("_classSuper") -> #3
HTMLElement ("HTMLElement") -> #1
A ("A") -> #3
_classThis ("_classThis") -> #3
console ("console") -> #1
_classSuper ("_classSuper") -> #3
A ("A") -> #3
_classThis ("_classThis") -> #3
console ("console") -> #1
$eb2fd35624c84372$var$A ("$eb2fd35624c84372$var$A") -> #2
