Top level: #2
Unresolved: #1
f ("f") -> #2
p ("p") -> #3
Partial ("Partial") -> #1
T ("T") -> #3
r ("r") -> #3
Readonly ("Readonly") -> #1
T ("T") -> #3
pr ("pr") -> #3
Partial ("Partial") -> #1
Readonly ("Readonly") -> #1
T ("T") -> #3
rp ("rp") -> #3
Readonly ("Readonly") -> #1
Partial ("Partial") -> #1
T ("T") -> #3
a1 ("a1") -> #3
Partial ("Partial") -> #1
T ("T") -> #3
p ("p") -> #3
a2 ("a2") -> #3
Partial ("Partial") -> #1
T ("T") -> #3
r ("r") -> #3
a3 ("a3") -> #3
Partial ("Partial") -> #1
T ("T") -> #3
pr ("pr") -> #3
a4 ("a4") -> #3
Partial ("Partial") -> #1
T ("T") -> #3
rp ("rp") -> #3
b1 ("b1") -> #3
Readonly ("Readonly") -> #1
T ("T") -> #3
p ("p") -> #3
b2 ("b2") -> #3
Readonly ("Readonly") -> #1
T ("T") -> #3
r ("r") -> #3
b3 ("b3") -> #3
Readonly ("Readonly") -> #1
T ("T") -> #3
pr ("pr") -> #3
b4 ("b4") -> #3
Readonly ("Readonly") -> #1
T ("T") -> #3
rp ("rp") -> #3
c1 ("c1") -> #3
Partial ("Partial") -> #1
Readonly ("Readonly") -> #1
T ("T") -> #3
p ("p") -> #3
c2 ("c2") -> #3
Partial ("Partial") -> #1
Readonly ("Readonly") -> #1
T ("T") -> #3
r ("r") -> #3
c3 ("c3") -> #3
Partial ("Partial") -> #1
Readonly ("Readonly") -> #1
T ("T") -> #3
pr ("pr") -> #3
c4 ("c4") -> #3
Partial ("Partial") -> #1
Readonly ("Readonly") -> #1
T ("T") -> #3
rp ("rp") -> #3
d1 ("d1") -> #3
Readonly ("Readonly") -> #1
Partial ("Partial") -> #1
T ("T") -> #3
p ("p") -> #3
d2 ("d2") -> #3
Readonly ("Readonly") -> #1
Partial ("Partial") -> #1
T ("T") -> #3
r ("r") -> #3
d3 ("d3") -> #3
Readonly ("Readonly") -> #1
Partial ("Partial") -> #1
T ("T") -> #3
pr ("pr") -> #3
d4 ("d4") -> #3
Readonly ("Readonly") -> #1
Partial ("Partial") -> #1
T ("T") -> #3
rp ("rp") -> #3
T ("T") -> #3
State ("State") -> #2
key ("key") -> #1
Args1 ("Args1") -> #2
T ("T") -> #4
State ("State") -> #2
previous ("previous") -> #0
Readonly ("Readonly") -> #1
Partial ("Partial") -> #1
T ("T") -> #4
current ("current") -> #0
Readonly ("Readonly") -> #1
Partial ("Partial") -> #1
T ("T") -> #4
Args2 ("Args2") -> #2
T ("T") -> #5
State ("State") -> #2
previous ("previous") -> #0
Partial ("Partial") -> #1
Readonly ("Readonly") -> #1
T ("T") -> #5
current ("current") -> #0
Partial ("Partial") -> #1
Readonly ("Readonly") -> #1
T ("T") -> #5
doit ("doit") -> #2
previous ("previous") -> #6
Partial ("Partial") -> #1
T ("T") -> #6
Object ("Object") -> #1
current ("current") -> #6
Partial ("Partial") -> #1
T ("T") -> #6
Object ("Object") -> #1
args1 ("args1") -> #6
Args1 ("Args1") -> #2
T ("T") -> #6
previous ("previous") -> #6
current ("current") -> #6
args2 ("args2") -> #6
Args2 ("Args2") -> #2
T ("T") -> #6
previous ("previous") -> #6
current ("current") -> #6
T ("T") -> #6
State ("State") -> #2
State2 ("State2") -> #2
foo ("foo") -> #0
bar ("bar") -> #0
Args3 ("Args3") -> #2
previous ("previous") -> #0
Readonly ("Readonly") -> #1
Partial ("Partial") -> #1
State2 ("State2") -> #2
current ("current") -> #0
Readonly ("Readonly") -> #1
Partial ("Partial") -> #1
State2 ("State2") -> #2
Args4 ("Args4") -> #2
previous ("previous") -> #0
Partial ("Partial") -> #1
Readonly ("Readonly") -> #1
State2 ("State2") -> #2
current ("current") -> #0
Partial ("Partial") -> #1
Readonly ("Readonly") -> #1
State2 ("State2") -> #2
doit2 ("doit2") -> #2
previous ("previous") -> #7
Partial ("Partial") -> #1
State2 ("State2") -> #2
Object ("Object") -> #1
current ("current") -> #7
Partial ("Partial") -> #1
State2 ("State2") -> #2
Object ("Object") -> #1
args1 ("args1") -> #7
Args3 ("Args3") -> #2
previous ("previous") -> #7
current ("current") -> #7
args2 ("args2") -> #7
Args4 ("Args4") -> #2
previous ("previous") -> #7
current ("current") -> #7
