Top level: #2
Unresolved: #1
Recurse ("Recurse") -> #2
K ("K") -> #3
Recurse ("Recurse") -> #2
Recurse ("Recurse") -> #2
K ("K") -> #3
Recurse1 ("Recurse1") -> #2
K ("K") -> #4
Recurse2 ("Recurse2") -> #2
Recurse2 ("Recurse2") -> #2
K ("K") -> #4
Recurse2 ("Recurse2") -> #2
K ("K") -> #5
Recurse1 ("Recurse1") -> #2
Recurse1 ("Recurse1") -> #2
K ("K") -> #5
Circular ("Circular") -> #2
T ("T") -> #6
P ("P") -> #6
T ("T") -> #6
Circular ("Circular") -> #2
T ("T") -> #6
tup ("tup") -> #2
foo ("foo") -> #2
arg ("arg") -> #7
Circular ("Circular") -> #2
tup ("tup") -> #2
arg ("arg") -> #7
tup ("tup") -> #2
DeepMap ("DeepMap") -> #2
T ("T") -> #8
R ("R") -> #8
K ("K") -> #8
T ("T") -> #8
T ("T") -> #8
K ("K") -> #8
DeepMap ("DeepMap") -> #2
T ("T") -> #8
K ("K") -> #8
R ("R") -> #8
R ("R") -> #8
tpl ("tpl") -> #2
arr ("arr") -> #2
t1 ("t1") -> #2
DeepMap ("DeepMap") -> #2
tpl ("tpl") -> #2
t2 ("t2") -> #2
DeepMap ("DeepMap") -> #2
arr ("arr") -> #2
Transform ("Transform") -> #2
T ("T") -> #9
K ("K") -> #9
T ("T") -> #9
Transform ("Transform") -> #2
T ("T") -> #9
K ("K") -> #9
User ("User") -> #2
avatar ("avatar") -> #0
Guest ("Guest") -> #2
displayName ("displayName") -> #0
Product ("Product") -> #2
users ("users") -> #0
User ("User") -> #2
Guest ("Guest") -> #2
product ("product") -> #2
Transform ("Transform") -> #2
Product ("Product") -> #2
product ("product") -> #2
Remap1 ("Remap1") -> #2
T ("T") -> #10
P ("P") -> #10
T ("T") -> #10
Remap1 ("Remap1") -> #2
T ("T") -> #10
P ("P") -> #10
Remap2 ("Remap2") -> #2
T ("T") -> #11
T ("T") -> #11
P ("P") -> #11
T ("T") -> #11
Remap2 ("Remap2") -> #2
T ("T") -> #11
P ("P") -> #11
T ("T") -> #11
a ("a") -> #2
Remap1 ("Remap1") -> #2
b ("b") -> #2
Remap2 ("Remap2") -> #2
NonOptionalKeys ("NonOptionalKeys") -> #2
T ("T") -> #12
P ("P") -> #12
T ("T") -> #12
T ("T") -> #12
P ("P") -> #12
P ("P") -> #12
T ("T") -> #12
Child ("Child") -> #2
T ("T") -> #13
P ("P") -> #13
NonOptionalKeys ("NonOptionalKeys") -> #2
T ("T") -> #13
T ("T") -> #13
P ("P") -> #13
ListWidget ("ListWidget") -> #2
Child ("Child") -> #2
ListWidget ("ListWidget") -> #2
ListChild ("ListChild") -> #2
Child ("Child") -> #2
ListWidget ("ListWidget") -> #2
x ("x") -> #2
ListChild ("ListChild") -> #2
x ("x") -> #2
TV ("TV") -> #2
T ("T") -> #14
K ("K") -> #14
T ("T") -> #14
T ("T") -> #14
K ("K") -> #14
Record ("Record") -> #1
E ("E") -> #1
E ("E") -> #1
ObjectOrArray ("ObjectOrArray") -> #2
T ("T") -> #15
K ("K") -> #15
T ("T") -> #15
Record ("Record") -> #1
K ("K") -> #15
T ("T") -> #15
Record ("Record") -> #1
K ("K") -> #15
T ("T") -> #15
T ("T") -> #15
ThemeValue ("ThemeValue") -> #2
K ("K") -> #16
ThemeType ("ThemeType") -> #16
ThemeType ("ThemeType") -> #16
TVal ("TVal") -> #16
ThemeType ("ThemeType") -> #16
K ("K") -> #16
TVal ("TVal") -> #16
ThemeType ("ThemeType") -> #16
K ("K") -> #16
Record ("Record") -> #1
E ("E") -> #1
TVal ("TVal") -> #16
E ("E") -> #1
ThemeType ("ThemeType") -> #16
K ("K") -> #16
ObjectOrArray ("ObjectOrArray") -> #2
F ("F") -> #1
F ("F") -> #1
Foo ("Foo") -> #2
T ("T") -> #17
T ("T") -> #17
P ("P") -> #17
E ("E") -> #1
E ("E") -> #1
