Top level: #2
Unresolved: #1
jake ("jake") -> #3
cats ("cats") -> #4
x ("x") -> #5
y ("y") -> #6
a ("a") -> #7
b ("b") -> #7
c ("c") -> #7
m ("m") -> #8
m ("m") -> #8
n ("n") -> #9
n ("n") -> #9
j ("j") -> #10
j ("j") -> #10
k ("k") -> #11
k ("k") -> #11
l ("l") -> #12
o ("o") -> #12
l ("l") -> #12
o ("o") -> #12
numbers ("numbers") -> #13
numbers ("numbers") -> #13
n ("n") -> #14
n ("n") -> #14
mixed ("mixed") -> #15
mixed ("mixed") -> #15
n ("n") -> #16
n ("n") -> #16
noNumbers ("noNumbers") -> #17
noNumbers ("noNumbers") -> #17
n ("n") -> #18
n ("n") -> #18
first ("first") -> #19
rest ("rest") -> #19
first ("first") -> #19
rest ("rest") -> #19
n ("n") -> #20
n ("n") -> #20
q ("q") -> #21
q ("q") -> #21
p ("p") -> #22
p ("p") -> #22
r ("r") -> #23
r ("r") -> #23
u ("u") -> #24
u ("u") -> #24
twelve ("twelve") -> #2
f ("f") -> #25
f ("f") -> #25
i ("i") -> #26
i ("i") -> #26
eleven ("eleven") -> #2
o ("o") -> #27
o ("o") -> #27
n ("n") -> #28
n ("n") -> #28
x ("x") -> #29
undefined ("undefined") -> #29
x ("x") -> #29
x ("x") -> #30
y ("y") -> #30
z ("z") -> #30
