Top level: #2
Unresolved: #1
x ("x") -> #2
y ("y") -> #2
z ("z") -> #2
C ("C") -> #2
x ("x") -> #2
z ("z") -> #2
y ("y") -> #2
z ("z") -> #2
c ("c") -> #2
C ("C") -> #2
assert ("assert") -> #1
c ("c") -> #2
assert ("assert") -> #1
c ("c") -> #2
assert ("assert") -> #1
Object ("Object") -> #1
c ("c") -> #2
assert ("assert") -> #1
Object ("Object") -> #1
c ("c") -> #2
