Top level: ScopeId(2)
Unresolved: ScopeId(1)
baseCtorCalled ("baseCtorCalled") -> ScopeId(2)
fieldInitCalled ("fieldInitCalled") -> ScopeId(2)
Base ("Base") -> ScopeId(2)
baseCtorCalled ("baseCtorCalled") -> ScopeId(2)
C ("C") -> ScopeId(2)
fieldInitCalled ("fieldInitCalled") -> ScopeId(2)
assert ("assert") -> ScopeId(1)
baseCtorCalled ("baseCtorCalled") -> ScopeId(2)
assert ("assert") -> ScopeId(1)
fieldInitCalled ("fieldInitCalled") -> ScopeId(2)
assert ("assert") -> ScopeId(1)
baseCtorCalled ("baseCtorCalled") -> ScopeId(2)
assert ("assert") -> ScopeId(1)
fieldInitCalled ("fieldInitCalled") -> ScopeId(2)
assert ("assert") -> ScopeId(1)
ReferenceError ("ReferenceError") -> ScopeId(1)
Base ("Base") -> ScopeId(2)
C ("C") -> ScopeId(2)
assert ("assert") -> ScopeId(1)
baseCtorCalled ("baseCtorCalled") -> ScopeId(2)
assert ("assert") -> ScopeId(1)
fieldInitCalled ("fieldInitCalled") -> ScopeId(2)
