Top level: #2
Unresolved: #1
TypeScript ("TypeScript") -> #2
CompilerDiagnostics ("CompilerDiagnostics") -> #3
debug ("debug") -> #4
IDiagnosticWriter ("IDiagnosticWriter") -> #4
Alert ("Alert") -> #0
output ("output") -> #1
diagnosticWriter ("diagnosticWriter") -> #4
IDiagnosticWriter ("IDiagnosticWriter") -> #4
analysisPass ("analysisPass") -> #4
Alert ("Alert") -> #4
output ("output") -> #5
diagnosticWriter ("diagnosticWriter") -> #4
diagnosticWriter ("diagnosticWriter") -> #4
output ("output") -> #5
debugPrint ("debugPrint") -> #4
s ("s") -> #7
debug ("debug") -> #4
Alert ("Alert") -> #4
s ("s") -> #7
assert ("assert") -> #4
condition ("condition") -> #9
s ("s") -> #9
debug ("debug") -> #4
condition ("condition") -> #9
Alert ("Alert") -> #4
s ("s") -> #9
ILogger ("ILogger") -> #3
information ("information") -> #0
debug ("debug") -> #0
warning ("warning") -> #0
error ("error") -> #0
fatal ("fatal") -> #0
log ("log") -> #0
s ("s") -> #1
NullLogger ("NullLogger") -> #3
s ("s") -> #17
ILogger ("ILogger") -> #3
LoggerAdapter ("LoggerAdapter") -> #3
logger ("logger") -> #18
ILogger ("ILogger") -> #3
s ("s") -> #24
s ("s") -> #24
ILogger ("ILogger") -> #3
BufferedLogger ("BufferedLogger") -> #3
s ("s") -> #30
s ("s") -> #30
ILogger ("ILogger") -> #3
timeFunction ("timeFunction") -> #3
logger ("logger") -> #31
ILogger ("ILogger") -> #3
funcDescription ("funcDescription") -> #31
func ("func") -> #31
start ("start") -> #31
Date ("Date") -> #1
result ("result") -> #31
func ("func") -> #31
end ("end") -> #31
Date ("Date") -> #1
logger ("logger") -> #31
funcDescription ("funcDescription") -> #31
end ("end") -> #31
start ("start") -> #31
result ("result") -> #31
stringToLiteral ("stringToLiteral") -> #3
value ("value") -> #32
length ("length") -> #32
result ("result") -> #32
addChar ("addChar") -> #32
index ("index") -> #33
ch ("ch") -> #33
value ("value") -> #32
index ("index") -> #33
ch ("ch") -> #33
result ("result") -> #32
result ("result") -> #32
result ("result") -> #32
result ("result") -> #32
result ("result") -> #32
result ("result") -> #32
result ("result") -> #32
result ("result") -> #32
result ("result") -> #32
value ("value") -> #32
index ("index") -> #33
tooLong ("tooLong") -> #32
value ("value") -> #32
length ("length") -> #32
tooLong ("tooLong") -> #32
mid ("mid") -> #32
length ("length") -> #32
i ("i") -> #32
i ("i") -> #32
mid ("mid") -> #32
i ("i") -> #32
addChar ("addChar") -> #32
i ("i") -> #32
result ("result") -> #32
i ("i") -> #32
value ("value") -> #32
mid ("mid") -> #32
i ("i") -> #32
value ("value") -> #32
i ("i") -> #32
addChar ("addChar") -> #32
i ("i") -> #32
length ("length") -> #32
value ("value") -> #32
i ("i") -> #32
i ("i") -> #32
length ("length") -> #32
i ("i") -> #32
addChar ("addChar") -> #32
i ("i") -> #32
result ("result") -> #32
