Top level: #2
Unresolved: #1
TypeScript ("TypeScript") -> #2
IAstWalker ("IAstWalker") -> #3
walk ("walk") -> #0
ast ("ast") -> #1
AST ("AST") -> #1
parent ("parent") -> #1
AST ("AST") -> #1
AST ("AST") -> #1
options ("options") -> #0
AstWalkOptions ("AstWalkOptions") -> #3
state ("state") -> #0
AstWalkOptions ("AstWalkOptions") -> #3
stop ("stop") -> #4
stop ("stop") -> #4
stop ("stop") -> #4
IAstWalkCallback ("IAstWalkCallback") -> #3
ast ("ast") -> #1
AST ("AST") -> #1
parent ("parent") -> #1
AST ("AST") -> #1
walker ("walker") -> #1
IAstWalker ("IAstWalker") -> #3
AST ("AST") -> #1
IAstWalkChildren ("IAstWalkChildren") -> #3
preAst ("preAst") -> #1
AST ("AST") -> #1
parent ("parent") -> #1
AST ("AST") -> #1
walker ("walker") -> #1
IAstWalker ("IAstWalker") -> #3
AstWalker ("AstWalker") -> #3
childrenWalkers ("childrenWalkers") -> #5
IAstWalkChildren ("IAstWalkChildren") -> #3
pre ("pre") -> #5
IAstWalkCallback ("IAstWalkCallback") -> #3
post ("post") -> #5
IAstWalkCallback ("IAstWalkCallback") -> #3
options ("options") -> #5
AstWalkOptions ("AstWalkOptions") -> #3
state ("state") -> #5
ast ("ast") -> #6
AST ("AST") -> #1
parent ("parent") -> #6
AST ("AST") -> #1
preAst ("preAst") -> #6
ast ("ast") -> #6
parent ("parent") -> #6
preAst ("preAst") -> #6
undefined ("undefined") -> #1
preAst ("preAst") -> #6
ast ("ast") -> #6
svGoSib ("svGoSib") -> #6
ast ("ast") -> #6
ast ("ast") -> #6
parent ("parent") -> #6
svGoSib ("svGoSib") -> #6
postAst ("postAst") -> #6
preAst ("preAst") -> #6
parent ("parent") -> #6
postAst ("postAst") -> #6
undefined ("undefined") -> #1
postAst ("postAst") -> #6
preAst ("preAst") -> #6
postAst ("postAst") -> #6
preAst ("preAst") -> #6
AST ("AST") -> #1
IAstWalker ("IAstWalker") -> #3
AstWalkerFactory ("AstWalkerFactory") -> #3
IAstWalkChildren ("IAstWalkChildren") -> #3
ast ("ast") -> #14
AST ("AST") -> #1
pre ("pre") -> #14
IAstWalkCallback ("IAstWalkCallback") -> #3
post ("post") -> #14
IAstWalkCallback ("IAstWalkCallback") -> #3
options ("options") -> #14
AstWalkOptions ("AstWalkOptions") -> #3
state ("state") -> #14
pre ("pre") -> #14
post ("post") -> #14
options ("options") -> #14
state ("state") -> #14
ast ("ast") -> #14
AST ("AST") -> #1
pre ("pre") -> #15
IAstWalkCallback ("IAstWalkCallback") -> #3
post ("post") -> #15
IAstWalkCallback ("IAstWalkCallback") -> #3
options ("options") -> #15
AstWalkOptions ("AstWalkOptions") -> #3
state ("state") -> #15
pre ("pre") -> #15
post ("post") -> #15
options ("options") -> #15
state ("state") -> #15
IAstWalker ("IAstWalker") -> #3
pre ("pre") -> #16
IAstWalkCallback ("IAstWalkCallback") -> #3
post ("post") -> #16
IAstWalkCallback ("IAstWalkCallback") -> #3
options ("options") -> #16
AstWalkOptions ("AstWalkOptions") -> #3
state ("state") -> #16
options ("options") -> #16
options ("options") -> #16
AstWalkOptions ("AstWalkOptions") -> #3
AstWalker ("AstWalker") -> #3
pre ("pre") -> #16
post ("post") -> #16
options ("options") -> #16
state ("state") -> #16
IAstWalker ("IAstWalker") -> #3
NodeType ("NodeType") -> #1
ChildrenWalkers ("ChildrenWalkers") -> #3
NodeType ("NodeType") -> #1
ChildrenWalkers ("ChildrenWalkers") -> #3
NodeType ("NodeType") -> #1
ChildrenWalkers ("ChildrenWalkers") -> #3
NodeType ("NodeType") -> #1
ChildrenWalkers ("ChildrenWalkers") -> #3
NodeType ("NodeType") -> #1
ChildrenWalkers ("ChildrenWalkers") -> #3
NodeType ("NodeType") -> #1
ChildrenWalkers ("ChildrenWalkers") -> #3
NodeType ("NodeType") -> #1
ChildrenWalkers ("ChildrenWalkers") -> #3
NodeType ("NodeType") -> #1
ChildrenWalkers ("ChildrenWalkers") -> #3
NodeType ("NodeType") -> #1
ChildrenWalkers ("ChildrenWalkers") -> #3
NodeType ("NodeType") -> #1
ChildrenWalkers ("ChildrenWalkers") -> #3
NodeType ("NodeType") -> #1
ChildrenWalkers ("ChildrenWalkers") -> #3
NodeType ("NodeType") -> #1
ChildrenWalkers ("ChildrenWalkers") -> #3
NodeType ("NodeType") -> #1
ChildrenWalkers ("ChildrenWalkers") -> #3
NodeType ("NodeType") -> #1
ChildrenWalkers ("ChildrenWalkers") -> #3
NodeType ("NodeType") -> #1
ChildrenWalkers ("ChildrenWalkers") -> #3
NodeType ("NodeType") -> #1
ChildrenWalkers ("ChildrenWalkers") -> #3
NodeType ("NodeType") -> #1
ChildrenWalkers ("ChildrenWalkers") -> #3
NodeType ("NodeType") -> #1
ChildrenWalkers ("ChildrenWalkers") -> #3
NodeType ("NodeType") -> #1
ChildrenWalkers ("ChildrenWalkers") -> #3
NodeType ("NodeType") -> #1
ChildrenWalkers ("ChildrenWalkers") -> #3
NodeType ("NodeType") -> #1
ChildrenWalkers ("ChildrenWalkers") -> #3
NodeType ("NodeType") -> #1
ChildrenWalkers ("ChildrenWalkers") -> #3
NodeType ("NodeType") -> #1
ChildrenWalkers ("ChildrenWalkers") -> #3
NodeType ("NodeType") -> #1
ChildrenWalkers ("ChildrenWalkers") -> #3
NodeType ("NodeType") -> #1
ChildrenWalkers ("ChildrenWalkers") -> #3
NodeType ("NodeType") -> #1
ChildrenWalkers ("ChildrenWalkers") -> #3
NodeType ("NodeType") -> #1
ChildrenWalkers ("ChildrenWalkers") -> #3
NodeType ("NodeType") -> #1
ChildrenWalkers ("ChildrenWalkers") -> #3
NodeType ("NodeType") -> #1
ChildrenWalkers ("ChildrenWalkers") -> #3
NodeType ("NodeType") -> #1
ChildrenWalkers ("ChildrenWalkers") -> #3
NodeType ("NodeType") -> #1
ChildrenWalkers ("ChildrenWalkers") -> #3
NodeType ("NodeType") -> #1
ChildrenWalkers ("ChildrenWalkers") -> #3
NodeType ("NodeType") -> #1
ChildrenWalkers ("ChildrenWalkers") -> #3
NodeType ("NodeType") -> #1
ChildrenWalkers ("ChildrenWalkers") -> #3
NodeType ("NodeType") -> #1
ChildrenWalkers ("ChildrenWalkers") -> #3
NodeType ("NodeType") -> #1
ChildrenWalkers ("ChildrenWalkers") -> #3
NodeType ("NodeType") -> #1
ChildrenWalkers ("ChildrenWalkers") -> #3
NodeType ("NodeType") -> #1
ChildrenWalkers ("ChildrenWalkers") -> #3
NodeType ("NodeType") -> #1
ChildrenWalkers ("ChildrenWalkers") -> #3
NodeType ("NodeType") -> #1
ChildrenWalkers ("ChildrenWalkers") -> #3
NodeType ("NodeType") -> #1
ChildrenWalkers ("ChildrenWalkers") -> #3
NodeType ("NodeType") -> #1
ChildrenWalkers ("ChildrenWalkers") -> #3
NodeType ("NodeType") -> #1
ChildrenWalkers ("ChildrenWalkers") -> #3
NodeType ("NodeType") -> #1
ChildrenWalkers ("ChildrenWalkers") -> #3
NodeType ("NodeType") -> #1
ChildrenWalkers ("ChildrenWalkers") -> #3
NodeType ("NodeType") -> #1
ChildrenWalkers ("ChildrenWalkers") -> #3
NodeType ("NodeType") -> #1
ChildrenWalkers ("ChildrenWalkers") -> #3
NodeType ("NodeType") -> #1
ChildrenWalkers ("ChildrenWalkers") -> #3
NodeType ("NodeType") -> #1
ChildrenWalkers ("ChildrenWalkers") -> #3
NodeType ("NodeType") -> #1
ChildrenWalkers ("ChildrenWalkers") -> #3
NodeType ("NodeType") -> #1
ChildrenWalkers ("ChildrenWalkers") -> #3
NodeType ("NodeType") -> #1
ChildrenWalkers ("ChildrenWalkers") -> #3
NodeType ("NodeType") -> #1
ChildrenWalkers ("ChildrenWalkers") -> #3
NodeType ("NodeType") -> #1
ChildrenWalkers ("ChildrenWalkers") -> #3
NodeType ("NodeType") -> #1
ChildrenWalkers ("ChildrenWalkers") -> #3
NodeType ("NodeType") -> #1
ChildrenWalkers ("ChildrenWalkers") -> #3
NodeType ("NodeType") -> #1
ChildrenWalkers ("ChildrenWalkers") -> #3
NodeType ("NodeType") -> #1
ChildrenWalkers ("ChildrenWalkers") -> #3
NodeType ("NodeType") -> #1
ChildrenWalkers ("ChildrenWalkers") -> #3
NodeType ("NodeType") -> #1
ChildrenWalkers ("ChildrenWalkers") -> #3
NodeType ("NodeType") -> #1
ChildrenWalkers ("ChildrenWalkers") -> #3
NodeType ("NodeType") -> #1
ChildrenWalkers ("ChildrenWalkers") -> #3
NodeType ("NodeType") -> #1
ChildrenWalkers ("ChildrenWalkers") -> #3
NodeType ("NodeType") -> #1
ChildrenWalkers ("ChildrenWalkers") -> #3
NodeType ("NodeType") -> #1
ChildrenWalkers ("ChildrenWalkers") -> #3
NodeType ("NodeType") -> #1
ChildrenWalkers ("ChildrenWalkers") -> #3
NodeType ("NodeType") -> #1
ChildrenWalkers ("ChildrenWalkers") -> #3
NodeType ("NodeType") -> #1
ChildrenWalkers ("ChildrenWalkers") -> #3
NodeType ("NodeType") -> #1
ChildrenWalkers ("ChildrenWalkers") -> #3
NodeType ("NodeType") -> #1
ChildrenWalkers ("ChildrenWalkers") -> #3
NodeType ("NodeType") -> #1
ChildrenWalkers ("ChildrenWalkers") -> #3
NodeType ("NodeType") -> #1
ChildrenWalkers ("ChildrenWalkers") -> #3
NodeType ("NodeType") -> #1
ChildrenWalkers ("ChildrenWalkers") -> #3
NodeType ("NodeType") -> #1
ChildrenWalkers ("ChildrenWalkers") -> #3
NodeType ("NodeType") -> #1
ChildrenWalkers ("ChildrenWalkers") -> #3
NodeType ("NodeType") -> #1
ChildrenWalkers ("ChildrenWalkers") -> #3
NodeType ("NodeType") -> #1
ChildrenWalkers ("ChildrenWalkers") -> #3
NodeType ("NodeType") -> #1
ChildrenWalkers ("ChildrenWalkers") -> #3
NodeType ("NodeType") -> #1
ChildrenWalkers ("ChildrenWalkers") -> #3
NodeType ("NodeType") -> #1
ChildrenWalkers ("ChildrenWalkers") -> #3
NodeType ("NodeType") -> #1
ChildrenWalkers ("ChildrenWalkers") -> #3
NodeType ("NodeType") -> #1
ChildrenWalkers ("ChildrenWalkers") -> #3
NodeType ("NodeType") -> #1
ChildrenWalkers ("ChildrenWalkers") -> #3
NodeType ("NodeType") -> #1
ChildrenWalkers ("ChildrenWalkers") -> #3
NodeType ("NodeType") -> #1
ChildrenWalkers ("ChildrenWalkers") -> #3
NodeType ("NodeType") -> #1
ChildrenWalkers ("ChildrenWalkers") -> #3
NodeType ("NodeType") -> #1
ChildrenWalkers ("ChildrenWalkers") -> #3
NodeType ("NodeType") -> #1
ChildrenWalkers ("ChildrenWalkers") -> #3
NodeType ("NodeType") -> #1
ChildrenWalkers ("ChildrenWalkers") -> #3
NodeType ("NodeType") -> #1
ChildrenWalkers ("ChildrenWalkers") -> #3
NodeType ("NodeType") -> #1
ChildrenWalkers ("ChildrenWalkers") -> #3
NodeType ("NodeType") -> #1
ChildrenWalkers ("ChildrenWalkers") -> #3
NodeType ("NodeType") -> #1
ChildrenWalkers ("ChildrenWalkers") -> #3
NodeType ("NodeType") -> #1
ChildrenWalkers ("ChildrenWalkers") -> #3
NodeType ("NodeType") -> #1
ChildrenWalkers ("ChildrenWalkers") -> #3
NodeType ("NodeType") -> #1
ChildrenWalkers ("ChildrenWalkers") -> #3
NodeType ("NodeType") -> #1
ChildrenWalkers ("ChildrenWalkers") -> #3
NodeType ("NodeType") -> #1
ChildrenWalkers ("ChildrenWalkers") -> #3
NodeType ("NodeType") -> #1
ChildrenWalkers ("ChildrenWalkers") -> #3
NodeType ("NodeType") -> #1
ChildrenWalkers ("ChildrenWalkers") -> #3
NodeType ("NodeType") -> #1
ChildrenWalkers ("ChildrenWalkers") -> #3
NodeType ("NodeType") -> #1
ChildrenWalkers ("ChildrenWalkers") -> #3
NodeType ("NodeType") -> #1
ChildrenWalkers ("ChildrenWalkers") -> #3
NodeType ("NodeType") -> #1
ChildrenWalkers ("ChildrenWalkers") -> #3
NodeType ("NodeType") -> #1
ChildrenWalkers ("ChildrenWalkers") -> #3
NodeType ("NodeType") -> #1
ChildrenWalkers ("ChildrenWalkers") -> #3
NodeType ("NodeType") -> #1
ChildrenWalkers ("ChildrenWalkers") -> #3
e ("e") -> #18
NodeType ("NodeType") -> #1
e ("e") -> #18
undefined ("undefined") -> #1
Error ("Error") -> #1
globalAstWalkerFactory ("globalAstWalkerFactory") -> #3
AstWalkerFactory ("AstWalkerFactory") -> #3
getAstWalkerFactory ("getAstWalkerFactory") -> #3
globalAstWalkerFactory ("globalAstWalkerFactory") -> #3
globalAstWalkerFactory ("globalAstWalkerFactory") -> #3
AstWalkerFactory ("AstWalkerFactory") -> #3
globalAstWalkerFactory ("globalAstWalkerFactory") -> #3
AstWalkerFactory ("AstWalkerFactory") -> #3
ChildrenWalkers ("ChildrenWalkers") -> #3
walkNone ("walkNone") -> #23
preAst ("preAst") -> #24
ASTList ("ASTList") -> #1
parent ("parent") -> #24
AST ("AST") -> #1
walker ("walker") -> #24
IAstWalker ("IAstWalker") -> #3
walkListChildren ("walkListChildren") -> #23
preAst ("preAst") -> #25
ASTList ("ASTList") -> #1
parent ("parent") -> #25
AST ("AST") -> #1
walker ("walker") -> #25
IAstWalker ("IAstWalker") -> #3
len ("len") -> #25
preAst ("preAst") -> #25
walker ("walker") -> #25
i ("i") -> #25
len ("len") -> #25
i ("i") -> #25
i ("i") -> #25
walker ("walker") -> #25
preAst ("preAst") -> #25
i ("i") -> #25
walker ("walker") -> #25
preAst ("preAst") -> #25
i ("i") -> #25
preAst ("preAst") -> #25
i ("i") -> #25
i ("i") -> #25
len ("len") -> #25
i ("i") -> #25
walker ("walker") -> #25
preAst ("preAst") -> #25
i ("i") -> #25
walker ("walker") -> #25
preAst ("preAst") -> #25
i ("i") -> #25
preAst ("preAst") -> #25
walkUnaryExpressionChildren ("walkUnaryExpressionChildren") -> #23
preAst ("preAst") -> #32
UnaryExpression ("UnaryExpression") -> #1
parent ("parent") -> #32
AST ("AST") -> #1
walker ("walker") -> #32
IAstWalker ("IAstWalker") -> #3
preAst ("preAst") -> #32
preAst ("preAst") -> #32
walker ("walker") -> #32
preAst ("preAst") -> #32
preAst ("preAst") -> #32
preAst ("preAst") -> #32
preAst ("preAst") -> #32
walker ("walker") -> #32
preAst ("preAst") -> #32
preAst ("preAst") -> #32
walkBinaryExpressionChildren ("walkBinaryExpressionChildren") -> #23
preAst ("preAst") -> #35
BinaryExpression ("BinaryExpression") -> #1
parent ("parent") -> #35
AST ("AST") -> #1
walker ("walker") -> #35
IAstWalker ("IAstWalker") -> #3
walker ("walker") -> #35
preAst ("preAst") -> #35
preAst ("preAst") -> #35
walker ("walker") -> #35
preAst ("preAst") -> #35
preAst ("preAst") -> #35
preAst ("preAst") -> #35
walker ("walker") -> #35
preAst ("preAst") -> #35
walker ("walker") -> #35
preAst ("preAst") -> #35
preAst ("preAst") -> #35
preAst ("preAst") -> #35
preAst ("preAst") -> #35
walker ("walker") -> #35
preAst ("preAst") -> #35
preAst ("preAst") -> #35
preAst ("preAst") -> #35
walker ("walker") -> #35
preAst ("preAst") -> #35
walker ("walker") -> #35
preAst ("preAst") -> #35
preAst ("preAst") -> #35
walkTypeReferenceChildren ("walkTypeReferenceChildren") -> #23
preAst ("preAst") -> #42
TypeReference ("TypeReference") -> #1
parent ("parent") -> #42
AST ("AST") -> #1
walker ("walker") -> #42
IAstWalker ("IAstWalker") -> #3
preAst ("preAst") -> #42
preAst ("preAst") -> #42
walker ("walker") -> #42
preAst ("preAst") -> #42
preAst ("preAst") -> #42
walkCallExpressionChildren ("walkCallExpressionChildren") -> #23
preAst ("preAst") -> #44
CallExpression ("CallExpression") -> #1
parent ("parent") -> #44
AST ("AST") -> #1
walker ("walker") -> #44
IAstWalker ("IAstWalker") -> #3
walker ("walker") -> #44
preAst ("preAst") -> #44
walker ("walker") -> #44
preAst ("preAst") -> #44
preAst ("preAst") -> #44
preAst ("preAst") -> #44
walker ("walker") -> #44
preAst ("preAst") -> #44
walker ("walker") -> #44
preAst ("preAst") -> #44
preAst ("preAst") -> #44
ASTList ("ASTList") -> #1
walker ("walker") -> #44
walker ("walker") -> #44
preAst ("preAst") -> #44
walker ("walker") -> #44
preAst ("preAst") -> #44
preAst ("preAst") -> #44
walkTrinaryExpressionChildren ("walkTrinaryExpressionChildren") -> #23
preAst ("preAst") -> #48
ConditionalExpression ("ConditionalExpression") -> #1
parent ("parent") -> #48
AST ("AST") -> #1
walker ("walker") -> #48
IAstWalker ("IAstWalker") -> #3
preAst ("preAst") -> #48
preAst ("preAst") -> #48
walker ("walker") -> #48
preAst ("preAst") -> #48
preAst ("preAst") -> #48
preAst ("preAst") -> #48
walker ("walker") -> #48
preAst ("preAst") -> #48
walker ("walker") -> #48
preAst ("preAst") -> #48
preAst ("preAst") -> #48
preAst ("preAst") -> #48
walker ("walker") -> #48
preAst ("preAst") -> #48
walker ("walker") -> #48
preAst ("preAst") -> #48
preAst ("preAst") -> #48
walkFuncDeclChildren ("walkFuncDeclChildren") -> #23
preAst ("preAst") -> #52
FuncDecl ("FuncDecl") -> #1
parent ("parent") -> #52
AST ("AST") -> #1
walker ("walker") -> #52
IAstWalker ("IAstWalker") -> #3
preAst ("preAst") -> #52
preAst ("preAst") -> #52
walker ("walker") -> #52
preAst ("preAst") -> #52
preAst ("preAst") -> #52
Identifier ("Identifier") -> #1
preAst ("preAst") -> #52
preAst ("preAst") -> #52
walker ("walker") -> #52
preAst ("preAst") -> #52
walker ("walker") -> #52
preAst ("preAst") -> #52
preAst ("preAst") -> #52
ASTList ("ASTList") -> #1
preAst ("preAst") -> #52
walker ("walker") -> #52
preAst ("preAst") -> #52
walker ("walker") -> #52
preAst ("preAst") -> #52
preAst ("preAst") -> #52
preAst ("preAst") -> #52
preAst ("preAst") -> #52
walker ("walker") -> #52
preAst ("preAst") -> #52
walker ("walker") -> #52
preAst ("preAst") -> #52
preAst ("preAst") -> #52
ASTList ("ASTList") -> #1
walkBoundDeclChildren ("walkBoundDeclChildren") -> #23
preAst ("preAst") -> #57
BoundDecl ("BoundDecl") -> #1
parent ("parent") -> #57
AST ("AST") -> #1
walker ("walker") -> #57
IAstWalker ("IAstWalker") -> #3
preAst ("preAst") -> #57
preAst ("preAst") -> #57
walker ("walker") -> #57
preAst ("preAst") -> #57
preAst ("preAst") -> #57
Identifier ("Identifier") -> #1
preAst ("preAst") -> #57
preAst ("preAst") -> #57
walker ("walker") -> #57
preAst ("preAst") -> #57
preAst ("preAst") -> #57
preAst ("preAst") -> #57
walker ("walker") -> #57
preAst ("preAst") -> #57
walker ("walker") -> #57
preAst ("preAst") -> #57
preAst ("preAst") -> #57
walkReturnStatementChildren ("walkReturnStatementChildren") -> #23
preAst ("preAst") -> #61
ReturnStatement ("ReturnStatement") -> #1
parent ("parent") -> #61
AST ("AST") -> #1
walker ("walker") -> #61
IAstWalker ("IAstWalker") -> #3
preAst ("preAst") -> #61
preAst ("preAst") -> #61
walker ("walker") -> #61
preAst ("preAst") -> #61
preAst ("preAst") -> #61
walkForStatementChildren ("walkForStatementChildren") -> #23
preAst ("preAst") -> #63
ForStatement ("ForStatement") -> #1
parent ("parent") -> #63
AST ("AST") -> #1
walker ("walker") -> #63
IAstWalker ("IAstWalker") -> #3
preAst ("preAst") -> #63
preAst ("preAst") -> #63
walker ("walker") -> #63
preAst ("preAst") -> #63
preAst ("preAst") -> #63
preAst ("preAst") -> #63
walker ("walker") -> #63
preAst ("preAst") -> #63
walker ("walker") -> #63
preAst ("preAst") -> #63
preAst ("preAst") -> #63
preAst ("preAst") -> #63
walker ("walker") -> #63
preAst ("preAst") -> #63
walker ("walker") -> #63
preAst ("preAst") -> #63
preAst ("preAst") -> #63
preAst ("preAst") -> #63
walker ("walker") -> #63
preAst ("preAst") -> #63
walker ("walker") -> #63
preAst ("preAst") -> #63
preAst ("preAst") -> #63
walkForInStatementChildren ("walkForInStatementChildren") -> #23
preAst ("preAst") -> #68
ForInStatement ("ForInStatement") -> #1
parent ("parent") -> #68
AST ("AST") -> #1
walker ("walker") -> #68
IAstWalker ("IAstWalker") -> #3
preAst ("preAst") -> #68
walker ("walker") -> #68
preAst ("preAst") -> #68
preAst ("preAst") -> #68
walker ("walker") -> #68
preAst ("preAst") -> #68
walker ("walker") -> #68
preAst ("preAst") -> #68
preAst ("preAst") -> #68
preAst ("preAst") -> #68
walker ("walker") -> #68
preAst ("preAst") -> #68
walker ("walker") -> #68
preAst ("preAst") -> #68
preAst ("preAst") -> #68
walkIfStatementChildren ("walkIfStatementChildren") -> #23
preAst ("preAst") -> #71
IfStatement ("IfStatement") -> #1
parent ("parent") -> #71
AST ("AST") -> #1
walker ("walker") -> #71
IAstWalker ("IAstWalker") -> #3
preAst ("preAst") -> #71
walker ("walker") -> #71
preAst ("preAst") -> #71
preAst ("preAst") -> #71
preAst ("preAst") -> #71
walker ("walker") -> #71
preAst ("preAst") -> #71
walker ("walker") -> #71
preAst ("preAst") -> #71
preAst ("preAst") -> #71
preAst ("preAst") -> #71
walker ("walker") -> #71
preAst ("preAst") -> #71
walker ("walker") -> #71
preAst ("preAst") -> #71
preAst ("preAst") -> #71
walkWhileStatementChildren ("walkWhileStatementChildren") -> #23
preAst ("preAst") -> #74
WhileStatement ("WhileStatement") -> #1
parent ("parent") -> #74
AST ("AST") -> #1
walker ("walker") -> #74
IAstWalker ("IAstWalker") -> #3
preAst ("preAst") -> #74
walker ("walker") -> #74
preAst ("preAst") -> #74
preAst ("preAst") -> #74
preAst ("preAst") -> #74
walker ("walker") -> #74
preAst ("preAst") -> #74
walker ("walker") -> #74
preAst ("preAst") -> #74
preAst ("preAst") -> #74
walkDoWhileStatementChildren ("walkDoWhileStatementChildren") -> #23
preAst ("preAst") -> #76
DoWhileStatement ("DoWhileStatement") -> #1
parent ("parent") -> #76
AST ("AST") -> #1
walker ("walker") -> #76
IAstWalker ("IAstWalker") -> #3
preAst ("preAst") -> #76
walker ("walker") -> #76
preAst ("preAst") -> #76
preAst ("preAst") -> #76
preAst ("preAst") -> #76
walker ("walker") -> #76
preAst ("preAst") -> #76
walker ("walker") -> #76
preAst ("preAst") -> #76
preAst ("preAst") -> #76
walkBlockChildren ("walkBlockChildren") -> #23
preAst ("preAst") -> #78
Block ("Block") -> #1
parent ("parent") -> #78
AST ("AST") -> #1
walker ("walker") -> #78
IAstWalker ("IAstWalker") -> #3
preAst ("preAst") -> #78
preAst ("preAst") -> #78
walker ("walker") -> #78
preAst ("preAst") -> #78
preAst ("preAst") -> #78
ASTList ("ASTList") -> #1
walkCaseStatementChildren ("walkCaseStatementChildren") -> #23
preAst ("preAst") -> #80
CaseStatement ("CaseStatement") -> #1
parent ("parent") -> #80
AST ("AST") -> #1
walker ("walker") -> #80
IAstWalker ("IAstWalker") -> #3
preAst ("preAst") -> #80
preAst ("preAst") -> #80
walker ("walker") -> #80
preAst ("preAst") -> #80
preAst ("preAst") -> #80
preAst ("preAst") -> #80
walker ("walker") -> #80
preAst ("preAst") -> #80
walker ("walker") -> #80
preAst ("preAst") -> #80
preAst ("preAst") -> #80
ASTList ("ASTList") -> #1
walkSwitchStatementChildren ("walkSwitchStatementChildren") -> #23
preAst ("preAst") -> #83
SwitchStatement ("SwitchStatement") -> #1
parent ("parent") -> #83
AST ("AST") -> #1
walker ("walker") -> #83
IAstWalker ("IAstWalker") -> #3
preAst ("preAst") -> #83
preAst ("preAst") -> #83
walker ("walker") -> #83
preAst ("preAst") -> #83
preAst ("preAst") -> #83
preAst ("preAst") -> #83
walker ("walker") -> #83
preAst ("preAst") -> #83
walker ("walker") -> #83
preAst ("preAst") -> #83
preAst ("preAst") -> #83
ASTList ("ASTList") -> #1
walkTryChildren ("walkTryChildren") -> #23
preAst ("preAst") -> #86
Try ("Try") -> #1
parent ("parent") -> #86
AST ("AST") -> #1
walker ("walker") -> #86
IAstWalker ("IAstWalker") -> #3
preAst ("preAst") -> #86
preAst ("preAst") -> #86
walker ("walker") -> #86
preAst ("preAst") -> #86
preAst ("preAst") -> #86
walkTryCatchChildren ("walkTryCatchChildren") -> #23
preAst ("preAst") -> #88
TryCatch ("TryCatch") -> #1
parent ("parent") -> #88
AST ("AST") -> #1
walker ("walker") -> #88
IAstWalker ("IAstWalker") -> #3
preAst ("preAst") -> #88
preAst ("preAst") -> #88
walker ("walker") -> #88
preAst ("preAst") -> #88
preAst ("preAst") -> #88
Try ("Try") -> #1
preAst ("preAst") -> #88
walker ("walker") -> #88
preAst ("preAst") -> #88
walker ("walker") -> #88
preAst ("preAst") -> #88
preAst ("preAst") -> #88
Catch ("Catch") -> #1
walkTryFinallyChildren ("walkTryFinallyChildren") -> #23
preAst ("preAst") -> #91
TryFinally ("TryFinally") -> #1
parent ("parent") -> #91
AST ("AST") -> #1
walker ("walker") -> #91
IAstWalker ("IAstWalker") -> #3
preAst ("preAst") -> #91
preAst ("preAst") -> #91
walker ("walker") -> #91
preAst ("preAst") -> #91
preAst ("preAst") -> #91
preAst ("preAst") -> #91
walker ("walker") -> #91
preAst ("preAst") -> #91
walker ("walker") -> #91
preAst ("preAst") -> #91
preAst ("preAst") -> #91
Finally ("Finally") -> #1
walkFinallyChildren ("walkFinallyChildren") -> #23
preAst ("preAst") -> #94
Finally ("Finally") -> #1
parent ("parent") -> #94
AST ("AST") -> #1
walker ("walker") -> #94
IAstWalker ("IAstWalker") -> #3
preAst ("preAst") -> #94
preAst ("preAst") -> #94
walker ("walker") -> #94
preAst ("preAst") -> #94
preAst ("preAst") -> #94
walkCatchChildren ("walkCatchChildren") -> #23
preAst ("preAst") -> #96
Catch ("Catch") -> #1
parent ("parent") -> #96
AST ("AST") -> #1
walker ("walker") -> #96
IAstWalker ("IAstWalker") -> #3
preAst ("preAst") -> #96
preAst ("preAst") -> #96
walker ("walker") -> #96
preAst ("preAst") -> #96
preAst ("preAst") -> #96
VarDecl ("VarDecl") -> #1
preAst ("preAst") -> #96
walker ("walker") -> #96
preAst ("preAst") -> #96
walker ("walker") -> #96
preAst ("preAst") -> #96
preAst ("preAst") -> #96
walkRecordChildren ("walkRecordChildren") -> #23
preAst ("preAst") -> #99
NamedDeclaration ("NamedDeclaration") -> #1
parent ("parent") -> #99
AST ("AST") -> #1
walker ("walker") -> #99
IAstWalker ("IAstWalker") -> #3
preAst ("preAst") -> #99
walker ("walker") -> #99
preAst ("preAst") -> #99
preAst ("preAst") -> #99
Identifier ("Identifier") -> #1
walker ("walker") -> #99
preAst ("preAst") -> #99
preAst ("preAst") -> #99
walker ("walker") -> #99
preAst ("preAst") -> #99
preAst ("preAst") -> #99
ASTList ("ASTList") -> #1
walkNamedTypeChildren ("walkNamedTypeChildren") -> #23
preAst ("preAst") -> #101
TypeDeclaration ("TypeDeclaration") -> #1
parent ("parent") -> #101
AST ("AST") -> #1
walker ("walker") -> #101
IAstWalker ("IAstWalker") -> #3
walkRecordChildren ("walkRecordChildren") -> #23
preAst ("preAst") -> #101
parent ("parent") -> #101
walker ("walker") -> #101
walkClassDeclChildren ("walkClassDeclChildren") -> #23
preAst ("preAst") -> #102
ClassDeclaration ("ClassDeclaration") -> #1
parent ("parent") -> #102
AST ("AST") -> #1
walker ("walker") -> #102
IAstWalker ("IAstWalker") -> #3
walkNamedTypeChildren ("walkNamedTypeChildren") -> #23
preAst ("preAst") -> #102
parent ("parent") -> #102
walker ("walker") -> #102
walker ("walker") -> #102
preAst ("preAst") -> #102
preAst ("preAst") -> #102
walker ("walker") -> #102
preAst ("preAst") -> #102
preAst ("preAst") -> #102
ASTList ("ASTList") -> #1
walker ("walker") -> #102
preAst ("preAst") -> #102
preAst ("preAst") -> #102
walker ("walker") -> #102
preAst ("preAst") -> #102
preAst ("preAst") -> #102
ASTList ("ASTList") -> #1
walkScriptChildren ("walkScriptChildren") -> #23
preAst ("preAst") -> #105
Script ("Script") -> #1
parent ("parent") -> #105
AST ("AST") -> #1
walker ("walker") -> #105
IAstWalker ("IAstWalker") -> #3
preAst ("preAst") -> #105
preAst ("preAst") -> #105
walker ("walker") -> #105
preAst ("preAst") -> #105
preAst ("preAst") -> #105
ASTList ("ASTList") -> #1
walkTypeDeclChildren ("walkTypeDeclChildren") -> #23
preAst ("preAst") -> #107
InterfaceDeclaration ("InterfaceDeclaration") -> #1
parent ("parent") -> #107
AST ("AST") -> #1
walker ("walker") -> #107
IAstWalker ("IAstWalker") -> #3
walkNamedTypeChildren ("walkNamedTypeChildren") -> #23
preAst ("preAst") -> #107
parent ("parent") -> #107
walker ("walker") -> #107
walker ("walker") -> #107
preAst ("preAst") -> #107
preAst ("preAst") -> #107
walker ("walker") -> #107
preAst ("preAst") -> #107
preAst ("preAst") -> #107
ASTList ("ASTList") -> #1
walker ("walker") -> #107
preAst ("preAst") -> #107
preAst ("preAst") -> #107
walker ("walker") -> #107
preAst ("preAst") -> #107
preAst ("preAst") -> #107
ASTList ("ASTList") -> #1
walkModuleDeclChildren ("walkModuleDeclChildren") -> #23
preAst ("preAst") -> #110
ModuleDeclaration ("ModuleDeclaration") -> #1
parent ("parent") -> #110
AST ("AST") -> #1
walker ("walker") -> #110
IAstWalker ("IAstWalker") -> #3
walkRecordChildren ("walkRecordChildren") -> #23
preAst ("preAst") -> #110
parent ("parent") -> #110
walker ("walker") -> #110
walkImportDeclChildren ("walkImportDeclChildren") -> #23
preAst ("preAst") -> #111
ImportDeclaration ("ImportDeclaration") -> #1
parent ("parent") -> #111
AST ("AST") -> #1
walker ("walker") -> #111
IAstWalker ("IAstWalker") -> #3
preAst ("preAst") -> #111
preAst ("preAst") -> #111
walker ("walker") -> #111
preAst ("preAst") -> #111
preAst ("preAst") -> #111
Identifier ("Identifier") -> #1
preAst ("preAst") -> #111
preAst ("preAst") -> #111
walker ("walker") -> #111
preAst ("preAst") -> #111
preAst ("preAst") -> #111
walkWithStatementChildren ("walkWithStatementChildren") -> #23
preAst ("preAst") -> #114
WithStatement ("WithStatement") -> #1
parent ("parent") -> #114
AST ("AST") -> #1
walker ("walker") -> #114
IAstWalker ("IAstWalker") -> #3
preAst ("preAst") -> #114
preAst ("preAst") -> #114
walker ("walker") -> #114
preAst ("preAst") -> #114
preAst ("preAst") -> #114
preAst ("preAst") -> #114
walker ("walker") -> #114
preAst ("preAst") -> #114
walker ("walker") -> #114
preAst ("preAst") -> #114
preAst ("preAst") -> #114
walkLabelChildren ("walkLabelChildren") -> #23
preAst ("preAst") -> #117
Label ("Label") -> #1
parent ("parent") -> #117
AST ("AST") -> #1
walker ("walker") -> #117
IAstWalker ("IAstWalker") -> #3
walkLabeledStatementChildren ("walkLabeledStatementChildren") -> #23
preAst ("preAst") -> #118
LabeledStatement ("LabeledStatement") -> #1
parent ("parent") -> #118
AST ("AST") -> #1
walker ("walker") -> #118
IAstWalker ("IAstWalker") -> #3
preAst ("preAst") -> #118
walker ("walker") -> #118
preAst ("preAst") -> #118
preAst ("preAst") -> #118
ASTList ("ASTList") -> #1
walker ("walker") -> #118
preAst ("preAst") -> #118
walker ("walker") -> #118
preAst ("preAst") -> #118
preAst ("preAst") -> #118
