Top level: #2
Unresolved: #1
xCls ("xCls") -> #3
x ("x") -> #4
Symbol ("Symbol") -> #1
cls ("cls") -> #3
Symbol ("Symbol") -> #1
xCls2 ("xCls2") -> #3
Symbol ("Symbol") -> #1
assert ("assert") -> #1
xCls ("xCls") -> #3
assert ("assert") -> #1
xCls2 ("xCls2") -> #3
assert ("assert") -> #1
cls ("cls") -> #3
verifyNotEnumerable ("verifyNotEnumerable") -> #1
cls ("cls") -> #3
verifyNotWritable ("verifyNotWritable") -> #1
cls ("cls") -> #3
verifyConfigurable ("verifyConfigurable") -> #1
cls ("cls") -> #3
