Top level: #2
Unresolved: #1
A ("A") -> #2
undefined ("undefined") -> #1
a ("a") -> #2
A ("A") -> #2
a ("a") -> #2
a ("a") -> #2
a ("a") -> #2
a ("a") -> #2
a ("a") -> #2
a ("a") -> #2
a ("a") -> #2
a ("a") -> #2
a ("a") -> #2
a ("a") -> #2
a ("a") -> #2
a ("a") -> #2
n ("n") -> #2
f ("f") -> #2
a ("a") -> #4
b ("b") -> #4
n ("n") -> #2
l ("l") -> #4
a ("a") -> #4
undefined ("undefined") -> #1
a ("a") -> #4
a ("a") -> #4
a ("a") -> #4
a ("a") -> #4
a ("a") -> #4
b ("b") -> #4
b ("b") -> #4
undefined ("undefined") -> #1
b ("b") -> #4
l ("l") -> #4
l ("l") -> #4
u ("u") -> #2
undefined ("undefined") -> #1
l ("l") -> #2
u ("u") -> #2
undefined ("undefined") -> #1
u ("u") -> #2
u ("u") -> #2
u ("u") -> #2
u ("u") -> #2
l ("l") -> #2
isUndef ("isUndef") -> #2
v ("v") -> #5
v ("v") -> #5
undefined ("undefined") -> #1
e ("e") -> #2
undefined ("undefined") -> #1
g ("g") -> #2
e ("e") -> #2
isUndef ("isUndef") -> #2
