Top level: ScopeId(2)
Unresolved: ScopeId(1)
obj ("obj") -> ScopeId(2)
sample ("sample") -> ScopeId(2)
obj ("obj") -> ScopeId(2)
sample ("sample") -> ScopeId(2)
assert ("assert") -> ScopeId(1)
Object ("Object") -> ScopeId(1)
obj ("obj") -> ScopeId(2)
Object ("Object") -> ScopeId(1)
assert ("assert") -> ScopeId(1)
obj ("obj") -> ScopeId(2)
assert ("assert") -> ScopeId(1)
obj ("obj") -> ScopeId(2)
sample ("sample") -> ScopeId(2)
obj ("obj") -> ScopeId(2)
assert ("assert") -> ScopeId(1)
Object ("Object") -> ScopeId(1)
obj ("obj") -> ScopeId(2)
Object ("Object") -> ScopeId(1)
assert ("assert") -> ScopeId(1)
obj ("obj") -> ScopeId(2)
assert ("assert") -> ScopeId(1)
obj ("obj") -> ScopeId(2)
obj ("obj") -> ScopeId(2)
undefined ("undefined") -> ScopeId(1)
assert ("assert") -> ScopeId(1)
Object ("Object") -> ScopeId(1)
obj ("obj") -> ScopeId(2)
Object ("Object") -> ScopeId(1)
assert ("assert") -> ScopeId(1)
obj ("obj") -> ScopeId(2)
assert ("assert") -> ScopeId(1)
obj ("obj") -> ScopeId(2)
undefined ("undefined") -> ScopeId(1)
func ("func") -> ScopeId(2)
obj ("obj") -> ScopeId(2)
func ("func") -> ScopeId(2)
assert ("assert") -> ScopeId(1)
Object ("Object") -> ScopeId(1)
obj ("obj") -> ScopeId(2)
Object ("Object") -> ScopeId(1)
assert ("assert") -> ScopeId(1)
obj ("obj") -> ScopeId(2)
assert ("assert") -> ScopeId(1)
obj ("obj") -> ScopeId(2)
func ("func") -> ScopeId(2)
symbol ("symbol") -> ScopeId(2)
Symbol ("Symbol") -> ScopeId(1)
obj ("obj") -> ScopeId(2)
symbol ("symbol") -> ScopeId(2)
assert ("assert") -> ScopeId(1)
Object ("Object") -> ScopeId(1)
obj ("obj") -> ScopeId(2)
Object ("Object") -> ScopeId(1)
assert ("assert") -> ScopeId(1)
obj ("obj") -> ScopeId(2)
assert ("assert") -> ScopeId(1)
obj ("obj") -> ScopeId(2)
symbol ("symbol") -> ScopeId(2)
obj ("obj") -> ScopeId(2)
assert ("assert") -> ScopeId(1)
Object ("Object") -> ScopeId(1)
obj ("obj") -> ScopeId(2)
Object ("Object") -> ScopeId(1)
assert ("assert") -> ScopeId(1)
obj ("obj") -> ScopeId(2)
assert ("assert") -> ScopeId(1)
obj ("obj") -> ScopeId(2)
obj ("obj") -> ScopeId(2)
assert ("assert") -> ScopeId(1)
Object ("Object") -> ScopeId(1)
obj ("obj") -> ScopeId(2)
Object ("Object") -> ScopeId(1)
assert ("assert") -> ScopeId(1)
obj ("obj") -> ScopeId(2)
assert ("assert") -> ScopeId(1)
obj ("obj") -> ScopeId(2)
obj ("obj") -> ScopeId(2)
assert ("assert") -> ScopeId(1)
Object ("Object") -> ScopeId(1)
obj ("obj") -> ScopeId(2)
Object ("Object") -> ScopeId(1)
assert ("assert") -> ScopeId(1)
obj ("obj") -> ScopeId(2)
assert ("assert") -> ScopeId(1)
obj ("obj") -> ScopeId(2)
