Top level: ScopeId(2)
Unresolved: ScopeId(1)
ranCatch ("ranCatch") -> ScopeId(2)
fn ("fn") -> ScopeId(4)
xFn ("xFn") -> ScopeId(4)
x ("x") -> ScopeId(6)
assert ("assert") -> ScopeId(1)
fn ("fn") -> ScopeId(4)
assert ("assert") -> ScopeId(1)
xFn ("xFn") -> ScopeId(4)
ranCatch ("ranCatch") -> ScopeId(2)
assert ("assert") -> ScopeId(1)
ranCatch ("ranCatch") -> ScopeId(2)
