Top level: ScopeId(2)
Unresolved: ScopeId(1)
processNode ("processNode") -> ScopeId(2)
node ("node") -> ScopeId(3)
index ("index") -> ScopeId(3)
parent ("parent") -> ScopeId(3)
pathNodes ("pathNodes") -> ScopeId(3)
children ("children") -> ScopeId(3)
node ("node") -> ScopeId(3)
node ("node") -> ScopeId(3)
mergeChildrenPropName ("mergeChildrenPropName") -> ScopeId(1)
dataNodes ("dataNodes") -> ScopeId(1)
pos ("pos") -> ScopeId(3)
node ("node") -> ScopeId(3)
getPosition ("getPosition") -> ScopeId(1)
parent ("parent") -> ScopeId(3)
index ("index") -> ScopeId(3)
connectNodes ("connectNodes") -> ScopeId(3)
node ("node") -> ScopeId(3)
pathNodes ("pathNodes") -> ScopeId(3)
node ("node") -> ScopeId(3)
node ("node") -> ScopeId(3)
key ("key") -> ScopeId(4)
syntheticGetKey ("syntheticGetKey") -> ScopeId(1)
node ("node") -> ScopeId(3)
pos ("pos") -> ScopeId(3)
data ("data") -> ScopeId(4)
node ("node") -> ScopeId(3)
index ("index") -> ScopeId(3)
pos ("pos") -> ScopeId(3)
key ("key") -> ScopeId(4)
parent ("parent") -> ScopeId(3)
parent ("parent") -> ScopeId(3)
parent ("parent") -> ScopeId(3)
connectNodes ("connectNodes") -> ScopeId(3)
callback ("callback") -> ScopeId(1)
data ("data") -> ScopeId(4)
children ("children") -> ScopeId(3)
children ("children") -> ScopeId(3)
subNode ("subNode") -> ScopeId(7)
subIndex ("subIndex") -> ScopeId(7)
processNode ("processNode") -> ScopeId(2)
subNode ("subNode") -> ScopeId(7)
subIndex ("subIndex") -> ScopeId(7)
node ("node") -> ScopeId(3)
pos ("pos") -> ScopeId(3)
parent ("parent") -> ScopeId(3)
parent ("parent") -> ScopeId(3)
connectNodes ("connectNodes") -> ScopeId(3)
processNode ("processNode") -> ScopeId(2)
