Top level: #2
Unresolved: #1
processNode ("processNode") -> #2
node ("node") -> #3
index ("index") -> #3
parent ("parent") -> #3
pathNodes ("pathNodes") -> #3
children ("children") -> #3
node ("node") -> #3
node ("node") -> #3
mergeChildrenPropName ("mergeChildrenPropName") -> #1
dataNodes ("dataNodes") -> #1
pos ("pos") -> #3
node ("node") -> #3
getPosition ("getPosition") -> #1
parent ("parent") -> #3
index ("index") -> #3
connectNodes ("connectNodes") -> #3
node ("node") -> #3
pathNodes ("pathNodes") -> #3
node ("node") -> #3
node ("node") -> #3
key ("key") -> #4
syntheticGetKey ("syntheticGetKey") -> #1
node ("node") -> #3
pos ("pos") -> #3
data ("data") -> #4
node ("node") -> #3
index ("index") -> #3
pos ("pos") -> #3
key ("key") -> #4
parent ("parent") -> #3
parent ("parent") -> #3
parent ("parent") -> #3
connectNodes ("connectNodes") -> #3
callback ("callback") -> #1
data ("data") -> #4
children ("children") -> #3
children ("children") -> #3
subNode ("subNode") -> #6
subIndex ("subIndex") -> #6
processNode ("processNode") -> #2
subNode ("subNode") -> #6
subIndex ("subIndex") -> #6
node ("node") -> #3
pos ("pos") -> #3
parent ("parent") -> #3
parent ("parent") -> #3
connectNodes ("connectNodes") -> #3
processNode ("processNode") -> #2
