Top level: ScopeId(2)
Unresolved: ScopeId(1)
foo ("foo") -> ScopeId(2)
cond ("cond") -> ScopeId(3)
reserved ("reserved") -> ScopeId(3)
cond ("cond") -> ScopeId(3)
reserved ("reserved") -> ScopeId(3)
reserved ("reserved") -> ScopeId(3)
bar ("bar") -> ScopeId(2)
cond ("cond") -> ScopeId(3)
bar ("bar") -> ScopeId(2)
cond ("cond") -> ScopeId(5)
reserved ("reserved") -> ScopeId(5)
cond ("cond") -> ScopeId(5)
reserved ("reserved") -> ScopeId(5)
reserved ("reserved") -> ScopeId(5)
