Top level: #2
Unresolved: #1
asyncIterable ("asyncIterable") -> #2
AsyncIterable ("AsyncIterable") -> #1
iterable ("iterable") -> #2
Iterable ("Iterable") -> #1
iterableOfPromise ("iterableOfPromise") -> #2
Iterable ("Iterable") -> #1
Promise ("Promise") -> #1
f1 ("f1") -> #2
y ("y") -> #3
x ("x") -> #4
asyncIterable ("asyncIterable") -> #2
x ("x") -> #6
iterable ("iterable") -> #2
x ("x") -> #8
iterableOfPromise ("iterableOfPromise") -> #2
y ("y") -> #3
asyncIterable ("asyncIterable") -> #2
y ("y") -> #3
iterable ("iterable") -> #2
y ("y") -> #3
iterableOfPromise ("iterableOfPromise") -> #2
f2 ("f2") -> #2
y ("y") -> #13
x ("x") -> #14
asyncIterable ("asyncIterable") -> #2
x ("x") -> #16
iterable ("iterable") -> #2
x ("x") -> #18
iterableOfPromise ("iterableOfPromise") -> #2
y ("y") -> #13
asyncIterable ("asyncIterable") -> #2
y ("y") -> #13
iterable ("iterable") -> #2
y ("y") -> #13
iterableOfPromise ("iterableOfPromise") -> #2
