Top level: #2
Unresolved: #1
ANY ("ANY") -> #2
ANY1 ("ANY1") -> #2
ANY2 ("ANY2") -> #2
obj ("obj") -> #2
A ("A") -> #2
M ("M") -> #2
n ("n") -> #3
objA ("objA") -> #2
A ("A") -> #2
ResultIsNumber1 ("ResultIsNumber1") -> #2
ANY ("ANY") -> #2
ResultIsNumber2 ("ResultIsNumber2") -> #2
ANY1 ("ANY1") -> #2
ResultIsNumber3 ("ResultIsNumber3") -> #2
ANY1 ("ANY1") -> #2
ResultIsNumber4 ("ResultIsNumber4") -> #2
ANY1 ("ANY1") -> #2
ResultIsNumber5 ("ResultIsNumber5") -> #2
ANY2 ("ANY2") -> #2
ResultIsNumber6 ("ResultIsNumber6") -> #2
obj ("obj") -> #2
ResultIsNumber7 ("ResultIsNumber7") -> #2
obj ("obj") -> #2
ResultIsNumber8 ("ResultIsNumber8") -> #2
objA ("objA") -> #2
ResultIsNumber ("ResultIsNumber") -> #2
M ("M") -> #2
ResultIsNumber9 ("ResultIsNumber9") -> #2
ANY2 ("ANY2") -> #2
ResultIsNumber10 ("ResultIsNumber10") -> #2
obj ("obj") -> #2
ResultIsNumber11 ("ResultIsNumber11") -> #2
obj ("obj") -> #2
ResultIsNumber12 ("ResultIsNumber12") -> #2
objA ("objA") -> #2
ResultIsNumber13 ("ResultIsNumber13") -> #2
M ("M") -> #2
ANY ("ANY") -> #2
ANY1 ("ANY1") -> #2
ANY2 ("ANY2") -> #2
ANY ("ANY") -> #2
ANY1 ("ANY1") -> #2
objA ("objA") -> #2
M ("M") -> #2
ANY ("ANY") -> #2
ANY1 ("ANY1") -> #2
ANY2 ("ANY2") -> #2
ANY ("ANY") -> #2
ANY1 ("ANY1") -> #2
objA ("objA") -> #2
M ("M") -> #2
