Top level: ScopeId(2)
Unresolved: ScopeId(1)
A ("A") -> ScopeId(2)
b ("b") -> ScopeId(4)
b ("b") -> ScopeId(4)
i ("i") -> ScopeId(5)
i ("i") -> ScopeId(5)
a1 ("a1") -> ScopeId(2)
A ("A") -> ScopeId(2)
a2 ("a2") -> ScopeId(2)
A ("A") -> ScopeId(2)
a1 ("a1") -> ScopeId(2)
console ("console") -> ScopeId(1)
a1 ("a1") -> ScopeId(2)
console ("console") -> ScopeId(1)
a2 ("a2") -> ScopeId(2)
