Top level: ScopeId(2)
Unresolved: ScopeId(1)
__obj ("__obj") -> ScopeId(2)
Object ("Object") -> ScopeId(1)
__obj ("__obj") -> ScopeId(2)
Test262Error ("Test262Error") -> ScopeId(1)
protoObj ("protoObj") -> ScopeId(2)
FooObj ("FooObj") -> ScopeId(2)
obj__ ("obj__") -> ScopeId(2)
FooObj ("FooObj") -> ScopeId(2)
Object ("Object") -> ScopeId(1)
obj__ ("obj__") -> ScopeId(2)
Test262Error ("Test262Error") -> ScopeId(1)
Object ("Object") -> ScopeId(1)
obj__ ("obj__") -> ScopeId(2)
FooObj ("FooObj") -> ScopeId(2)
obj__ ("obj__") -> ScopeId(2)
Test262Error ("Test262Error") -> ScopeId(1)
FooObj ("FooObj") -> ScopeId(2)
obj__ ("obj__") -> ScopeId(2)
protoObj ("protoObj") -> ScopeId(2)
obj__ ("obj__") -> ScopeId(2)
Test262Error ("Test262Error") -> ScopeId(1)
protoObj ("protoObj") -> ScopeId(2)
obj__ ("obj__") -> ScopeId(2)
FooObj ("FooObj") -> ScopeId(2)
protoObj ("protoObj") -> ScopeId(2)
protoObj ("protoObj") -> ScopeId(2)
obj__ ("obj__") -> ScopeId(2)
Test262Error ("Test262Error") -> ScopeId(1)
protoObj ("protoObj") -> ScopeId(2)
obj__ ("obj__") -> ScopeId(2)
__foo ("__foo") -> ScopeId(2)
FooObj ("FooObj") -> ScopeId(2)
Object ("Object") -> ScopeId(1)
__foo ("__foo") -> ScopeId(2)
Test262Error ("Test262Error") -> ScopeId(1)
Object ("Object") -> ScopeId(1)
__foo ("__foo") -> ScopeId(2)
FooObj ("FooObj") -> ScopeId(2)
__foo ("__foo") -> ScopeId(2)
Test262Error ("Test262Error") -> ScopeId(1)
FooObj ("FooObj") -> ScopeId(2)
__foo ("__foo") -> ScopeId(2)
protoObj ("protoObj") -> ScopeId(2)
__foo ("__foo") -> ScopeId(2)
Test262Error ("Test262Error") -> ScopeId(1)
protoObj ("protoObj") -> ScopeId(2)
__foo ("__foo") -> ScopeId(2)
