Top level: #2
Unresolved: #1
Types ("Types") -> #2
Properties ("Properties") -> #2
T ("T") -> #3
key ("key") -> #1
Types ("Types") -> #2
key ("key") -> #3
T ("T") -> #3
T ("T") -> #3
key ("key") -> #3
T ("T") -> #3
key ("key") -> #3
AnyCtor ("AnyCtor") -> #2
P ("P") -> #4
a ("a") -> #1
P ("P") -> #4
classWithProperties ("classWithProperties") -> #2
properties ("properties") -> #5
T ("T") -> #5
klass ("klass") -> #5
AnyCtor ("AnyCtor") -> #2
P ("P") -> #5
T ("T") -> #5
key ("key") -> #1
Types ("Types") -> #2
P ("P") -> #5
P ("P") -> #5
Properties ("Properties") -> #2
T ("T") -> #5
prototype ("prototype") -> #0
P ("P") -> #5
Properties ("Properties") -> #2
T ("T") -> #5
Base ("Base") -> #2
classWithProperties ("classWithProperties") -> #2
Base ("Base") -> #7
MyClass ("MyClass") -> #2
Base ("Base") -> #2
mine ("mine") -> #2
MyClass ("MyClass") -> #2
value ("value") -> #2
mine ("mine") -> #2
