Top level: #2
Unresolved: #1
out ("out") -> #1
arguments ("arguments") -> #1
out ("out") -> #1
arguments ("arguments") -> #1
out ("out") -> #1
value ("value") -> #6
arguments ("arguments") -> #1
value ("value") -> #6
undefined ("undefined") -> #1
out ("out") -> #1
eval ("eval") -> #1
out ("out") -> #1
values ("values") -> #8
values ("values") -> #8
out ("out") -> #1
values ("values") -> #1
out ("out") -> #1
arguments ("arguments") -> #1
out ("out") -> #1
arguments ("arguments") -> #1
out ("out") -> #1
value ("value") -> #13
arguments ("arguments") -> #1
value ("value") -> #13
undefined ("undefined") -> #1
out ("out") -> #1
eval ("eval") -> #1
out ("out") -> #1
values ("values") -> #15
values ("values") -> #15
out ("out") -> #1
values ("values") -> #1
out ("out") -> #1
out ("out") -> #1
Base ("Base") -> #1
out ("out") -> #1
Constructor ("Constructor") -> #1
