Top level: ScopeId(2)
Unresolved: ScopeId(1)
__mFunc ("__mFunc") -> ScopeId(2)
__accum ("__accum") -> ScopeId(3)
i ("i") -> ScopeId(3)
i ("i") -> ScopeId(3)
arguments ("arguments") -> ScopeId(1)
i ("i") -> ScopeId(3)
__accum ("__accum") -> ScopeId(3)
arguments ("arguments") -> ScopeId(1)
i ("i") -> ScopeId(3)
__accum ("__accum") -> ScopeId(3)
__mFunc ("__mFunc") -> ScopeId(2)
Test262Error ("Test262Error") -> ScopeId(1)
__mFunc ("__mFunc") -> ScopeId(2)
