Top level: #2
Unresolved: #1
evaluated ("evaluated") -> #2
name ("name") -> #3
evaluated ("evaluated") -> #2
evaluated ("evaluated") -> #2
evaluated ("evaluated") -> #2
name ("name") -> #3
check ("check") -> #2
promise ("promise") -> #5
promise ("promise") -> #5
assert ("assert") -> #1
evaluated ("evaluated") -> #2
assert ("assert") -> #1
evaluated ("evaluated") -> #2
assert ("assert") -> #1
evaluated ("evaluated") -> #2
$DONE ("$DONE") -> #1
$DONE ("$DONE") -> #1
