Top level: ScopeId(2)
Unresolved: ScopeId(1)
proto ("proto") -> ScopeId(2)
o ("o") -> ScopeId(2)
Object ("Object") -> ScopeId(1)
o ("o") -> ScopeId(2)
proto ("proto") -> ScopeId(2)
keys ("keys") -> ScopeId(2)
key ("key") -> ScopeId(2)
o ("o") -> ScopeId(2)
keys ("keys") -> ScopeId(2)
key ("key") -> ScopeId(2)
assert ("assert") -> ScopeId(1)
keys ("keys") -> ScopeId(2)
