Top level: #2
Unresolved: #1
hello ("hello") -> #2
brave ("brave") -> #2
newish ("newish") -> #2
world ("world") -> #2
RexOrRaptor ("RexOrRaptor") -> #2
im ("im") -> #2
a ("a") -> #2
dinosaur ("dinosaur") -> #2
RexOrRaptor ("RexOrRaptor") -> #2
rawr ("rawr") -> #2
dinosaur ("dinosaur") -> #2
rawr ("rawr") -> #2
dino ("dino") -> #3
RexOrRaptor ("RexOrRaptor") -> #2
dino ("dino") -> #3
dino ("dino") -> #3
dino ("dino") -> #3
