Top level: #2
Unresolved: #1
Animal ("Animal") -> #2
animal ("animal") -> #0
Dog ("Dog") -> #2
Animal ("Animal") -> #2
dog ("dog") -> #0
Cat ("Cat") -> #2
Animal ("Animal") -> #2
cat ("cat") -> #0
Moose ("Moose") -> #2
Animal ("Animal") -> #2
moose ("moose") -> #0
doThing ("doThing") -> #2
x ("x") -> #3
Dog ("Dog") -> #2
doThing ("doThing") -> #2
x ("x") -> #4
Cat ("Cat") -> #2
doThing ("doThing") -> #2
x ("x") -> #5
Animal ("Animal") -> #2
doThing ("doThing") -> #2
x ("x") -> #6
y ("y") -> #6
undefined ("undefined") -> #1
Moose ("Moose") -> #2
