Top level: #2
Unresolved: #1
NonGenericParameter ("NonGenericParameter") -> #2
a ("a") -> #3
x ("x") -> #1
x ("x") -> #1
foo4 ("foo4") -> #3
cb ("cb") -> #4
a ("a") -> #3
cb ("cb") -> #4
r ("r") -> #3
foo4 ("foo4") -> #3
a ("a") -> #3
r2 ("r2") -> #3
foo4 ("foo4") -> #3
x ("x") -> #5
T ("T") -> #5
x ("x") -> #5
T ("T") -> #5
r4 ("r4") -> #3
foo4 ("foo4") -> #3
x ("x") -> #6
x ("x") -> #6
GenericParameter ("GenericParameter") -> #2
foo5 ("foo5") -> #7
cb ("cb") -> #8
x ("x") -> #1
T ("T") -> #8
x ("x") -> #1
T ("T") -> #8
cb ("cb") -> #8
T ("T") -> #8
r5 ("r5") -> #7
foo5 ("foo5") -> #7
x ("x") -> #9
x ("x") -> #9
a ("a") -> #7
x ("x") -> #10
T ("T") -> #10
T ("T") -> #10
x ("x") -> #11
T ("T") -> #11
T ("T") -> #11
r7 ("r7") -> #7
foo5 ("foo5") -> #7
a ("a") -> #7
foo6 ("foo6") -> #7
cb ("cb") -> #12
x ("x") -> #1
T ("T") -> #12
x ("x") -> #1
T ("T") -> #12
y ("y") -> #1
T ("T") -> #12
cb ("cb") -> #12
T ("T") -> #12
r8 ("r8") -> #7
foo6 ("foo6") -> #7
x ("x") -> #13
x ("x") -> #13
r9 ("r9") -> #7
foo6 ("foo6") -> #7
x ("x") -> #14
T ("T") -> #14
T ("T") -> #14
r11 ("r11") -> #7
foo6 ("foo6") -> #7
x ("x") -> #15
T ("T") -> #15
y ("y") -> #15
T ("T") -> #15
T ("T") -> #15
foo7 ("foo7") -> #7
x ("x") -> #16
T ("T") -> #16
cb ("cb") -> #16
x ("x") -> #16
T ("T") -> #16
x ("x") -> #16
T ("T") -> #16
y ("y") -> #1
T ("T") -> #16
cb ("cb") -> #16
T ("T") -> #16
r12 ("r12") -> #7
foo7 ("foo7") -> #7
x ("x") -> #17
x ("x") -> #17
r13 ("r13") -> #7
foo7 ("foo7") -> #7
x ("x") -> #18
T ("T") -> #18
T ("T") -> #18
a ("a") -> #7
x ("x") -> #19
T ("T") -> #19
T ("T") -> #19
x ("x") -> #20
T ("T") -> #20
T ("T") -> #20
r14 ("r14") -> #7
foo7 ("foo7") -> #7
a ("a") -> #7
