Top level: #2
Unresolved: #1
NonGenericParameter ("NonGenericParameter") -> #2
a ("a") -> #3
x ("x") -> #1
x ("x") -> #1
foo4 ("foo4") -> #3
cb ("cb") -> #4
a ("a") -> #3
cb ("cb") -> #4
r ("r") -> #3
foo4 ("foo4") -> #3
a ("a") -> #3
b ("b") -> #3
x ("x") -> #5
T ("T") -> #5
T ("T") -> #5
T ("T") -> #5
r2 ("r2") -> #3
foo4 ("foo4") -> #3
b ("b") -> #3
GenericParameter ("GenericParameter") -> #2
foo5 ("foo5") -> #6
cb ("cb") -> #7
x ("x") -> #1
T ("T") -> #7
x ("x") -> #1
T ("T") -> #7
cb ("cb") -> #7
T ("T") -> #7
a ("a") -> #6
x ("x") -> #1
x ("x") -> #1
r5 ("r5") -> #6
foo5 ("foo5") -> #6
a ("a") -> #6
b ("b") -> #6
x ("x") -> #8
T ("T") -> #8
T ("T") -> #8
x ("x") -> #9
T ("T") -> #9
T ("T") -> #9
r7 ("r7") -> #6
foo5 ("foo5") -> #6
b ("b") -> #6
foo6 ("foo6") -> #6
cb ("cb") -> #10
x ("x") -> #1
T ("T") -> #10
x ("x") -> #1
T ("T") -> #10
y ("y") -> #1
T ("T") -> #10
cb ("cb") -> #10
T ("T") -> #10
r8 ("r8") -> #6
foo6 ("foo6") -> #6
a ("a") -> #6
r9 ("r9") -> #6
foo6 ("foo6") -> #6
b ("b") -> #6
foo7 ("foo7") -> #6
x ("x") -> #11
T ("T") -> #11
cb ("cb") -> #11
x ("x") -> #11
T ("T") -> #11
x ("x") -> #11
T ("T") -> #11
y ("y") -> #1
T ("T") -> #11
cb ("cb") -> #11
T ("T") -> #11
r13 ("r13") -> #6
foo7 ("foo7") -> #6
b ("b") -> #6
c ("c") -> #6
x ("x") -> #12
T ("T") -> #12
T ("T") -> #12
x ("x") -> #13
T ("T") -> #13
T ("T") -> #13
c2 ("c2") -> #6
x ("x") -> #14
T ("T") -> #14
T ("T") -> #14
x ("x") -> #15
T ("T") -> #15
T ("T") -> #15
r14 ("r14") -> #6
foo7 ("foo7") -> #6
c ("c") -> #6
r15 ("r15") -> #6
foo7 ("foo7") -> #6
c2 ("c2") -> #6
