Top level: #2
Unresolved: #1
foo ("foo") -> #2
t ("t") -> #3
T ("T") -> #3
t ("t") -> #3
T ("T") -> #3
r ("r") -> #2
foo ("foo") -> #2
r ("r") -> #2
foo ("foo") -> #2
ra ("ra") -> #2
foo ("foo") -> #2
r2 ("r2") -> #2
foo ("foo") -> #2
r3 ("r3") -> #2
foo ("foo") -> #2
r4 ("r4") -> #2
foo ("foo") -> #2
r5 ("r5") -> #2
foo ("foo") -> #2
r6 ("r6") -> #2
foo ("foo") -> #2
Object ("Object") -> #1
