Top level: #2
Unresolved: #1
C ("C") -> #2
D ("D") -> #2
X ("X") -> #2
T ("T") -> #3
T ("T") -> #3
Class ("Class") -> #2
G ("G") -> #4
t ("t") -> #6
X ("X") -> #2
T ("T") -> #6
t2 ("t2") -> #6
X ("X") -> #2
T ("T") -> #6
x ("x") -> #6
T ("T") -> #6
x ("x") -> #6
T ("T") -> #6
x ("x") -> #0
T ("T") -> #5
x ("x") -> #0
c1 ("c1") -> #4
X ("X") -> #2
C ("C") -> #2
d1 ("d1") -> #4
X ("X") -> #2
D ("D") -> #2
g ("g") -> #4
G ("G") -> #4
x ("x") -> #0
y ("y") -> #0
r ("r") -> #4
g ("g") -> #4
c1 ("c1") -> #4
d1 ("d1") -> #4
r2 ("r2") -> #4
g ("g") -> #4
c1 ("c1") -> #4
c1 ("c1") -> #4
G2 ("G2") -> #4
t ("t") -> #8
X ("X") -> #2
T ("T") -> #8
t2 ("t2") -> #8
X ("X") -> #2
T ("T") -> #8
x ("x") -> #8
T ("T") -> #8
x ("x") -> #8
T ("T") -> #8
C ("C") -> #2
T ("T") -> #7
C ("C") -> #2
g2 ("g2") -> #4
G2 ("G2") -> #4
D ("D") -> #2
r ("r") -> #4
g2 ("g2") -> #4
c1 ("c1") -> #4
d1 ("d1") -> #4
r2 ("r2") -> #4
g2 ("g2") -> #4
c1 ("c1") -> #4
c1 ("c1") -> #4
Interface ("Interface") -> #2
G ("G") -> #9
T ("T") -> #10
x ("x") -> #0
foo ("foo") -> #0
t ("t") -> #11
X ("X") -> #2
T ("T") -> #11
t2 ("t2") -> #11
X ("X") -> #2
T ("T") -> #11
T ("T") -> #11
T ("T") -> #11
x ("x") -> #0
c1 ("c1") -> #9
X ("X") -> #2
C ("C") -> #2
d1 ("d1") -> #9
X ("X") -> #2
D ("D") -> #2
g ("g") -> #9
G ("G") -> #9
x ("x") -> #0
y ("y") -> #0
r ("r") -> #9
g ("g") -> #9
c1 ("c1") -> #9
d1 ("d1") -> #9
r2 ("r2") -> #9
g ("g") -> #9
c1 ("c1") -> #9
c1 ("c1") -> #9
G2 ("G2") -> #9
T ("T") -> #12
C ("C") -> #2
foo2 ("foo2") -> #0
t ("t") -> #13
X ("X") -> #2
T ("T") -> #13
t2 ("t2") -> #13
X ("X") -> #2
T ("T") -> #13
T ("T") -> #13
T ("T") -> #13
C ("C") -> #2
g2 ("g2") -> #9
G2 ("G2") -> #9
D ("D") -> #2
r ("r") -> #9
g2 ("g2") -> #9
c1 ("c1") -> #9
d1 ("d1") -> #9
r2 ("r2") -> #9
g2 ("g2") -> #9
c1 ("c1") -> #9
c1 ("c1") -> #9
