Top level: #2
Unresolved: #1
Maybe ("Maybe") -> #2
T ("T") -> #3
T ("T") -> #3
concatMaybe ("concatMaybe") -> #2
args ("args") -> #4
Maybe ("Maybe") -> #2
T ("T") -> #4
Maybe ("Maybe") -> #2
T ("T") -> #4
T ("T") -> #4
T ("T") -> #4
concatMaybe ("concatMaybe") -> #2
g ("g") -> #2
com ("com") -> #5
Iterator ("Iterator") -> #1
S ("S") -> #5
U ("U") -> #5
R ("R") -> #5
AsyncIterator ("AsyncIterator") -> #1
S ("S") -> #5
U ("U") -> #5
R ("R") -> #5
U ("U") -> #5
R ("R") -> #5
S ("S") -> #5
Promise ("Promise") -> #1
U ("U") -> #5
com ("com") -> #6
Iterator ("Iterator") -> #1
S ("S") -> #6
U ("U") -> #6
R ("R") -> #6
AsyncIterator ("AsyncIterator") -> #1
S ("S") -> #6
U ("U") -> #6
R ("R") -> #6
com ("com") -> #6
U ("U") -> #6
R ("R") -> #6
S ("S") -> #6
Promise ("Promise") -> #1
U ("U") -> #6
Foo1 ("Foo1") -> #2
T ("T") -> #7
test ("test") -> #0
value ("value") -> #1
T ("T") -> #7
Bar1 ("Bar1") -> #2
T ("T") -> #8
test ("test") -> #0
value ("value") -> #1
T ("T") -> #8
PromiseLike ("PromiseLike") -> #1
T ("T") -> #8
f1 ("f1") -> #2
x ("x") -> #9
Foo1 ("Foo1") -> #2
T ("T") -> #9
Bar1 ("Bar1") -> #2
T ("T") -> #9
T ("T") -> #9
Promise ("Promise") -> #1
T ("T") -> #9
f2 ("f2") -> #2
x ("x") -> #10
Foo1 ("Foo1") -> #2
U ("U") -> #10
Bar1 ("Bar1") -> #2
U ("U") -> #10
U ("U") -> #10
Promise ("Promise") -> #1
U ("U") -> #10
f1 ("f1") -> #2
f2 ("f2") -> #2
f2 ("f2") -> #2
f1 ("f1") -> #2
Foo2 ("Foo2") -> #2
T ("T") -> #11
test ("test") -> #0
value ("value") -> #1
T ("T") -> #11
Bar2 ("Bar2") -> #2
T ("T") -> #12
test ("test") -> #0
value ("value") -> #1
T ("T") -> #12
PromiseLike ("PromiseLike") -> #1
T ("T") -> #12
g1 ("g1") -> #2
x ("x") -> #13
Foo2 ("Foo2") -> #2
T ("T") -> #13
Bar2 ("Bar2") -> #2
T ("T") -> #13
T ("T") -> #13
Promise ("Promise") -> #1
T ("T") -> #13
g2 ("g2") -> #2
x ("x") -> #14
Foo2 ("Foo2") -> #2
U ("U") -> #14
Bar2 ("Bar2") -> #2
U ("U") -> #14
U ("U") -> #14
Promise ("Promise") -> #1
U ("U") -> #14
g1 ("g1") -> #2
g2 ("g2") -> #2
g2 ("g2") -> #2
g1 ("g1") -> #2
foo1 ("foo1") -> #2
obj ("obj") -> #15
Iterable ("Iterable") -> #1
T ("T") -> #15
T ("T") -> #15
T ("T") -> #15
foo2 ("foo2") -> #2
obj ("obj") -> #16
T ("T") -> #16
T ("T") -> #16
T ("T") -> #16
sa ("sa") -> #2
sx ("sx") -> #2
extra ("extra") -> #0
x1 ("x1") -> #2
foo1 ("foo1") -> #2
sa ("sa") -> #2
y1 ("y1") -> #2
foo1 ("foo1") -> #2
sx ("sx") -> #2
x2 ("x2") -> #2
foo2 ("foo2") -> #2
sa ("sa") -> #2
y2 ("y2") -> #2
foo2 ("foo2") -> #2
sx ("sx") -> #2
Component ("Component") -> #2
P ("P") -> #17
P ("P") -> #17
ComponentClass ("ComponentClass") -> #2
P ("P") -> #18
props ("props") -> #1
P ("P") -> #18
Component ("Component") -> #2
P ("P") -> #18
FunctionComponent ("FunctionComponent") -> #2
P ("P") -> #19
props ("props") -> #1
P ("P") -> #19
ComponentType ("ComponentType") -> #2
P ("P") -> #20
FunctionComponent ("FunctionComponent") -> #2
P ("P") -> #20
ComponentClass ("ComponentClass") -> #2
P ("P") -> #20
RouteComponentProps ("RouteComponentProps") -> #2
route ("route") -> #0
withRouter ("withRouter") -> #2
component ("component") -> #21
C ("C") -> #21
ComponentType ("ComponentType") -> #2
P ("P") -> #21
P ("P") -> #21
RouteComponentProps ("RouteComponentProps") -> #2
C ("C") -> #21
ComponentType ("ComponentType") -> #2
P ("P") -> #21
ComponentClass ("ComponentClass") -> #2
Omit ("Omit") -> #1
P ("P") -> #21
RouteComponentProps ("RouteComponentProps") -> #2
Props ("Props") -> #2
RouteComponentProps ("RouteComponentProps") -> #2
username ("username") -> #0
MyComponent ("MyComponent") -> #2
ComponentType ("ComponentType") -> #2
Props ("Props") -> #2
withRouter ("withRouter") -> #2
MyComponent ("MyComponent") -> #2
AB ("AB") -> #2
T ("T") -> #22
a ("a") -> #0
T ("T") -> #22
b ("b") -> #0
T ("T") -> #22
foo ("foo") -> #2
obj ("obj") -> #23
T ("T") -> #23
AB ("AB") -> #2
U ("U") -> #23
T ("T") -> #23
U ("U") -> #23
T ("T") -> #23
U ("U") -> #23
ab ("ab") -> #2
AB ("AB") -> #2
z ("z") -> #2
foo ("foo") -> #2
ab ("ab") -> #2
a ("a") -> #2
T ("T") -> #24
T ("T") -> #24
b ("b") -> #2
T ("T") -> #25
T ("T") -> #25
a ("a") -> #2
b ("b") -> #2
