Top level: #2
Unresolved: #1
I1 ("I1") -> #2
a ("a") -> #0
b ("b") -> #0
x ("x") -> #2
I1 ("I1") -> #2
x ("x") -> #2
I1 ("I1") -> #2
a ("a") -> #0
b ("b") -> #0
C1 ("C1") -> #2
I1 ("I1") -> #2
C1 ("C1") -> #2
I1 ("I1") -> #2
a ("a") -> #0
b ("b") -> #0
C1 ("C1") -> #2
I1 ("I1") -> #2
C1 ("C1") -> #2
