Top level: #2
Unresolved: #1
Array ("Array") -> #1
Symbol ("Symbol") -> #1
callCount ("callCount") -> #2
obj ("obj") -> #2
x ("x") -> #7
y ("y") -> #7
z ("z") -> #7
assert ("assert") -> #1
x ("x") -> #7
assert ("assert") -> #1
y ("y") -> #7
assert ("assert") -> #1
z ("z") -> #7
callCount ("callCount") -> #2
callCount ("callCount") -> #2
obj ("obj") -> #2
assert ("assert") -> #1
callCount ("callCount") -> #2
