Top level: ScopeId(2)
Unresolved: ScopeId(1)
count ("count") -> ScopeId(2)
iterCount ("iterCount") -> ScopeId(2)
asyncIter ("asyncIter") -> ScopeId(2)
count ("count") -> ScopeId(2)
fn ("fn") -> ScopeId(2)
x ("x") -> ScopeId(6)
asyncIter ("asyncIter") -> ScopeId(2)
assert ("assert") -> ScopeId(1)
x ("x") -> ScopeId(6)
assert ("assert") -> ScopeId(1)
count ("count") -> ScopeId(2)
verifyProperty ("verifyProperty") -> ScopeId(1)
x ("x") -> ScopeId(6)
iterCount ("iterCount") -> ScopeId(2)
fn ("fn") -> ScopeId(2)
assert ("assert") -> ScopeId(1)
iterCount ("iterCount") -> ScopeId(2)
$DONE ("$DONE") -> ScopeId(1)
$DONE ("$DONE") -> ScopeId(1)
$DONE ("$DONE") -> ScopeId(1)
