Top level: #2
Unresolved: #1
iterCount ("iterCount") -> #2
asyncIter ("asyncIter") -> #2
fn ("fn") -> #2
cls ("cls") -> #4
xCls ("xCls") -> #4
X ("X") -> #5
xCls2 ("xCls2") -> #4
asyncIter ("asyncIter") -> #2
assert ("assert") -> #1
cls ("cls") -> #4
assert ("assert") -> #1
xCls ("xCls") -> #4
assert ("assert") -> #1
xCls2 ("xCls2") -> #4
iterCount ("iterCount") -> #2
fn ("fn") -> #2
assert ("assert") -> #1
iterCount ("iterCount") -> #2
$DONE ("$DONE") -> #1
$DONE ("$DONE") -> #1
$DONE ("$DONE") -> #1
