Top level: ScopeId(2)
Unresolved: ScopeId(1)
xCls ("xCls") -> ScopeId(2)
cls ("cls") -> ScopeId(2)
xCls2 ("xCls2") -> ScopeId(2)
iterCount ("iterCount") -> ScopeId(2)
fn ("fn") -> ScopeId(2)
xCls ("xCls") -> ScopeId(2)
x ("x") -> ScopeId(5)
cls ("cls") -> ScopeId(2)
xCls2 ("xCls2") -> ScopeId(2)
assert ("assert") -> ScopeId(1)
xCls ("xCls") -> ScopeId(2)
assert ("assert") -> ScopeId(1)
xCls2 ("xCls2") -> ScopeId(2)
verifyProperty ("verifyProperty") -> ScopeId(1)
cls ("cls") -> ScopeId(2)
iterCount ("iterCount") -> ScopeId(2)
promise ("promise") -> ScopeId(2)
fn ("fn") -> ScopeId(2)
promise ("promise") -> ScopeId(2)
assert ("assert") -> ScopeId(1)
iterCount ("iterCount") -> ScopeId(2)
$DONE ("$DONE") -> ScopeId(1)
$DONE ("$DONE") -> ScopeId(1)
$DONE ("$DONE") -> ScopeId(1)
